 _ida_frame

 Timestamp is 5e3da083 (Fri Feb  7 17:38:11 2020)

 Preferred load address is 0000000180000000

 Start         Length     Name                   Class
 0001:00000000 00012710H .text$mn                CODE
 0001:00012710 00000020H .text$mn$00             CODE
 0001:00012730 00006903H .text$x                 CODE
 0002:00000000 000005a0H .idata$5                DATA
 0002:000005a0 00000010H .00cfg                  DATA
 0002:000005b0 00000008H .CRT$XCA                DATA
 0002:000005b8 00000008H .CRT$XCZ                DATA
 0002:000005c0 00000008H .CRT$XIA                DATA
 0002:000005c8 00000008H .CRT$XIC                DATA
 0002:000005d0 00000008H .CRT$XIZ                DATA
 0002:000005d8 00000008H .CRT$XLA                DATA
 0002:000005e0 00000008H .CRT$XLZ                DATA
 0002:000005e8 00000008H .CRT$XPA                DATA
 0002:000005f0 00000008H .CRT$XPZ                DATA
 0002:000005f8 00000008H .CRT$XTA                DATA
 0002:00000600 00000010H .CRT$XTZ                DATA
 0002:00000608 00000000H .gfids$y                DATA
 0002:00000610 00008f90H .rdata                  DATA
 0002:000095a0 00000028H .rdata$T                DATA
 0002:000095c8 000002fcH .rdata$r                DATA
 0002:000098c4 00000314H .rdata$zzzdbg           DATA
 0002:00009bd8 00000008H .rtc$IAA                DATA
 0002:00009be0 00000008H .rtc$IZZ                DATA
 0002:00009be8 00000008H .rtc$TAA                DATA
 0002:00009bf0 00000008H .rtc$TZZ                DATA
 0002:00009bf8 00000004H .tls                    DATA
 0002:00009bfc 00000004H .tls$                   DATA
 0002:00009c00 00000008H .tls$ZZZ                DATA
 0002:00009c08 00005608H .xdata                  DATA
 0002:0000f210 00000180H .xdata$x                DATA
 0002:0000f390 00000054H .edata                  DATA
 0002:0000f3e4 000000b4H .idata$2                DATA
 0002:0000f498 00000018H .idata$3                DATA
 0002:0000f4b0 000005a0H .idata$4                DATA
 0002:0000fa50 00000de0H .idata$6                DATA
 0003:00000000 000038b8H .data                   DATA
 0003:000038b8 00000148H .data$r                 DATA
 0003:00003a00 00000978H .bss                    DATA
 0004:00000000 00002604H .pdata                  DATA

  Address         Publics by Value              Rva+Base               Lib:Object

 0000:00000000       __volatile_metadata        0000000000000000     <absolute>
 0000:00000000       __enclave_config           0000000000000000     <absolute>
 0000:00000000       ___safe_se_handler_count   0000000000000000     <absolute>
 0000:00000000       __guard_iat_count          0000000000000000     <absolute>
 0000:00000000       __hybrid_code_map          0000000000000000     <absolute>
 0000:00000000       __dynamic_value_reloc_table 0000000000000000     <absolute>
 0000:00000000       __guard_longjmp_table      0000000000000000     <absolute>
 0000:00000000       __guard_longjmp_count      0000000000000000     <absolute>
 0000:00000000       __guard_iat_table          0000000000000000     <absolute>
 0000:00000000       ___safe_se_handler_table   0000000000000000     <absolute>
 0000:00000000       __guard_fids_table         0000000000000000     <absolute>
 0000:00000000       __hybrid_code_map_count    0000000000000000     <absolute>
 0000:00000000       __hybrid_auxiliary_iat     0000000000000000     <absolute>
 0000:00000000       __guard_fids_count         0000000000000000     <absolute>
 0000:00000100       __guard_flags              0000000000000100     <absolute>
 0000:00000000       __ImageBase                0000000180000000     <linker-defined>
 0001:0000cb20       ??0exception@std@@QEAA@AEBV01@@Z 000000018000db20 f i frame.obj
 0001:0000cb60       ??0logic_error@std@@QEAA@AEBV01@@Z 000000018000db60 f i frame.obj
 0001:0000cba0       ??0out_of_range@std@@QEAA@AEBV01@@Z 000000018000dba0 f i frame.obj
 0001:0000cbe0       ??0out_of_range@std@@QEAA@PEBD@Z 000000018000dbe0 f i frame.obj
 0001:0000cc30       ??1?$_qstring@D@@QEAA@XZ   000000018000dc30 f i frame.obj
 0001:0000cc40       ??1bad_array_new_length@std@@UEAA@XZ 000000018000dc40 f i MSVCRT:throw_bad_alloc.obj
 0001:0000cc40       ??1bad_alloc@std@@UEAA@XZ  000000018000dc40 f i MSVCRT:throw_bad_alloc.obj
 0001:0000cc40       ??1out_of_range@std@@UEAA@XZ 000000018000dc40 f i frame.obj
 0001:0000cc60       ??8?$qvector@Uxreflist_entry_t@@@@QEBA_NAEBV0@@Z 000000018000dc60 f i frame.obj
 0001:0000ccb0       ??_Glogic_error@std@@UEAAPEAXI@Z 000000018000dcb0 f i frame.obj
 0001:0000ccb0       ??_Gout_of_range@std@@UEAAPEAXI@Z 000000018000dcb0 f i frame.obj
 0001:0000ccb0       ??_Ebad_alloc@std@@UEAAPEAXI@Z 000000018000dcb0 f i MSVCRT:throw_bad_alloc.obj
 0001:0000ccb0       ??_Gbad_array_new_length@std@@UEAAPEAXI@Z 000000018000dcb0 f i MSVCRT:throw_bad_alloc.obj
 0001:0000ccb0       ??_Gbad_alloc@std@@UEAAPEAXI@Z 000000018000dcb0 f i MSVCRT:throw_bad_alloc.obj
 0001:0000ccb0       ??_Eexception@std@@UEAAPEAXI@Z 000000018000dcb0 f i frame.obj
 0001:0000ccb0       ??_Ebad_array_new_length@std@@UEAAPEAXI@Z 000000018000dcb0 f i MSVCRT:throw_bad_alloc.obj
 0001:0000ccb0       ??_Elogic_error@std@@UEAAPEAXI@Z 000000018000dcb0 f i frame.obj
 0001:0000ccb0       ??_Eout_of_range@std@@UEAAPEAXI@Z 000000018000dcb0 f i frame.obj
 0001:0000ccb0       ??_Gexception@std@@UEAAPEAXI@Z 000000018000dcb0 f i frame.obj
 0001:0000d200       ?find@?$qvector@Uxreflist_entry_t@@@@QEAAPEAUxreflist_entry_t@@AEBU2@@Z 000000018000e200 f i frame.obj
 0001:0000d200       ?find@?$qvector@Uxreflist_entry_t@@@@QEBAPEBUxreflist_entry_t@@AEBU2@@Z 000000018000e200 f i frame.obj
 0001:0000d240       ?has@?$qvector@Uxreflist_entry_t@@@@QEBA_NAEBUxreflist_entry_t@@@Z 000000018000e240 f i frame.obj
 0001:0000d280       ?push_back@?$qvector@Uxreflist_entry_t@@@@QEAAXAEBUxreflist_entry_t@@@Z 000000018000e280 f i frame.obj
 0001:0000d2e0       ?resize@?$qvector@Uxreflist_entry_t@@@@QEAAX_KAEBUxreflist_entry_t@@@Z 000000018000e2e0 f i frame.obj
 0001:0000d370       ?sprnt@?$_qstring@D@@QEAAAEAV1@PEBDZZ 000000018000e370 f i frame.obj
 0001:0000d430       ?what@exception@std@@UEBAPEBDXZ 000000018000e430 f i frame.obj
 0001:0000d450       PyInit__ida_frame          000000018000e450 f   frame.obj
 0001:0000eed0       __local_stdio_printf_options 000000018000fed0 f i frame.obj
 0001:00011220       printf                     0000000180012220 f i frame.obj
 0001:00011275       qrealloc                   0000000180012275 f   ida:ida.dll
 0001:0001127b       qfree                      000000018001227b f   ida:ida.dll
 0001:00011281       qvsnprintf                 0000000180012281 f   ida:ida.dll
 0001:00011287       qalloc_or_throw            0000000180012287 f   ida:ida.dll
 0001:0001128d       qvector_reserve            000000018001228d f   ida:ida.dll
 0001:00011293       is_main_thread             0000000180012293 f   ida:ida.dll
 0001:00011299       get_func                   0000000180012299 f   ida:ida.dll
 0001:0001129f       add_frame                  000000018001229f f   ida:ida.dll
 0001:000112a5       del_frame                  00000001800122a5 f   ida:ida.dll
 0001:000112ab       set_frame_size             00000001800122ab f   ida:ida.dll
 0001:000112b1       get_frame_size             00000001800122b1 f   ida:ida.dll
 0001:000112b7       get_frame_retsize          00000001800122b7 f   ida:ida.dll
 0001:000112bd       get_frame_part             00000001800122bd f   ida:ida.dll
 0001:000112c3       get_frame                  00000001800122c3 f   ida:ida.dll
 0001:000112c9       update_fpd                 00000001800122c9 f   ida:ida.dll
 0001:000112cf       set_purged                 00000001800122cf f   ida:ida.dll
 0001:000112d5       get_func_by_frame          00000001800122d5 f   ida:ida.dll
 0001:000112db       get_stkvar                 00000001800122db f   ida:ida.dll
 0001:000112e1       define_stkvar              00000001800122e1 f   ida:ida.dll
 0001:000112e7       build_stkvar_name          00000001800122e7 f   ida:ida.dll
 0001:000112ed       calc_stkvar_struc_offset   00000001800122ed f   ida:ida.dll
 0001:000112f3       add_regvar                 00000001800122f3 f   ida:ida.dll
 0001:000112f9       find_regvar                00000001800122f9 f   ida:ida.dll
 0001:000112ff       rename_regvar              00000001800122ff f   ida:ida.dll
 0001:00011305       set_regvar_cmt             0000000180012305 f   ida:ida.dll
 0001:0001130b       del_regvar                 000000018001230b f   ida:ida.dll
 0001:00011311       add_auto_stkpnt            0000000180012311 f   ida:ida.dll
 0001:00011317       add_user_stkpnt            0000000180012317 f   ida:ida.dll
 0001:0001131d       del_stkpnt                 000000018001231d f   ida:ida.dll
 0001:00011323       get_spd                    0000000180012323 f   ida:ida.dll
 0001:00011329       get_effective_spd          0000000180012329 f   ida:ida.dll
 0001:0001132f       get_sp_delta               000000018001232f f   ida:ida.dll
 0001:00011335       recalc_spd                 0000000180012335 f   ida:ida.dll
 0001:0001133b       build_stkvar_xrefs         000000018001233b f   ida:ida.dll
 0001:00011341       get_min_spd_ea             0000000180012341 f   ida:ida.dll
 0001:00011347       delete_unreferenced_stkvars 0000000180012347 f   ida:ida.dll
 0001:0001134d       delete_wrong_stkvar_ops    000000018001234d f   ida:ida.dll
 0001:00011353       PyW_GetNumber              0000000180012353 f   python:python.dll
 0001:0001135c       ??2@YAPEAX_K@Z             000000018001235c f   MSVCRT:new_scalar.obj
 0001:00011398       ??_V@YAXPEAX@Z             0000000180012398 f   MSVCRT:delete_array.obj
 0001:00011398       ??3@YAXPEAX_K@Z            0000000180012398 f   MSVCRT:delete_scalar_size.obj
 0001:000113a0       ??_U@YAPEAX_K@Z            00000001800123a0 f   MSVCRT:new_array.obj
 0001:00011530       _Init_thread_footer        0000000180012530 f   MSVCRT:thread_safe_statics.obj
 0001:00011590       _Init_thread_header        0000000180012590 f   MSVCRT:thread_safe_statics.obj
 0001:000115f8       _Init_thread_notify        00000001800125f8 f   MSVCRT:thread_safe_statics.obj
 0001:00011648       _Init_thread_wait          0000000180012648 f   MSVCRT:thread_safe_statics.obj
 0001:000116c0       __GSHandlerCheck           00000001800126c0 f   MSVCRT:gshandler.obj
 0001:000116e0       __GSHandlerCheckCommon     00000001800126e0 f   MSVCRT:gshandler.obj
 0001:0001173c       __GSHandlerCheck_EH        000000018001273c f   MSVCRT:gshandlereh.obj
 0001:000117d0       __security_check_cookie    00000001800127d0 f   MSVCRT:amdsecgs.obj
 0001:000117f4       ??_Gtype_info@@UEAAPEAXI@Z 00000001800127f4 f i MSVCRT:std_type_info_static.obj
 0001:000117f4       ??_Etype_info@@UEAAPEAXI@Z 00000001800127f4 f i MSVCRT:std_type_info_static.obj
 0001:00011b50       _DllMainCRTStartup         0000000180012b50 f   MSVCRT:dll_dllmain.obj
 0001:00011b90       ??0bad_alloc@std@@QEAA@AEBV01@@Z 0000000180012b90 f i MSVCRT:throw_bad_alloc.obj
 0001:00011bd0       ??0bad_alloc@std@@QEAA@XZ  0000000180012bd0 f i MSVCRT:throw_bad_alloc.obj
 0001:00011bf0       ??0bad_array_new_length@std@@QEAA@AEBV01@@Z 0000000180012bf0 f i MSVCRT:throw_bad_alloc.obj
 0001:00011c30       ??0bad_array_new_length@std@@QEAA@XZ 0000000180012c30 f i MSVCRT:throw_bad_alloc.obj
 0001:00011c50       ?__scrt_throw_std_bad_alloc@@YAXXZ 0000000180012c50 f   MSVCRT:throw_bad_alloc.obj
 0001:00011c70       ?__scrt_throw_std_bad_array_new_length@@YAXXZ 0000000180012c70 f   MSVCRT:throw_bad_alloc.obj
 0001:00011c90       ??3@YAXPEAX@Z              0000000180012c90 f   MSVCRT:delete_scalar.obj
 0001:00011c98       __scrt_acquire_startup_lock 0000000180012c98 f   MSVCRT:utility.obj
 0001:00011cd4       __scrt_dllmain_after_initialize_c 0000000180012cd4 f   MSVCRT:utility.obj
 0001:00011d08       __scrt_dllmain_before_initialize_c 0000000180012d08 f   MSVCRT:utility.obj
 0001:00011d20       __scrt_dllmain_crt_thread_attach 0000000180012d20 f   MSVCRT:utility.obj
 0001:00011d48       __scrt_dllmain_crt_thread_detach 0000000180012d48 f   MSVCRT:utility.obj
 0001:00011d60       __scrt_dllmain_exception_filter 0000000180012d60 f   MSVCRT:utility.obj
 0001:00011dc0       __scrt_dllmain_uninitialize_c 0000000180012dc0 f   MSVCRT:utility.obj
 0001:00011df0       __scrt_dllmain_uninitialize_critical 0000000180012df0 f   MSVCRT:utility.obj
 0001:00011e04       __scrt_initialize_crt      0000000180012e04 f   MSVCRT:utility.obj
 0001:00011e50       __scrt_initialize_onexit_tables 0000000180012e50 f   MSVCRT:utility.obj
 0001:00011f28       __scrt_is_nonwritable_in_current_image 0000000180012f28 f   MSVCRT:utility.obj
 0001:00011fc4       __scrt_release_startup_lock 0000000180012fc4 f   MSVCRT:utility.obj
 0001:00011fe8       __scrt_uninitialize_crt    0000000180012fe8 f   MSVCRT:utility.obj
 0001:00012014       _onexit                    0000000180013014 f   MSVCRT:utility.obj
 0001:00012064       atexit                     0000000180013064 f   MSVCRT:utility.obj
 0001:0001207c       __crt_debugger_hook        000000018001307c f   MSVCRT:utility_desktop.obj
 0001:00012084       __scrt_fastfail            0000000180013084 f   MSVCRT:utility_desktop.obj
 0001:000121d0       _guard_check_icall_nop     00000001800131d0 f i MSVCRT:guard_support.obj
 0001:000121d4       __raise_securityfailure    00000001800131d4 f   MSVCRT:gs_report.obj
 0001:00012208       __report_gsfailure         0000000180013208 f   MSVCRT:gs_report.obj
 0001:00012350       __security_init_cookie     0000000180013350 f   MSVCRT:gs_support.obj
 0001:000123fc       DllMain                    00000001800133fc f   MSVCRT:dll_dllmain_stub.obj
 0001:00012420       ?__scrt_initialize_type_info@@YAXXZ 0000000180013420 f   MSVCRT:tncleanup.obj
 0001:00012430       ?__scrt_uninitialize_type_info@@YAXXZ 0000000180013430 f   MSVCRT:tncleanup.obj
 0001:0001243c       __local_stdio_scanf_options 000000018001343c f i MSVCRT:default_local_stdio_options.obj
 0001:00012444       __scrt_initialize_default_local_stdio_options 0000000180013444 f   MSVCRT:default_local_stdio_options.obj
 0001:00012460       __scrt_get_dyn_tls_init_callback 0000000180013460 f   MSVCRT:dyn_tls_init.obj
 0001:00012468       _RTC_Initialize            0000000180013468 f   MSVCRT:initsect.obj
 0001:000124a4       _RTC_Terminate             00000001800134a4 f   MSVCRT:initsect.obj
 0001:000124e0       __isa_available_init       00000001800134e0 f   MSVCRT:cpu_disp.obj
 0001:0001265c       _get_startup_argv_mode     000000018001365c f   MSVCRT:argv_mode.obj
 0001:00012664       __scrt_is_ucrt_dll_in_use  0000000180013664 f   MSVCRT:ucrt_detection.obj
 0001:00012670       IsProcessorFeaturePresent  0000000180013670 f   kernel32:KERNEL32.dll
 0001:00012676       strstr                     0000000180013676 f   vcruntime:VCRUNTIME140.dll
 0001:0001267c       __std_exception_copy       000000018001367c f   vcruntime:VCRUNTIME140.dll
 0001:00012682       __std_exception_destroy    0000000180013682 f   vcruntime:VCRUNTIME140.dll
 0001:00012688       _CxxThrowException         0000000180013688 f   vcruntime:VCRUNTIME140.dll
 0001:0001268e       __CxxFrameHandler3         000000018001368e f   vcruntime:VCRUNTIME140.dll
 0001:00012694       memcpy                     0000000180013694 f   vcruntime:VCRUNTIME140.dll
 0001:0001269a       memmove                    000000018001369a f   vcruntime:VCRUNTIME140.dll
 0001:000126a0       memset                     00000001800136a0 f   vcruntime:VCRUNTIME140.dll
 0001:000126a6       __std_terminate            00000001800136a6 f   vcruntime:VCRUNTIME140.dll
 0001:000126ac       __C_specific_handler       00000001800136ac f   vcruntime:VCRUNTIME140.dll
 0001:000126b2       __std_type_info_destroy_list 00000001800136b2 f   vcruntime:VCRUNTIME140.dll
 0001:000126b8       free                       00000001800136b8 f   ucrt:api-ms-win-crt-heap-l1-1-0.dll
 0001:000126be       malloc                     00000001800136be f   ucrt:api-ms-win-crt-heap-l1-1-0.dll
 0001:000126c4       _callnewh                  00000001800136c4 f   ucrt:api-ms-win-crt-heap-l1-1-0.dll
 0001:000126ca       _initterm                  00000001800136ca f   ucrt:api-ms-win-crt-runtime-l1-1-0.dll
 0001:000126d0       _initterm_e                00000001800136d0 f   ucrt:api-ms-win-crt-runtime-l1-1-0.dll
 0001:000126d6       _seh_filter_dll            00000001800136d6 f   ucrt:api-ms-win-crt-runtime-l1-1-0.dll
 0001:000126dc       _configure_narrow_argv     00000001800136dc f   ucrt:api-ms-win-crt-runtime-l1-1-0.dll
 0001:000126e2       _initialize_narrow_environment 00000001800136e2 f   ucrt:api-ms-win-crt-runtime-l1-1-0.dll
 0001:000126e8       _initialize_onexit_table   00000001800136e8 f   ucrt:api-ms-win-crt-runtime-l1-1-0.dll
 0001:000126ee       _register_onexit_function  00000001800136ee f   ucrt:api-ms-win-crt-runtime-l1-1-0.dll
 0001:000126f4       _execute_onexit_table      00000001800136f4 f   ucrt:api-ms-win-crt-runtime-l1-1-0.dll
 0001:000126fa       _crt_atexit                00000001800136fa f   ucrt:api-ms-win-crt-runtime-l1-1-0.dll
 0001:00012700       _cexit                     0000000180013700 f   ucrt:api-ms-win-crt-runtime-l1-1-0.dll
 0001:00012708       __acrt_thread_detach       0000000180013708 f   MSVCRT:ucrt_stubs.obj
 0001:00012708       __vcrt_thread_detach       0000000180013708 f   MSVCRT:ucrt_stubs.obj
 0001:00012708       __vcrt_initialize          0000000180013708 f   MSVCRT:ucrt_stubs.obj
 0001:00012708       __vcrt_thread_attach       0000000180013708 f   MSVCRT:ucrt_stubs.obj
 0001:00012708       __scrt_stub_for_acrt_initialize 0000000180013708 f   MSVCRT:ucrt_stubs.obj
 0001:00012708       __acrt_uninitialize_critical 0000000180013708 f   MSVCRT:ucrt_stubs.obj
 0001:00012708       __acrt_uninitialize        0000000180013708 f   MSVCRT:ucrt_stubs.obj
 0001:00012708       __scrt_stub_for_acrt_thread_attach 0000000180013708 f   MSVCRT:ucrt_stubs.obj
 0001:00012708       __scrt_stub_for_acrt_uninitialize_critical 0000000180013708 f   MSVCRT:ucrt_stubs.obj
 0001:00012708       __vcrt_uninitialize        0000000180013708 f   MSVCRT:ucrt_stubs.obj
 0001:00012708       __vcrt_uninitialize_critical 0000000180013708 f   MSVCRT:ucrt_stubs.obj
 0001:00012708       __acrt_initialize          0000000180013708 f   MSVCRT:ucrt_stubs.obj
 0001:00012708       __scrt_stub_for_acrt_thread_detach 0000000180013708 f   MSVCRT:ucrt_stubs.obj
 0001:00012708       __acrt_thread_attach       0000000180013708 f   MSVCRT:ucrt_stubs.obj
 0001:00012708       __scrt_stub_for_acrt_uninitialize 0000000180013708 f   MSVCRT:ucrt_stubs.obj
 0001:0001270c       _is_c_termination_complete 000000018001370c f   MSVCRT:ucrt_stubs.obj
 0001:0001270c       __scrt_stub_for_is_c_termination_complete 000000018001370c f   MSVCRT:ucrt_stubs.obj
 0001:00012720       _guard_dispatch_icall_nop  0000000180013720 f   MSVCRT:guard_dispatch.obj
 0002:00000000       __imp_CloseHandle          000000018001b000     kernel32:KERNEL32.dll
 0002:00000008       __imp_EnterCriticalSection 000000018001b008     kernel32:KERNEL32.dll
 0002:00000010       __imp_LeaveCriticalSection 000000018001b010     kernel32:KERNEL32.dll
 0002:00000018       __imp_InitializeCriticalSectionAndSpinCount 000000018001b018     kernel32:KERNEL32.dll
 0002:00000020       __imp_DeleteCriticalSection 000000018001b020     kernel32:KERNEL32.dll
 0002:00000028       __imp_SetEvent             000000018001b028     kernel32:KERNEL32.dll
 0002:00000030       __imp_ResetEvent           000000018001b030     kernel32:KERNEL32.dll
 0002:00000038       __imp_WaitForSingleObjectEx 000000018001b038     kernel32:KERNEL32.dll
 0002:00000040       __imp_CreateEventW         000000018001b040     kernel32:KERNEL32.dll
 0002:00000048       __imp_GetModuleHandleW     000000018001b048     kernel32:KERNEL32.dll
 0002:00000050       __imp_GetProcAddress       000000018001b050     kernel32:KERNEL32.dll
 0002:00000058       __imp_RtlCaptureContext    000000018001b058     kernel32:KERNEL32.dll
 0002:00000060       __imp_RtlLookupFunctionEntry 000000018001b060     kernel32:KERNEL32.dll
 0002:00000068       __imp_RtlVirtualUnwind     000000018001b068     kernel32:KERNEL32.dll
 0002:00000070       __imp_IsDebuggerPresent    000000018001b070     kernel32:KERNEL32.dll
 0002:00000078       __imp_UnhandledExceptionFilter 000000018001b078     kernel32:KERNEL32.dll
 0002:00000080       __imp_SetUnhandledExceptionFilter 000000018001b080     kernel32:KERNEL32.dll
 0002:00000088       __imp_IsProcessorFeaturePresent 000000018001b088     kernel32:KERNEL32.dll
 0002:00000090       __imp_GetCurrentProcess    000000018001b090     kernel32:KERNEL32.dll
 0002:00000098       __imp_TerminateProcess     000000018001b098     kernel32:KERNEL32.dll
 0002:000000a0       __imp_QueryPerformanceCounter 000000018001b0a0     kernel32:KERNEL32.dll
 0002:000000a8       __imp_GetCurrentProcessId  000000018001b0a8     kernel32:KERNEL32.dll
 0002:000000b0       __imp_GetCurrentThreadId   000000018001b0b0     kernel32:KERNEL32.dll
 0002:000000b8       __imp_GetSystemTimeAsFileTime 000000018001b0b8     kernel32:KERNEL32.dll
 0002:000000c0       __imp_DisableThreadLibraryCalls 000000018001b0c0     kernel32:KERNEL32.dll
 0002:000000c8       __imp_InitializeSListHead  000000018001b0c8     kernel32:KERNEL32.dll
 0002:000000d0       \177KERNEL32_NULL_THUNK_DATA 000000018001b0d0     kernel32:KERNEL32.dll
 0002:000000d8       __imp_strstr               000000018001b0d8     vcruntime:VCRUNTIME140.dll
 0002:000000e0       __imp___std_exception_copy 000000018001b0e0     vcruntime:VCRUNTIME140.dll
 0002:000000e8       __imp___std_exception_destroy 000000018001b0e8     vcruntime:VCRUNTIME140.dll
 0002:000000f0       __imp__CxxThrowException   000000018001b0f0     vcruntime:VCRUNTIME140.dll
 0002:000000f8       __imp___CxxFrameHandler3   000000018001b0f8     vcruntime:VCRUNTIME140.dll
 0002:00000100       __imp_memcpy               000000018001b100     vcruntime:VCRUNTIME140.dll
 0002:00000108       __imp_memmove              000000018001b108     vcruntime:VCRUNTIME140.dll
 0002:00000110       __imp_memset               000000018001b110     vcruntime:VCRUNTIME140.dll
 0002:00000118       __imp___std_terminate      000000018001b118     vcruntime:VCRUNTIME140.dll
 0002:00000120       __imp___C_specific_handler 000000018001b120     vcruntime:VCRUNTIME140.dll
 0002:00000128       __imp___std_type_info_destroy_list 000000018001b128     vcruntime:VCRUNTIME140.dll
 0002:00000130       \177VCRUNTIME140_NULL_THUNK_DATA 000000018001b130     vcruntime:VCRUNTIME140.dll
 0002:00000138       __imp_free                 000000018001b138     ucrt:api-ms-win-crt-heap-l1-1-0.dll
 0002:00000140       __imp__callnewh            000000018001b140     ucrt:api-ms-win-crt-heap-l1-1-0.dll
 0002:00000148       __imp_malloc               000000018001b148     ucrt:api-ms-win-crt-heap-l1-1-0.dll
 0002:00000150       \177api-ms-win-crt-heap-l1-1-0_NULL_THUNK_DATA 000000018001b150     ucrt:api-ms-win-crt-heap-l1-1-0.dll
 0002:00000158       __imp__crt_atexit          000000018001b158     ucrt:api-ms-win-crt-runtime-l1-1-0.dll
 0002:00000160       __imp__execute_onexit_table 000000018001b160     ucrt:api-ms-win-crt-runtime-l1-1-0.dll
 0002:00000168       __imp__cexit               000000018001b168     ucrt:api-ms-win-crt-runtime-l1-1-0.dll
 0002:00000170       __imp__initialize_onexit_table 000000018001b170     ucrt:api-ms-win-crt-runtime-l1-1-0.dll
 0002:00000178       __imp__initialize_narrow_environment 000000018001b178     ucrt:api-ms-win-crt-runtime-l1-1-0.dll
 0002:00000180       __imp__configure_narrow_argv 000000018001b180     ucrt:api-ms-win-crt-runtime-l1-1-0.dll
 0002:00000188       __imp__seh_filter_dll      000000018001b188     ucrt:api-ms-win-crt-runtime-l1-1-0.dll
 0002:00000190       __imp__initterm_e          000000018001b190     ucrt:api-ms-win-crt-runtime-l1-1-0.dll
 0002:00000198       __imp__initterm            000000018001b198     ucrt:api-ms-win-crt-runtime-l1-1-0.dll
 0002:000001a0       __imp__register_onexit_function 000000018001b1a0     ucrt:api-ms-win-crt-runtime-l1-1-0.dll
 0002:000001a8       \177api-ms-win-crt-runtime-l1-1-0_NULL_THUNK_DATA 000000018001b1a8     ucrt:api-ms-win-crt-runtime-l1-1-0.dll
 0002:000001b0       __imp___acrt_iob_func      000000018001b1b0     ucrt:api-ms-win-crt-stdio-l1-1-0.dll
 0002:000001b8       __imp___stdio_common_vfprintf 000000018001b1b8     ucrt:api-ms-win-crt-stdio-l1-1-0.dll
 0002:000001c0       \177api-ms-win-crt-stdio-l1-1-0_NULL_THUNK_DATA 000000018001b1c0     ucrt:api-ms-win-crt-stdio-l1-1-0.dll
 0002:000001c8       __imp_strncmp              000000018001b1c8     ucrt:api-ms-win-crt-string-l1-1-0.dll
 0002:000001d0       \177api-ms-win-crt-string-l1-1-0_NULL_THUNK_DATA 000000018001b1d0     ucrt:api-ms-win-crt-string-l1-1-0.dll
 0002:000001d8       __imp_delete_wrong_stkvar_ops 000000018001b1d8     ida:ida.dll
 0002:000001e0       __imp_delete_unreferenced_stkvars 000000018001b1e0     ida:ida.dll
 0002:000001e8       __imp_get_min_spd_ea       000000018001b1e8     ida:ida.dll
 0002:000001f0       __imp_build_stkvar_xrefs   000000018001b1f0     ida:ida.dll
 0002:000001f8       __imp_recalc_spd           000000018001b1f8     ida:ida.dll
 0002:00000200       __imp_get_sp_delta         000000018001b200     ida:ida.dll
 0002:00000208       __imp_ph                   000000018001b208     ida:ida.dll
 0002:00000210       __imp_get_spd              000000018001b210     ida:ida.dll
 0002:00000218       __imp_del_stkpnt           000000018001b218     ida:ida.dll
 0002:00000220       __imp_add_user_stkpnt      000000018001b220     ida:ida.dll
 0002:00000228       __imp_add_auto_stkpnt      000000018001b228     ida:ida.dll
 0002:00000230       __imp_del_regvar           000000018001b230     ida:ida.dll
 0002:00000238       __imp_set_regvar_cmt       000000018001b238     ida:ida.dll
 0002:00000240       __imp_rename_regvar        000000018001b240     ida:ida.dll
 0002:00000248       __imp_find_regvar          000000018001b248     ida:ida.dll
 0002:00000250       __imp_get_effective_spd    000000018001b250     ida:ida.dll
 0002:00000258       __imp_calc_stkvar_struc_offset 000000018001b258     ida:ida.dll
 0002:00000260       __imp_build_stkvar_name    000000018001b260     ida:ida.dll
 0002:00000268       __imp_define_stkvar        000000018001b268     ida:ida.dll
 0002:00000270       __imp_get_stkvar           000000018001b270     ida:ida.dll
 0002:00000278       __imp_get_func_by_frame    000000018001b278     ida:ida.dll
 0002:00000280       __imp_set_purged           000000018001b280     ida:ida.dll
 0002:00000288       __imp_update_fpd           000000018001b288     ida:ida.dll
 0002:00000290       __imp_get_frame            000000018001b290     ida:ida.dll
 0002:00000298       __imp_get_frame_part       000000018001b298     ida:ida.dll
 0002:000002a0       __imp_get_frame_retsize    000000018001b2a0     ida:ida.dll
 0002:000002a8       __imp_get_frame_size       000000018001b2a8     ida:ida.dll
 0002:000002b0       __imp_set_frame_size       000000018001b2b0     ida:ida.dll
 0002:000002b8       __imp_del_frame            000000018001b2b8     ida:ida.dll
 0002:000002c0       __imp_qrealloc             000000018001b2c0     ida:ida.dll
 0002:000002c8       __imp_add_frame            000000018001b2c8     ida:ida.dll
 0002:000002d0       __imp_get_func             000000018001b2d0     ida:ida.dll
 0002:000002d8       __imp_is_main_thread       000000018001b2d8     ida:ida.dll
 0002:000002e0       __imp_qvector_reserve      000000018001b2e0     ida:ida.dll
 0002:000002e8       __imp_qalloc_or_throw      000000018001b2e8     ida:ida.dll
 0002:000002f0       __imp_qvsnprintf           000000018001b2f0     ida:ida.dll
 0002:000002f8       __imp_qfree                000000018001b2f8     ida:ida.dll
 0002:00000300       __imp_add_regvar           000000018001b300     ida:ida.dll
 0002:00000308       \177ida_NULL_THUNK_DATA    000000018001b308     ida:ida.dll
 0002:00000310       __imp_PyW_GetNumber        000000018001b310     python:python.dll
 0002:00000318       \177python_NULL_THUNK_DATA 000000018001b318     python:python.dll
 0002:00000320       __imp_PyType_Type          000000018001b320     python38:python38.dll
 0002:00000328       __imp__Py_NoneStruct       000000018001b328     python38:python38.dll
 0002:00000330       __imp__Py_NotImplementedStruct 000000018001b330     python38:python38.dll
 0002:00000338       __imp_PyBool_Type          000000018001b338     python38:python38.dll
 0002:00000340       __imp_PyExc_AttributeError 000000018001b340     python38:python38.dll
 0002:00000348       __imp_PyExc_IndexError     000000018001b348     python38:python38.dll
 0002:00000350       __imp_PyExc_MemoryError    000000018001b350     python38:python38.dll
 0002:00000358       __imp_PyObject_IsInstance  000000018001b358     python38:python38.dll
 0002:00000360       __imp_PyExc_RuntimeError   000000018001b360     python38:python38.dll
 0002:00000368       __imp_PyExc_SyntaxError    000000018001b368     python38:python38.dll
 0002:00000370       __imp_PyExc_SystemError    000000018001b370     python38:python38.dll
 0002:00000378       __imp_PyExc_TypeError      000000018001b378     python38:python38.dll
 0002:00000380       __imp_PyExc_ValueError     000000018001b380     python38:python38.dll
 0002:00000388       __imp_PyExc_ZeroDivisionError 000000018001b388     python38:python38.dll
 0002:00000390       __imp_PyExc_IOError        000000018001b390     python38:python38.dll
 0002:00000398       __imp_PyObject_CallFunctionObjArgs 000000018001b398     python38:python38.dll
 0002:000003a0       __imp_PyExc_OverflowError  000000018001b3a0     python38:python38.dll
 0002:000003a8       __imp_PyObject_Call        000000018001b3a8     python38:python38.dll
 0002:000003b0       __imp_PyImport_AddModule   000000018001b3b0     python38:python38.dll
 0002:000003b8       __imp_PyEval_InitThreads   000000018001b3b8     python38:python38.dll
 0002:000003c0       __imp_PyModule_Create2     000000018001b3c0     python38:python38.dll
 0002:000003c8       __imp_PyModule_AddObject   000000018001b3c8     python38:python38.dll
 0002:000003d0       __imp_Py_BuildValue        000000018001b3d0     python38:python38.dll
 0002:000003d8       __imp_PyArg_UnpackTuple    000000018001b3d8     python38:python38.dll
 0002:000003e0       __imp_PyGILState_Release   000000018001b3e0     python38:python38.dll
 0002:000003e8       __imp_PyGILState_Ensure    000000018001b3e8     python38:python38.dll
 0002:000003f0       __imp_PyErr_Format         000000018001b3f0     python38:python38.dll
 0002:000003f8       __imp_PyErr_GivenExceptionMatches 000000018001b3f8     python38:python38.dll
 0002:00000400       __imp_PyErr_Restore        000000018001b400     python38:python38.dll
 0002:00000408       __imp_PyErr_Fetch          000000018001b408     python38:python38.dll
 0002:00000410       __imp_PyErr_Clear          000000018001b410     python38:python38.dll
 0002:00000418       __imp_PyErr_Occurred       000000018001b418     python38:python38.dll
 0002:00000420       __imp_PyErr_SetString      000000018001b420     python38:python38.dll
 0002:00000428       __imp_PyCapsule_Import     000000018001b428     python38:python38.dll
 0002:00000430       __imp_PyCapsule_GetPointer 000000018001b430     python38:python38.dll
 0002:00000438       __imp_PyCapsule_New        000000018001b438     python38:python38.dll
 0002:00000440       __imp_PyModule_GetDict     000000018001b440     python38:python38.dll
 0002:00000448       __imp_PyCFunction_GetFlags 000000018001b448     python38:python38.dll
 0002:00000450       __imp_PyCFunction_GetSelf  000000018001b450     python38:python38.dll
 0002:00000458       __imp_PyCFunction_GetFunction 000000018001b458     python38:python38.dll
 0002:00000460       __imp_PyDict_SetItemString 000000018001b460     python38:python38.dll
 0002:00000468       __imp_PyDict_SetItem       000000018001b468     python38:python38.dll
 0002:00000470       __imp_PyDict_GetItem       000000018001b470     python38:python38.dll
 0002:00000478       __imp_PyDict_New           000000018001b478     python38:python38.dll
 0002:00000480       __imp_PyTuple_SetItem      000000018001b480     python38:python38.dll
 0002:00000488       __imp_PyTuple_GetItem      000000018001b488     python38:python38.dll
 0002:00000490       __imp_PyTuple_Size         000000018001b490     python38:python38.dll
 0002:00000498       __imp_PyTuple_New          000000018001b498     python38:python38.dll
 0002:000004a0       __imp_PyBool_FromLong      000000018001b4a0     python38:python38.dll
 0002:000004a8       __imp_PyLong_AsUnsignedLongLong 000000018001b4a8     python38:python38.dll
 0002:000004b0       __imp_PyLong_FromUnsignedLongLong 000000018001b4b0     python38:python38.dll
 0002:000004b8       __imp_PyLong_FromLongLong  000000018001b4b8     python38:python38.dll
 0002:000004c0       __imp_PyLong_FromVoidPtr   000000018001b4c0     python38:python38.dll
 0002:000004c8       __imp_PyLong_AsUnsignedLong 000000018001b4c8     python38:python38.dll
 0002:000004d0       __imp_PyLong_AsLong        000000018001b4d0     python38:python38.dll
 0002:000004d8       __imp_PyLong_FromSize_t    000000018001b4d8     python38:python38.dll
 0002:000004e0       __imp_PyLong_FromLong      000000018001b4e0     python38:python38.dll
 0002:000004e8       __imp_PyUnicode_CompareWithASCIIString 000000018001b4e8     python38:python38.dll
 0002:000004f0       __imp_PyUnicode_Concat     000000018001b4f0     python38:python38.dll
 0002:000004f8       __imp_PyUnicode_AsUTF8String 000000018001b4f8     python38:python38.dll
 0002:00000500       __imp_PyUnicode_DecodeUTF8 000000018001b500     python38:python38.dll
 0002:00000508       __imp_PyUnicode_FromFormat 000000018001b508     python38:python38.dll
 0002:00000510       __imp_PyUnicode_FromString 000000018001b510     python38:python38.dll
 0002:00000518       __imp_PyUnicode_FromStringAndSize 000000018001b518     python38:python38.dll
 0002:00000520       __imp_PyBytes_AsStringAndSize 000000018001b520     python38:python38.dll
 0002:00000528       __imp__PyObject_New        000000018001b528     python38:python38.dll
 0002:00000530       __imp_PyObject_Free        000000018001b530     python38:python38.dll
 0002:00000538       __imp_Py_DecRef            000000018001b538     python38:python38.dll
 0002:00000540       __imp__Py_Dealloc          000000018001b540     python38:python38.dll
 0002:00000548       __imp_PyObject_IsTrue      000000018001b548     python38:python38.dll
 0002:00000550       __imp_PyObject_GenericGetAttr 000000018001b550     python38:python38.dll
 0002:00000558       __imp_PyObject_SetAttr     000000018001b558     python38:python38.dll
 0002:00000560       __imp_PyObject_GetAttr     000000018001b560     python38:python38.dll
 0002:00000568       __imp_PyObject_GetAttrString 000000018001b568     python38:python38.dll
 0002:00000570       __imp_PyType_Modified      000000018001b570     python38:python38.dll
 0002:00000578       __imp_PyType_GetFlags      000000018001b578     python38:python38.dll
 0002:00000580       __imp_PyType_GetSlot       000000018001b580     python38:python38.dll
 0002:00000588       __imp_PyType_FromSpec      000000018001b588     python38:python38.dll
 0002:00000590       __imp_PyErr_WriteUnraisable 000000018001b590     python38:python38.dll
 0002:00000598       \177python38_NULL_THUNK_DATA 000000018001b598     python38:python38.dll
 0002:000005a0       __guard_check_icall_fptr   000000018001b5a0     MSVCRT:guard_support.obj
 0002:000005a8       __guard_dispatch_icall_fptr 000000018001b5a8     MSVCRT:guard_support.obj
 0002:000005b0       __xc_a                     000000018001b5b0     MSVCRT:initializers.obj
 0002:000005b8       __xc_z                     000000018001b5b8     MSVCRT:initializers.obj
 0002:000005c0       __xi_a                     000000018001b5c0     MSVCRT:initializers.obj
 0002:000005d0       __xi_z                     000000018001b5d0     MSVCRT:initializers.obj
 0002:000005d8       __xl_a                     000000018001b5d8     MSVCRT:tlssup.obj
 0002:000005e0       __xl_z                     000000018001b5e0     MSVCRT:tlssup.obj
 0002:000005e8       __xp_a                     000000018001b5e8     MSVCRT:initializers.obj
 0002:000005f0       __xp_z                     000000018001b5f0     MSVCRT:initializers.obj
 0002:000005f8       __xt_a                     000000018001b5f8     MSVCRT:initializers.obj
 0002:00000600       __xt_z                     000000018001b600     MSVCRT:initializers.obj
 0002:00000610       ??_C@_0BA@CKLFKJDD@stkpnt_t_ea_set@ 000000018001b610     frame.obj
 0002:00000620       ??_C@_0BB@INMODDPE@stkpnt_t_spd_set@ 000000018001b620     frame.obj
 0002:00000638       ??_C@_0BA@DMAMFCDC@stkpnt_t___lt__@ 000000018001b638     frame.obj
 0002:00000648       ??_C@_0N@KGCCLAAC@new_stkpnt_t@ 000000018001b648     frame.obj
 0002:00000658       ??_C@_0O@HLAHEGOJ@new_stkpnts_t@ 000000018001b658     frame.obj
 0002:00000668       ??_C@_09CEEDBHGP@add_frame@ 000000018001b668     frame.obj
 0002:00000678       ??_C@_0P@NEBMNOCH@set_frame_size@ 000000018001b678     frame.obj
 0002:00000688       ??_C@_0P@MFNMAEJM@get_frame_part@ 000000018001b688     frame.obj
 0002:00000698       ??_C@_0P@JCPCPOIM@is_funcarg_off@ 000000018001b698     frame.obj
 0002:000006a8       ??_C@_08EEOCOJB@lvar_off@  000000018001b6a8     frame.obj
 0002:000006b8       ??_C@_09ECJNECEA@get_frame@ 000000018001b6b8     frame.obj
 0002:000006c8       ??_C@_0L@EBPKBJFA@update_fpd@ 000000018001b6c8     frame.obj
 0002:000006d8       ??_C@_0L@DINGFBEC@set_purged@ 000000018001b6d8     frame.obj
 0002:000006e8       ??_C@_0O@KIFKBJEO@define_stkvar@ 000000018001b6e8     frame.obj
 0002:000006f8       ??_C@_0BC@GCHJEOMF@build_stkvar_name@ 000000018001b6f8     frame.obj
 0002:00000710       ??_C@_0BJ@CIOPADGO@calc_stkvar_struc_offset@ 000000018001b710     frame.obj
 0002:00000730       ??_C@_0BD@NKCHHJPM@regvar_t_canon_set@ 000000018001b730     frame.obj
 0002:00000748       ??_C@_0BC@HBHFKMDO@regvar_t_user_set@ 000000018001b748     frame.obj
 0002:00000760       ??_C@_0BB@EODJALIB@regvar_t_cmt_set@ 000000018001b760     frame.obj
 0002:00000778       ??_C@_0N@LHIKNEJA@new_regvar_t@ 000000018001b778     frame.obj
 0002:00000788       ??_C@_0L@ECDDCDLG@add_regvar@ 000000018001b788     frame.obj
 0002:00000798       ??_C@_0M@DIOPOMFB@find_regvar@ 000000018001b798     frame.obj
 0002:000007a8       ??_C@_0O@MKNPHFKH@rename_regvar@ 000000018001b7a8     frame.obj
 0002:000007b8       ??_C@_0P@DDMLCBHH@set_regvar_cmt@ 000000018001b7b8     frame.obj
 0002:000007c8       ??_C@_0L@GHHOEGNC@del_regvar@ 000000018001b7c8     frame.obj
 0002:000007d8       ??_C@_0BA@KKFIOLNF@llabel_t_ea_set@ 000000018001b7d8     frame.obj
 0002:000007e8       ??_C@_0BC@NALIEGHF@llabel_t_name_set@ 000000018001b7e8     frame.obj
 0002:00000800       ??_C@_0N@HCBGKFID@new_llabel_t@ 000000018001b800     frame.obj
 0002:00000810       ??_C@_0BA@PKKMAHBI@add_auto_stkpnt@ 000000018001b810     frame.obj
 0002:00000820       ??_C@_0BA@IIOEFECI@add_user_stkpnt@ 000000018001b820     frame.obj
 0002:00000830       ??_C@_0L@LEBOMODO@del_stkpnt@ 000000018001b830     frame.obj
 0002:00000840       ??_C@_07JPGHDEDK@get_spd@  000000018001b840     frame.obj
 0002:00000848       ??_C@_0BC@JBJLPKDJ@get_effective_spd@ 000000018001b848     frame.obj
 0002:00000860       ??_C@_0N@BJKEBCKJ@get_sp_delta@ 000000018001b860     frame.obj
 0002:00000870       ??_C@_0BI@NBJDGLDO@xreflist_entry_t_ea_set@ 000000018001b870     frame.obj
 0002:00000888       ??_C@_0BL@GBFDDOMI@xreflist_entry_t_opnum_set@ 000000018001b888     frame.obj
 0002:000008a8       ??_C@_0BK@BADDILMG@xreflist_entry_t_type_set@ 000000018001b8a8     frame.obj
 0002:000008c8       ??_C@_0BI@PNOEACHM@xreflist_entry_t___eq__@ 000000018001b8c8     frame.obj
 0002:000008e0       ??_C@_0BI@FFEPPDKF@xreflist_entry_t___ne__@ 000000018001b8e0     frame.obj
 0002:000008f8       ??_C@_0BF@PLGKABBP@new_xreflist_entry_t@ 000000018001b8f8     frame.obj
 0002:00000910       ??_C@_0BD@NKEDPPCG@build_stkvar_xrefs@ 000000018001b910     frame.obj
 0002:00000928       ??_C@_0CP@PAIINLPH@?6xreflist_t?$CI?$CJ?6new_xreflist_t?$CIx?$CJ@ 000000018001b928     frame.obj
 0002:00000958       ??_C@_0BC@BBLKCKED@delete_xreflist_t@ 000000018001b958     frame.obj
 0002:00000970       ??_C@_0BI@DEEMLILF@delete_xreflist_t?$CIself?$CJ@ 000000018001b970     frame.obj
 0002:00000990       ??_C@_0EP@EADNCDMI@?6xreflist_t_push_back?$CIself?0?5x?$CJ?6@ 000000018001b990     frame.obj
 0002:000009e0       ??_C@_0BE@DDOGNKJN@xreflist_t_pop_back@ 000000018001b9e0     frame.obj
 0002:000009f8       ??_C@_0BK@OOFOLHCD@xreflist_t_pop_back?$CIself?$CJ@ 000000018001b9f8     frame.obj
 0002:00000a18       ??_C@_0BA@NBDKMNPC@xreflist_t_size@ 000000018001ba18     frame.obj
 0002:00000a28       ??_C@_0CA@PBDEGMCE@xreflist_t_size?$CIself?$CJ?5?9?$DO?5size_t@ 000000018001ba28     frame.obj
 0002:00000a48       ??_C@_0BB@PPMJAFCH@xreflist_t_empty@ 000000018001ba48     frame.obj
 0002:00000a60       ??_C@_0BP@JDFJANNB@xreflist_t_empty?$CIself?$CJ?5?9?$DO?5bool@ 000000018001ba60     frame.obj
 0002:00000a80       ??_C@_0CO@JDKEDKFL@xreflist_t_at?$CIself?0?5_idx?$CJ?5?9?$DO?5xr@ 000000018001ba80     frame.obj
 0002:00000ab0       ??_C@_0BC@EOOHAGAG@xreflist_t_qclear@ 000000018001bab0     frame.obj
 0002:00000ac8       ??_C@_0BI@DBGPFPJN@xreflist_t_qclear?$CIself?$CJ@ 000000018001bac8     frame.obj
 0002:00000ae0       ??_C@_0BB@IKCONAHH@xreflist_t_clear@ 000000018001bae0     frame.obj
 0002:00000af8       ??_C@_0BH@GKEHJEBA@xreflist_t_clear?$CIself?$CJ@ 000000018001baf8     frame.obj
 0002:00000b10       ??_C@_0EJ@PNHNKGGB@?6xreflist_t_resize?$CIself?0?5_newsi@ 000000018001bb10     frame.obj
 0002:00000b60       ??_C@_0CM@KMFGAJHF@xreflist_t_grow?$CIself?0?5x?$DNxreflis@ 000000018001bb60     frame.obj
 0002:00000b90       ??_C@_0BE@BEBIBELP@xreflist_t_capacity@ 000000018001bb90     frame.obj
 0002:00000ba8       ??_C@_0CE@EMKOGALL@xreflist_t_capacity?$CIself?$CJ?5?9?$DO?5si@ 000000018001bba8     frame.obj
 0002:00000bd0       ??_C@_0BO@BIPECLIC@xreflist_t_reserve?$CIself?0?5cnt?$CJ@ 000000018001bbd0     frame.obj
 0002:00000bf0       ??_C@_0BE@KOCAOFAP@xreflist_t_truncate@ 000000018001bbf0     frame.obj
 0002:00000c08       ??_C@_0BK@DLGMLFEF@xreflist_t_truncate?$CIself?$CJ@ 000000018001bc08     frame.obj
 0002:00000c28       ??_C@_0BJ@EIDMJBKO@xreflist_t_swap?$CIself?0?5r?$CJ@ 000000018001bc28     frame.obj
 0002:00000c48       ??_C@_0BD@BPPHALAH@xreflist_t_extract@ 000000018001bc48     frame.obj
 0002:00000c60       ??_C@_0CN@JMBDAIKP@xreflist_t_extract?$CIself?$CJ?5?9?$DO?5xre@ 000000018001bc60     frame.obj
 0002:00000c90       ??_C@_0CA@NJEOJGDG@xreflist_t_inject?$CIself?0?5s?0?5len?$CJ@ 000000018001bc90     frame.obj
 0002:00000cb0       ??_C@_0CD@PLAGIBA@xreflist_t___eq__?$CIself?0?5r?$CJ?5?9?$DO?5b@ 000000018001bcb0     frame.obj
 0002:00000cd8       ??_C@_0CD@NGJGPFAH@xreflist_t___ne__?$CIself?0?5r?$CJ?5?9?$DO?5b@ 000000018001bcd8     frame.obj
 0002:00000d00       ??_C@_0FI@CAEDFOBF@?6xreflist_t_begin?$CIself?$CJ?5?9?$DO?5xref@ 000000018001bd00     frame.obj
 0002:00000d60       ??_C@_0FE@FMOGEOHD@?6xreflist_t_end?$CIself?$CJ?5?9?$DO?5xrefli@ 000000018001bd60     frame.obj
 0002:00000db8       ??_C@_0DD@MGAEBOIO@xreflist_t_insert?$CIself?0?5it?0?5x?$CJ?5@ 000000018001bdb8     frame.obj
 0002:00000df0       ??_C@_0GJ@CHEIOEG@?6xreflist_t_erase?$CIself?0?5it?$CJ?5?9?$DO?5@ 000000018001bdf0     frame.obj
 0002:00000e60       ??_C@_0FM@JOPCKECP@?6xreflist_t_find?$CIself?0?5x?$CJ?5?9?$DO?5xr@ 000000018001be60     frame.obj
 0002:00000ec0       ??_C@_0CA@LKNAKAGC@xreflist_t_has?$CIself?0?5x?$CJ?5?9?$DO?5bool@ 000000018001bec0     frame.obj
 0002:00000ee0       ??_C@_0CH@MBFMEKIB@xreflist_t_add_unique?$CIself?0?5x?$CJ?5@ 000000018001bee0     frame.obj
 0002:00000f08       ??_C@_0CB@PKALDGMH@xreflist_t__del?$CIself?0?5x?$CJ?5?9?$DO?5boo@ 000000018001bf08     frame.obj
 0002:00000f30       ??_C@_0BD@DPMHHJAP@xreflist_t___len__@ 000000018001bf30     frame.obj
 0002:00000f48       ??_C@_0CD@PJCAJLJM@xreflist_t___len__?$CIself?$CJ?5?9?$DO?5siz@ 000000018001bf48     frame.obj
 0002:00000f70       ??_C@_0DE@JMBOHOLO@xreflist_t___getitem__?$CIself?0?5i?$CJ@ 000000018001bf70     frame.obj
 0002:00000fa8       ??_C@_0CD@COBPMDPC@xreflist_t___setitem__?$CIself?0?5i?0@ 000000018001bfa8     frame.obj
 0002:00000fd0       ??_C@_0BI@PJLGAFFF@xreflist_t_swigregister@ 000000018001bfd0     frame.obj
 0002:00000fe8       ??_C@_0BE@FACEDKBE@xreflist_t_swiginit@ 000000018001bfe8     frame.obj
 0002:00001000       ??_C@_0CG@FMCCJENF@get_stkvar?$CIinsn?0?5op?0?5v?$CJ?5?9?$DO?5PyOb@ 000000018001c000     frame.obj
 0002:00001028       ??_C@_0BK@NGOLDINA@stkpnt_t_ea_set?$CIself?0?5ea?$CJ@ 000000018001c028     frame.obj
 0002:00001048       ??_C@_0BA@PFMOGJPL@stkpnt_t_ea_get@ 000000018001c048     frame.obj
 0002:00001058       ??_C@_0BO@OLCFLMMH@stkpnt_t_ea_get?$CIself?$CJ?5?9?$DO?5ea_t@ 000000018001c058     frame.obj
 0002:00001078       ??_C@_0BM@DBGBHIAC@stkpnt_t_spd_set?$CIself?0?5spd?$CJ@ 000000018001c078     frame.obj
 0002:00001098       ??_C@_0BB@FCLFPDDM@stkpnt_t_spd_get@ 000000018001c098     frame.obj
 0002:000010b0       ??_C@_0CB@NCBOHDLP@stkpnt_t_spd_get?$CIself?$CJ?5?9?$DO?5sval_@ 000000018001c0b0     frame.obj
 0002:000010d8       ??_C@_0CB@BKOBPOPF@stkpnt_t___lt__?$CIself?0?5r?$CJ?5?9?$DO?5boo@ 000000018001c0d8     frame.obj
 0002:00001100       ??_C@_0BL@CCLOAGN@new_stkpnt_t?$CI?$CJ?5?9?$DO?5stkpnt_t@ 000000018001c100     frame.obj
 0002:00001120       ??_C@_0BA@PJOCPKID@delete_stkpnt_t@ 000000018001c120     frame.obj
 0002:00001130       ??_C@_0BG@FBJHPAN@delete_stkpnt_t?$CIself?$CJ@ 000000018001c130     frame.obj
 0002:00001148       ??_C@_0BG@OJJCOJDD@stkpnt_t_swigregister@ 000000018001c148     frame.obj
 0002:00001160       ??_C@_0BC@JLJKJBNM@stkpnt_t_swiginit@ 000000018001c160     frame.obj
 0002:00001178       ??_C@_0BN@IJHPPLCD@new_stkpnts_t?$CI?$CJ?5?9?$DO?5stkpnts_t@ 000000018001c178     frame.obj
 0002:00001198       ??_C@_0BB@OBOHDFBF@delete_stkpnts_t@ 000000018001c198     frame.obj
 0002:000011b0       ??_C@_0BH@IAIIPHKD@delete_stkpnts_t?$CIself?$CJ@ 000000018001c1b0     frame.obj
 0002:000011c8       ??_C@_0BH@GILEINNB@stkpnts_t_swigregister@ 000000018001c1c8     frame.obj
 0002:000011e0       ??_C@_0BD@BBPHGCBL@stkpnts_t_swiginit@ 000000018001c1e0     frame.obj
 0002:000011f8       ??_C@_0DA@JLBJOJFJ@add_frame?$CIpfn?0?5frsize?0?5frregs?0?5@ 000000018001c1f8     frame.obj
 0002:00001228       ??_C@_09GPENDNN@del_frame@ 000000018001c228     frame.obj
 0002:00001238       ??_C@_0BH@NGKAPCNI@del_frame?$CIpfn?$CJ?5?9?$DO?5bool@ 000000018001c238     frame.obj
 0002:00001250       ??_C@_0DF@OHJHHFME@set_frame_size?$CIpfn?0?5frsize?0?5frr@ 000000018001c250     frame.obj
 0002:00001288       ??_C@_0P@BKACCEAL@get_frame_size@ 000000018001c288     frame.obj
 0002:00001298       ??_C@_0BP@OPAJIHOI@get_frame_size?$CIpfn?$CJ?5?9?$DO?5asize_t@ 000000018001c298     frame.obj
 0002:000012b8       ??_C@_0BC@MKNBMMCE@get_frame_retsize@ 000000018001c2b8     frame.obj
 0002:000012d0       ??_C@_0BO@FOANOHDP@get_frame_retsize?$CIpfn?$CJ?5?9?$DO?5int@ 000000018001c2d0     frame.obj
 0002:000012f0       ??_C@_0CB@CLAPIAAC@get_frame_part?$CIrange?0?5pfn?0?5part@ 000000018001c2f0     frame.obj
 0002:00001318       ??_C@_0P@ODODHGKN@frame_off_args@ 000000018001c318     frame.obj
 0002:00001328       ??_C@_0BM@COIIIMMD@frame_off_args?$CIpfn?$CJ?5?9?$DO?5ea_t@ 000000018001c328     frame.obj
 0002:00001348       ??_C@_0BC@LIHKJLOB@frame_off_retaddr@ 000000018001c348     frame.obj
 0002:00001360       ??_C@_0BP@DMCLBEPL@frame_off_retaddr?$CIpfn?$CJ?5?9?$DO?5ea_t@ 000000018001c360     frame.obj
 0002:00001380       ??_C@_0BC@EJPGBLEI@frame_off_savregs@ 000000018001c380     frame.obj
 0002:00001398       ??_C@_0BP@EKBIFPOO@frame_off_savregs?$CIpfn?$CJ?5?9?$DO?5ea_t@ 000000018001c398     frame.obj
 0002:000013b8       ??_C@_0BA@MBCBJGOD@frame_off_lvars@ 000000018001c3b8     frame.obj
 0002:000013c8       ??_C@_0BN@JDBLFEGM@frame_off_lvars?$CIpfn?$CJ?5?9?$DO?5ea_t@ 000000018001c3c8     frame.obj
 0002:000013e8       ??_C@_0CG@BGNOLPGF@is_funcarg_off?$CIpfn?0?5frameoff?$CJ?5?9@ 000000018001c3e8     frame.obj
 0002:00001410       ??_C@_0CC@JHIOJNNH@lvar_off?$CIpfn?0?5frameoff?$CJ?5?9?$DO?5sval@ 000000018001c410     frame.obj
 0002:00001438       ??_C@_0DH@CKHHLID@?6get_frame?$CIpfn?$CJ?5?9?$DO?5struc_t?6get_@ 000000018001c438     frame.obj
 0002:00001470       ??_C@_0BN@BPFPCNJ@update_fpd?$CIpfn?0?5fpd?$CJ?5?9?$DO?5bool@ 000000018001c470     frame.obj
 0002:00001490       ??_C@_0DD@HBIHIGME@set_purged?$CIea?0?5nbytes?0?5override@ 000000018001c490     frame.obj
 0002:000014c8       ??_C@_0BC@MJDFLKAP@get_func_by_frame@ 000000018001c4c8     frame.obj
 0002:000014e0       ??_C@_0CE@EANCHOAL@get_func_by_frame?$CIframe_id?$CJ?5?9?$DO?5@ 000000018001c4e0     frame.obj
 0002:00001508       ??_C@_0DJ@IJLACOGN@define_stkvar?$CIpfn?0?5name?0?5off?0?5f@ 000000018001c508     frame.obj
 0002:00001548       ??_C@_0CF@CJKOOLBB@build_stkvar_name?$CIpfn?0?5v?$CJ?5?9?$DO?5ss@ 000000018001c548     frame.obj
 0002:00001570       ??_C@_0CP@OMKLFKD@calc_stkvar_struc_offset?$CIpfn?0?5i@ 000000018001c570     frame.obj
 0002:000015a0       ??_C@_0CA@LGJLANHD@regvar_t_canon_set?$CIself?0?5canon?$CJ@ 000000018001c5a0     frame.obj
 0002:000015c0       ??_C@_0BD@FFMLJDE@regvar_t_canon_get@ 000000018001c5c0     frame.obj
 0002:000015d8       ??_C@_0CD@EMKJMEAH@regvar_t_canon_get?$CIself?$CJ?5?9?$DO?5cha@ 000000018001c5d8     frame.obj
 0002:00001600       ??_C@_0BO@BFHNNFOF@regvar_t_user_set?$CIself?0?5user?$CJ@ 000000018001c600     frame.obj
 0002:00001620       ??_C@_0BC@KOAOGMPG@regvar_t_user_get@ 000000018001c620     frame.obj
 0002:00001638       ??_C@_0CC@HIKLIOBJ@regvar_t_user_get?$CIself?$CJ?5?9?$DO?5char@ 000000018001c638     frame.obj
 0002:00001660       ??_C@_0BM@BNDLBBEI@regvar_t_cmt_set?$CIself?0?5cmt?$CJ@ 000000018001c660     frame.obj
 0002:00001680       ??_C@_0BB@JBECMLEJ@regvar_t_cmt_get@ 000000018001c680     frame.obj
 0002:00001698       ??_C@_0CB@ENKCNOMN@regvar_t_cmt_get?$CIself?$CJ?5?9?$DO?5char?5@ 000000018001c698     frame.obj
 0002:000016c0       ??_C@_0BL@MIOEPKPJ@new_regvar_t?$CI?$CJ?5?9?$DO?5regvar_t@ 000000018001c6c0     frame.obj
 0002:000016e0       ??_C@_0BA@OIEKJOBB@delete_regvar_t@ 000000018001c6e0     frame.obj
 0002:000016f0       ??_C@_0BG@KMDOOBGF@delete_regvar_t?$CIself?$CJ@ 000000018001c6f0     frame.obj
 0002:00001708       ??_C@_0BG@DFCFDJBJ@regvar_t_swigregister@ 000000018001c708     frame.obj
 0002:00001720       ??_C@_0BC@JHJGBJBC@regvar_t_swiginit@ 000000018001c720     frame.obj
 0002:00001738       ??_C@_0DD@DDEJICHE@add_regvar?$CIpfn?0?5ea1?0?5ea2?0?5canon@ 000000018001c738     frame.obj
 0002:00001770       ??_C@_0FO@FFDLFKO@?6find_regvar?$CIpfn?0?5ea1?0?5ea2?0?5can@ 000000018001c770     frame.obj
 0002:000017d0       ??_C@_0CD@OJPAMABL@rename_regvar?$CIpfn?0?5v?0?5user?$CJ?5?9?$DO?5@ 000000018001c7d0     frame.obj
 0002:000017f8       ??_C@_0CD@HNPEKNM@set_regvar_cmt?$CIpfn?0?5v?0?5cmt?$CJ?5?9?$DO?5@ 000000018001c7f8     frame.obj
 0002:00001820       ??_C@_0CI@BAJCLBFF@del_regvar?$CIpfn?0?5ea1?0?5ea2?0?5canon@ 000000018001c820     frame.obj
 0002:00001848       ??_C@_0BK@IMLALECF@llabel_t_ea_set?$CIself?0?5ea?$CJ@ 000000018001c848     frame.obj
 0002:00001868       ??_C@_0BA@HFCDCLBN@llabel_t_ea_get@ 000000018001c868     frame.obj
 0002:00001878       ??_C@_0BO@GAEDIEMD@llabel_t_ea_get?$CIself?$CJ?5?9?$DO?5ea_t@ 000000018001c878     frame.obj
 0002:00001898       ??_C@_0BO@EAGEIFCG@llabel_t_name_set?$CIself?0?5name?$CJ@ 000000018001c898     frame.obj
 0002:000018b8       ??_C@_0BC@PMDIGLN@llabel_t_name_get@ 000000018001c8b8     frame.obj
 0002:000018d0       ??_C@_0CC@NMAKEEDP@llabel_t_name_get?$CIself?$CJ?5?9?$DO?5char@ 000000018001c8d0     frame.obj
 0002:000018f8       ??_C@_0BL@MJOCHIPD@new_llabel_t?$CI?$CJ?5?9?$DO?5llabel_t@ 000000018001c8f8     frame.obj
 0002:00001918       ??_C@_0BA@CNNGOPAC@delete_llabel_t@ 000000018001c918     frame.obj
 0002:00001928       ??_C@_0BG@INDMFCJI@delete_llabel_t?$CIself?$CJ@ 000000018001c928     frame.obj
 0002:00001940       ??_C@_0BG@MOJMJIOA@llabel_t_swigregister@ 000000018001c940     frame.obj
 0002:00001958       ??_C@_0BC@LGMGFOH@llabel_t_swiginit@ 000000018001c958     frame.obj
 0002:00001970       ??_C@_0CI@HFMMFCKH@add_auto_stkpnt?$CIpfn?0?5ea?0?5delta?$CJ@ 000000018001c970     frame.obj
 0002:00001998       ??_C@_0CD@BHDNKLPO@add_user_stkpnt?$CIea?0?5delta?$CJ?5?9?$DO?5b@ 000000018001c998     frame.obj
 0002:000019c0       ??_C@_0BM@IKPLOBFA@del_stkpnt?$CIpfn?0?5ea?$CJ?5?9?$DO?5bool@ 000000018001c9c0     frame.obj
 0002:000019e0       ??_C@_0BL@MPENAKLM@get_spd?$CIpfn?0?5ea?$CJ?5?9?$DO?5sval_t@ 000000018001c9e0     frame.obj
 0002:00001a00       ??_C@_0CF@KHCJDBM@get_effective_spd?$CIpfn?0?5ea?$CJ?5?9?$DO?5s@ 000000018001ca00     frame.obj
 0002:00001a28       ??_C@_0CA@NEOBKHC@get_sp_delta?$CIpfn?0?5ea?$CJ?5?9?$DO?5sval_t@ 000000018001ca28     frame.obj
 0002:00001a48       ??_C@_0L@CIIILNKP@recalc_spd@ 000000018001ca48     frame.obj
 0002:00001a58       ??_C@_0BL@KNKODBCK@recalc_spd?$CIcur_ea?$CJ?5?9?$DO?5bool@ 000000018001ca58     frame.obj
 0002:00001a78       ??_C@_0CC@OMEEJNFM@xreflist_entry_t_ea_set?$CIself?0?5e@ 000000018001ca78     frame.obj
 0002:00001aa0       ??_C@_0BI@OOIKLPG@xreflist_entry_t_ea_get@ 000000018001caa0     frame.obj
 0002:00001ab8       ??_C@_0CG@HMIKFDFL@xreflist_entry_t_ea_get?$CIself?$CJ?5?9@ 000000018001cab8     frame.obj
 0002:00001ae0       ??_C@_0CI@DPIFDHOC@xreflist_entry_t_opnum_set?$CIself@ 000000018001cae0     frame.obj
 0002:00001b08       ??_C@_0BL@LOCIPOAA@xreflist_entry_t_opnum_get@ 000000018001cb08     frame.obj
 0002:00001b28       ??_C@_0CK@EPELFPGO@xreflist_entry_t_opnum_get?$CIself@ 000000018001cb28     frame.obj
 0002:00001b58       ??_C@_0CG@NPKFOMAH@xreflist_entry_t_type_set?$CIself?0@ 000000018001cb58     frame.obj
 0002:00001b80       ??_C@_0BK@MPEIELAO@xreflist_entry_t_type_get@ 000000018001cb80     frame.obj
 0002:00001ba0       ??_C@_0CJ@LPCCJFOF@xreflist_entry_t_type_get?$CIself?$CJ@ 000000018001cba0     frame.obj
 0002:00001bd0       ??_C@_0CJ@FCCPCLEJ@xreflist_entry_t___eq__?$CIself?0?5r@ 000000018001cbd0     frame.obj
 0002:00001c00       ??_C@_0CJ@ILAJLGFO@xreflist_entry_t___ne__?$CIself?0?5r@ 000000018001cc00     frame.obj
 0002:00001c30       ??_C@_0CL@JIOGLBBA@new_xreflist_entry_t?$CI?$CJ?5?9?$DO?5xrefl@ 000000018001cc30     frame.obj
 0002:00001c60       ??_C@_0BI@CPCLOIMC@delete_xreflist_entry_t@ 000000018001cc60     frame.obj
 0002:00001c78       ??_C@_0BO@FJHMIKCI@delete_xreflist_entry_t?$CIself?$CJ@ 000000018001cc78     frame.obj
 0002:00001c98       ??_C@_0BO@PKBBCNIF@xreflist_entry_t_swigregister@ 000000018001cc98     frame.obj
 0002:00001cb8       ??_C@_0BK@FLFOLHCL@xreflist_entry_t_swiginit@ 000000018001ccb8     frame.obj
 0002:00001cd8       ??_C@_0CD@BDKHGBAN@build_stkvar_xrefs?$CIout?0?5pfn?0?5mp@ 000000018001ccd8     frame.obj
 0002:00001d00       ??_C@_0P@HIFOJBDA@get_min_spd_ea@ 000000018001cd00     frame.obj
 0002:00001d10       ??_C@_0BM@OMJAMFIN@get_min_spd_ea?$CIpfn?$CJ?5?9?$DO?5ea_t@ 000000018001cd10     frame.obj
 0002:00001d30       ??_C@_0BM@BDPBDIII@delete_unreferenced_stkvars@ 000000018001cd30     frame.obj
 0002:00001d50       ??_C@_0CI@ONBCPOPK@delete_unreferenced_stkvars?$CIpfn@ 000000018001cd50     frame.obj
 0002:00001d78       ??_C@_0BI@DAKJNEHO@delete_wrong_stkvar_ops@ 000000018001cd78     frame.obj
 0002:00001d90       ??_C@_0CE@HKDCPMLE@delete_wrong_stkvar_ops?$CIpfn?$CJ?5?9?$DO@ 000000018001cd90     frame.obj
 0002:00001db8       ??_C@_0BE@LADBKDLC@_p__qstringT_char_t@ 000000018001cdb8     frame.obj
 0002:00001dd0       ??_C@_0BN@OHJFNODI@_qstring?$DM?5char?5?$DO?5?$CK?$HMqstring?5?$CK@ 000000018001cdd0     frame.obj
 0002:00001df0       ??_C@_0BN@OGMFMNEO@_p__qstringT_unsigned_char_t@ 000000018001cdf0     frame.obj
 0002:00001e10       ??_C@_0CE@FCOOCMMP@qtype?5?$CK?$HM_qstring?$DM?5unsigned?5char@ 000000018001ce10     frame.obj
 0002:00001e38       ??_C@_0BO@NPELMEMN@_p__qstringT_unsigned_short_t@ 000000018001ce38     frame.obj
 0002:00001e58       ??_C@_0CI@MOGIECDE@_qstring?$DM?5unsigned?5short?5?$DO?5?$CK?$HMqw@ 000000018001ce58     frame.obj
 0002:00001e80       ??_C@_0BF@FIODJLOI@_p_action_ctx_base_t@ 000000018001ce80     frame.obj
 0002:00001ea0       ??_C@_0EE@ODNBPOJC@action_ctx_base_t?5?$CK?$HMaction_upda@ 000000018001cea0     frame.obj
 0002:00001ee8       ??_C@_0N@IODFCNBG@_p_biggest_t@ 000000018001cee8     frame.obj
 0002:00001ef8       ??_C@_0M@LMODFOHJ@biggest_t?5?$CK@ 000000018001cef8     frame.obj
 0002:00001f08       ??_C@_0O@HOPHBKAL@char?5?$CK?$HMint8?5?$CK@ 000000018001cf08     frame.obj
 0002:00001f18       ??_C@_0BC@KJKOCNNG@_p_const_iterator@ 000000018001cf18     frame.obj
 0002:00001f30       ??_C@_0BB@LAJPCFIO@const_iterator?5?$CK@ 000000018001cf30     frame.obj
 0002:00001f48       ??_C@_0CE@DHGPAIMI@_p_f_p_TWidget_int_int_p_void__@ 000000018001cf48     frame.obj
 0002:00001f70       ??_C@_0DN@DFPOHMBA@custom_viewer_keydown_t?5?$CK?$HMbool?5@ 000000018001cf70     frame.obj
 0002:00001fb0       ??_C@_0DF@PENMGFJK@_p_f_p_TWidget_int_p_view_mouse@ 000000018001cfb0     frame.obj
 0002:00001ff0       ??_C@_0FC@NPHKCCPL@void?5?$CI?$CK?$CJ?$CITWidget?5?$CK?0int?0view_mou@ 000000018001cff0     frame.obj
 0002:00002048       ??_C@_0CA@IGCEDJID@_p_f_p_TWidget_int_p_void__bool@ 000000018001d048     frame.obj
 0002:00002070       ??_C@_0FC@PJNOFHGN@custom_viewer_click_t?5?$CK?$HMcustom_@ 000000018001d070     frame.obj
 0002:000020c8       ??_C@_0CO@MIHLPJDD@_p_f_p_TWidget_p_lochist_entry_@ 000000018001d0c8     frame.obj
 0002:00002100       ??_C@_0EM@HBPJNBB@custom_viewer_adjust_place_t?5?$CK?$HM@ 000000018001d100     frame.obj
 0002:00002150       ??_C@_0GM@LBGPKCPI@_p_f_p_TWidget_p_q_const__lochi@ 000000018001d150     frame.obj
 0002:000021c0       ??_C@_0IF@FKBGALIG@void?5?$CI?$CK?$CJ?$CITWidget?5?$CK?0lochist_entr@ 000000018001d1c0     frame.obj
 0002:00002250       ??_C@_0FA@DFBJAGBE@_p_f_p_TWidget_p_q_const__lochi@ 000000018001d250     frame.obj
 0002:000022a0       ??_C@_0GI@FMPBFLEM@custom_viewer_can_navigate_t?5?$CK?$HM@ 000000018001d2a0     frame.obj
 0002:00002308       ??_C@_0DH@JJEDBLDE@_p_f_p_TWidget_p_q_const__place@ 000000018001d308     frame.obj
 0002:00002340       ??_C@_0EP@PJDAMEBK@code_viewer_lines_click_t?5?$CK?$HMvoi@ 000000018001d340     frame.obj
 0002:00002390       ??_C@_0DE@PBNPHPNC@_p_f_p_TWidget_p_q_const__place@ 000000018001d390     frame.obj
 0002:000023d0       ??_C@_0EL@JKPIBDKO@code_viewer_lines_icon_t?5?$CK?$HMint?5@ 000000018001d3d0     frame.obj
 0002:00002420       ??_C@_0EB@FDCGDBJI@_p_f_p_TWidget_p_q_const__place@ 000000018001d420     frame.obj
 0002:00002470       ??_C@_0FN@GGLCMJJK@custom_viewer_get_place_xcoord_@ 000000018001d470     frame.obj
 0002:000024d0       ??_C@_0DO@KLDLOPHE@_p_f_p_TWidget_p_q_const__place@ 000000018001d4d0     frame.obj
 0002:00002510       ??_C@_0FI@GOMHMLF@code_viewer_lines_linenum_t?5?$CK?$HMb@ 000000018001d510     frame.obj
 0002:00002568       ??_C@_0BL@BMEJNHDD@_p_f_p_TWidget_p_void__int@ 000000018001d568     frame.obj
 0002:00002588       ??_C@_0DB@GMPMLKDG@custom_viewer_help_t?5?$CK?$HMint?5?$CI?$CK?$CJ?$CI@ 000000018001d588     frame.obj
 0002:000025c0       ??_C@_0BM@PAKPNBHH@_p_f_p_TWidget_p_void__void@ 000000018001d5c0     frame.obj
 0002:000025e0       ??_C@_0GE@BLLNJKNN@custom_viewer_popup_t?5?$CK?$HMcustom_@ 000000018001d5e0     frame.obj
 0002:00002648       ??_C@_0DM@PKHFKJJF@_p_f_p_chooser_multi_t_p_sizeve@ 000000018001d648     frame.obj
 0002:00002690       ??_C@_0FA@INGPHNGB@chooser_base_t?3?3cbres_t?5?$CI?$CK?$CJ?$CIcho@ 000000018001d690     frame.obj
 0002:000026e0       ??_C@_0CN@LJCPBILN@_p_f_p_chooser_t_ssize_t__choos@ 000000018001d6e0     frame.obj
 0002:00002710       ??_C@_0DL@IKAMODJA@chooser_t?3?3cbret_t?5?$CI?$CK?$CJ?$CIchooser_@ 000000018001d710     frame.obj
 0002:00002750       ??_C@_0EC@GIKOMIMG@_p_f_p_lochist_entry_t_r_q_cons@ 000000018001d750     frame.obj
 0002:000027a0       ??_C@_0FE@OJIOMBOE@bool?5?$CI?$CK?$CJ?$CIlochist_entry_t?5?$CK?0loch@ 000000018001d7a0     frame.obj
 0002:000027f8       ??_C@_0CC@HPECDOJE@_p_f_p_q_const__char_p_void__vo@ 000000018001d7f8     frame.obj
 0002:00002820       ??_C@_0DA@LKJNDOAC@void?5?$CI?$CK?$CJ?$CIchar?5const?5?$CK?0void?5?$CK?$CJ?$HMs@ 000000018001d820     frame.obj
 0002:00002850       ??_C@_0GC@HKCHLFJ@_p_f_p_q_const__char_r_q_const_@ 000000018001d850     frame.obj
 0002:000028c0       ??_C@_0GE@CDAMLIPA@h2ti_type_cb?5?$CK?$HMint?5?$CI?$CK?$CJ?$CIchar?5con@ 000000018001d8c0     frame.obj
 0002:00002928       ??_C@_0CB@PLKCNJF@_p_f_p_q_const__char_v_______in@ 000000018001d928     frame.obj
 0002:00002950       ??_C@_0CG@EHKOJEHN@int?5?$CI?$CK?$CJ?$CIchar?5const?5?$CK?0?4?4?4?$CJ?$HMprint@ 000000018001d950     frame.obj
 0002:00002978       ??_C@_0CB@PPFKEDBB@_p_f_p_void_int_va_list__ssize_@ 000000018001d978     frame.obj
 0002:000029a0       ??_C@_0CM@ODIKDJIA@ssize_t?5?$CI?$CK?$CJ?$CIvoid?5?$CK?0int?0va_list?$CJ@ 000000018001d9a0     frame.obj
 0002:000029d0       ??_C@_0CJ@KNMLBMOG@_p_f_r_q_const__insn_t_p_int_p_@ 000000018001d9d0     frame.obj
 0002:00002a00       ??_C@_0DI@CGFAFNOI@bool?5?$CI?$CK?$CJ?$CIinsn_t?5const?5?$CG?0int?5?$CK?0i@ 000000018001da00     frame.obj
 0002:00002a40       ??_C@_0FA@JJBGCIIH@_p_f_r_q_const__insn_t_r_q_cons@ 000000018001da40     frame.obj
 0002:00002a90       ??_C@_0FE@IBKJNBMI@bool?5?$CI?$CK?$CJ?$CIinsn_t?5const?5?$CG?0op_t?5co@ 000000018001da90     frame.obj
 0002:00002ae8       ??_C@_0BI@PGCOIKGG@_p_f_unsigned_int__bool@ 000000018001dae8     frame.obj
 0002:00002b00       ??_C@_0DN@OGOBIPP@bool?5?$CI?$CK?$CJ?$CIunsigned?5int?$CJ?$HMhas_dela@ 000000018001db00     frame.obj
 0002:00002b40       ??_C@_0DL@FFEHDPON@_p_f_unsigned_int_p_q_const__ch@ 000000018001db40     frame.obj
 0002:00002b80       ??_C@_0EK@MACPDLHN@int?5?$CI?$CK?$CJ?$CIunsigned?5int?0char?5const@ 000000018001db80     frame.obj
 0002:00002bd0       ??_C@_0BP@HNIFGGKH@_p_f_unsigned_int_p_void__bool@ 000000018001dbd0     frame.obj
 0002:00002bf0       ??_C@_0CI@PMEGIBIK@testf_t?5?$CK?$HMbool?5?$CI?$CK?$CJ?$CIunsigned?5int@ 000000018001dbf0     frame.obj
 0002:00002c18       ??_C@_0DB@CEAPILAH@_p_f_unsigned_int_r_q_const__ti@ 000000018001dc18     frame.obj
 0002:00002c50       ??_C@_0EH@MLDNCCKC@local_tinfo_predicate_t?5?$CK?$HMint?5?$CI@ 000000018001dc50     frame.obj
 0002:00002c98       ??_C@_0CN@BPIIPJKN@_p_f_unsigned_int_unsigned_int_@ 000000018001dc98     frame.obj
 0002:00002cc8       ??_C@_0DO@CKIBBIPB@unsigned?5int?5?$CI?$CK?$CJ?$CIunsigned?5int?0u@ 000000018001dcc8     frame.obj
 0002:00002d08       ??_C@_09LIGEMJOA@_p_func_t@ 000000018001dd08     frame.obj
 0002:00002d18       ??_C@_08IOOOCDNO@func_t?5?$CK@ 000000018001dd18     frame.obj
 0002:00002d28       ??_C@_09ENCHMALP@_p_insn_t@ 000000018001dd28     frame.obj
 0002:00002d38       ??_C@_08MKBBCPKC@insn_t?5?$CK@ 000000018001dd38     frame.obj
 0002:00002d44       ??_C@_06EJFLAOFF@_p_int@   000000018001dd44     frame.obj
 0002:00002d50       ??_C@_0IG@FDKJDHEK@adiff_t?5?$CK?$HMint?5?$CK?$HMint32?5?$CK?$HMsval_t?5@ 000000018001dd50     frame.obj
 0002:00002dd8       ??_C@_0M@CFMLOKJJ@_p_iterator@ 000000018001ddd8     frame.obj
 0002:00002de8       ??_C@_0L@IIMCJLIP@iterator?5?$CK@ 000000018001dde8     frame.obj
 0002:00002df8       ??_C@_0M@CFIHDIGG@_p_llabel_t@ 000000018001ddf8     frame.obj
 0002:00002e08       ??_C@_0L@HDDLNFEJ@llabel_t?5?$CK@ 000000018001de08     frame.obj
 0002:00002e18       ??_C@_0O@HDLJBJJF@_p_location_t@ 000000018001de18     frame.obj
 0002:00002e28       ??_C@_0N@ONMECIKA@location_t?5?$CK@ 000000018001de28     frame.obj
 0002:00002e38       ??_C@_0N@HIKGEFDH@_p_long_long@ 000000018001de38     frame.obj
 0002:00002e48       ??_C@_0BP@FECEFBLL@int64?5?$CK?$HMlonglong?5?$CK?$HMlong?5long?5?$CK@ 000000018001de48     frame.obj
 0002:00002e68       ??_C@_0M@FKNFHNNG@_p_member_t@ 000000018001de68     frame.obj
 0002:00002e78       ??_C@_0L@JBEILBLM@member_t?5?$CK@ 000000018001de78     frame.obj
 0002:00002e88       ??_C@_07FLIFDOIK@_p_op_t@  000000018001de88     frame.obj
 0002:00002e90       ??_C@_06BNHHPEFF@op_t?5?$CK@ 000000018001de90     frame.obj
 0002:00002e98       ??_C@_0M@CGCGHLOF@_p_opinfo_t@ 000000018001de98     frame.obj
 0002:00002ea8       ??_C@_0L@IMEAANEK@opinfo_t?5?$CK@ 000000018001dea8     frame.obj
 0002:00002eb8       ??_C@_0CJ@KBPLCHCN@_p_qvectorT__qstringT_unsigned_@ 000000018001deb8     frame.obj
 0002:00002ee8       ??_C@_0DF@GOALPBDM@qvector?$DM?5_qstring?$DM?5unsigned?5sho@ 000000018001dee8     frame.obj
 0002:00002f20       ??_C@_0BH@EHIHPDFP@_p_qvectorT_argloc_t_t@ 000000018001df20     frame.obj
 0002:00002f38       ??_C@_0CC@PMMGEEHP@qvector?$DM?5argloc_t?5?$DO?5?$CK?$HMarglocs_t@ 000000018001df38     frame.obj
 0002:00002f60       ??_C@_0BD@IFPOLGLB@_p_qvectorT_bool_t@ 000000018001df60     frame.obj
 0002:00002f78       ??_C@_0BO@JEOEHDBE@boolvec_t?5?$CK?$HMqvector?$DM?5bool?5?$DO?5?$CK@ 000000018001df78     frame.obj
 0002:00002f98       ??_C@_0BO@BMBALGLA@_p_qvectorT_channel_redir_t_t@ 000000018001df98     frame.obj
 0002:00002fb8       ??_C@_0DA@DFOFPPPA@qvector?$DM?5channel_redir_t?5?$DO?5?$CK?$HMch@ 000000018001dfb8     frame.obj
 0002:00002fe8       ??_C@_0CA@KLOIFAIM@_p_qvectorT_compiled_binpat_t_t@ 000000018001dfe8     frame.obj
 0002:00003008       ??_C@_0DH@JJMOBCIB@compiled_binpat_vec_t?5?$CK?$HMqvector@ 000000018001e008     frame.obj
 0002:00003040       ??_C@_0BI@HPPPANA@_p_qvectorT_funcarg_t_t@ 000000018001e040     frame.obj
 0002:00003058       ??_C@_0CG@BKJABKPP@funcargvec_t?5?$CK?$HMqvector?$DM?5funcarg@ 000000018001e058     frame.obj
 0002:00003080       ??_C@_0BC@EMAMHDDK@_p_qvectorT_int_t@ 000000018001e080     frame.obj
 0002:00003098       ??_C@_0CI@OEOLBAGE@svalvec_t?5?$CK?$HMintvec_t?5?$CK?$HMqvector?$DM@ 000000018001e098     frame.obj
 0002:000030c0       ??_C@_0BG@NGNJJEPD@_p_qvectorT_range_t_t@ 000000018001e0c0     frame.obj
 0002:000030d8       ??_C@_0CH@CMPFLCHN@rangevec_base_t?5?$CK?$HMqvector?$DM?5rang@ 000000018001e0d8     frame.obj
 0002:00003100       ??_C@_0O@CNCDMPHD@_p_rangevec_t@ 000000018001e100     frame.obj
 0002:00003110       ??_C@_0CB@DLEFICAI@_p_qvectorT_rangeset_t_const_p_@ 000000018001e110     frame.obj
 0002:00003138       ??_C@_0DF@CPGECBJE@rangeset_crefvec_t?5?$CK?$HMqvector?$DM?5r@ 000000018001e138     frame.obj
 0002:00003170       ??_C@_0BJ@CBEEABAG@_p_qvectorT_rangeset_t_t@ 000000018001e170     frame.obj
 0002:00003190       ??_C@_0CN@NEPIOIFG@qvector?$DM?5rangeset_t?5?$DO?5?$CK?$HMarray_o@ 000000018001e190     frame.obj
 0002:000031c0       ??_C@_0BN@HCIAELAH@_p_qvectorT_refinfo_desc_t_t@ 000000018001e1c0     frame.obj
 0002:000031e0       ??_C@_0DB@OEPGJFJL@refinfo_desc_vec_t?5?$CK?$HMqvector?$DM?5r@ 000000018001e1e0     frame.obj
 0002:00003218       ??_C@_0BK@JBDFAIAF@_p_qvectorT_simd_info_t_t@ 000000018001e218     frame.obj
 0002:00003238       ??_C@_0CL@IAEHADMA@simd_info_vec_t?5?$CK?$HMqvector?$DM?5simd@ 000000018001e238     frame.obj
 0002:00003268       ??_C@_0BL@JOHIOMBL@_p_qvectorT_simpleline_t_t@ 000000018001e268     frame.obj
 0002:00003288       ??_C@_0CF@LMLHENLN@strvec_t?5?$CK?$HMqvector?$DM?5simpleline_@ 000000018001e288     frame.obj
 0002:000032b0       ??_C@_0BF@JMFCGENF@_p_qvectorT_size_t_t@ 000000018001e2b0     frame.obj
 0002:000032c8       ??_C@_0CA@PKGFIBKP@sizevec_t?5?$CK?$HMqvector?$DM?5size_t?5?$DO?5?$CK@ 000000018001e2c8     frame.obj
 0002:000032e8       ??_C@_0BG@GHPDGOHO@_p_qvectorT_tinfo_t_t@ 000000018001e2e8     frame.obj
 0002:00003300       ??_C@_0CC@CEHAEEKI@tinfovec_t?5?$CK?$HMqvector?$DM?5tinfo_t?5?$DO@ 000000018001e300     frame.obj
 0002:00003328       ??_C@_0BK@KGMCEJE@_p_qvectorT_type_attr_t_t@ 000000018001e328     frame.obj
 0002:00003348       ??_C@_0CI@PENEDOEG@type_attrs_t?5?$CK?$HMqvector?$DM?5type_at@ 000000018001e348     frame.obj
 0002:00003370       ??_C@_0BL@MFAEBBAF@_p_qvectorT_udt_member_t_t@ 000000018001e370     frame.obj
 0002:00003390       ??_C@_0CL@HFANAPIM@udtmembervec_t?5?$CK?$HMqvector?$DM?5udt_m@ 000000018001e390     frame.obj
 0002:000033c0       ??_C@_0BM@DFOCNGNJ@_p_qvectorT_unsigned_char_t@ 000000018001e3c0     frame.obj
 0002:000033e0       ??_C@_0CH@MCODNJGI@qvector?$DM?5unsigned?5char?5?$DO?5?$CK?$HMcomp@ 000000018001e3e0     frame.obj
 0002:00003408       ??_C@_0M@BEMIELHM@_p_relobj_t@ 000000018001e408     frame.obj
 0002:00003418       ??_C@_0N@OAHCDFLH@_p_bytevec_t@ 000000018001e418     frame.obj
 0002:00003428       ??_C@_0BA@KOPDLMDG@_p_reloc_info_t@ 000000018001e428     frame.obj
 0002:00003438       ??_C@_0BL@POPMPLM@_p_qvectorT_unsigned_int_t@ 000000018001e438     frame.obj
 0002:00003458       ??_C@_0DL@HDEADPMO@eavec_t?5?$CK?$HMordvec_t?5?$CK?$HMuvalvec_t?5@ 000000018001e458     frame.obj
 0002:00003498       ??_C@_0BP@GGFGKHOI@_p_qvectorT_xreflist_entry_t_t@ 000000018001e498     frame.obj
 0002:000034b8       ??_C@_0CL@LHAAGJOK@qvector?$DM?5xreflist_entry_t?5?$DO?5?$CK?$HMx@ 000000018001e4b8     frame.obj
 0002:000034e8       ??_C@_0L@NOIPKKEL@_p_range_t@ 000000018001e4e8     frame.obj
 0002:000034f8       ??_C@_09HPKAOMNJ@range_t?5?$CK@ 000000018001e4f8     frame.obj
 0002:00003508       ??_C@_0M@OABLEJHF@_p_regvar_t@ 000000018001e508     frame.obj
 0002:00003518       ??_C@_0L@DFNGBAON@regvar_t?5?$CK@ 000000018001e518     frame.obj
 0002:00003528       ??_C@_08JGEHMJEC@_p_short@ 000000018001e528     frame.obj
 0002:00003538       ??_C@_0BA@BBDCPKKI@int16?5?$CK?$HMshort?5?$CK@ 000000018001e538     frame.obj
 0002:00003548       ??_C@_0P@IHEJCACJ@_p_signed_char@ 000000018001e548     frame.obj
 0002:00003558       ??_C@_0BG@CGJIOBCI@signed?5char?5?$CK?$HMsint8?5?$CK@ 000000018001e558     frame.obj
 0002:00003570       ??_C@_0M@PBLDCNOH@_p_stkpnt_t@ 000000018001e570     frame.obj
 0002:00003580       ??_C@_0L@DMHOEMJM@stkpnt_t?5?$CK@ 000000018001e580     frame.obj
 0002:00003590       ??_C@_0N@KLDAMBID@_p_stkpnts_t@ 000000018001e590     frame.obj
 0002:000035a0       ??_C@_0M@BJGJKLHA@stkpnts_t?5?$CK@ 000000018001e5a0     frame.obj
 0002:000035b0       ??_C@_0L@GMJMEAGC@_p_struc_t@ 000000018001e5b0     frame.obj
 0002:000035c0       ??_C@_09HLDJMKEH@struc_t?5?$CK@ 000000018001e5c0     frame.obj
 0002:000035d0       ??_C@_0BB@JEMKPEPB@_p_unsigned_char@ 000000018001e5d0     frame.obj
 0002:000035f0       ??_C@_0HI@NBHOBBOJ@uchar?5?$CK?$HMunsigned?5char?5?$CK?$HMcm_t?5?$CK?$HM@ 000000018001e5f0     frame.obj
 0002:00003668       ??_C@_0BA@EMEBBPFL@_p_unsigned_int@ 000000018001e668     frame.obj
 0002:00003680       ??_C@_0JE@GCFOGLMK@bgcolor_t?5?$CK?$HMenum_t?5?$CK?$HMtid_t?5?$CK?$HMbm@ 000000018001e680     frame.obj
 0002:00003718       ??_C@_0BG@CGEDOPGF@_p_unsigned_long_long@ 000000018001e718     frame.obj
 0002:00003730       ??_C@_0CK@FCLCDGJM@uint64?5?$CK?$HMulonglong?5?$CK?$HMunsigned?5l@ 000000018001e730     frame.obj
 0002:00003760       ??_C@_0BC@GCHEMBCE@_p_unsigned_short@ 000000018001e760     frame.obj
 0002:00003778       ??_C@_0CP@HNCAPCKA@uint16?5?$CK?$HMunsigned?5short?5?$CK?$HMushor@ 000000018001e778     frame.obj
 0002:000037a8       ??_C@_0O@KPNNNNNL@_p_value_type@ 000000018001e7a8     frame.obj
 0002:000037b8       ??_C@_0N@BPDHJAOG@value_type?5?$CK@ 000000018001e7b8     frame.obj
 0002:000037c8       ??_C@_0BE@OCEMOLNL@_p_xreflist_entry_t@ 000000018001e7c8     frame.obj
 0002:000037e0       ??_C@_0GF@MMHCLLEK@xreflist_entry_t?5?$CK?$HMqvector?$DM?5xre@ 000000018001e7e0     frame.obj
 0002:00003848       ??_C@_03BHDOPPEK@own@      000000018001e848     frame.obj
 0002:0000384c       ??_C@_06EFGGFDFD@disown@   000000018001e84c     frame.obj
 0002:00003858       ??_C@_0CC@CFIMIIPD@releases?5ownership?5of?5the?5point@ 000000018001e858     frame.obj
 0002:00003880       ??_C@_07MEFPPMEF@acquire@  000000018001e880     frame.obj
 0002:00003888       ??_C@_0CC@BAIBAPCI@acquires?5ownership?5of?5the?5point@ 000000018001e888     frame.obj
 0002:000038b0       ??_C@_0CG@GKPKGEFE@returns?1sets?5ownership?5of?5the?5p@ 000000018001e8b0     frame.obj
 0002:000038d8       ??_C@_06PCICMFGG@append@   000000018001e8d8     frame.obj
 0002:000038e0       ??_C@_0BO@NCOOMDHM@appends?5another?5?8this?8?5object@ 000000018001e8e0     frame.obj
 0002:00003900       ??_C@_04CJGEDOF@next@      000000018001e900     frame.obj
 0002:00003908       ??_C@_0BP@IMIAEPNG@returns?5the?5next?5?8this?8?5object@ 000000018001e908     frame.obj
 0002:00003928       ??_C@_08HJPCHLLJ@__repr__@ 000000018001e928     frame.obj
 0002:00003938       ??_C@_0BO@PNCCHPAD@returns?5object?5representation@ 000000018001e938     frame.obj
 0002:00003958       ??_C@_07HDHHMDOH@_p_char@  000000018001e958     frame.obj
 0002:00003960       ??_C@_0P@KFCLHEAH@new_xreflist_t@ 000000018001e960     frame.obj
 0002:00003970       ??_C@_0BF@IJHPBIAP@xreflist_t_push_back@ 000000018001e970     frame.obj
 0002:00003988       ??_C@_0O@EEALOKJB@xreflist_t_at@ 000000018001e988     frame.obj
 0002:00003998       ??_C@_0BC@BEMAIIGK@xreflist_t_resize@ 000000018001e998     frame.obj
 0002:000039b0       ??_C@_0BA@KBFLDNGG@xreflist_t_grow@ 000000018001e9b0     frame.obj
 0002:000039c0       ??_C@_0BD@KLNNAPOL@xreflist_t_reserve@ 000000018001e9c0     frame.obj
 0002:000039d8       ??_C@_0BA@EGDKEHNL@xreflist_t_swap@ 000000018001e9d8     frame.obj
 0002:000039e8       ??_C@_0BC@HMNGEBDJ@xreflist_t_inject@ 000000018001e9e8     frame.obj
 0002:00003a00       ??_C@_0BC@HOGJLDNN@xreflist_t___eq__@ 000000018001ea00     frame.obj
 0002:00003a18       ??_C@_0BC@NGMCECAE@xreflist_t___ne__@ 000000018001ea18     frame.obj
 0002:00003a30       ??_C@_0BB@OAPKFMN@xreflist_t_begin@ 000000018001ea30     frame.obj
 0002:00003a48       ??_C@_0P@BIAOLHGK@xreflist_t_end@ 000000018001ea48     frame.obj
 0002:00003a58       ??_C@_0BC@MMCHNIN@xreflist_t_insert@ 000000018001ea58     frame.obj
 0002:00003a70       ??_C@_0BB@BGOEHOFG@xreflist_t_erase@ 000000018001ea70     frame.obj
 0002:00003a88       ??_C@_0BA@HLAOOPON@xreflist_t_find@ 000000018001ea88     frame.obj
 0002:00003a98       ??_C@_0P@OELLKMBM@xreflist_t_has@ 000000018001ea98     frame.obj
 0002:00003aa8       ??_C@_0BG@KINGIFGM@xreflist_t_add_unique@ 000000018001eaa8     frame.obj
 0002:00003ac0       ??_C@_0BA@OBNJIICO@xreflist_t__del@ 000000018001eac0     frame.obj
 0002:00003ad0       ??_C@_0BH@EAIAGDEB@xreflist_t___getitem__@ 000000018001ead0     frame.obj
 0002:00003ae8       ??_C@_0BH@GOMFECND@xreflist_t___setitem__@ 000000018001eae8     frame.obj
 0002:00003b00       ??_C@_0L@ECIJPHDB@get_stkvar@ 000000018001eb00     frame.obj
 0002:000048e8       ??_C@_0BO@CMHFAAKD@?$CFS?6Additional?5information?3?6?$CFs@ 000000018001f8e8     frame.obj
 0002:00004906       ??_C@_00CNPNBAHC@@         000000018001f906     frame.obj
 0002:00004908       ??_C@_09HJOCAFJB@at?5least?5@ 000000018001f908     frame.obj
 0002:00004918       ??_C@_0CF@KFFOGCID@?$CFs?5expected?5?$CFs?$CFd?5arguments?0?5got@ 000000018001f918     frame.obj
 0002:00004940       ??_C@_0CL@NPJGKHAI@UnpackTuple?$CI?$CJ?5argument?5list?5is?5@ 000000018001f940     frame.obj
 0002:00004970       ??_C@_0CD@DMIOPJCG@?$CFs?5expected?5?$CFs?$CFd?5arguments?0?5got@ 000000018001f970     frame.obj
 0002:00004998       ??_C@_08KFLHMPAE@at?5most?5@ 000000018001f998     frame.obj
 0002:000049a8       ??_C@_07MEBHOIG@__new__@   000000018001f9a8     frame.obj
 0002:000049b0       ??_C@_0BB@LPCDDCDP@__swig_destroy__@ 000000018001f9b0     frame.obj
 0002:000049c8       ??_C@_07CIFAGBMG@unknown@  000000018001f9c8     frame.obj
 0002:000049d0       ??_C@_0CB@HIOLGNHE@?$DMSwig?5Object?5of?5type?5?8?$CFs?8?5at?5?$CFp@ 000000018001f9d0     frame.obj
 0002:000049f8       ??_C@_08BHKDPDAA@__name__@ 000000018001f9f8     frame.obj
 0002:00004a08       ??_C@_0N@OEDBPMFH@SwigPyObject@ 000000018001fa08     frame.obj
 0002:00004a20       ??_C@_0EH@KGGHIIII@swig?1python?5detected?5a?5memory?5l@ 000000018001fa20     frame.obj
 0002:00004a68       ??_C@_0CF@NBDOMJMA@Attempt?5to?5append?5a?5non?5SwigPyO@ 000000018001fa68     frame.obj
 0002:00004a90       ??_C@_0BG@BEMBDPAG@?$DMSwig?5Packed?5at?5?$CFs?$CFs?$DO@ 000000018001fa90     frame.obj
 0002:00004aa8       ??_C@_0BB@KEMDDLH@?$DMSwig?5Packed?5?$CFs?$DO@ 000000018001faa8     frame.obj
 0002:00004abc       ??_C@_04HDOCAJNK@?$CFs?$CFs@ 000000018001fabc     frame.obj
 0002:00004ac8       ??_C@_0N@FALDBJHP@SwigPyPacked@ 000000018001fac8     frame.obj
 0002:00004ad8       ??_C@_04IIAJELJL@this@     000000018001fad8     frame.obj
 0002:00004ae0       ??_C@_0L@GCGAIEDO@swig_ptr?3?5@ 000000018001fae0     frame.obj
 0002:00004af0       ??_C@_08IBFKALI@__dict__@  000000018001faf0     frame.obj
 0002:00004b00       ??_C@_08DOBMGDEN@swiginit@ 000000018001fb00     frame.obj
 0002:00004b10       ??_C@_0CO@FOLKHJOC@swig_runtime_data4?4type_pointer@ 000000018001fb10     frame.obj
 0002:00004b40       ??_C@_0BD@BFIMCAOH@swig_runtime_data4@ 000000018001fb40     frame.obj
 0002:00004b58       ??_C@_0BL@LFDLKGPB@type_pointer_capsuleidaapi@ 000000018001fb58     frame.obj
 0002:00004b80       ??_7exception@std@@6B@     000000018001fb80     frame.obj
 0002:00004b90       ??_C@_0BC@EOODALEL@Unknown?5exception@ 000000018001fb90     frame.obj
 0002:00004bb0       ??_7logic_error@std@@6B@   000000018001fbb0     frame.obj
 0002:00004bc8       ??_7out_of_range@std@@6B@  000000018001fbc8     frame.obj
 0002:00004bd8       ??_C@_0BK@NPFFDHAP@Out?5of?5memory?5?$CIbad_alloc?$CJ@ 000000018001fbd8     frame.obj
 0002:00004c00       ??_C@_0BCP@OKJACFO@Internal?5error?5?$CFd?5occurred?5when@ 000000018001fc00     frame.obj
 0002:00004d30       ??_C@_0DB@OCJMLGAO@Function?5can?5be?5called?5from?5the@ 000000018001fd30     frame.obj
 0002:00004d68       ??_C@_0BF@NPFMAGNK@out?5of?5bounds?5access@ 000000018001fd68     frame.obj
 0002:00004d80       ??_C@_04DGNNMPAD@?$CIOL?$CJ@ 000000018001fd80     frame.obj
 0002:00004d88       ??_C@_0BA@GMJLDMKP@surrogateescape@ 000000018001fd88     frame.obj
 0002:00004da0       ??_C@_0FF@OIGFAPOG@in?5method?5?8new_xreflist_t?8?0?5arg@ 000000018001fda0     frame.obj
 0002:00004e00       ??_C@_0GM@MDNDMNKB@invalid?5null?5reference?5in?5metho@ 000000018001fe00     frame.obj
 0002:00004e70       ??_C@_0OH@ILJJOLEA@Wrong?5number?5or?5type?5of?5argumen@ 000000018001fe70     frame.obj
 0002:00004f60       ??_C@_0FC@FHBKBMMP@in?5method?5?8delete_xreflist_t?8?0?5@ 000000018001ff60     frame.obj
 0002:00004fc0       ??_C@_0FF@NFDEJGHO@in?5method?5?8xreflist_t_push_back@ 000000018001ffc0     frame.obj
 0002:00005020       ??_C@_0FA@JJPBNFJL@in?5method?5?8xreflist_t_push_back@ 0000000180020020     frame.obj
 0002:00005070       ??_C@_0GH@PNPLFHIL@invalid?5null?5reference?5in?5metho@ 0000000180020070     frame.obj
 0002:000050e0       ??_C@_0OG@DGNIAHJM@Wrong?5number?5or?5type?5of?5argumen@ 00000001800200e0     frame.obj
 0002:000051d0       ??_C@_0FE@EKBPFGHF@in?5method?5?8xreflist_t_pop_back?8@ 00000001800201d0     frame.obj
[...]
 0004:00001be4       $pdata$_wrap_del_regvar$catch$2 0000000180032be4     frame.obj
 0004:00001bf0       $pdata$_wrap_del_regvar$catch$1 0000000180032bf0     frame.obj
 0004:00001bfc       $pdata$_wrap_del_regvar$catch$0 0000000180032bfc     frame.obj
 0004:00001c08       $pdata$_wrap_llabel_t_ea_set 0000000180032c08     frame.obj
 0004:00001c14       $pdata$0$_wrap_llabel_t_ea_set 0000000180032c14     frame.obj
 0004:00001c20       $pdata$1$_wrap_llabel_t_ea_set 0000000180032c20     frame.obj
 0004:00001c2c       $pdata$_wrap_llabel_t_ea_get 0000000180032c2c     frame.obj
 0004:00001c38       $pdata$0$_wrap_llabel_t_ea_get 0000000180032c38     frame.obj
 0004:00001c44       $pdata$1$_wrap_llabel_t_ea_get 0000000180032c44     frame.obj
 0004:00001c50       $pdata$_wrap_llabel_t_name_set 0000000180032c50     frame.obj
 0004:00001c5c       $pdata$_wrap_llabel_t_name_get 0000000180032c5c     frame.obj
 0004:00001c68       $pdata$0$_wrap_llabel_t_name_get 0000000180032c68     frame.obj
 0004:00001c74       $pdata$1$_wrap_llabel_t_name_get 0000000180032c74     frame.obj
 0004:00001c80       $pdata$_wrap_new_llabel_t  0000000180032c80     frame.obj
 0004:00001c8c       $pdata$_wrap_new_llabel_t$catch$0 0000000180032c8c     frame.obj
 0004:00001c98       $pdata$_wrap_new_llabel_t$catch$1 0000000180032c98     frame.obj
 0004:00001ca4       $pdata$_wrap_new_llabel_t$catch$2 0000000180032ca4     frame.obj
 0004:00001cb0       $pdata$_wrap_new_llabel_t$catch$3 0000000180032cb0     frame.obj
 0004:00001cbc       $pdata$_wrap_new_llabel_t$catch$4 0000000180032cbc     frame.obj
 0004:00001cc8       $pdata$_wrap_new_llabel_t$catch$5 0000000180032cc8     frame.obj
 0004:00001cd4       $pdata$_wrap_delete_llabel_t 0000000180032cd4     frame.obj
 0004:00001ce0       $pdata$_wrap_delete_llabel_t$catch$5 0000000180032ce0     frame.obj
 0004:00001cec       $pdata$_wrap_delete_llabel_t$catch$4 0000000180032cec     frame.obj
 0004:00001cf8       $pdata$_wrap_delete_llabel_t$catch$3 0000000180032cf8     frame.obj
 0004:00001d04       $pdata$_wrap_delete_llabel_t$catch$2 0000000180032d04     frame.obj
 0004:00001d10       $pdata$_wrap_delete_llabel_t$catch$1 0000000180032d10     frame.obj
 0004:00001d1c       $pdata$_wrap_delete_llabel_t$catch$0 0000000180032d1c     frame.obj
 0004:00001d28       $pdata$llabel_t_swigregister 0000000180032d28     frame.obj
 0004:00001d34       $pdata$_wrap_add_auto_stkpnt 0000000180032d34     frame.obj
 0004:00001d40       $pdata$_wrap_add_auto_stkpnt$catch$5 0000000180032d40     frame.obj
 0004:00001d4c       $pdata$_wrap_add_auto_stkpnt$catch$4 0000000180032d4c     frame.obj
 0004:00001d58       $pdata$_wrap_add_auto_stkpnt$catch$3 0000000180032d58     frame.obj
 0004:00001d64       $pdata$_wrap_add_auto_stkpnt$catch$2 0000000180032d64     frame.obj
 0004:00001d70       $pdata$_wrap_add_auto_stkpnt$catch$1 0000000180032d70     frame.obj
 0004:00001d7c       $pdata$_wrap_add_auto_stkpnt$catch$0 0000000180032d7c     frame.obj
 0004:00001d88       $pdata$_wrap_add_user_stkpnt 0000000180032d88     frame.obj
 0004:00001d94       $pdata$_wrap_add_user_stkpnt$catch$5 0000000180032d94     frame.obj
 0004:00001da0       $pdata$_wrap_add_user_stkpnt$catch$4 0000000180032da0     frame.obj
 0004:00001dac       $pdata$_wrap_add_user_stkpnt$catch$3 0000000180032dac     frame.obj
 0004:00001db8       $pdata$_wrap_add_user_stkpnt$catch$2 0000000180032db8     frame.obj
 0004:00001dc4       $pdata$_wrap_add_user_stkpnt$catch$1 0000000180032dc4     frame.obj
 0004:00001dd0       $pdata$_wrap_add_user_stkpnt$catch$0 0000000180032dd0     frame.obj
 0004:00001ddc       $pdata$_wrap_del_stkpnt    0000000180032ddc     frame.obj
 0004:00001de8       $pdata$_wrap_del_stkpnt$catch$5 0000000180032de8     frame.obj
 0004:00001df4       $pdata$_wrap_del_stkpnt$catch$4 0000000180032df4     frame.obj
 0004:00001e00       $pdata$_wrap_del_stkpnt$catch$3 0000000180032e00     frame.obj
 0004:00001e0c       $pdata$_wrap_del_stkpnt$catch$2 0000000180032e0c     frame.obj
 0004:00001e18       $pdata$_wrap_del_stkpnt$catch$1 0000000180032e18     frame.obj
 0004:00001e24       $pdata$_wrap_del_stkpnt$catch$0 0000000180032e24     frame.obj
 0004:00001e30       $pdata$_wrap_get_spd       0000000180032e30     frame.obj
 0004:00001e3c       $pdata$_wrap_get_spd$catch$5 0000000180032e3c     frame.obj
 0004:00001e48       $pdata$_wrap_get_spd$catch$4 0000000180032e48     frame.obj
 0004:00001e54       $pdata$_wrap_get_spd$catch$3 0000000180032e54     frame.obj
 0004:00001e60       $pdata$_wrap_get_spd$catch$2 0000000180032e60     frame.obj
 0004:00001e6c       $pdata$_wrap_get_spd$catch$1 0000000180032e6c     frame.obj
 0004:00001e78       $pdata$_wrap_get_spd$catch$0 0000000180032e78     frame.obj
 0004:00001e84       $pdata$_wrap_get_effective_spd 0000000180032e84     frame.obj
 0004:00001e90       $pdata$_wrap_get_effective_spd$catch$5 0000000180032e90     frame.obj
 0004:00001e9c       $pdata$_wrap_get_effective_spd$catch$4 0000000180032e9c     frame.obj
 0004:00001ea8       $pdata$_wrap_get_effective_spd$catch$3 0000000180032ea8     frame.obj
 0004:00001eb4       $pdata$_wrap_get_effective_spd$catch$2 0000000180032eb4     frame.obj
 0004:00001ec0       $pdata$_wrap_get_effective_spd$catch$1 0000000180032ec0     frame.obj
 0004:00001ecc       $pdata$_wrap_get_effective_spd$catch$0 0000000180032ecc     frame.obj
 0004:00001ed8       $pdata$_wrap_get_sp_delta  0000000180032ed8     frame.obj
 0004:00001ee4       $pdata$_wrap_get_sp_delta$catch$5 0000000180032ee4     frame.obj
 0004:00001ef0       $pdata$_wrap_get_sp_delta$catch$4 0000000180032ef0     frame.obj
 0004:00001efc       $pdata$_wrap_get_sp_delta$catch$3 0000000180032efc     frame.obj
 0004:00001f08       $pdata$_wrap_get_sp_delta$catch$2 0000000180032f08     frame.obj
 0004:00001f14       $pdata$_wrap_get_sp_delta$catch$1 0000000180032f14     frame.obj
 0004:00001f20       $pdata$_wrap_get_sp_delta$catch$0 0000000180032f20     frame.obj
 0004:00001f2c       $pdata$_wrap_recalc_spd    0000000180032f2c     frame.obj
 0004:00001f38       $pdata$_wrap_recalc_spd$catch$5 0000000180032f38     frame.obj
 0004:00001f44       $pdata$_wrap_recalc_spd$catch$4 0000000180032f44     frame.obj
 0004:00001f50       $pdata$_wrap_recalc_spd$catch$3 0000000180032f50     frame.obj
 0004:00001f5c       $pdata$_wrap_recalc_spd$catch$2 0000000180032f5c     frame.obj
 0004:00001f68       $pdata$_wrap_recalc_spd$catch$1 0000000180032f68     frame.obj
 0004:00001f74       $pdata$_wrap_recalc_spd$catch$0 0000000180032f74     frame.obj
 0004:00001f80       $pdata$_wrap_xreflist_entry_t_ea_set 0000000180032f80     frame.obj
 0004:00001f8c       $pdata$0$_wrap_xreflist_entry_t_ea_set 0000000180032f8c     frame.obj
 0004:00001f98       $pdata$1$_wrap_xreflist_entry_t_ea_set 0000000180032f98     frame.obj
 0004:00001fa4       $pdata$_wrap_xreflist_entry_t_ea_get 0000000180032fa4     frame.obj
 0004:00001fb0       $pdata$0$_wrap_xreflist_entry_t_ea_get 0000000180032fb0     frame.obj
 0004:00001fbc       $pdata$1$_wrap_xreflist_entry_t_ea_get 0000000180032fbc     frame.obj
 0004:00001fc8       $pdata$_wrap_xreflist_entry_t_opnum_set 0000000180032fc8     frame.obj
 0004:00001fd4       $pdata$0$_wrap_xreflist_entry_t_opnum_set 0000000180032fd4     frame.obj
 0004:00001fe0       $pdata$1$_wrap_xreflist_entry_t_opnum_set 0000000180032fe0     frame.obj
 0004:00001fec       $pdata$_wrap_xreflist_entry_t_opnum_get 0000000180032fec     frame.obj
 0004:00001ff8       $pdata$0$_wrap_xreflist_entry_t_opnum_get 0000000180032ff8     frame.obj
 0004:00002004       $pdata$1$_wrap_xreflist_entry_t_opnum_get 0000000180033004     frame.obj
 0004:00002010       $pdata$_wrap_xreflist_entry_t_type_set 0000000180033010     frame.obj
 0004:0000201c       $pdata$0$_wrap_xreflist_entry_t_type_set 000000018003301c     frame.obj
 0004:00002028       $pdata$1$_wrap_xreflist_entry_t_type_set 0000000180033028     frame.obj
 0004:00002034       $pdata$_wrap_xreflist_entry_t_type_get 0000000180033034     frame.obj
 0004:00002040       $pdata$0$_wrap_xreflist_entry_t_type_get 0000000180033040     frame.obj
 0004:0000204c       $pdata$1$_wrap_xreflist_entry_t_type_get 000000018003304c     frame.obj
 0004:00002058       $pdata$_wrap_xreflist_entry_t___eq__ 0000000180033058     frame.obj
 0004:00002064       $pdata$_wrap_xreflist_entry_t___eq__$catch$5 0000000180033064     frame.obj
 0004:00002070       $pdata$_wrap_xreflist_entry_t___eq__$catch$4 0000000180033070     frame.obj
 0004:0000207c       $pdata$_wrap_xreflist_entry_t___eq__$catch$3 000000018003307c     frame.obj
 0004:00002088       $pdata$_wrap_xreflist_entry_t___eq__$catch$2 0000000180033088     frame.obj
 0004:00002094       $pdata$_wrap_xreflist_entry_t___eq__$catch$1 0000000180033094     frame.obj
 0004:000020a0       $pdata$_wrap_xreflist_entry_t___eq__$catch$0 00000001800330a0     frame.obj
 0004:000020ac       $pdata$_wrap_xreflist_entry_t___ne__ 00000001800330ac     frame.obj
 0004:000020b8       $pdata$_wrap_xreflist_entry_t___ne__$catch$5 00000001800330b8     frame.obj
 0004:000020c4       $pdata$_wrap_xreflist_entry_t___ne__$catch$4 00000001800330c4     frame.obj
 0004:000020d0       $pdata$_wrap_xreflist_entry_t___ne__$catch$3 00000001800330d0     frame.obj
 0004:000020dc       $pdata$_wrap_xreflist_entry_t___ne__$catch$2 00000001800330dc     frame.obj
 0004:000020e8       $pdata$_wrap_xreflist_entry_t___ne__$catch$1 00000001800330e8     frame.obj
 0004:000020f4       $pdata$_wrap_xreflist_entry_t___ne__$catch$0 00000001800330f4     frame.obj
 0004:00002100       $pdata$_wrap_new_xreflist_entry_t 0000000180033100     frame.obj
 0004:0000210c       $pdata$_wrap_new_xreflist_entry_t$catch$0 000000018003310c     frame.obj
 0004:00002118       $pdata$_wrap_new_xreflist_entry_t$catch$1 0000000180033118     frame.obj
 0004:00002124       $pdata$_wrap_new_xreflist_entry_t$catch$2 0000000180033124     frame.obj
 0004:00002130       $pdata$_wrap_new_xreflist_entry_t$catch$3 0000000180033130     frame.obj
 0004:0000213c       $pdata$_wrap_new_xreflist_entry_t$catch$4 000000018003313c     frame.obj
 0004:00002148       $pdata$_wrap_new_xreflist_entry_t$catch$5 0000000180033148     frame.obj
 0004:00002154       $pdata$_wrap_delete_xreflist_entry_t 0000000180033154     frame.obj
 0004:00002160       $pdata$_wrap_delete_xreflist_entry_t$catch$5 0000000180033160     frame.obj
 0004:0000216c       $pdata$_wrap_delete_xreflist_entry_t$catch$4 000000018003316c     frame.obj
 0004:00002178       $pdata$_wrap_delete_xreflist_entry_t$catch$3 0000000180033178     frame.obj
 0004:00002184       $pdata$_wrap_delete_xreflist_entry_t$catch$2 0000000180033184     frame.obj
 0004:00002190       $pdata$_wrap_delete_xreflist_entry_t$catch$1 0000000180033190     frame.obj
 0004:0000219c       $pdata$_wrap_delete_xreflist_entry_t$catch$0 000000018003319c     frame.obj
 0004:000021a8       $pdata$xreflist_entry_t_swigregister 00000001800331a8     frame.obj
 0004:000021b4       $pdata$_wrap_build_stkvar_xrefs 00000001800331b4     frame.obj
 0004:000021c0       $pdata$_wrap_build_stkvar_xrefs$catch$5 00000001800331c0     frame.obj
 0004:000021cc       $pdata$_wrap_build_stkvar_xrefs$catch$4 00000001800331cc     frame.obj
 0004:000021d8       $pdata$_wrap_build_stkvar_xrefs$catch$3 00000001800331d8     frame.obj
 0004:000021e4       $pdata$_wrap_build_stkvar_xrefs$catch$2 00000001800331e4     frame.obj
 0004:000021f0       $pdata$_wrap_build_stkvar_xrefs$catch$1 00000001800331f0     frame.obj
 0004:000021fc       $pdata$_wrap_build_stkvar_xrefs$catch$0 00000001800331fc     frame.obj
 0004:00002208       $pdata$_wrap_get_min_spd_ea 0000000180033208     frame.obj
 0004:00002214       $pdata$_wrap_get_min_spd_ea$catch$5 0000000180033214     frame.obj
 0004:00002220       $pdata$_wrap_get_min_spd_ea$catch$4 0000000180033220     frame.obj
 0004:0000222c       $pdata$_wrap_get_min_spd_ea$catch$3 000000018003322c     frame.obj
 0004:00002238       $pdata$_wrap_get_min_spd_ea$catch$2 0000000180033238     frame.obj
 0004:00002244       $pdata$_wrap_get_min_spd_ea$catch$1 0000000180033244     frame.obj
 0004:00002250       $pdata$_wrap_get_min_spd_ea$catch$0 0000000180033250     frame.obj
 0004:0000225c       $pdata$_wrap_delete_unreferenced_stkvars 000000018003325c     frame.obj
 0004:00002268       $pdata$_wrap_delete_unreferenced_stkvars$catch$5 0000000180033268     frame.obj
 0004:00002274       $pdata$_wrap_delete_unreferenced_stkvars$catch$4 0000000180033274     frame.obj
 0004:00002280       $pdata$_wrap_delete_unreferenced_stkvars$catch$3 0000000180033280     frame.obj
 0004:0000228c       $pdata$_wrap_delete_unreferenced_stkvars$catch$2 000000018003328c     frame.obj
 0004:00002298       $pdata$_wrap_delete_unreferenced_stkvars$catch$1 0000000180033298     frame.obj
 0004:000022a4       $pdata$_wrap_delete_unreferenced_stkvars$catch$0 00000001800332a4     frame.obj
 0004:000022b0       $pdata$_wrap_delete_wrong_stkvar_ops 00000001800332b0     frame.obj
 0004:000022bc       $pdata$_wrap_delete_wrong_stkvar_ops$catch$5 00000001800332bc     frame.obj
 0004:000022c8       $pdata$_wrap_delete_wrong_stkvar_ops$catch$4 00000001800332c8     frame.obj
 0004:000022d4       $pdata$_wrap_delete_wrong_stkvar_ops$catch$3 00000001800332d4     frame.obj
 0004:000022e0       $pdata$_wrap_delete_wrong_stkvar_ops$catch$2 00000001800332e0     frame.obj
 0004:000022ec       $pdata$_wrap_delete_wrong_stkvar_ops$catch$1 00000001800332ec     frame.obj
 0004:000022f8       $pdata$_wrap_delete_wrong_stkvar_ops$catch$0 00000001800332f8     frame.obj
 0004:00002304       $pdata$SWIG_InitializeModule 0000000180033304     frame.obj
 0004:00002310       $pdata$1$SWIG_InitializeModule 0000000180033310     frame.obj
 0004:0000231c       $pdata$4$SWIG_InitializeModule 000000018003331c     frame.obj
 0004:00002328       $pdata$5$SWIG_InitializeModule 0000000180033328     frame.obj
 0004:00002334       $pdata$6$SWIG_InitializeModule 0000000180033334     frame.obj
 0004:00002340       $pdata$SWIG_Python_FixMethods 0000000180033340     frame.obj
 0004:0000234c       $pdata$4$SWIG_Python_FixMethods 000000018003334c     frame.obj
 0004:00002358       $pdata$5$SWIG_Python_FixMethods 0000000180033358     frame.obj
 0004:00002364       $pdata$PyInit__ida_frame   0000000180033364     frame.obj
 0004:00002370       $pdata$1$PyInit__ida_frame 0000000180033370     frame.obj
 0004:0000237c       $pdata$2$PyInit__ida_frame 000000018003337c     frame.obj
 0004:00002388       $pdata$3$PyInit__ida_frame 0000000180033388     frame.obj
 0004:00002394       $pdata$4$PyInit__ida_frame 0000000180033394     frame.obj
 0004:000023a0       $pdata$??2@YAPEAX_K@Z      00000001800333a0     MSVCRT:new_scalar.obj
 0004:000023ac       $pdata$_Init_thread_header 00000001800333ac     MSVCRT:thread_safe_statics.obj
 0004:000023b8       $pdata$_Init_thread_footer 00000001800333b8     MSVCRT:thread_safe_statics.obj
 0004:000023c4       $pdata$_Init_thread_wait   00000001800333c4     MSVCRT:thread_safe_statics.obj
 0004:000023d0       $pdata$_Init_thread_notify 00000001800333d0     MSVCRT:thread_safe_statics.obj
 0004:000023dc       $pdata$?__scrt_uninitialize_thread_safe_statics@@YAXXZ 00000001800333dc     MSVCRT:thread_safe_statics.obj
 0004:000023e8       $pdata$?__scrt_initialize_thread_safe_statics@@YAHXZ 00000001800333e8     MSVCRT:thread_safe_statics.obj
 0004:000023f4       $pdata$__GSHandlerCheckCommon 00000001800333f4     MSVCRT:gshandler.obj
 0004:00002400       $pdata$__GSHandlerCheck    0000000180033400     MSVCRT:gshandler.obj
 0004:0000240c       $pdata$__GSHandlerCheck_EH 000000018003340c     MSVCRT:gshandlereh.obj
 0004:00002424       $pdata$??_Gtype_info@@UEAAPEAXI@Z 0000000180033424     MSVCRT:std_type_info_static.obj
 0004:00002430       $pdata$?dllmain_crt_process_attach@@YAHQEAUHINSTANCE__@@QEAX@Z 0000000180033430     MSVCRT:dll_dllmain.obj
 0004:0000243c       $pdata$?fin$0@?0??dllmain_crt_process_attach@@YAHQEAUHINSTANCE__@@QEAX@Z@4HA 000000018003343c     MSVCRT:dll_dllmain.obj
 0004:00002448       $pdata$?dllmain_crt_process_detach@@YAH_N@Z 0000000180033448     MSVCRT:dll_dllmain.obj
 0004:00002454       $pdata$?fin$0@?0??dllmain_crt_process_detach@@YAH_N@Z@4HA 0000000180033454     MSVCRT:dll_dllmain.obj
 0004:00002460       $pdata$?dllmain_crt_dispatch@@YAHQEAUHINSTANCE__@@KQEAX@Z 0000000180033460     MSVCRT:dll_dllmain.obj
 0004:0000246c       $pdata$?dllmain_dispatch@@YAHQEAUHINSTANCE__@@KQEAX@Z 000000018003346c     MSVCRT:dll_dllmain.obj
 0004:00002478       $pdata$?filt$0@?0??dllmain_dispatch@@YAHQEAUHINSTANCE__@@KQEAX@Z@4HA 0000000180033478     MSVCRT:dll_dllmain.obj
 0004:00002484       $pdata$_DllMainCRTStartup  0000000180033484     MSVCRT:dll_dllmain.obj
 0004:00002490       $pdata$??0bad_alloc@std@@QEAA@AEBV01@@Z 0000000180033490     MSVCRT:throw_bad_alloc.obj
 0004:0000249c       $pdata$??0bad_array_new_length@std@@QEAA@AEBV01@@Z 000000018003349c     MSVCRT:throw_bad_alloc.obj
 0004:000024a8       $pdata$?__scrt_throw_std_bad_alloc@@YAXXZ 00000001800334a8     MSVCRT:throw_bad_alloc.obj
 0004:000024b4       $pdata$?__scrt_throw_std_bad_array_new_length@@YAXXZ 00000001800334b4     MSVCRT:throw_bad_alloc.obj
 0004:000024c0       $pdata$atexit              00000001800334c0     MSVCRT:utility.obj
 0004:000024cc       $pdata$_onexit             00000001800334cc     MSVCRT:utility.obj
 0004:000024d8       $pdata$__scrt_is_nonwritable_in_current_image 00000001800334d8     MSVCRT:utility.obj
 0004:000024e4       $pdata$__scrt_is_nonwritable_in_current_image$filt$0 00000001800334e4     MSVCRT:utility.obj
 0004:000024f0       $pdata$__scrt_acquire_startup_lock 00000001800334f0     MSVCRT:utility.obj
 0004:000024fc       $pdata$__scrt_release_startup_lock 00000001800334fc     MSVCRT:utility.obj
 0004:00002508       $pdata$__scrt_initialize_crt 0000000180033508     MSVCRT:utility.obj
 0004:00002514       $pdata$__scrt_uninitialize_crt 0000000180033514     MSVCRT:utility.obj
 0004:00002520       $pdata$__scrt_initialize_onexit_tables 0000000180033520     MSVCRT:utility.obj
 0004:0000252c       $pdata$__scrt_dllmain_exception_filter 000000018003352c     MSVCRT:utility.obj
 0004:00002538       $pdata$__scrt_dllmain_before_initialize_c 0000000180033538     MSVCRT:utility.obj
 0004:00002544       $pdata$__scrt_dllmain_after_initialize_c 0000000180033544     MSVCRT:utility.obj
 0004:00002550       $pdata$__scrt_dllmain_uninitialize_c 0000000180033550     MSVCRT:utility.obj
 0004:0000255c       $pdata$__scrt_dllmain_uninitialize_critical 000000018003355c     MSVCRT:utility.obj
 0004:00002568       $pdata$__scrt_dllmain_crt_thread_attach 0000000180033568     MSVCRT:utility.obj
 0004:00002574       $pdata$__scrt_dllmain_crt_thread_detach 0000000180033574     MSVCRT:utility.obj
 0004:00002580       $pdata$__scrt_fastfail     0000000180033580     MSVCRT:utility_desktop.obj
 0004:0000258c       $pdata$__report_gsfailure  000000018003358c     MSVCRT:gs_report.obj
 0004:00002598       $pdata$capture_previous_context 0000000180033598     MSVCRT:gs_report.obj
 0004:000025a4       $pdata$__raise_securityfailure 00000001800335a4     MSVCRT:gs_report.obj
 0004:000025b0       $pdata$__security_init_cookie 00000001800335b0     MSVCRT:gs_support.obj
 0004:000025bc       $pdata$DllMain             00000001800335bc     MSVCRT:dll_dllmain_stub.obj
 0004:000025c8       $pdata$__scrt_initialize_default_local_stdio_options 00000001800335c8     MSVCRT:default_local_stdio_options.obj
 0004:000025d4       $pdata$_RTC_Initialize     00000001800335d4     MSVCRT:initsect.obj
 0004:000025e0       $pdata$_RTC_Terminate      00000001800335e0     MSVCRT:initsect.obj
 0004:000025ec       $pdata$__isa_available_init 00000001800335ec     MSVCRT:cpu_disp.obj
