 _ida_name

 Timestamp is 5e3da0a5 (Fri Feb  7 17:38:45 2020)

 Preferred load address is 0000000180000000

 Start         Length     Name                   Class
 0001:00000000 00010a30H .text$mn                CODE
 0001:00010a30 00000020H .text$mn$00             CODE
 0001:00010a50 00006d53H .text$x                 CODE
 0002:00000000 00000650H .idata$5                DATA
 0002:00000650 00000010H .00cfg                  DATA
 0002:00000660 00000008H .CRT$XCA                DATA
 0002:00000668 00000008H .CRT$XCZ                DATA
 0002:00000670 00000008H .CRT$XIA                DATA
 0002:00000678 00000008H .CRT$XIC                DATA
 0002:00000680 00000008H .CRT$XIZ                DATA
 0002:00000688 00000008H .CRT$XLA                DATA
 0002:00000690 00000008H .CRT$XLZ                DATA
 0002:00000698 00000008H .CRT$XPA                DATA
 0002:000006a0 00000008H .CRT$XPZ                DATA
 0002:000006a8 00000008H .CRT$XTA                DATA
 0002:000006b0 00000010H .CRT$XTZ                DATA
 0002:000006b8 00000000H .gfids$y                DATA
 0002:000006c0 000083d0H .rdata                  DATA
 0002:00008a90 00000028H .rdata$T                DATA
 0002:00008ab8 000002fcH .rdata$r                DATA
 0002:00008db4 00000314H .rdata$zzzdbg           DATA
 0002:000090c8 00000008H .rtc$IAA                DATA
 0002:000090d0 00000008H .rtc$IZZ                DATA
 0002:000090d8 00000008H .rtc$TAA                DATA
 0002:000090e0 00000008H .rtc$TZZ                DATA
 0002:000090e8 00000004H .tls                    DATA
 0002:000090ec 00000004H .tls$                   DATA
 0002:000090f0 00000008H .tls$ZZZ                DATA
 0002:000090f8 00005688H .xdata                  DATA
 0002:0000e780 00000180H .xdata$x                DATA
 0002:0000e900 00000054H .edata                  DATA
 0002:0000e954 000000b4H .idata$2                DATA
 0002:0000ea08 00000018H .idata$3                DATA
 0002:0000ea20 00000650H .idata$4                DATA
 0002:0000f070 00000f92H .idata$6                DATA
 0003:00000000 000030a8H .data                   DATA
 0003:000030a8 00000148H .data$r                 DATA
 0003:000031f0 00000928H .bss                    DATA
 0004:00000000 00002610H .pdata                  DATA

  Address         Publics by Value              Rva+Base               Lib:Object

 0000:00000000       __guard_iat_table          0000000000000000     <absolute>
 0000:00000000       ___safe_se_handler_count   0000000000000000     <absolute>
 0000:00000000       __guard_longjmp_table      0000000000000000     <absolute>
 0000:00000000       __guard_longjmp_count      0000000000000000     <absolute>
 0000:00000000       __enclave_config           0000000000000000     <absolute>
 0000:00000000       __dynamic_value_reloc_table 0000000000000000     <absolute>
 0000:00000000       __guard_iat_count          0000000000000000     <absolute>
 0000:00000000       __volatile_metadata        0000000000000000     <absolute>
 0000:00000000       __guard_fids_count         0000000000000000     <absolute>
 0000:00000000       ___safe_se_handler_table   0000000000000000     <absolute>
 0000:00000000       __hybrid_code_map_count    0000000000000000     <absolute>
 0000:00000000       __guard_fids_table         0000000000000000     <absolute>
 0000:00000000       __hybrid_code_map          0000000000000000     <absolute>
 0000:00000000       __hybrid_auxiliary_iat     0000000000000000     <absolute>
 0000:00000100       __guard_flags              0000000000000100     <absolute>
 0000:00000000       __ImageBase                0000000180000000     <linker-defined>
 0001:0000ab80       ??0?$_qstring@D@@QEAA@AEBV0@@Z 000000018000bb80 f i name.obj
 0001:0000abf0       ??0?$_qstring@D@@QEAA@PEBD_K@Z 000000018000bbf0 f i name.obj
 0001:0000ac80       ??0exception@std@@QEAA@AEBV01@@Z 000000018000bc80 f i name.obj
 0001:0000acc0       ??0logic_error@std@@QEAA@AEBV01@@Z 000000018000bcc0 f i name.obj
 0001:0000ad00       ??0out_of_range@std@@QEAA@AEBV01@@Z 000000018000bd00 f i name.obj
 0001:0000ad40       ??0out_of_range@std@@QEAA@PEBD@Z 000000018000bd40 f i name.obj
 0001:0000ad90       ??1?$SwigValueWrapper@V?$_qstring@D@@@@QEAA@XZ 000000018000bd90 f i name.obj
 0001:0000adc0       ??1?$qvector@I@@QEAA@XZ    000000018000bdc0 f i name.obj
 0001:0000adc0       ??1?$_qstring@D@@QEAA@XZ   000000018000bdc0 f i name.obj
 0001:0000add0       ??1?$qvector@Uea_name_t@@@@QEAA@XZ 000000018000bdd0 f i name.obj
 0001:0000ade0       ??1ea_name_t@@QEAA@XZ      000000018000bde0 f i name.obj
 0001:0000adf0       ??1out_of_range@std@@UEAA@XZ 000000018000bdf0 f i name.obj
 0001:0000adf0       ??1bad_array_new_length@std@@UEAA@XZ 000000018000bdf0 f i MSVCRT:throw_bad_alloc.obj
 0001:0000adf0       ??1bad_alloc@std@@UEAA@XZ  000000018000bdf0 f i MSVCRT:throw_bad_alloc.obj
 0001:0000ae10       ??4?$SwigValueWrapper@V?$_qstring@D@@@@QEAAAEAV0@AEBV?$_qstring@D@@@Z 000000018000be10 f i name.obj
 0001:0000ae90       ??4?$_qstring@D@@QEAAAEAV0@AEBV0@@Z 000000018000be90 f i name.obj
 0001:0000af10       ??_Eout_of_range@std@@UEAAPEAXI@Z 000000018000bf10 f i name.obj
 0001:0000af10       ??_Gbad_array_new_length@std@@UEAAPEAXI@Z 000000018000bf10 f i MSVCRT:throw_bad_alloc.obj
 0001:0000af10       ??_Ebad_alloc@std@@UEAAPEAXI@Z 000000018000bf10 f i MSVCRT:throw_bad_alloc.obj
 0001:0000af10       ??_Gout_of_range@std@@UEAAPEAXI@Z 000000018000bf10 f i name.obj
 0001:0000af10       ??_Elogic_error@std@@UEAAPEAXI@Z 000000018000bf10 f i name.obj
 0001:0000af10       ??_Gbad_alloc@std@@UEAAPEAXI@Z 000000018000bf10 f i MSVCRT:throw_bad_alloc.obj
 0001:0000af10       ??_Eexception@std@@UEAAPEAXI@Z 000000018000bf10 f i name.obj
 0001:0000af10       ??_Glogic_error@std@@UEAAPEAXI@Z 000000018000bf10 f i name.obj
 0001:0000af10       ??_Ebad_array_new_length@std@@UEAAPEAXI@Z 000000018000bf10 f i MSVCRT:throw_bad_alloc.obj
 0001:0000af10       ??_Gexception@std@@UEAAPEAXI@Z 000000018000bf10 f i name.obj
 0001:0000b500       ?clear@?$qvector@Uea_name_t@@@@QEAAXXZ 000000018000c500 f i name.obj
 0001:0000b560       ?resize@?$qvector@D@@QEAAX_K@Z 000000018000c560 f i name.obj
 0001:0000b5c0       ?resize@?$qvector@Uea_name_t@@@@QEAAX_KAEBUea_name_t@@@Z 000000018000c5c0 f i name.obj
 0001:0000b690       ?sprnt@?$_qstring@D@@QEAAAEAV1@PEBDZZ 000000018000c690 f i name.obj
 0001:0000b750       ?what@exception@std@@UEBAPEBDXZ 000000018000c750 f i name.obj
 0001:0000b770       PyInit__ida_name           000000018000c770 f   name.obj
 0001:0000d790       __local_stdio_printf_options 000000018000e790 f i name.obj
 0001:0000f250       printf                     0000000180010250 f i name.obj
 0001:0000f553       interr                     0000000180010553 f   ida:ida.dll
 0001:0000f559       qrealloc                   0000000180010559 f   ida:ida.dll
 0001:0000f55f       qfree                      000000018001055f f   ida:ida.dll
 0001:0000f565       qvsnprintf                 0000000180010565 f   ida:ida.dll
 0001:0000f56b       qalloc_or_throw            000000018001056b f   ida:ida.dll
 0001:0000f571       qvector_reserve            0000000180010571 f   ida:ida.dll
 0001:0000f577       is_main_thread             0000000180010577 f   ida:ida.dll
 0001:0000f57d       set_name                   000000018001057d f   ida:ida.dll
 0001:0000f583       set_dummy_name             0000000180010583 f   ida:ida.dll
 0001:0000f589       make_name_auto             0000000180010589 f   ida:ida.dll
 0001:0000f58f       make_name_user             000000018001058f f   ida:ida.dll
 0001:0000f595       validate_name              0000000180010595 f   ida:ida.dll
 0001:0000f59b       is_valid_cp                000000018001059b f   ida:ida.dll
 0001:0000f5a1       set_cp_validity            00000001800105a1 f   ida:ida.dll
 0001:0000f5a7       is_ident                   00000001800105a7 f   ida:ida.dll
 0001:0000f5ad       is_uname                   00000001800105ad f   ida:ida.dll
 0001:0000f5b3       is_valid_typename          00000001800105b3 f   ida:ida.dll
 0001:0000f5b9       extract_name               00000001800105b9 f   ida:ida.dll
 0001:0000f5bf       hide_name                  00000001800105bf f   ida:ida.dll
 0001:0000f5c5       show_name                  00000001800105c5 f   ida:ida.dll
 0001:0000f5cb       get_name_ea                00000001800105cb f   ida:ida.dll
 0001:0000f5d1       get_name_base_ea           00000001800105d1 f   ida:ida.dll
 0001:0000f5d7       get_name_value             00000001800105d7 f   ida:ida.dll
 0001:0000f5dd       get_ea_name                00000001800105dd f   ida:ida.dll
 0001:0000f5e3       get_name_color             00000001800105e3 f   ida:ida.dll
 0001:0000f5e9       get_name_expr              00000001800105e9 f   ida:ida.dll
 0001:0000f5ef       get_nice_colored_name      00000001800105ef f   ida:ida.dll
 0001:0000f5f5       append_struct_fields       00000001800105f5 f   ida:ida.dll
 0001:0000f5fb       is_public_name             00000001800105fb f   ida:ida.dll
 0001:0000f601       make_name_public           0000000180010601 f   ida:ida.dll
 0001:0000f607       make_name_non_public       0000000180010607 f   ida:ida.dll
 0001:0000f60d       is_weak_name               000000018001060d f   ida:ida.dll
 0001:0000f613       make_name_weak             0000000180010613 f   ida:ida.dll
 0001:0000f619       make_name_non_weak         0000000180010619 f   ida:ida.dll
 0001:0000f61f       get_nlist_size             000000018001061f f   ida:ida.dll
 0001:0000f625       get_nlist_idx              0000000180010625 f   ida:ida.dll
 0001:0000f62b       is_in_nlist                000000018001062b f   ida:ida.dll
 0001:0000f631       get_nlist_ea               0000000180010631 f   ida:ida.dll
 0001:0000f637       get_nlist_name             0000000180010637 f   ida:ida.dll
 0001:0000f63d       rebuild_nlist              000000018001063d f   ida:ida.dll
 0001:0000f643       reorder_dummy_names        0000000180010643 f   ida:ida.dll
 0001:0000f649       set_debug_name             0000000180010649 f   ida:ida.dll
 0001:0000f64f       get_debug_name             000000018001064f f   ida:ida.dll
 0001:0000f655       del_debug_names            0000000180010655 f   ida:ida.dll
 0001:0000f65b       get_debug_name_ea          000000018001065b f   ida:ida.dll
 0001:0000f661       get_debug_names            0000000180010661 f   ida:ida.dll
 0001:0000f667       demangle_name              0000000180010667 f   ida:ida.dll
 0001:0000f66d       is_name_defined_locally    000000018001066d f   ida:ida.dll
 0001:0000f673       cleanup_name               0000000180010673 f   ida:ida.dll
 0001:0000f679       PyW_GetNumber              0000000180010679 f   python:python.dll
 0001:0000f680       ??2@YAPEAX_K@Z             0000000180010680 f   MSVCRT:new_scalar.obj
 0001:0000f6bc       ??3@YAXPEAX_K@Z            00000001800106bc f   MSVCRT:delete_scalar_size.obj
 0001:0000f6bc       ??_V@YAXPEAX@Z             00000001800106bc f   MSVCRT:delete_array.obj
 0001:0000f6c4       ??_U@YAPEAX_K@Z            00000001800106c4 f   MSVCRT:new_array.obj
 0001:0000f854       _Init_thread_footer        0000000180010854 f   MSVCRT:thread_safe_statics.obj
 0001:0000f8b4       _Init_thread_header        00000001800108b4 f   MSVCRT:thread_safe_statics.obj
 0001:0000f91c       _Init_thread_notify        000000018001091c f   MSVCRT:thread_safe_statics.obj
 0001:0000f96c       _Init_thread_wait          000000018001096c f   MSVCRT:thread_safe_statics.obj
 0001:0000f9e4       __GSHandlerCheck           00000001800109e4 f   MSVCRT:gshandler.obj
 0001:0000fa04       __GSHandlerCheckCommon     0000000180010a04 f   MSVCRT:gshandler.obj
 0001:0000fa60       __GSHandlerCheck_EH        0000000180010a60 f   MSVCRT:gshandlereh.obj
 0001:0000faf0       __security_check_cookie    0000000180010af0 f   MSVCRT:amdsecgs.obj
 0001:0000fb14       ??_Gtype_info@@UEAAPEAXI@Z 0000000180010b14 f i MSVCRT:std_type_info_static.obj
 0001:0000fb14       ??_Etype_info@@UEAAPEAXI@Z 0000000180010b14 f i MSVCRT:std_type_info_static.obj
 0001:0000fe70       _DllMainCRTStartup         0000000180010e70 f   MSVCRT:dll_dllmain.obj
 0001:0000feb0       ??0bad_alloc@std@@QEAA@AEBV01@@Z 0000000180010eb0 f i MSVCRT:throw_bad_alloc.obj
 0001:0000fef0       ??0bad_alloc@std@@QEAA@XZ  0000000180010ef0 f i MSVCRT:throw_bad_alloc.obj
 0001:0000ff10       ??0bad_array_new_length@std@@QEAA@AEBV01@@Z 0000000180010f10 f i MSVCRT:throw_bad_alloc.obj
 0001:0000ff50       ??0bad_array_new_length@std@@QEAA@XZ 0000000180010f50 f i MSVCRT:throw_bad_alloc.obj
 0001:0000ff70       ?__scrt_throw_std_bad_alloc@@YAXXZ 0000000180010f70 f   MSVCRT:throw_bad_alloc.obj
 0001:0000ff90       ?__scrt_throw_std_bad_array_new_length@@YAXXZ 0000000180010f90 f   MSVCRT:throw_bad_alloc.obj
 0001:0000ffb0       ??3@YAXPEAX@Z              0000000180010fb0 f   MSVCRT:delete_scalar.obj
 0001:0000ffb8       __scrt_acquire_startup_lock 0000000180010fb8 f   MSVCRT:utility.obj
 0001:0000fff4       __scrt_dllmain_after_initialize_c 0000000180010ff4 f   MSVCRT:utility.obj
 0001:00010028       __scrt_dllmain_before_initialize_c 0000000180011028 f   MSVCRT:utility.obj
 0001:00010040       __scrt_dllmain_crt_thread_attach 0000000180011040 f   MSVCRT:utility.obj
 0001:00010068       __scrt_dllmain_crt_thread_detach 0000000180011068 f   MSVCRT:utility.obj
 0001:00010080       __scrt_dllmain_exception_filter 0000000180011080 f   MSVCRT:utility.obj
 0001:000100e0       __scrt_dllmain_uninitialize_c 00000001800110e0 f   MSVCRT:utility.obj
 0001:00010110       __scrt_dllmain_uninitialize_critical 0000000180011110 f   MSVCRT:utility.obj
 0001:00010124       __scrt_initialize_crt      0000000180011124 f   MSVCRT:utility.obj
 0001:00010170       __scrt_initialize_onexit_tables 0000000180011170 f   MSVCRT:utility.obj
 0001:00010248       __scrt_is_nonwritable_in_current_image 0000000180011248 f   MSVCRT:utility.obj
 0001:000102e4       __scrt_release_startup_lock 00000001800112e4 f   MSVCRT:utility.obj
 0001:00010308       __scrt_uninitialize_crt    0000000180011308 f   MSVCRT:utility.obj
 0001:00010334       _onexit                    0000000180011334 f   MSVCRT:utility.obj
 0001:00010384       atexit                     0000000180011384 f   MSVCRT:utility.obj
 0001:0001039c       __crt_debugger_hook        000000018001139c f   MSVCRT:utility_desktop.obj
 0001:000103a4       __scrt_fastfail            00000001800113a4 f   MSVCRT:utility_desktop.obj
 0001:000104f0       _guard_check_icall_nop     00000001800114f0 f i MSVCRT:guard_support.obj
 0001:000104f4       __raise_securityfailure    00000001800114f4 f   MSVCRT:gs_report.obj
 0001:00010528       __report_gsfailure         0000000180011528 f   MSVCRT:gs_report.obj
 0001:00010670       __security_init_cookie     0000000180011670 f   MSVCRT:gs_support.obj
 0001:0001071c       DllMain                    000000018001171c f   MSVCRT:dll_dllmain_stub.obj
 0001:00010740       ?__scrt_initialize_type_info@@YAXXZ 0000000180011740 f   MSVCRT:tncleanup.obj
 0001:00010750       ?__scrt_uninitialize_type_info@@YAXXZ 0000000180011750 f   MSVCRT:tncleanup.obj
 0001:0001075c       __local_stdio_scanf_options 000000018001175c f i MSVCRT:default_local_stdio_options.obj
 0001:00010764       __scrt_initialize_default_local_stdio_options 0000000180011764 f   MSVCRT:default_local_stdio_options.obj
 0001:00010780       __scrt_get_dyn_tls_init_callback 0000000180011780 f   MSVCRT:dyn_tls_init.obj
 0001:00010788       _RTC_Initialize            0000000180011788 f   MSVCRT:initsect.obj
 0001:000107c4       _RTC_Terminate             00000001800117c4 f   MSVCRT:initsect.obj
 0001:00010800       __isa_available_init       0000000180011800 f   MSVCRT:cpu_disp.obj
 0001:0001097c       _get_startup_argv_mode     000000018001197c f   MSVCRT:argv_mode.obj
 0001:00010984       __scrt_is_ucrt_dll_in_use  0000000180011984 f   MSVCRT:ucrt_detection.obj
 0001:00010990       IsProcessorFeaturePresent  0000000180011990 f   kernel32:KERNEL32.dll
 0001:00010996       strstr                     0000000180011996 f   vcruntime:VCRUNTIME140.dll
 0001:0001099c       __std_exception_copy       000000018001199c f   vcruntime:VCRUNTIME140.dll
 0001:000109a2       __std_exception_destroy    00000001800119a2 f   vcruntime:VCRUNTIME140.dll
 0001:000109a8       _CxxThrowException         00000001800119a8 f   vcruntime:VCRUNTIME140.dll
 0001:000109ae       __CxxFrameHandler3         00000001800119ae f   vcruntime:VCRUNTIME140.dll
 0001:000109b4       memcpy                     00000001800119b4 f   vcruntime:VCRUNTIME140.dll
 0001:000109ba       memmove                    00000001800119ba f   vcruntime:VCRUNTIME140.dll
 0001:000109c0       memset                     00000001800119c0 f   vcruntime:VCRUNTIME140.dll
 0001:000109c6       __std_terminate            00000001800119c6 f   vcruntime:VCRUNTIME140.dll
 0001:000109cc       __C_specific_handler       00000001800119cc f   vcruntime:VCRUNTIME140.dll
 0001:000109d2       __std_type_info_destroy_list 00000001800119d2 f   vcruntime:VCRUNTIME140.dll
 0001:000109d8       free                       00000001800119d8 f   ucrt:api-ms-win-crt-heap-l1-1-0.dll
 0001:000109de       malloc                     00000001800119de f   ucrt:api-ms-win-crt-heap-l1-1-0.dll
 0001:000109e4       _callnewh                  00000001800119e4 f   ucrt:api-ms-win-crt-heap-l1-1-0.dll
 0001:000109ea       _initterm                  00000001800119ea f   ucrt:api-ms-win-crt-runtime-l1-1-0.dll
 0001:000109f0       _initterm_e                00000001800119f0 f   ucrt:api-ms-win-crt-runtime-l1-1-0.dll
 0001:000109f6       _seh_filter_dll            00000001800119f6 f   ucrt:api-ms-win-crt-runtime-l1-1-0.dll
 0001:000109fc       _configure_narrow_argv     00000001800119fc f   ucrt:api-ms-win-crt-runtime-l1-1-0.dll
 0001:00010a02       _initialize_narrow_environment 0000000180011a02 f   ucrt:api-ms-win-crt-runtime-l1-1-0.dll
 0001:00010a08       _initialize_onexit_table   0000000180011a08 f   ucrt:api-ms-win-crt-runtime-l1-1-0.dll
 0001:00010a0e       _register_onexit_function  0000000180011a0e f   ucrt:api-ms-win-crt-runtime-l1-1-0.dll
 0001:00010a14       _execute_onexit_table      0000000180011a14 f   ucrt:api-ms-win-crt-runtime-l1-1-0.dll
 0001:00010a1a       _crt_atexit                0000000180011a1a f   ucrt:api-ms-win-crt-runtime-l1-1-0.dll
 0001:00010a20       _cexit                     0000000180011a20 f   ucrt:api-ms-win-crt-runtime-l1-1-0.dll
 0001:00010a28       __vcrt_uninitialize_critical 0000000180011a28 f   MSVCRT:ucrt_stubs.obj
 0001:00010a28       __vcrt_thread_attach       0000000180011a28 f   MSVCRT:ucrt_stubs.obj
 0001:00010a28       __acrt_thread_attach       0000000180011a28 f   MSVCRT:ucrt_stubs.obj
 0001:00010a28       __acrt_thread_detach       0000000180011a28 f   MSVCRT:ucrt_stubs.obj
 0001:00010a28       __vcrt_thread_detach       0000000180011a28 f   MSVCRT:ucrt_stubs.obj
 0001:00010a28       __scrt_stub_for_acrt_thread_attach 0000000180011a28 f   MSVCRT:ucrt_stubs.obj
 0001:00010a28       __acrt_uninitialize        0000000180011a28 f   MSVCRT:ucrt_stubs.obj
 0001:00010a28       __acrt_initialize          0000000180011a28 f   MSVCRT:ucrt_stubs.obj
 0001:00010a28       __vcrt_initialize          0000000180011a28 f   MSVCRT:ucrt_stubs.obj
 0001:00010a28       __scrt_stub_for_acrt_thread_detach 0000000180011a28 f   MSVCRT:ucrt_stubs.obj
 0001:00010a28       __scrt_stub_for_acrt_uninitialize_critical 0000000180011a28 f   MSVCRT:ucrt_stubs.obj
 0001:00010a28       __scrt_stub_for_acrt_uninitialize 0000000180011a28 f   MSVCRT:ucrt_stubs.obj
 0001:00010a28       __acrt_uninitialize_critical 0000000180011a28 f   MSVCRT:ucrt_stubs.obj
 0001:00010a28       __scrt_stub_for_acrt_initialize 0000000180011a28 f   MSVCRT:ucrt_stubs.obj
 0001:00010a28       __vcrt_uninitialize        0000000180011a28 f   MSVCRT:ucrt_stubs.obj
 0001:00010a2c       __scrt_stub_for_is_c_termination_complete 0000000180011a2c f   MSVCRT:ucrt_stubs.obj
 0001:00010a2c       _is_c_termination_complete 0000000180011a2c f   MSVCRT:ucrt_stubs.obj
 0001:00010a40       _guard_dispatch_icall_nop  0000000180011a40 f   MSVCRT:guard_dispatch.obj
 0002:00000000       __imp_CloseHandle          0000000180019000     kernel32:KERNEL32.dll
 0002:00000008       __imp_EnterCriticalSection 0000000180019008     kernel32:KERNEL32.dll
 0002:00000010       __imp_LeaveCriticalSection 0000000180019010     kernel32:KERNEL32.dll
 0002:00000018       __imp_InitializeCriticalSectionAndSpinCount 0000000180019018     kernel32:KERNEL32.dll
 0002:00000020       __imp_DeleteCriticalSection 0000000180019020     kernel32:KERNEL32.dll
 0002:00000028       __imp_SetEvent             0000000180019028     kernel32:KERNEL32.dll
 0002:00000030       __imp_ResetEvent           0000000180019030     kernel32:KERNEL32.dll
 0002:00000038       __imp_WaitForSingleObjectEx 0000000180019038     kernel32:KERNEL32.dll
 0002:00000040       __imp_CreateEventW         0000000180019040     kernel32:KERNEL32.dll
 0002:00000048       __imp_GetModuleHandleW     0000000180019048     kernel32:KERNEL32.dll
 0002:00000050       __imp_GetProcAddress       0000000180019050     kernel32:KERNEL32.dll
 0002:00000058       __imp_RtlCaptureContext    0000000180019058     kernel32:KERNEL32.dll
 0002:00000060       __imp_RtlLookupFunctionEntry 0000000180019060     kernel32:KERNEL32.dll
 0002:00000068       __imp_RtlVirtualUnwind     0000000180019068     kernel32:KERNEL32.dll
 0002:00000070       __imp_IsDebuggerPresent    0000000180019070     kernel32:KERNEL32.dll
 0002:00000078       __imp_UnhandledExceptionFilter 0000000180019078     kernel32:KERNEL32.dll
 0002:00000080       __imp_SetUnhandledExceptionFilter 0000000180019080     kernel32:KERNEL32.dll
 0002:00000088       __imp_IsProcessorFeaturePresent 0000000180019088     kernel32:KERNEL32.dll
 0002:00000090       __imp_GetCurrentProcess    0000000180019090     kernel32:KERNEL32.dll
 0002:00000098       __imp_TerminateProcess     0000000180019098     kernel32:KERNEL32.dll
 0002:000000a0       __imp_QueryPerformanceCounter 00000001800190a0     kernel32:KERNEL32.dll
 0002:000000a8       __imp_GetCurrentProcessId  00000001800190a8     kernel32:KERNEL32.dll
 0002:000000b0       __imp_GetCurrentThreadId   00000001800190b0     kernel32:KERNEL32.dll
 0002:000000b8       __imp_GetSystemTimeAsFileTime 00000001800190b8     kernel32:KERNEL32.dll
 0002:000000c0       __imp_DisableThreadLibraryCalls 00000001800190c0     kernel32:KERNEL32.dll
 0002:000000c8       __imp_InitializeSListHead  00000001800190c8     kernel32:KERNEL32.dll
 0002:000000d0       \177KERNEL32_NULL_THUNK_DATA 00000001800190d0     kernel32:KERNEL32.dll
 0002:000000d8       __imp_strstr               00000001800190d8     vcruntime:VCRUNTIME140.dll
 0002:000000e0       __imp___std_exception_copy 00000001800190e0     vcruntime:VCRUNTIME140.dll
 0002:000000e8       __imp___std_exception_destroy 00000001800190e8     vcruntime:VCRUNTIME140.dll
 0002:000000f0       __imp__CxxThrowException   00000001800190f0     vcruntime:VCRUNTIME140.dll
 0002:000000f8       __imp___CxxFrameHandler3   00000001800190f8     vcruntime:VCRUNTIME140.dll
 0002:00000100       __imp_memcpy               0000000180019100     vcruntime:VCRUNTIME140.dll
 0002:00000108       __imp_memmove              0000000180019108     vcruntime:VCRUNTIME140.dll
 0002:00000110       __imp_memset               0000000180019110     vcruntime:VCRUNTIME140.dll
 0002:00000118       __imp___std_terminate      0000000180019118     vcruntime:VCRUNTIME140.dll
 0002:00000120       __imp___C_specific_handler 0000000180019120     vcruntime:VCRUNTIME140.dll
 0002:00000128       __imp___std_type_info_destroy_list 0000000180019128     vcruntime:VCRUNTIME140.dll
 0002:00000130       \177VCRUNTIME140_NULL_THUNK_DATA 0000000180019130     vcruntime:VCRUNTIME140.dll
 0002:00000138       __imp_malloc               0000000180019138     ucrt:api-ms-win-crt-heap-l1-1-0.dll
 0002:00000140       __imp__callnewh            0000000180019140     ucrt:api-ms-win-crt-heap-l1-1-0.dll
 0002:00000148       __imp_free                 0000000180019148     ucrt:api-ms-win-crt-heap-l1-1-0.dll
 0002:00000150       \177api-ms-win-crt-heap-l1-1-0_NULL_THUNK_DATA 0000000180019150     ucrt:api-ms-win-crt-heap-l1-1-0.dll
 0002:00000158       __imp__seh_filter_dll      0000000180019158     ucrt:api-ms-win-crt-runtime-l1-1-0.dll
 0002:00000160       __imp__initterm            0000000180019160     ucrt:api-ms-win-crt-runtime-l1-1-0.dll
 0002:00000168       __imp__initialize_narrow_environment 0000000180019168     ucrt:api-ms-win-crt-runtime-l1-1-0.dll
 0002:00000170       __imp__initialize_onexit_table 0000000180019170     ucrt:api-ms-win-crt-runtime-l1-1-0.dll
 0002:00000178       __imp__register_onexit_function 0000000180019178     ucrt:api-ms-win-crt-runtime-l1-1-0.dll
 0002:00000180       __imp__execute_onexit_table 0000000180019180     ucrt:api-ms-win-crt-runtime-l1-1-0.dll
 0002:00000188       __imp__configure_narrow_argv 0000000180019188     ucrt:api-ms-win-crt-runtime-l1-1-0.dll
 0002:00000190       __imp__initterm_e          0000000180019190     ucrt:api-ms-win-crt-runtime-l1-1-0.dll
 0002:00000198       __imp__crt_atexit          0000000180019198     ucrt:api-ms-win-crt-runtime-l1-1-0.dll
 0002:000001a0       __imp__cexit               00000001800191a0     ucrt:api-ms-win-crt-runtime-l1-1-0.dll
 0002:000001a8       \177api-ms-win-crt-runtime-l1-1-0_NULL_THUNK_DATA 00000001800191a8     ucrt:api-ms-win-crt-runtime-l1-1-0.dll
 0002:000001b0       __imp___acrt_iob_func      00000001800191b0     ucrt:api-ms-win-crt-stdio-l1-1-0.dll
 0002:000001b8       __imp___stdio_common_vfprintf 00000001800191b8     ucrt:api-ms-win-crt-stdio-l1-1-0.dll
 0002:000001c0       \177api-ms-win-crt-stdio-l1-1-0_NULL_THUNK_DATA 00000001800191c0     ucrt:api-ms-win-crt-stdio-l1-1-0.dll
 0002:000001c8       __imp_strncmp              00000001800191c8     ucrt:api-ms-win-crt-string-l1-1-0.dll
 0002:000001d0       \177api-ms-win-crt-string-l1-1-0_NULL_THUNK_DATA 00000001800191d0     ucrt:api-ms-win-crt-string-l1-1-0.dll
 0002:000001d8       __imp_get_debug_name_ea    00000001800191d8     ida:ida.dll
 0002:000001e0       __imp_demangle_name        00000001800191e0     ida:ida.dll
 0002:000001e8       __imp_get_debug_name       00000001800191e8     ida:ida.dll
 0002:000001f0       __imp_set_debug_name       00000001800191f0     ida:ida.dll
 0002:000001f8       __imp_reorder_dummy_names  00000001800191f8     ida:ida.dll
 0002:00000200       __imp_is_name_defined_locally 0000000180019200     ida:ida.dll
 0002:00000208       __imp_del_debug_names      0000000180019208     ida:ida.dll
 0002:00000210       __imp_get_debug_names      0000000180019210     ida:ida.dll
 0002:00000218       __imp_under_debugger       0000000180019218     ida:ida.dll
 0002:00000220       __imp_rebuild_nlist        0000000180019220     ida:ida.dll
 0002:00000228       __imp_get_nlist_name       0000000180019228     ida:ida.dll
 0002:00000230       __imp_get_nlist_ea         0000000180019230     ida:ida.dll
 0002:00000238       __imp_is_in_nlist          0000000180019238     ida:ida.dll
 0002:00000240       __imp_get_nlist_idx        0000000180019240     ida:ida.dll
 0002:00000248       __imp_get_nlist_size       0000000180019248     ida:ida.dll
 0002:00000250       __imp_make_name_non_weak   0000000180019250     ida:ida.dll
 0002:00000258       __imp_make_name_weak       0000000180019258     ida:ida.dll
 0002:00000260       __imp_is_weak_name         0000000180019260     ida:ida.dll
 0002:00000268       __imp_make_name_non_public 0000000180019268     ida:ida.dll
 0002:00000270       __imp_make_name_public     0000000180019270     ida:ida.dll
 0002:00000278       __imp_is_public_name       0000000180019278     ida:ida.dll
 0002:00000280       __imp_cleanup_name         0000000180019280     ida:ida.dll
 0002:00000288       __imp_get_nice_colored_name 0000000180019288     ida:ida.dll
 0002:00000290       __imp_get_name_expr        0000000180019290     ida:ida.dll
 0002:00000298       __imp_get_name_color       0000000180019298     ida:ida.dll
 0002:000002a0       __imp_get_ea_name          00000001800192a0     ida:ida.dll
 0002:000002a8       __imp_get_name_value       00000001800192a8     ida:ida.dll
 0002:000002b0       __imp_get_name_base_ea     00000001800192b0     ida:ida.dll
 0002:000002b8       __imp_get_name_ea          00000001800192b8     ida:ida.dll
 0002:000002c0       __imp_show_name            00000001800192c0     ida:ida.dll
 0002:000002c8       __imp_hide_name            00000001800192c8     ida:ida.dll
 0002:000002d0       __imp_extract_name         00000001800192d0     ida:ida.dll
 0002:000002d8       __imp_is_valid_typename    00000001800192d8     ida:ida.dll
 0002:000002e0       __imp_is_uname             00000001800192e0     ida:ida.dll
 0002:000002e8       __imp_is_ident             00000001800192e8     ida:ida.dll
 0002:000002f0       __imp_set_cp_validity      00000001800192f0     ida:ida.dll
 0002:000002f8       __imp_is_valid_cp          00000001800192f8     ida:ida.dll
 0002:00000300       __imp_validate_name        0000000180019300     ida:ida.dll
 0002:00000308       __imp_make_name_user       0000000180019308     ida:ida.dll
 0002:00000310       __imp_interr               0000000180019310     ida:ida.dll
 0002:00000318       __imp_make_name_auto       0000000180019318     ida:ida.dll
 0002:00000320       __imp_set_dummy_name       0000000180019320     ida:ida.dll
 0002:00000328       __imp_set_name             0000000180019328     ida:ida.dll
 0002:00000330       __imp_is_main_thread       0000000180019330     ida:ida.dll
 0002:00000338       __imp_qvector_reserve      0000000180019338     ida:ida.dll
 0002:00000340       __imp_qalloc_or_throw      0000000180019340     ida:ida.dll
 0002:00000348       __imp_qvsnprintf           0000000180019348     ida:ida.dll
 0002:00000350       __imp_qfree                0000000180019350     ida:ida.dll
 0002:00000358       __imp_qrealloc             0000000180019358     ida:ida.dll
 0002:00000360       __imp_append_struct_fields 0000000180019360     ida:ida.dll
 0002:00000368       \177ida_NULL_THUNK_DATA    0000000180019368     ida:ida.dll
 0002:00000370       __imp_PyW_GetNumber        0000000180019370     python:python.dll
 0002:00000378       \177python_NULL_THUNK_DATA 0000000180019378     python:python.dll
 0002:00000380       __imp_PyEval_RestoreThread 0000000180019380     python38:python38.dll
 0002:00000388       __imp_PyEval_InitThreads   0000000180019388     python38:python38.dll
 0002:00000390       __imp_PyImport_AddModule   0000000180019390     python38:python38.dll
 0002:00000398       __imp_PyObject_Call        0000000180019398     python38:python38.dll
 0002:000003a0       __imp_PyObject_CallFunctionObjArgs 00000001800193a0     python38:python38.dll
 0002:000003a8       __imp_PySequence_Check     00000001800193a8     python38:python38.dll
 0002:000003b0       __imp_PySequence_Size      00000001800193b0     python38:python38.dll
 0002:000003b8       __imp_PySequence_GetItem   00000001800193b8     python38:python38.dll
 0002:000003c0       __imp_PyObject_IsInstance  00000001800193c0     python38:python38.dll
 0002:000003c8       __imp_PyType_Type          00000001800193c8     python38:python38.dll
 0002:000003d0       __imp__Py_NoneStruct       00000001800193d0     python38:python38.dll
 0002:000003d8       __imp_PyEval_SaveThread    00000001800193d8     python38:python38.dll
 0002:000003e0       __imp_PyBool_Type          00000001800193e0     python38:python38.dll
 0002:000003e8       __imp_PyExc_AttributeError 00000001800193e8     python38:python38.dll
 0002:000003f0       __imp_PyExc_IndexError     00000001800193f0     python38:python38.dll
 0002:000003f8       __imp_PyExc_MemoryError    00000001800193f8     python38:python38.dll
 0002:00000400       __imp_PyExc_OverflowError  0000000180019400     python38:python38.dll
 0002:00000408       __imp_PyExc_RuntimeError   0000000180019408     python38:python38.dll
 0002:00000410       __imp_PyExc_SyntaxError    0000000180019410     python38:python38.dll
 0002:00000418       __imp_PyExc_SystemError    0000000180019418     python38:python38.dll
 0002:00000420       __imp_PyExc_TypeError      0000000180019420     python38:python38.dll
 0002:00000428       __imp_PyExc_ValueError     0000000180019428     python38:python38.dll
 0002:00000430       __imp_PyExc_ZeroDivisionError 0000000180019430     python38:python38.dll
 0002:00000438       __imp_PyExc_IOError        0000000180019438     python38:python38.dll
 0002:00000440       __imp_PyModule_Create2     0000000180019440     python38:python38.dll
 0002:00000448       __imp__Py_NotImplementedStruct 0000000180019448     python38:python38.dll
 0002:00000450       __imp_PyModule_AddObject   0000000180019450     python38:python38.dll
 0002:00000458       __imp_Py_BuildValue        0000000180019458     python38:python38.dll
 0002:00000460       __imp_PyArg_UnpackTuple    0000000180019460     python38:python38.dll
 0002:00000468       __imp_PyGILState_Release   0000000180019468     python38:python38.dll
 0002:00000470       __imp_PyGILState_Ensure    0000000180019470     python38:python38.dll
 0002:00000478       __imp_PyErr_WriteUnraisable 0000000180019478     python38:python38.dll
 0002:00000480       __imp_PyErr_Format         0000000180019480     python38:python38.dll
 0002:00000488       __imp_PyErr_GivenExceptionMatches 0000000180019488     python38:python38.dll
 0002:00000490       __imp_PyErr_Restore        0000000180019490     python38:python38.dll
 0002:00000498       __imp_PyErr_Fetch          0000000180019498     python38:python38.dll
 0002:000004a0       __imp_PyErr_Clear          00000001800194a0     python38:python38.dll
 0002:000004a8       __imp_PyErr_SetString      00000001800194a8     python38:python38.dll
 0002:000004b0       __imp_PyCapsule_Import     00000001800194b0     python38:python38.dll
 0002:000004b8       __imp_PyCapsule_GetPointer 00000001800194b8     python38:python38.dll
 0002:000004c0       __imp_PyCapsule_New        00000001800194c0     python38:python38.dll
 0002:000004c8       __imp_PyModule_GetDict     00000001800194c8     python38:python38.dll
 0002:000004d0       __imp_PyCFunction_GetFlags 00000001800194d0     python38:python38.dll
 0002:000004d8       __imp_PyCFunction_GetSelf  00000001800194d8     python38:python38.dll
 0002:000004e0       __imp_PyCFunction_GetFunction 00000001800194e0     python38:python38.dll
 0002:000004e8       __imp_PyDict_SetItemString 00000001800194e8     python38:python38.dll
 0002:000004f0       __imp_PyDict_SetItem       00000001800194f0     python38:python38.dll
 0002:000004f8       __imp_PyDict_GetItem       00000001800194f8     python38:python38.dll
 0002:00000500       __imp_PyDict_New           0000000180019500     python38:python38.dll
 0002:00000508       __imp_PyList_Append        0000000180019508     python38:python38.dll
 0002:00000510       __imp_PyList_SetItem       0000000180019510     python38:python38.dll
 0002:00000518       __imp_PyList_New           0000000180019518     python38:python38.dll
 0002:00000520       __imp_PyTuple_SetItem      0000000180019520     python38:python38.dll
 0002:00000528       __imp_PyTuple_GetItem      0000000180019528     python38:python38.dll
 0002:00000530       __imp_PyTuple_Size         0000000180019530     python38:python38.dll
 0002:00000538       __imp_PyTuple_New          0000000180019538     python38:python38.dll
 0002:00000540       __imp_PyBool_FromLong      0000000180019540     python38:python38.dll
 0002:00000548       __imp_PyLong_AsUnsignedLongLong 0000000180019548     python38:python38.dll
 0002:00000550       __imp_PyLong_FromUnsignedLongLong 0000000180019550     python38:python38.dll
 0002:00000558       __imp_PyLong_FromLongLong  0000000180019558     python38:python38.dll
 0002:00000560       __imp_PyLong_FromVoidPtr   0000000180019560     python38:python38.dll
 0002:00000568       __imp_PyLong_AsUnsignedLong 0000000180019568     python38:python38.dll
 0002:00000570       __imp_PyLong_AsLong        0000000180019570     python38:python38.dll
 0002:00000578       __imp_PyLong_FromSize_t    0000000180019578     python38:python38.dll
 0002:00000580       __imp_PyLong_FromUnsignedLong 0000000180019580     python38:python38.dll
 0002:00000588       __imp_PyLong_FromLong      0000000180019588     python38:python38.dll
 0002:00000590       __imp_PyUnicode_CompareWithASCIIString 0000000180019590     python38:python38.dll
 0002:00000598       __imp_PyUnicode_Concat     0000000180019598     python38:python38.dll
 0002:000005a0       __imp_PyUnicode_AsUTF8String 00000001800195a0     python38:python38.dll
 0002:000005a8       __imp_PyUnicode_DecodeUTF8 00000001800195a8     python38:python38.dll
 0002:000005b0       __imp_PyUnicode_InternFromString 00000001800195b0     python38:python38.dll
 0002:000005b8       __imp_PyUnicode_FromFormat 00000001800195b8     python38:python38.dll
 0002:000005c0       __imp_PyUnicode_FromString 00000001800195c0     python38:python38.dll
 0002:000005c8       __imp_PyUnicode_FromStringAndSize 00000001800195c8     python38:python38.dll
 0002:000005d0       __imp_PyBytes_AsStringAndSize 00000001800195d0     python38:python38.dll
 0002:000005d8       __imp__PyObject_New        00000001800195d8     python38:python38.dll
 0002:000005e0       __imp_PyObject_Free        00000001800195e0     python38:python38.dll
 0002:000005e8       __imp_Py_DecRef            00000001800195e8     python38:python38.dll
 0002:000005f0       __imp__Py_Dealloc          00000001800195f0     python38:python38.dll
 0002:000005f8       __imp_PyObject_IsTrue      00000001800195f8     python38:python38.dll
 0002:00000600       __imp_PyObject_GenericGetAttr 0000000180019600     python38:python38.dll
 0002:00000608       __imp_PyObject_SetAttr     0000000180019608     python38:python38.dll
 0002:00000610       __imp_PyObject_GetAttr     0000000180019610     python38:python38.dll
 0002:00000618       __imp_PyObject_GetAttrString 0000000180019618     python38:python38.dll
 0002:00000620       __imp_PyType_Modified      0000000180019620     python38:python38.dll
 0002:00000628       __imp_PyType_GetFlags      0000000180019628     python38:python38.dll
 0002:00000630       __imp_PyType_GetSlot       0000000180019630     python38:python38.dll
 0002:00000638       __imp_PyType_FromSpec      0000000180019638     python38:python38.dll
 0002:00000640       __imp_PyErr_Occurred       0000000180019640     python38:python38.dll
 0002:00000648       \177python38_NULL_THUNK_DATA 0000000180019648     python38:python38.dll
 0002:00000650       __guard_check_icall_fptr   0000000180019650     MSVCRT:guard_support.obj
 0002:00000658       __guard_dispatch_icall_fptr 0000000180019658     MSVCRT:guard_support.obj
 0002:00000660       __xc_a                     0000000180019660     MSVCRT:initializers.obj
 0002:00000668       __xc_z                     0000000180019668     MSVCRT:initializers.obj
 0002:00000670       __xi_a                     0000000180019670     MSVCRT:initializers.obj
 0002:00000680       __xi_z                     0000000180019680     MSVCRT:initializers.obj
 0002:00000688       __xl_a                     0000000180019688     MSVCRT:tlssup.obj
 0002:00000690       __xl_z                     0000000180019690     MSVCRT:tlssup.obj
 0002:00000698       __xp_a                     0000000180019698     MSVCRT:initializers.obj
 0002:000006a0       __xp_z                     00000001800196a0     MSVCRT:initializers.obj
 0002:000006a8       __xt_a                     00000001800196a8     MSVCRT:initializers.obj
 0002:000006b0       __xt_z                     00000001800196b0     MSVCRT:initializers.obj
 0002:000006c0       ??_C@_0N@HAMILBJA@extract_name@ 00000001800196c0     name.obj
 0002:000006d0       ??_C@_0M@HKGHAJA@get_name_ea@ 00000001800196d0     name.obj
 0002:000006e0       ??_C@_0BB@FPLIPCAL@get_name_base_ea@ 00000001800196e0     name.obj
 0002:000006f8       ??_C@_0P@FDJLMKAL@get_name_value@ 00000001800196f8     name.obj
 0002:00000708       ??_C@_0BB@BCICAANH@get_visible_name@ 0000000180019708     name.obj
 0002:00000720       ??_C@_0P@BNHCPMOF@get_short_name@ 0000000180019720     name.obj
 0002:00000730       ??_C@_0O@NLDGBHGF@get_long_name@ 0000000180019730     name.obj
 0002:00000740       ??_C@_0BH@BIIADHLJ@get_colored_short_name@ 0000000180019740     name.obj
 0002:00000758       ??_C@_0BG@CJKKFIKC@get_colored_long_name@ 0000000180019758     name.obj
 0002:00000770       ??_C@_0BD@JGKBGG@get_demangled_name@ 0000000180019770     name.obj
 0002:00000788       ??_C@_0BL@EKFHBPGN@get_colored_demangled_name@ 0000000180019788     name.obj
 0002:000007a8       ??_C@_0P@KLICEFHC@get_name_color@ 00000001800197a8     name.obj
 0002:000007b8       ??_C@_0O@EFKNJHLB@get_name_expr@ 00000001800197b8     name.obj
 0002:000007c8       ??_C@_0BG@FEILHMMO@get_nice_colored_name@ 00000001800197c8     name.obj
 0002:000007e0       ??_C@_0BF@OPDILINJ@append_struct_fields@ 00000001800197e0     name.obj
 0002:000007f8       ??_C@_0P@IKOGGCGO@get_nlist_size@ 00000001800197f8     name.obj
 0002:00000808       ??_C@_0O@FOOKNILK@rebuild_nlist@ 0000000180019808     name.obj
 0002:00000818       ??_C@_0BE@OGFGKMOP@reorder_dummy_names@ 0000000180019818     name.obj
 0002:00000830       ??_C@_0BB@EKMIPDAN@ea_name_t_ea_set@ 0000000180019830     name.obj
 0002:00000848       ??_C@_0BD@IKDFHBKE@ea_name_t_name_set@ 0000000180019848     name.obj
 0002:00000860       ??_C@_0O@GIFCEFAJ@new_ea_name_t@ 0000000180019860     name.obj
 0002:00000870       ??_C@_0P@MODDECM@set_debug_name@ 0000000180019870     name.obj
 0002:00000880       ??_C@_0P@MCPNMOAA@get_debug_name@ 0000000180019880     name.obj
 0002:00000890       ??_C@_0BA@HIPDEBFD@del_debug_names@ 0000000180019890     name.obj
 0002:000008a0       ??_C@_0O@CGGNOBLI@demangle_name@ 00000001800198a0     name.obj
 0002:000008b0       ??_C@_0BI@NLPOODIN@is_name_defined_locally@ 00000001800198b0     name.obj
 0002:000008c8       ??_C@_0N@ONPAEKEA@cleanup_name@ 00000001800198c8     name.obj
 0002:000008d8       ??_C@_0BA@ENANHPL@get_debug_names@ 00000001800198d8     name.obj
 0002:000008e8       ??_C@_0M@BOCFOAFP@get_ea_name@ 00000001800198e8     name.obj
 0002:000008f8       ??_C@_0O@ILAIBNBI@validate_name@ 00000001800198f8     name.obj
 0002:00000908       ??_C@_0DI@JPKFPJPA@?6ea_name_vec_t?$CI?$CJ?6new_ea_name_ve@ 0000000180019908     name.obj
 0002:00000940       ??_C@_0BF@NCEPEBJ@delete_ea_name_vec_t@ 0000000180019940     name.obj
 0002:00000958       ??_C@_0BL@OHDPJOJP@delete_ea_name_vec_t?$CIself?$CJ@ 0000000180019958     name.obj
 0002:00000980       ??_C@_0EO@LJFCCAFC@?6ea_name_vec_t_push_back?$CIself?0?5@ 0000000180019980     name.obj
 0002:000009d0       ??_C@_0BH@HLHODKAM@ea_name_vec_t_pop_back@ 00000001800199d0     name.obj
 0002:000009e8       ??_C@_0BN@BGMNKACJ@ea_name_vec_t_pop_back?$CIself?$CJ@ 00000001800199e8     name.obj
 0002:00000a08       ??_C@_0BD@OEBBDDPJ@ea_name_vec_t_size@ 0000000180019a08     name.obj
 0002:00000a20       ??_C@_0CD@JGENGIPC@ea_name_vec_t_size?$CIself?$CJ?5?9?$DO?5siz@ 0000000180019a20     name.obj
 0002:00000a48       ??_C@_0BE@GICOPHFB@ea_name_vec_t_empty@ 0000000180019a48     name.obj
 0002:00000a60       ??_C@_0CC@DHBHBHEK@ea_name_vec_t_empty?$CIself?$CJ?5?9?$DO?5bo@ 0000000180019a60     name.obj
 0002:00000a88       ??_C@_0CK@JFFANKLG@ea_name_vec_t_at?$CIself?0?5_idx?$CJ?5?9?$DO@ 0000000180019a88     name.obj
 0002:00000ab8       ??_C@_0BF@PHBGDFPN@ea_name_vec_t_qclear@ 0000000180019ab8     name.obj
 0002:00000ad0       ??_C@_0BL@FMOOMAEM@ea_name_vec_t_qclear?$CIself?$CJ@ 0000000180019ad0     name.obj
 0002:00000af0       ??_C@_0BE@BNMJCCAB@ea_name_vec_t_clear@ 0000000180019af0     name.obj
 0002:00000b08       ??_C@_0BK@DGDMKOAF@ea_name_vec_t_clear?$CIself?$CJ@ 0000000180019b08     name.obj
 0002:00000b30       ??_C@_0EP@JPHLLLAF@?6ea_name_vec_t_resize?$CIself?0?5_ne@ 0000000180019b30     name.obj
 0002:00000b80       ??_C@_0CI@OBFJIOE@ea_name_vec_t_grow?$CIself?0?5x?$DNea_n@ 0000000180019b80     name.obj
 0002:00000ba8       ??_C@_0BH@FMIAPECO@ea_name_vec_t_capacity@ 0000000180019ba8     name.obj
 0002:00000bc0       ??_C@_0CH@GFLDBIGG@ea_name_vec_t_capacity?$CIself?$CJ?5?9?$DO@ 0000000180019bc0     name.obj
 0002:00000be8       ??_C@_0CB@IHCKNNOE@ea_name_vec_t_reserve?$CIself?0?5cnt@ 0000000180019be8     name.obj
 0002:00000c10       ??_C@_0BH@OGLIAFJO@ea_name_vec_t_truncate@ 0000000180019c10     name.obj
 0002:00000c28       ??_C@_0BN@MDPPKCEP@ea_name_vec_t_truncate?$CIself?$CJ@ 0000000180019c28     name.obj
 0002:00000c48       ??_C@_0BM@LJIFPCHD@ea_name_vec_t_swap?$CIself?0?5r?$CJ@ 0000000180019c48     name.obj
 0002:00000c68       ??_C@_0BG@DFCBNBKA@ea_name_vec_t_extract@ 0000000180019c68     name.obj
 0002:00000c80       ??_C@_0CJ@INHIEBJO@ea_name_vec_t_extract?$CIself?$CJ?5?9?$DO?5@ 0000000180019c80     name.obj
 0002:00000cb0       ??_C@_0CD@LODHJCOA@ea_name_vec_t_inject?$CIself?0?5s?0?5l@ 0000000180019cb0     name.obj
 0002:00000ce0       ??_C@_0FA@MPJMFGB@?6ea_name_vec_t_begin?$CIself?$CJ?5?9?$DO?5e@ 0000000180019ce0     name.obj
 0002:00000d30       ??_C@_0EM@IPJPPDMH@?6ea_name_vec_t_end?$CIself?$CJ?5?9?$DO?5ea_@ 0000000180019d30     name.obj
 0002:00000d80       ??_C@_0CP@LDJOIMKC@ea_name_vec_t_insert?$CIself?0?5it?0?5@ 0000000180019d80     name.obj
 0002:00000db0       ??_C@_0GB@EEOPBNKG@?6ea_name_vec_t_erase?$CIself?0?5it?$CJ?5@ 0000000180019db0     name.obj
 0002:00000e18       ??_C@_0BG@BFBBKDKI@ea_name_vec_t___len__@ 0000000180019e18     name.obj
 0002:00000e30       ??_C@_0CG@DNJBNOOF@ea_name_vec_t___len__?$CIself?$CJ?5?9?$DO?5@ 0000000180019e30     name.obj
 0002:00000e58       ??_C@_0DA@PFKOHPKG@ea_name_vec_t___getitem__?$CIself?0@ 0000000180019e58     name.obj
 0002:00000e88       ??_C@_0CG@OKKOIGIL@ea_name_vec_t___setitem__?$CIself?0@ 0000000180019e88     name.obj
 0002:00000eb0       ??_C@_0BL@JEDHJKIE@ea_name_vec_t_swigregister@ 0000000180019eb0     name.obj
 0002:00000ed0       ??_C@_0BH@BILMNKIF@ea_name_vec_t_swiginit@ 0000000180019ed0     name.obj
 0002:00000ee8       ??_C@_08KBBNHJCC@get_name@ 0000000180019ee8     name.obj
 0002:00000ef8       ??_C@_0BI@GFFMOAMC@get_name?$CIea?$CJ?5?9?$DO?5qstring@ 0000000180019ef8     name.obj
 0002:00000f10       ??_C@_0BB@HBHPKCFK@get_colored_name@ 0000000180019f10     name.obj
 0002:00000f28       ??_C@_0CA@HFNKLDIC@get_colored_name?$CIea?$CJ?5?9?$DO?5qstring@ 0000000180019f28     name.obj
 0002:00000f48       ??_C@_0CE@FMABGOPA@set_name?$CIea?0?5name?0?5flags?$DN0?$CJ?5?9?$DO?5@ 0000000180019f48     name.obj
 0002:00000f70       ??_C@_0CG@BJCNIPKJ@force_name?$CIea?0?5name?0?5flags?$DN0?$CJ?5?9@ 0000000180019f70     name.obj
 0002:00000f98       ??_C@_0BA@DLAKHGI@del_global_name@ 0000000180019f98     name.obj
 0002:00000fa8       ??_C@_0BM@CPPLKFHA@del_global_name?$CIea?$CJ?5?9?$DO?5bool@ 0000000180019fa8     name.obj
 0002:00000fc8       ??_C@_0P@HNOINPCK@del_local_name@ 0000000180019fc8     name.obj
 0002:00000fd8       ??_C@_0BL@CFOAOBFC@del_local_name?$CIea?$CJ?5?9?$DO?5bool@ 0000000180019fd8     name.obj
 0002:00000ff8       ??_C@_0CC@EJLAKMKM@set_dummy_name?$CI_from?0?5ea?$CJ?5?9?$DO?5bo@ 0000000180019ff8     name.obj
 0002:00001020       ??_C@_0P@JHODIGDG@make_name_auto@ 000000018001a020     name.obj
 0002:00001030       ??_C@_0BL@HIPJFCAM@make_name_auto?$CIea?$CJ?5?9?$DO?5bool@ 000000018001a030     name.obj
 0002:00001050       ??_C@_0P@MFGAENPD@make_name_user@ 000000018001a050     name.obj
 0002:00001060       ??_C@_0BL@GDOAINMK@make_name_user?$CIea?$CJ?5?9?$DO?5bool@ 000000018001a060     name.obj
 0002:00001080       ??_C@_0CJ@OPHDBBMH@is_valid_cp?$CIcp?0?5kind?0?5data?$DNNone@ 000000018001a080     name.obj
 0002:000010b0       ??_C@_0DL@KNOJKFLI@set_cp_validity?$CIkind?0?5cp?0?5endcp@ 000000018001a0b0     name.obj
 0002:000010f0       ??_C@_0M@KLINEHJM@is_ident_cp@ 000000018001a0f0     name.obj
 0002:00001100       ??_C@_0BI@NHBEECL@is_ident_cp?$CIcp?$CJ?5?9?$DO?5bool@ 000000018001a100     name.obj
 0002:00001118       ??_C@_0CP@HGFIFGBL@is_strlit_cp?$CIcp?0?5specific_range@ 000000018001a118     name.obj
 0002:00001148       ??_C@_0O@LMPMKJEH@is_visible_cp@ 000000018001a148     name.obj
 0002:00001158       ??_C@_0BK@IEDGJMHG@is_visible_cp?$CIcp?$CJ?5?9?$DO?5bool@ 000000018001a158     name.obj
 0002:00001178       ??_C@_08FINPABHF@is_ident@ 000000018001a178     name.obj
 0002:00001188       ??_C@_0BH@LNFAIDGP@is_ident?$CIname?$CJ?5?9?$DO?5bool@ 000000018001a188     name.obj
 0002:000011a0       ??_C@_08LIIGNBCK@is_uname@ 000000018001a1a0     name.obj
 0002:000011b0       ??_C@_0BH@ODMICNFI@is_uname?$CIname?$CJ?5?9?$DO?5bool@ 000000018001a1b0     name.obj
 0002:000011c8       ??_C@_0BC@BNHJHPJP@is_valid_typename@ 000000018001a1c8     name.obj
 0002:000011e0       ??_C@_0CA@BAAPONFO@is_valid_typename?$CIname?$CJ?5?9?$DO?5bool@ 000000018001a1e0     name.obj
 0002:00001200       ??_C@_0CB@CBBBPEFB@extract_name?$CIline?0?5x?$CJ?5?9?$DO?5ssize_@ 000000018001a200     name.obj
 0002:00001228       ??_C@_09KDGPANAI@hide_name@ 000000018001a228     name.obj
 0002:00001238       ??_C@_0O@JAMMGDIO@hide_name?$CIea?$CJ@ 000000018001a238     name.obj
 0002:00001248       ??_C@_09MGHBPCOF@show_name@ 000000018001a248     name.obj
 0002:00001258       ??_C@_0O@ODNIGEIO@show_name?$CIea?$CJ@ 000000018001a258     name.obj
 0002:00001268       ??_C@_0CB@KMIOOHJ@get_name_ea?$CI_from?0?5name?$CJ?5?9?$DO?5ea_@ 000000018001a268     name.obj
 0002:00001290       ??_C@_0CE@MDOFPDPJ@get_name_base_ea?$CI_from?0?5to?$CJ?5?9?$DO?5@ 000000018001a290     name.obj
 0002:000012b8       ??_C@_0CD@HKAEOAIJ@get_name_value?$CI_from?0?5name?$CJ?5?9?$DO?5@ 000000018001a2b8     name.obj
 0002:000012e0       ??_C@_0CN@KFBDKMAK@get_visible_name?$CIea?0?5gtn_flags?$DN@ 000000018001a2e0     name.obj
 0002:00001310       ??_C@_0CL@KHJALEPM@get_short_name?$CIea?0?5gtn_flags?$DN0?$CJ@ 000000018001a310     name.obj
 0002:00001340       ??_C@_0CK@BPJGFLPA@get_long_name?$CIea?0?5gtn_flags?$DN0?$CJ?5@ 000000018001a340     name.obj
 0002:00001370       ??_C@_0DD@GPKPOLLA@get_colored_short_name?$CIea?0?5gtn_@ 000000018001a370     name.obj
 0002:000013a8       ??_C@_0DC@PHJIJHMC@get_colored_long_name?$CIea?0?5gtn_f@ 000000018001a3a8     name.obj
 0002:000013e0       ??_C@_0ED@LLPACFH@get_demangled_name?$CIea?0?5inhibito@ 000000018001a3e0     name.obj
 0002:00001430       ??_C@_0EL@PKICAHBB@get_colored_demangled_name?$CIea?0?5@ 000000018001a430     name.obj
 0002:00001480       ??_C@_0CF@OJEAFLMO@get_name_color?$CI_from?0?5ea?$CJ?5?9?$DO?5co@ 000000018001a480     name.obj
 0002:000014a8       ??_C@_0DK@EGILHAIP@get_name_expr?$CI_from?0?5n?0?5ea?0?5off@ 000000018001a4a8     name.obj
 0002:000014e8       ??_C@_0CO@GHOLDMHN@get_nice_colored_name?$CIea?0?5flags@ 000000018001a4e8     name.obj
 0002:00001520       ??_C@_0EG@FAIAOLAI@append_struct_fields?$CIdisp?0?5n?0?5p@ 000000018001a520     name.obj
 0002:00001568       ??_C@_0P@BFNBMKOH@is_public_name@ 000000018001a568     name.obj
 0002:00001578       ??_C@_0BL@EHBHNKGL@is_public_name?$CIea?$CJ?5?9?$DO?5bool@ 000000018001a578     name.obj
 0002:00001598       ??_C@_0BB@LIKNLCPO@make_name_public@ 000000018001a598     name.obj
 0002:000015b0       ??_C@_0BF@IOGKOPPI@make_name_public?$CIea?$CJ@ 000000018001a5b0     name.obj
 0002:000015c8       ??_C@_0BF@ODBHHHFA@make_name_non_public@ 000000018001a5c8     name.obj
 0002:000015e0       ??_C@_0BJ@FGCJBLCL@make_name_non_public?$CIea?$CJ@ 000000018001a5e0     name.obj
 0002:00001600       ??_C@_0N@FGCLNFOE@is_weak_name@ 000000018001a600     name.obj
 0002:00001610       ??_C@_0BJ@ONPGBLAE@is_weak_name?$CIea?$CJ?5?9?$DO?5bool@ 000000018001a610     name.obj
 0002:00001630       ??_C@_0P@FGNLBHBE@make_name_weak@ 000000018001a630     name.obj
 0002:00001640       ??_C@_0BD@NGMMMACA@make_name_weak?$CIea?$CJ@ 000000018001a640     name.obj
 0002:00001658       ??_C@_0BD@FGMAGIAN@make_name_non_weak@ 000000018001a658     name.obj
 0002:00001670       ??_C@_0BH@NEGDMMC@make_name_non_weak?$CIea?$CJ@ 000000018001a670     name.obj
 0002:00001688       ??_C@_0BL@COFBNOFM@get_nlist_size?$CI?$CJ?5?9?$DO?5size_t@ 000000018001a688     name.obj
 0002:000016a8       ??_C@_0O@LLDJFBOG@get_nlist_idx@ 000000018001a6a8     name.obj
 0002:000016b8       ??_C@_0BM@INHNABJB@get_nlist_idx?$CIea?$CJ?5?9?$DO?5size_t@ 000000018001a6b8     name.obj
 0002:000016d8       ??_C@_0M@MLMELMAC@is_in_nlist@ 000000018001a6d8     name.obj
 0002:000016e8       ??_C@_0BI@JMPEOGCE@is_in_nlist?$CIea?$CJ?5?9?$DO?5bool@ 000000018001a6e8     name.obj
 0002:00001700       ??_C@_0N@BIKFBBJK@get_nlist_ea@ 000000018001a700     name.obj
 0002:00001710       ??_C@_0BK@EHPDHKNE@get_nlist_ea?$CIidx?$CJ?5?9?$DO?5ea_t@ 000000018001a710     name.obj
 0002:00001730       ??_C@_0P@MOELKMEH@get_nlist_name@ 000000018001a730     name.obj
 0002:00001740       ??_C@_0CE@DEGMGOHJ@get_nlist_name?$CIidx?$CJ?5?9?$DO?5char?5con@ 000000018001a740     name.obj
 0002:00001768       ??_C@_0BA@OEDKMKIN@rebuild_nlist?$CI?$CJ@ 000000018001a768     name.obj
 0002:00001778       ??_C@_0BG@HEJOGOAF@reorder_dummy_names?$CI?$CJ@ 000000018001a778     name.obj
 0002:00001790       ??_C@_0BL@PLEOIJBH@ea_name_t_ea_set?$CIself?0?5ea?$CJ@ 000000018001a790     name.obj
 0002:000017b0       ??_C@_0BB@JFLDDDMF@ea_name_t_ea_get@ 000000018001a7b0     name.obj
 0002:000017c8       ??_C@_0BP@FCIMOKIG@ea_name_t_ea_get?$CIself?$CJ?5?9?$DO?5ea_t@ 000000018001a7c8     name.obj
 0002:000017e8       ??_C@_0BP@HCKLOLGD@ea_name_t_name_set?$CIself?0?5name?$CJ@ 000000018001a7e8     name.obj
 0002:00001808       ??_C@_0BD@FFEOLBGM@ea_name_t_name_get@ 000000018001a808     name.obj
 0002:00001820       ??_C@_0CG@DDLOIND@ea_name_t_name_get?$CIself?$CJ?5?9?$DO?5qst@ 000000018001a820     name.obj
 0002:00001848       ??_C@_0DF@BFKDPINM@?6ea_name_t?$CI?$CJ?6new_ea_name_t?$CI_ea?0@ 000000018001a848     name.obj
 0002:00001880       ??_C@_0BB@PCLCDGPF@delete_ea_name_t@ 000000018001a880     name.obj
 0002:00001898       ??_C@_0BH@DDNPHEEI@delete_ea_name_t?$CIself?$CJ@ 000000018001a898     name.obj
 0002:000018b0       ??_C@_0BH@HEMDOLOF@ea_name_t_swigregister@ 000000018001a8b0     name.obj
 0002:000018c8       ??_C@_0BD@FBOBFCDG@ea_name_t_swiginit@ 000000018001a8c8     name.obj
 0002:000018e0       ??_C@_0CB@EHFIBLHA@set_debug_name?$CIea?0?5name?$CJ?5?9?$DO?5boo@ 000000018001a8e0     name.obj
 0002:00001908       ??_C@_0CH@NHJPFPPF@get_debug_name?$CIea_ptr?0?5how?$CJ?5?9?$DO?5@ 000000018001a908     name.obj
 0002:00001930       ??_C@_0BK@ICBHFANI@del_debug_names?$CIea1?0?5ea2?$CJ@ 000000018001a930     name.obj
 0002:00001950       ??_C@_0BC@DHOBDIHK@get_debug_name_ea@ 000000018001a950     name.obj
 0002:00001968       ??_C@_0CA@KBJDIBFA@get_debug_name_ea?$CIname?$CJ?5?9?$DO?5ea_t@ 000000018001a968     name.obj
 0002:00001988       ??_C@_0DM@FFOCGDIP@demangle_name?$CIname?0?5disable_mas@ 000000018001a988     name.obj
 0002:000019d0       ??_C@_0FG@GBGENIL@is_name_defined_locally?$CIpfn?0?5na@ 000000018001a9d0     name.obj
 0002:00001a28       ??_C@_0CI@NIFBGMLH@cleanup_name?$CIea?0?5name?0?5flags?$DN0?$CJ@ 000000018001aa28     name.obj
 0002:00001a50       ??_C@_0EL@FIAGMAPF@?6get_debug_names?$CInames?0?5ea1?0?5ea@ 000000018001aa50     name.obj
 0002:00001aa0       ??_C@_0CI@CAFLLNGK@get_ea_name?$CIea?0?5gtn_flags?$DN0?$CJ?5?9?$DO@ 000000018001aaa0     name.obj
 0002:00001ac8       ??_C@_0DB@KMLNCGPJ@validate_name?$CIname?0?5type?0?5flags@ 000000018001aac8     name.obj
 0002:00001b00       ??_C@_0BE@LADBKDLC@_p__qstringT_char_t@ 000000018001ab00     name.obj
 0002:00001b18       ??_C@_0BN@OHJFNODI@_qstring?$DM?5char?5?$DO?5?$CK?$HMqstring?5?$CK@ 000000018001ab18     name.obj
 0002:00001b38       ??_C@_0BN@OGMFMNEO@_p__qstringT_unsigned_char_t@ 000000018001ab38     name.obj
 0002:00001b58       ??_C@_0CE@FCOOCMMP@qtype?5?$CK?$HM_qstring?$DM?5unsigned?5char@ 000000018001ab58     name.obj
 0002:00001b80       ??_C@_0BO@NPELMEMN@_p__qstringT_unsigned_short_t@ 000000018001ab80     name.obj
 0002:00001ba0       ??_C@_0CI@MOGIECDE@_qstring?$DM?5unsigned?5short?5?$DO?5?$CK?$HMqw@ 000000018001aba0     name.obj
 0002:00001bc8       ??_C@_0BF@FIODJLOI@_p_action_ctx_base_t@ 000000018001abc8     name.obj
 0002:00001be0       ??_C@_0EE@ODNBPOJC@action_ctx_base_t?5?$CK?$HMaction_upda@ 000000018001abe0     name.obj
 0002:00001c28       ??_C@_0N@IODFCNBG@_p_biggest_t@ 000000018001ac28     name.obj
 0002:00001c38       ??_C@_0M@LMODFOHJ@biggest_t?5?$CK@ 000000018001ac38     name.obj
 0002:00001c48       ??_C@_0O@HOPHBKAL@char?5?$CK?$HMint8?5?$CK@ 000000018001ac48     name.obj
 0002:00001c58       ??_C@_0BC@KJKOCNNG@_p_const_iterator@ 000000018001ac58     name.obj
 0002:00001c70       ??_C@_0BB@LAJPCFIO@const_iterator?5?$CK@ 000000018001ac70     name.obj
 0002:00001c88       ??_C@_0N@LIGFMCGD@_p_ea_name_t@ 000000018001ac88     name.obj
 0002:00001ca0       ??_C@_0FA@FPHIOLEB@ea_name_t?5?$CK?$HMqvector?$DM?5ea_name_t?5@ 000000018001aca0     name.obj
 0002:00001cf0       ??_C@_0CE@DHGPAIMI@_p_f_p_TWidget_int_int_p_void__@ 000000018001acf0     name.obj
 0002:00001d18       ??_C@_0DN@DFPOHMBA@custom_viewer_keydown_t?5?$CK?$HMbool?5@ 000000018001ad18     name.obj
 0002:00001d58       ??_C@_0DF@PENMGFJK@_p_f_p_TWidget_int_p_view_mouse@ 000000018001ad58     name.obj
 0002:00001d90       ??_C@_0FC@NPHKCCPL@void?5?$CI?$CK?$CJ?$CITWidget?5?$CK?0int?0view_mou@ 000000018001ad90     name.obj
 0002:00001de8       ??_C@_0CA@IGCEDJID@_p_f_p_TWidget_int_p_void__bool@ 000000018001ade8     name.obj
 0002:00001e10       ??_C@_0FC@PJNOFHGN@custom_viewer_click_t?5?$CK?$HMcustom_@ 000000018001ae10     name.obj
 0002:00001e68       ??_C@_0CO@MIHLPJDD@_p_f_p_TWidget_p_lochist_entry_@ 000000018001ae68     name.obj
 0002:00001ea0       ??_C@_0EM@HBPJNBB@custom_viewer_adjust_place_t?5?$CK?$HM@ 000000018001aea0     name.obj
 0002:00001ef0       ??_C@_0GM@LBGPKCPI@_p_f_p_TWidget_p_q_const__lochi@ 000000018001aef0     name.obj
 0002:00001f60       ??_C@_0IF@FKBGALIG@void?5?$CI?$CK?$CJ?$CITWidget?5?$CK?0lochist_entr@ 000000018001af60     name.obj
 0002:00001ff0       ??_C@_0FA@DFBJAGBE@_p_f_p_TWidget_p_q_const__lochi@ 000000018001aff0     name.obj
 0002:00002040       ??_C@_0GI@FMPBFLEM@custom_viewer_can_navigate_t?5?$CK?$HM@ 000000018001b040     name.obj
 0002:000020a8       ??_C@_0DH@JJEDBLDE@_p_f_p_TWidget_p_q_const__place@ 000000018001b0a8     name.obj
 0002:000020e0       ??_C@_0EP@PJDAMEBK@code_viewer_lines_click_t?5?$CK?$HMvoi@ 000000018001b0e0     name.obj
 0002:00002130       ??_C@_0DE@PBNPHPNC@_p_f_p_TWidget_p_q_const__place@ 000000018001b130     name.obj
 0002:00002170       ??_C@_0EL@JKPIBDKO@code_viewer_lines_icon_t?5?$CK?$HMint?5@ 000000018001b170     name.obj
 0002:000021c0       ??_C@_0EB@FDCGDBJI@_p_f_p_TWidget_p_q_const__place@ 000000018001b1c0     name.obj
 0002:00002210       ??_C@_0FN@GGLCMJJK@custom_viewer_get_place_xcoord_@ 000000018001b210     name.obj
 0002:00002270       ??_C@_0DO@KLDLOPHE@_p_f_p_TWidget_p_q_const__place@ 000000018001b270     name.obj
 0002:000022b0       ??_C@_0FI@GOMHMLF@code_viewer_lines_linenum_t?5?$CK?$HMb@ 000000018001b2b0     name.obj
 0002:00002308       ??_C@_0BL@BMEJNHDD@_p_f_p_TWidget_p_void__int@ 000000018001b308     name.obj
 0002:00002328       ??_C@_0DB@GMPMLKDG@custom_viewer_help_t?5?$CK?$HMint?5?$CI?$CK?$CJ?$CI@ 000000018001b328     name.obj
 0002:00002360       ??_C@_0BM@PAKPNBHH@_p_f_p_TWidget_p_void__void@ 000000018001b360     name.obj
 0002:00002380       ??_C@_0GE@BLLNJKNN@custom_viewer_popup_t?5?$CK?$HMcustom_@ 000000018001b380     name.obj
 0002:000023e8       ??_C@_0DM@PKHFKJJF@_p_f_p_chooser_multi_t_p_sizeve@ 000000018001b3e8     name.obj
 0002:00002430       ??_C@_0FA@INGPHNGB@chooser_base_t?3?3cbres_t?5?$CI?$CK?$CJ?$CIcho@ 000000018001b430     name.obj
 0002:00002480       ??_C@_0CN@LJCPBILN@_p_f_p_chooser_t_ssize_t__choos@ 000000018001b480     name.obj
 0002:000024b0       ??_C@_0DL@IKAMODJA@chooser_t?3?3cbret_t?5?$CI?$CK?$CJ?$CIchooser_@ 000000018001b4b0     name.obj
 0002:000024f0       ??_C@_0EC@GIKOMIMG@_p_f_p_lochist_entry_t_r_q_cons@ 000000018001b4f0     name.obj
 0002:00002540       ??_C@_0FE@OJIOMBOE@bool?5?$CI?$CK?$CJ?$CIlochist_entry_t?5?$CK?0loch@ 000000018001b540     name.obj
 0002:00002598       ??_C@_0CC@HPECDOJE@_p_f_p_q_const__char_p_void__vo@ 000000018001b598     name.obj
 0002:000025c0       ??_C@_0DA@LKJNDOAC@void?5?$CI?$CK?$CJ?$CIchar?5const?5?$CK?0void?5?$CK?$CJ?$HMs@ 000000018001b5c0     name.obj
 0002:000025f0       ??_C@_0GC@HKCHLFJ@_p_f_p_q_const__char_r_q_const_@ 000000018001b5f0     name.obj
 0002:00002660       ??_C@_0GE@CDAMLIPA@h2ti_type_cb?5?$CK?$HMint?5?$CI?$CK?$CJ?$CIchar?5con@ 000000018001b660     name.obj
 0002:000026c8       ??_C@_0CB@PLKCNJF@_p_f_p_q_const__char_v_______in@ 000000018001b6c8     name.obj
 0002:000026f0       ??_C@_0CG@EHKOJEHN@int?5?$CI?$CK?$CJ?$CIchar?5const?5?$CK?0?4?4?4?$CJ?$HMprint@ 000000018001b6f0     name.obj
 0002:00002718       ??_C@_0CB@PPFKEDBB@_p_f_p_void_int_va_list__ssize_@ 000000018001b718     name.obj
 0002:00002740       ??_C@_0CM@ODIKDJIA@ssize_t?5?$CI?$CK?$CJ?$CIvoid?5?$CK?0int?0va_list?$CJ@ 000000018001b740     name.obj
 0002:00002770       ??_C@_0CJ@KNMLBMOG@_p_f_r_q_const__insn_t_p_int_p_@ 000000018001b770     name.obj
 0002:000027a0       ??_C@_0DI@CGFAFNOI@bool?5?$CI?$CK?$CJ?$CIinsn_t?5const?5?$CG?0int?5?$CK?0i@ 000000018001b7a0     name.obj
 0002:000027e0       ??_C@_0FA@JJBGCIIH@_p_f_r_q_const__insn_t_r_q_cons@ 000000018001b7e0     name.obj
 0002:00002830       ??_C@_0FE@IBKJNBMI@bool?5?$CI?$CK?$CJ?$CIinsn_t?5const?5?$CG?0op_t?5co@ 000000018001b830     name.obj
 0002:00002888       ??_C@_0BI@PGCOIKGG@_p_f_unsigned_int__bool@ 000000018001b888     name.obj
 0002:000028a0       ??_C@_0DN@OGOBIPP@bool?5?$CI?$CK?$CJ?$CIunsigned?5int?$CJ?$HMhas_dela@ 000000018001b8a0     name.obj
 0002:000028e0       ??_C@_0DL@FFEHDPON@_p_f_unsigned_int_p_q_const__ch@ 000000018001b8e0     name.obj
 0002:00002920       ??_C@_0EK@MACPDLHN@int?5?$CI?$CK?$CJ?$CIunsigned?5int?0char?5const@ 000000018001b920     name.obj
 0002:00002970       ??_C@_0BP@HNIFGGKH@_p_f_unsigned_int_p_void__bool@ 000000018001b970     name.obj
 0002:00002990       ??_C@_0CI@PMEGIBIK@testf_t?5?$CK?$HMbool?5?$CI?$CK?$CJ?$CIunsigned?5int@ 000000018001b990     name.obj
 0002:000029b8       ??_C@_0DB@CEAPILAH@_p_f_unsigned_int_r_q_const__ti@ 000000018001b9b8     name.obj
 0002:000029f0       ??_C@_0EH@MLDNCCKC@local_tinfo_predicate_t?5?$CK?$HMint?5?$CI@ 000000018001b9f0     name.obj
 0002:00002a38       ??_C@_0CN@BPIIPJKN@_p_f_unsigned_int_unsigned_int_@ 000000018001ba38     name.obj
 0002:00002a68       ??_C@_0DO@CKIBBIPB@unsigned?5int?5?$CI?$CK?$CJ?$CIunsigned?5int?0u@ 000000018001ba68     name.obj
 0002:00002aa8       ??_C@_09LIGEMJOA@_p_func_t@ 000000018001baa8     name.obj
 0002:00002ab8       ??_C@_08IOOOCDNO@func_t?5?$CK@ 000000018001bab8     name.obj
 0002:00002ac4       ??_C@_06EJFLAOFF@_p_int@   000000018001bac4     name.obj
 0002:00002ad0       ??_C@_0JK@KEGAPOFN@adiff_t?5?$CK?$HMint?5?$CK?$HMint32?5?$CK?$HMsval_t?5@ 000000018001bad0     name.obj
 0002:00002b70       ??_C@_0M@CFMLOKJJ@_p_iterator@ 000000018001bb70     name.obj
 0002:00002b80       ??_C@_0L@IIMCJLIP@iterator?5?$CK@ 000000018001bb80     name.obj
 0002:00002b90       ??_C@_0O@HDLJBJJF@_p_location_t@ 000000018001bb90     name.obj
 0002:00002ba0       ??_C@_0N@ONMECIKA@location_t?5?$CK@ 000000018001bba0     name.obj
 0002:00002bb0       ??_C@_0N@HIKGEFDH@_p_long_long@ 000000018001bbb0     name.obj
 0002:00002bc0       ??_C@_0BP@FECEFBLL@int64?5?$CK?$HMlonglong?5?$CK?$HMlong?5long?5?$CK@ 000000018001bbc0     name.obj
 0002:00002be0       ??_C@_0CJ@KBPLCHCN@_p_qvectorT__qstringT_unsigned_@ 000000018001bbe0     name.obj
 0002:00002c10       ??_C@_0DF@GOALPBDM@qvector?$DM?5_qstring?$DM?5unsigned?5sho@ 000000018001bc10     name.obj
 0002:00002c48       ??_C@_0BH@EHIHPDFP@_p_qvectorT_argloc_t_t@ 000000018001bc48     name.obj
 0002:00002c60       ??_C@_0CC@PMMGEEHP@qvector?$DM?5argloc_t?5?$DO?5?$CK?$HMarglocs_t@ 000000018001bc60     name.obj
 0002:00002c88       ??_C@_0BD@IFPOLGLB@_p_qvectorT_bool_t@ 000000018001bc88     name.obj
 0002:00002ca0       ??_C@_0BO@JEOEHDBE@boolvec_t?5?$CK?$HMqvector?$DM?5bool?5?$DO?5?$CK@ 000000018001bca0     name.obj
 0002:00002cc0       ??_C@_0BO@BMBALGLA@_p_qvectorT_channel_redir_t_t@ 000000018001bcc0     name.obj
 0002:00002ce0       ??_C@_0DA@DFOFPPPA@qvector?$DM?5channel_redir_t?5?$DO?5?$CK?$HMch@ 000000018001bce0     name.obj
 0002:00002d10       ??_C@_0CA@KLOIFAIM@_p_qvectorT_compiled_binpat_t_t@ 000000018001bd10     name.obj
 0002:00002d30       ??_C@_0DH@JJMOBCIB@compiled_binpat_vec_t?5?$CK?$HMqvector@ 000000018001bd30     name.obj
 0002:00002d68       ??_C@_0BI@MEGONGBE@_p_qvectorT_ea_name_t_t@ 000000018001bd68     name.obj
 0002:00002d80       ??_C@_0CH@BJLCLFNJ@ea_name_vec_t?5?$CK?$HMqvector?$DM?5ea_nam@ 000000018001bd80     name.obj
 0002:00002da8       ??_C@_0BI@HPPPANA@_p_qvectorT_funcarg_t_t@ 000000018001bda8     name.obj
 0002:00002dc0       ??_C@_0CG@BKJABKPP@funcargvec_t?5?$CK?$HMqvector?$DM?5funcarg@ 000000018001bdc0     name.obj
 0002:00002de8       ??_C@_0BC@EMAMHDDK@_p_qvectorT_int_t@ 000000018001bde8     name.obj
 0002:00002e00       ??_C@_0CI@OEOLBAGE@svalvec_t?5?$CK?$HMintvec_t?5?$CK?$HMqvector?$DM@ 000000018001be00     name.obj
 0002:00002e28       ??_C@_0BG@NGNJJEPD@_p_qvectorT_range_t_t@ 000000018001be28     name.obj
 0002:00002e40       ??_C@_0CH@CMPFLCHN@rangevec_base_t?5?$CK?$HMqvector?$DM?5rang@ 000000018001be40     name.obj
 0002:00002e68       ??_C@_0CB@DLEFICAI@_p_qvectorT_rangeset_t_const_p_@ 000000018001be68     name.obj
 0002:00002e90       ??_C@_0DF@CPGECBJE@rangeset_crefvec_t?5?$CK?$HMqvector?$DM?5r@ 000000018001be90     name.obj
 0002:00002ec8       ??_C@_0BJ@CBEEABAG@_p_qvectorT_rangeset_t_t@ 000000018001bec8     name.obj
 0002:00002ee8       ??_C@_0CN@NEPIOIFG@qvector?$DM?5rangeset_t?5?$DO?5?$CK?$HMarray_o@ 000000018001bee8     name.obj
 0002:00002f18       ??_C@_0BN@HCIAELAH@_p_qvectorT_refinfo_desc_t_t@ 000000018001bf18     name.obj
 0002:00002f38       ??_C@_0DB@OEPGJFJL@refinfo_desc_vec_t?5?$CK?$HMqvector?$DM?5r@ 000000018001bf38     name.obj
 0002:00002f70       ??_C@_0BK@JBDFAIAF@_p_qvectorT_simd_info_t_t@ 000000018001bf70     name.obj
 0002:00002f90       ??_C@_0CL@IAEHADMA@simd_info_vec_t?5?$CK?$HMqvector?$DM?5simd@ 000000018001bf90     name.obj
 0002:00002fc0       ??_C@_0BL@JOHIOMBL@_p_qvectorT_simpleline_t_t@ 000000018001bfc0     name.obj
 0002:00002fe0       ??_C@_0CF@LMLHENLN@strvec_t?5?$CK?$HMqvector?$DM?5simpleline_@ 000000018001bfe0     name.obj
 0002:00003008       ??_C@_0BF@JMFCGENF@_p_qvectorT_size_t_t@ 000000018001c008     name.obj
 0002:00003020       ??_C@_0CA@PKGFIBKP@sizevec_t?5?$CK?$HMqvector?$DM?5size_t?5?$DO?5?$CK@ 000000018001c020     name.obj
 0002:00003040       ??_C@_0BG@GHPDGOHO@_p_qvectorT_tinfo_t_t@ 000000018001c040     name.obj
 0002:00003058       ??_C@_0CC@CEHAEEKI@tinfovec_t?5?$CK?$HMqvector?$DM?5tinfo_t?5?$DO@ 000000018001c058     name.obj
 0002:00003080       ??_C@_0BK@KGMCEJE@_p_qvectorT_type_attr_t_t@ 000000018001c080     name.obj
 0002:000030a0       ??_C@_0CI@PENEDOEG@type_attrs_t?5?$CK?$HMqvector?$DM?5type_at@ 000000018001c0a0     name.obj
 0002:000030c8       ??_C@_0BL@MFAEBBAF@_p_qvectorT_udt_member_t_t@ 000000018001c0c8     name.obj
 0002:000030e8       ??_C@_0CL@HFANAPIM@udtmembervec_t?5?$CK?$HMqvector?$DM?5udt_m@ 000000018001c0e8     name.obj
 0002:00003118       ??_C@_0BM@DFOCNGNJ@_p_qvectorT_unsigned_char_t@ 000000018001c118     name.obj
 0002:00003138       ??_C@_0CH@MCODNJGI@qvector?$DM?5unsigned?5char?5?$DO?5?$CK?$HMcomp@ 000000018001c138     name.obj
 0002:00003160       ??_C@_0M@BEMIELHM@_p_relobj_t@ 000000018001c160     name.obj
 0002:00003170       ??_C@_0N@OAHCDFLH@_p_bytevec_t@ 000000018001c170     name.obj
 0002:00003180       ??_C@_0BA@KOPDLMDG@_p_reloc_info_t@ 000000018001c180     name.obj
 0002:00003190       ??_C@_0BL@POPMPLM@_p_qvectorT_unsigned_int_t@ 000000018001c190     name.obj
 0002:000031b0       ??_C@_0DL@HDEADPMO@eavec_t?5?$CK?$HMordvec_t?5?$CK?$HMuvalvec_t?5@ 000000018001c1b0     name.obj
 0002:000031f0       ??_C@_08JGEHMJEC@_p_short@ 000000018001c1f0     name.obj
 0002:00003200       ??_C@_0BA@BBDCPKKI@int16?5?$CK?$HMshort?5?$CK@ 000000018001c200     name.obj
 0002:00003210       ??_C@_0P@IHEJCACJ@_p_signed_char@ 000000018001c210     name.obj
 0002:00003220       ??_C@_0BG@CGJIOBCI@signed?5char?5?$CK?$HMsint8?5?$CK@ 000000018001c220     name.obj
 0002:00003238       ??_C@_0BB@JEMKPEPB@_p_unsigned_char@ 000000018001c238     name.obj
 0002:00003250       ??_C@_0HI@NBHOBBOJ@uchar?5?$CK?$HMunsigned?5char?5?$CK?$HMcm_t?5?$CK?$HM@ 000000018001c250     name.obj
 0002:000032c8       ??_C@_0BA@EMEBBPFL@_p_unsigned_int@ 000000018001c2c8     name.obj
 0002:000032e0       ??_C@_0JE@GCFOGLMK@bgcolor_t?5?$CK?$HMenum_t?5?$CK?$HMtid_t?5?$CK?$HMbm@ 000000018001c2e0     name.obj
 0002:00003378       ??_C@_0BG@CGEDOPGF@_p_unsigned_long_long@ 000000018001c378     name.obj
 0002:00003390       ??_C@_0CK@FCLCDGJM@uint64?5?$CK?$HMulonglong?5?$CK?$HMunsigned?5l@ 000000018001c390     name.obj
 0002:000033c0       ??_C@_0BC@GCHEMBCE@_p_unsigned_short@ 000000018001c3c0     name.obj
 0002:000033d8       ??_C@_0CP@HNCAPCKA@uint16?5?$CK?$HMunsigned?5short?5?$CK?$HMushor@ 000000018001c3d8     name.obj
 0002:00003408       ??_C@_0O@KPNNNNNL@_p_value_type@ 000000018001c408     name.obj
 0002:00003418       ??_C@_0N@BPDHJAOG@value_type?5?$CK@ 000000018001c418     name.obj
 0002:00003428       ??_C@_03BHDOPPEK@own@      000000018001c428     name.obj
 0002:0000342c       ??_C@_06EFGGFDFD@disown@   000000018001c42c     name.obj
 0002:00003438       ??_C@_0CC@CFIMIIPD@releases?5ownership?5of?5the?5point@ 000000018001c438     name.obj
 0002:00003460       ??_C@_07MEFPPMEF@acquire@  000000018001c460     name.obj
 0002:00003468       ??_C@_0CC@BAIBAPCI@acquires?5ownership?5of?5the?5point@ 000000018001c468     name.obj
 0002:00003490       ??_C@_0CG@GKPKGEFE@returns?1sets?5ownership?5of?5the?5p@ 000000018001c490     name.obj
 0002:000034b8       ??_C@_06PCICMFGG@append@   000000018001c4b8     name.obj
 0002:000034c0       ??_C@_0BO@NCOOMDHM@appends?5another?5?8this?8?5object@ 000000018001c4c0     name.obj
 0002:000034e0       ??_C@_04CJGEDOF@next@      000000018001c4e0     name.obj
 0002:000034e8       ??_C@_0BP@IMIAEPNG@returns?5the?5next?5?8this?8?5object@ 000000018001c4e8     name.obj
 0002:00003508       ??_C@_08HJPCHLLJ@__repr__@ 000000018001c508     name.obj
 0002:00003518       ??_C@_0BO@PNCCHPAD@returns?5object?5representation@ 000000018001c518     name.obj
 0002:00003538       ??_C@_07HDHHMDOH@_p_char@  000000018001c538     name.obj
 0002:00003540       ??_C@_0BC@NJIHACLJ@new_ea_name_vec_t@ 000000018001c540     name.obj
 0002:00003558       ??_C@_0BI@ODPCDDN@ea_name_vec_t_push_back@ 000000018001c558     name.obj
 0002:00003570       ??_C@_0BB@HGGPGBJG@ea_name_vec_t_at@ 000000018001c570     name.obj
 0002:00003588       ??_C@_0BF@KNDBLLJB@ea_name_vec_t_resize@ 000000018001c588     name.obj
 0002:000035a0       ??_C@_0BD@JEHAMDGN@ea_name_vec_t_grow@ 000000018001c5a0     name.obj
 0002:000035b8       ??_C@_0BG@IBALNFEM@ea_name_vec_t_reserve@ 000000018001c5b8     name.obj
 0002:000035d0       ??_C@_0BD@HDBBLJNA@ea_name_vec_t_swap@ 000000018001c5d0     name.obj
 0002:000035e8       ??_C@_0BF@MFCHHCMC@ea_name_vec_t_inject@ 000000018001c5e8     name.obj
 0002:00003600       ??_C@_0BE@JJOIFHLL@ea_name_vec_t_begin@ 000000018001c600     name.obj
 0002:00003618       ??_C@_0BC@IGFIEGEC@ea_name_vec_t_end@ 000000018001c618     name.obj
 0002:00003630       ??_C@_0BF@LFDDEOHG@ea_name_vec_t_insert@ 000000018001c630     name.obj
 0002:00003648       ??_C@_0BE@IBADIMCA@ea_name_vec_t_erase@ 000000018001c648     name.obj
 0002:00003660       ??_C@_0BK@BMPLFJFE@ea_name_vec_t___getitem__@ 000000018001c660     name.obj
 0002:00003680       ??_C@_0BK@DCLOHIMG@ea_name_vec_t___setitem__@ 000000018001c680     name.obj
 0002:000036a0       ??_C@_08FADBGKFP@set_name@ 000000018001c6a0     name.obj
 0002:000036b0       ??_C@_0L@FFIPEGCF@force_name@ 000000018001c6b0     name.obj
 0002:000036c0       ??_C@_0P@GMELLHBI@set_dummy_name@ 000000018001c6c0     name.obj
 0002:000036d0       ??_C@_0M@HIGJCGLB@is_valid_cp@ 000000018001c6d0     name.obj
 0002:000036e0       ??_C@_0BA@NLBHKOLD@set_cp_validity@ 000000018001c6e0     name.obj
 0002:000036f0       ??_C@_0N@GEEAEPF@is_strlit_cp@ 000000018001c6f0     name.obj
 0002:00004550       ??_C@_0BO@CMHFAAKD@?$CFS?6Additional?5information?3?6?$CFs@ 000000018001d550     name.obj
 0002:0000456e       ??_C@_00CNPNBAHC@@         000000018001d56e     name.obj
 0002:00004570       ??_C@_09HJOCAFJB@at?5least?5@ 000000018001d570     name.obj
 0002:00004580       ??_C@_0CF@KFFOGCID@?$CFs?5expected?5?$CFs?$CFd?5arguments?0?5got@ 000000018001d580     name.obj
 0002:000045a8       ??_C@_0CL@NPJGKHAI@UnpackTuple?$CI?$CJ?5argument?5list?5is?5@ 000000018001d5a8     name.obj
 0002:000045d8       ??_C@_0CD@DMIOPJCG@?$CFs?5expected?5?$CFs?$CFd?5arguments?0?5got@ 000000018001d5d8     name.obj
 0002:00004600       ??_C@_08KFLHMPAE@at?5most?5@ 000000018001d600     name.obj
 0002:00004610       ??_C@_07MEBHOIG@__new__@   000000018001d610     name.obj
 0002:00004618       ??_C@_0BB@LPCDDCDP@__swig_destroy__@ 000000018001d618     name.obj
 0002:00004630       ??_C@_07CIFAGBMG@unknown@  000000018001d630     name.obj
 0002:00004638       ??_C@_0CB@HIOLGNHE@?$DMSwig?5Object?5of?5type?5?8?$CFs?8?5at?5?$CFp@ 000000018001d638     name.obj
 0002:00004660       ??_C@_08BHKDPDAA@__name__@ 000000018001d660     name.obj
 0002:00004670       ??_C@_0N@OEDBPMFH@SwigPyObject@ 000000018001d670     name.obj
 0002:00004680       ??_C@_0EH@KGGHIIII@swig?1python?5detected?5a?5memory?5l@ 000000018001d680     name.obj
 0002:000046c8       ??_C@_0CF@NBDOMJMA@Attempt?5to?5append?5a?5non?5SwigPyO@ 000000018001d6c8     name.obj
 0002:000046f0       ??_C@_0BG@BEMBDPAG@?$DMSwig?5Packed?5at?5?$CFs?$CFs?$DO@ 000000018001d6f0     name.obj
 0002:00004708       ??_C@_0BB@KEMDDLH@?$DMSwig?5Packed?5?$CFs?$DO@ 000000018001d708     name.obj
 0002:0000471c       ??_C@_04HDOCAJNK@?$CFs?$CFs@ 000000018001d71c     name.obj
 0002:00004728       ??_C@_0N@FALDBJHP@SwigPyPacked@ 000000018001d728     name.obj
 0002:00004738       ??_C@_04IIAJELJL@this@     000000018001d738     name.obj
 0002:00004740       ??_C@_0L@GCGAIEDO@swig_ptr?3?5@ 000000018001d740     name.obj
 0002:00004750       ??_C@_08IBFKALI@__dict__@  000000018001d750     name.obj
 0002:00004760       ??_C@_08DOBMGDEN@swiginit@ 000000018001d760     name.obj
 0002:00004770       ??_C@_0CO@FOLKHJOC@swig_runtime_data4?4type_pointer@ 000000018001d770     name.obj
 0002:000047a0       ??_C@_0BD@BFIMCAOH@swig_runtime_data4@ 000000018001d7a0     name.obj
 0002:000047b8       ??_C@_0BL@LFDLKGPB@type_pointer_capsuleidaapi@ 000000018001d7b8     name.obj
 0002:000047e0       ??_7exception@std@@6B@     000000018001d7e0     name.obj
 0002:000047f0       ??_C@_0BC@EOODALEL@Unknown?5exception@ 000000018001d7f0     name.obj
 0002:00004810       ??_7logic_error@std@@6B@   000000018001d810     name.obj
 0002:00004828       ??_7out_of_range@std@@6B@  000000018001d828     name.obj
 0002:00004838       ??_C@_0BK@NPFFDHAP@Out?5of?5memory?5?$CIbad_alloc?$CJ@ 000000018001d838     name.obj
 0002:00004860       ??_C@_0BCP@OKJACFO@Internal?5error?5?$CFd?5occurred?5when@ 000000018001d860     name.obj
 0002:00004990       ??_C@_0DB@OCJMLGAO@Function?5can?5be?5called?5from?5the@ 000000018001d990     name.obj
 0002:000049c8       ??_C@_0BF@NPFMAGNK@out?5of?5bounds?5access@ 000000018001d9c8     name.obj
 0002:000049e0       ??_C@_0BA@GMJLDMKP@surrogateescape@ 000000018001d9e0     name.obj
 0002:000049f0       ??_C@_02MCILKGOH@?$HL?$HN@ 000000018001d9f0     name.obj
 0002:000049f4       ??_C@_01KNKLHLMO@K@        000000018001d9f4     name.obj
 0002:00004a00       ??_C@_0FB@JFJFKGIN@in?5method?5?8new_ea_name_vec_t?8?0?5@ 000000018001da00     name.obj
 0002:00004a60       ??_C@_0GI@IIEGLMGL@invalid?5null?5reference?5in?5metho@ 000000018001da60     name.obj
 0002:00004ad0       ??_C@_0NF@LGBGJNDI@Wrong?5number?5or?5type?5of?5argumen@ 000000018001dad0     name.obj
 0002:00004bb0       ??_C@_0EO@LPGIMBFI@in?5method?5?8delete_ea_name_vec_t@ 000000018001dbb0     name.obj
 0002:00004c00       ??_C@_0FB@KDGDMIOI@in?5method?5?8ea_name_vec_t_push_b@ 000000018001dc00     name.obj
 0002:00004c60       ??_C@_0EM@POFHJFDP@in?5method?5?8ea_name_vec_t_push_b@ 000000018001dc60     name.obj
 0002:00004cb0       ??_C@_0GD@PKLDKMIF@invalid?5null?5reference?5in?5metho@ 000000018001dcb0     name.obj
 0002:00004d20       ??_C@_0NE@FMEPFHFH@Wrong?5number?5or?5type?5of?5argumen@ 000000018001dd20     name.obj
 0002:00004e00       ??_C@_0FA@IAMKICLO@in?5method?5?8ea_name_vec_t_pop_ba@ 000000018001de00     name.obj
 0002:00004e50       ??_C@_0FC@PANKOKP@in?5method?5?8ea_name_vec_t_size?8?0@ 000000018001de50     name.obj
 0002:00004eb0       ??_C@_0FD@POONHMNP@in?5method?5?8ea_name_vec_t_empty?8@ 000000018001deb0     name.obj
 0002:00004f10       ??_C@_0FA@IGKKEELL@in?5method?5?8ea_name_vec_t_at?8?0?5a@ 000000018001df10     name.obj
 0002:00004f60       ??_C@_0DK@NOKOLCLO@in?5method?5?8ea_name_vec_t_at?8?0?5a@ 000000018001df60     name.obj
 0002:00004fa0       ??_C@_0EO@PPGANDDG@in?5method?5?8ea_name_vec_t_qclear@ 000000018001dfa0     name.obj
 0002:00004ff0       ??_C@_0EN@IDKMDLFK@in?5method?5?8ea_name_vec_t_clear?8@ 000000018001dff0     name.obj
 0002:00005040       ??_C@_0EO@BDJOGJMO@in?5method?5?8ea_name_vec_t_resize@ 000000018001e040     name.obj
 0002:00005090       ??_C@_0DO@MLPBAMGI@in?5method?5?8ea_name_vec_t_resize@ 000000018001e090     name.obj
 0002:000050d0       ??_C@_0EJ@HIMEAMIO@in?5method?5?8ea_name_vec_t_resize@ 000000018001e0d0     name.obj
 0002:00005120       ??_C@_0GA@NLNDPFOA@invalid?5null?5reference?5in?5metho@ 000000018001e120     name.obj
 0002:00005180       ??_C@_0NI@MDFJBGAF@Wrong?5number?5or?5type?5of?5argumen@ 000000018001e180     name.obj
 0002:00005260       ??_C@_0EM@PDMCHJGA@in?5method?5?8ea_name_vec_t_grow?8?0@ 000000018001e260     name.obj
 0002:000052b0       ??_C@_0EH@CGCDLANL@in?5method?5?8ea_name_vec_t_grow?8?0@ 000000018001e2b0     name.obj
 0002:00005300       ??_C@_0FO@OAEILPE@invalid?5null?5reference?5in?5metho@ 000000018001e300     name.obj
 0002:00005360       ??_C@_0FG@DDMKBAE@in?5method?5?8ea_name_vec_t_capaci@ 000000018001e360     name.obj
 0002:000053c0       ??_C@_0EP@EFMJBECF@in?5method?5?8ea_name_vec_t_reserv@ 000000018001e3c0     name.obj
 0002:00005410       ??_C@_0DP@ILAKDLPG@in?5method?5?8ea_name_vec_t_reserv@ 000000018001e410     name.obj
 0002:00005450       ??_C@_0FA@KCLJJIIK@in?5method?5?8ea_name_vec_t_trunca@ 000000018001e450     name.obj
 0002:000054a0       ??_C@_0EM@FIJMLEB@in?5method?5?8ea_name_vec_t_swap?8?0@ 000000018001e4a0     name.obj
 0002:000054f0       ??_C@_0EM@IHEAAMDM@in?5method?5?8ea_name_vec_t_swap?8?0@ 000000018001e4f0     name.obj
 0002:00005540       ??_C@_0GD@IDKEDFIG@invalid?5null?5reference?5in?5metho@ 000000018001e540     name.obj
[...]
 0004:00001bc0       $pdata$_wrap_get_nlist_ea$catch$5 000000018002fbc0     name.obj
 0004:00001bcc       $pdata$_wrap_get_nlist_ea$catch$4 000000018002fbcc     name.obj
 0004:00001bd8       $pdata$_wrap_get_nlist_ea$catch$3 000000018002fbd8     name.obj
 0004:00001be4       $pdata$_wrap_get_nlist_ea$catch$2 000000018002fbe4     name.obj
 0004:00001bf0       $pdata$_wrap_get_nlist_ea$catch$1 000000018002fbf0     name.obj
 0004:00001bfc       $pdata$_wrap_get_nlist_ea$catch$0 000000018002fbfc     name.obj
 0004:00001c08       $pdata$_wrap_get_nlist_name 000000018002fc08     name.obj
 0004:00001c14       $pdata$_wrap_get_nlist_name$catch$5 000000018002fc14     name.obj
 0004:00001c20       $pdata$_wrap_get_nlist_name$catch$4 000000018002fc20     name.obj
 0004:00001c2c       $pdata$_wrap_get_nlist_name$catch$3 000000018002fc2c     name.obj
 0004:00001c38       $pdata$_wrap_get_nlist_name$catch$2 000000018002fc38     name.obj
 0004:00001c44       $pdata$_wrap_get_nlist_name$catch$1 000000018002fc44     name.obj
 0004:00001c50       $pdata$_wrap_get_nlist_name$catch$0 000000018002fc50     name.obj
 0004:00001c5c       $pdata$_wrap_rebuild_nlist 000000018002fc5c     name.obj
 0004:00001c68       $pdata$_wrap_rebuild_nlist$catch$5 000000018002fc68     name.obj
 0004:00001c74       $pdata$_wrap_rebuild_nlist$catch$4 000000018002fc74     name.obj
 0004:00001c80       $pdata$_wrap_rebuild_nlist$catch$3 000000018002fc80     name.obj
 0004:00001c8c       $pdata$_wrap_rebuild_nlist$catch$2 000000018002fc8c     name.obj
 0004:00001c98       $pdata$_wrap_rebuild_nlist$catch$1 000000018002fc98     name.obj
 0004:00001ca4       $pdata$_wrap_rebuild_nlist$catch$0 000000018002fca4     name.obj
 0004:00001cb0       $pdata$_wrap_reorder_dummy_names 000000018002fcb0     name.obj
 0004:00001cbc       $pdata$_wrap_reorder_dummy_names$catch$5 000000018002fcbc     name.obj
 0004:00001cc8       $pdata$_wrap_reorder_dummy_names$catch$4 000000018002fcc8     name.obj
 0004:00001cd4       $pdata$_wrap_reorder_dummy_names$catch$3 000000018002fcd4     name.obj
 0004:00001ce0       $pdata$_wrap_reorder_dummy_names$catch$2 000000018002fce0     name.obj
 0004:00001cec       $pdata$_wrap_reorder_dummy_names$catch$1 000000018002fcec     name.obj
 0004:00001cf8       $pdata$_wrap_reorder_dummy_names$catch$0 000000018002fcf8     name.obj
 0004:00001d04       $pdata$_wrap_ea_name_t_ea_set 000000018002fd04     name.obj
 0004:00001d10       $pdata$0$_wrap_ea_name_t_ea_set 000000018002fd10     name.obj
 0004:00001d1c       $pdata$1$_wrap_ea_name_t_ea_set 000000018002fd1c     name.obj
 0004:00001d28       $pdata$_wrap_ea_name_t_ea_get 000000018002fd28     name.obj
 0004:00001d34       $pdata$0$_wrap_ea_name_t_ea_get 000000018002fd34     name.obj
 0004:00001d40       $pdata$1$_wrap_ea_name_t_ea_get 000000018002fd40     name.obj
 0004:00001d4c       $pdata$_wrap_ea_name_t_name_set 000000018002fd4c     name.obj
 0004:00001d58       $pdata$0$_wrap_ea_name_t_name_set 000000018002fd58     name.obj
 0004:00001d64       $pdata$1$_wrap_ea_name_t_name_set 000000018002fd64     name.obj
 0004:00001d70       $pdata$_wrap_ea_name_t_name_get 000000018002fd70     name.obj
 0004:00001d7c       $pdata$0$_wrap_ea_name_t_name_get 000000018002fd7c     name.obj
 0004:00001d88       $pdata$1$_wrap_ea_name_t_name_get 000000018002fd88     name.obj
 0004:00001d94       $pdata$_wrap_new_ea_name_t__SWIG_0 000000018002fd94     name.obj
 0004:00001da0       $pdata$_wrap_new_ea_name_t__SWIG_0$catch$1 000000018002fda0     name.obj
 0004:00001dac       $pdata$_wrap_new_ea_name_t__SWIG_0$catch$2 000000018002fdac     name.obj
 0004:00001db8       $pdata$_wrap_new_ea_name_t__SWIG_0$catch$3 000000018002fdb8     name.obj
 0004:00001dc4       $pdata$_wrap_new_ea_name_t__SWIG_0$catch$4 000000018002fdc4     name.obj
 0004:00001dd0       $pdata$_wrap_new_ea_name_t__SWIG_0$catch$5 000000018002fdd0     name.obj
 0004:00001ddc       $pdata$_wrap_new_ea_name_t__SWIG_0$catch$6 000000018002fddc     name.obj
 0004:00001de8       $pdata$_wrap_new_ea_name_t__SWIG_1 000000018002fde8     name.obj
 0004:00001df4       $pdata$_wrap_new_ea_name_t__SWIG_1$catch$4 000000018002fdf4     name.obj
 0004:00001e00       $pdata$_wrap_new_ea_name_t__SWIG_1$catch$5 000000018002fe00     name.obj
 0004:00001e0c       $pdata$_wrap_new_ea_name_t__SWIG_1$catch$6 000000018002fe0c     name.obj
 0004:00001e18       $pdata$_wrap_new_ea_name_t__SWIG_1$catch$7 000000018002fe18     name.obj
 0004:00001e24       $pdata$_wrap_new_ea_name_t__SWIG_1$catch$8 000000018002fe24     name.obj
 0004:00001e30       $pdata$_wrap_new_ea_name_t__SWIG_1$catch$9 000000018002fe30     name.obj
 0004:00001e3c       $pdata$_wrap_new_ea_name_t 000000018002fe3c     name.obj
 0004:00001e48       $pdata$_wrap_delete_ea_name_t 000000018002fe48     name.obj
 0004:00001e54       $pdata$_wrap_delete_ea_name_t$catch$7 000000018002fe54     name.obj
 0004:00001e60       $pdata$_wrap_delete_ea_name_t$catch$6 000000018002fe60     name.obj
 0004:00001e6c       $pdata$_wrap_delete_ea_name_t$catch$5 000000018002fe6c     name.obj
 0004:00001e78       $pdata$_wrap_delete_ea_name_t$catch$4 000000018002fe78     name.obj
 0004:00001e84       $pdata$_wrap_delete_ea_name_t$catch$3 000000018002fe84     name.obj
 0004:00001e90       $pdata$_wrap_delete_ea_name_t$catch$2 000000018002fe90     name.obj
 0004:00001e9c       $pdata$ea_name_t_swigregister 000000018002fe9c     name.obj
 0004:00001ea8       $pdata$_wrap_set_debug_name 000000018002fea8     name.obj
 0004:00001eb4       $pdata$_wrap_set_debug_name$catch$5 000000018002feb4     name.obj
 0004:00001ec0       $pdata$_wrap_set_debug_name$catch$4 000000018002fec0     name.obj
 0004:00001ecc       $pdata$_wrap_set_debug_name$catch$3 000000018002fecc     name.obj
 0004:00001ed8       $pdata$_wrap_set_debug_name$catch$2 000000018002fed8     name.obj
 0004:00001ee4       $pdata$_wrap_set_debug_name$catch$1 000000018002fee4     name.obj
 0004:00001ef0       $pdata$_wrap_set_debug_name$catch$0 000000018002fef0     name.obj
 0004:00001efc       $pdata$_wrap_get_debug_name 000000018002fefc     name.obj
 0004:00001f08       $pdata$_wrap_get_debug_name$catch$8 000000018002ff08     name.obj
 0004:00001f14       $pdata$_wrap_get_debug_name$catch$7 000000018002ff14     name.obj
 0004:00001f20       $pdata$_wrap_get_debug_name$catch$6 000000018002ff20     name.obj
 0004:00001f2c       $pdata$_wrap_get_debug_name$catch$5 000000018002ff2c     name.obj
 0004:00001f38       $pdata$_wrap_get_debug_name$catch$4 000000018002ff38     name.obj
 0004:00001f44       $pdata$_wrap_get_debug_name$catch$3 000000018002ff44     name.obj
 0004:00001f50       $pdata$_wrap_del_debug_names 000000018002ff50     name.obj
 0004:00001f5c       $pdata$_wrap_del_debug_names$catch$5 000000018002ff5c     name.obj
 0004:00001f68       $pdata$_wrap_del_debug_names$catch$4 000000018002ff68     name.obj
 0004:00001f74       $pdata$_wrap_del_debug_names$catch$3 000000018002ff74     name.obj
 0004:00001f80       $pdata$_wrap_del_debug_names$catch$2 000000018002ff80     name.obj
 0004:00001f8c       $pdata$_wrap_del_debug_names$catch$1 000000018002ff8c     name.obj
 0004:00001f98       $pdata$_wrap_del_debug_names$catch$0 000000018002ff98     name.obj
 0004:00001fa4       $pdata$_wrap_get_debug_name_ea 000000018002ffa4     name.obj
 0004:00001fb0       $pdata$_wrap_get_debug_name_ea$catch$5 000000018002ffb0     name.obj
 0004:00001fbc       $pdata$_wrap_get_debug_name_ea$catch$4 000000018002ffbc     name.obj
 0004:00001fc8       $pdata$_wrap_get_debug_name_ea$catch$3 000000018002ffc8     name.obj
 0004:00001fd4       $pdata$_wrap_get_debug_name_ea$catch$2 000000018002ffd4     name.obj
 0004:00001fe0       $pdata$_wrap_get_debug_name_ea$catch$1 000000018002ffe0     name.obj
 0004:00001fec       $pdata$_wrap_get_debug_name_ea$catch$0 000000018002ffec     name.obj
 0004:00001ff8       $pdata$_wrap_get_debug_names__SWIG_0 000000018002fff8     name.obj
 0004:00002004       $pdata$_wrap_get_debug_names__SWIG_0$catch$5 0000000180030004     name.obj
 0004:00002010       $pdata$_wrap_get_debug_names__SWIG_0$catch$4 0000000180030010     name.obj
 0004:0000201c       $pdata$_wrap_get_debug_names__SWIG_0$catch$3 000000018003001c     name.obj
 0004:00002028       $pdata$_wrap_get_debug_names__SWIG_0$catch$2 0000000180030028     name.obj
 0004:00002034       $pdata$_wrap_get_debug_names__SWIG_0$catch$1 0000000180030034     name.obj
 0004:00002040       $pdata$_wrap_get_debug_names__SWIG_0$catch$0 0000000180030040     name.obj
 0004:0000204c       $pdata$_wrap_demangle_name 000000018003004c     name.obj
 0004:00002058       $pdata$_wrap_demangle_name$catch$8 0000000180030058     name.obj
 0004:00002064       $pdata$_wrap_demangle_name$catch$7 0000000180030064     name.obj
 0004:00002070       $pdata$_wrap_demangle_name$catch$6 0000000180030070     name.obj
 0004:0000207c       $pdata$_wrap_demangle_name$catch$5 000000018003007c     name.obj
 0004:00002088       $pdata$_wrap_demangle_name$catch$4 0000000180030088     name.obj
 0004:00002094       $pdata$_wrap_demangle_name$catch$3 0000000180030094     name.obj
 0004:000020a0       $pdata$Swig_var_ignore_none_set 00000001800300a0     name.obj
 0004:000020ac       $pdata$Swig_var_ignore_regvar_set 00000001800300ac     name.obj
 0004:000020b8       $pdata$Swig_var_ignore_llabel_set 00000001800300b8     name.obj
 0004:000020c4       $pdata$Swig_var_ignore_stkvar_set 00000001800300c4     name.obj
 0004:000020d0       $pdata$Swig_var_ignore_glabel_set 00000001800300d0     name.obj
 0004:000020dc       $pdata$_wrap_is_name_defined_locally 00000001800300dc     name.obj
 0004:000020e8       $pdata$_wrap_is_name_defined_locally$catch$5 00000001800300e8     name.obj
 0004:000020f4       $pdata$_wrap_is_name_defined_locally$catch$4 00000001800300f4     name.obj
 0004:00002100       $pdata$_wrap_is_name_defined_locally$catch$3 0000000180030100     name.obj
 0004:0000210c       $pdata$_wrap_is_name_defined_locally$catch$2 000000018003010c     name.obj
 0004:00002118       $pdata$_wrap_is_name_defined_locally$catch$1 0000000180030118     name.obj
 0004:00002124       $pdata$_wrap_is_name_defined_locally$catch$0 0000000180030124     name.obj
 0004:00002130       $pdata$_wrap_cleanup_name  0000000180030130     name.obj
 0004:0000213c       $pdata$_wrap_cleanup_name$catch$8 000000018003013c     name.obj
 0004:00002148       $pdata$_wrap_cleanup_name$catch$7 0000000180030148     name.obj
 0004:00002154       $pdata$_wrap_cleanup_name$catch$6 0000000180030154     name.obj
 0004:00002160       $pdata$_wrap_cleanup_name$catch$5 0000000180030160     name.obj
 0004:0000216c       $pdata$_wrap_cleanup_name$catch$4 000000018003016c     name.obj
 0004:00002178       $pdata$_wrap_cleanup_name$catch$3 0000000180030178     name.obj
 0004:00002184       $pdata$_wrap_get_debug_names__SWIG_1 0000000180030184     name.obj
 0004:00002190       $pdata$_wrap_get_debug_names__SWIG_1$catch$8 0000000180030190     name.obj
 0004:0000219c       $pdata$_wrap_get_debug_names__SWIG_1$catch$7 000000018003019c     name.obj
 0004:000021a8       $pdata$_wrap_get_debug_names__SWIG_1$catch$6 00000001800301a8     name.obj
 0004:000021b4       $pdata$_wrap_get_debug_names__SWIG_1$catch$5 00000001800301b4     name.obj
 0004:000021c0       $pdata$_wrap_get_debug_names__SWIG_1$catch$4 00000001800301c0     name.obj
 0004:000021cc       $pdata$_wrap_get_debug_names__SWIG_1$catch$3 00000001800301cc     name.obj
 0004:000021d8       $pdata$_wrap_get_debug_names 00000001800301d8     name.obj
 0004:000021e4       $pdata$2$_wrap_get_debug_names 00000001800301e4     name.obj
 0004:000021f0       $pdata$3$_wrap_get_debug_names 00000001800301f0     name.obj
 0004:000021fc       $pdata$4$_wrap_get_debug_names 00000001800301fc     name.obj
 0004:00002208       $pdata$_wrap_get_ea_name   0000000180030208     name.obj
 0004:00002214       $pdata$_wrap_get_ea_name$catch$11 0000000180030214     name.obj
 0004:00002220       $pdata$_wrap_get_ea_name$catch$12 0000000180030220     name.obj
 0004:0000222c       $pdata$_wrap_get_ea_name$catch$13 000000018003022c     name.obj
 0004:00002238       $pdata$_wrap_get_ea_name$catch$14 0000000180030238     name.obj
 0004:00002244       $pdata$_wrap_get_ea_name$catch$15 0000000180030244     name.obj
 0004:00002250       $pdata$_wrap_get_ea_name$catch$16 0000000180030250     name.obj
 0004:0000225c       $pdata$_wrap_validate_name 000000018003025c     name.obj
 0004:00002268       $pdata$_wrap_validate_name$catch$8 0000000180030268     name.obj
 0004:00002274       $pdata$_wrap_validate_name$catch$7 0000000180030274     name.obj
 0004:00002280       $pdata$_wrap_validate_name$catch$6 0000000180030280     name.obj
 0004:0000228c       $pdata$_wrap_validate_name$catch$5 000000018003028c     name.obj
 0004:00002298       $pdata$_wrap_validate_name$catch$4 0000000180030298     name.obj
 0004:000022a4       $pdata$_wrap_validate_name$catch$3 00000001800302a4     name.obj
 0004:000022b0       $pdata$SWIG_InitializeModule 00000001800302b0     name.obj
 0004:000022bc       $pdata$1$SWIG_InitializeModule 00000001800302bc     name.obj
 0004:000022c8       $pdata$4$SWIG_InitializeModule 00000001800302c8     name.obj
 0004:000022d4       $pdata$5$SWIG_InitializeModule 00000001800302d4     name.obj
 0004:000022e0       $pdata$6$SWIG_InitializeModule 00000001800302e0     name.obj
 0004:000022ec       $pdata$swig_varlink_str    00000001800302ec     name.obj
 0004:000022f8       $pdata$1$swig_varlink_str  00000001800302f8     name.obj
 0004:00002304       $pdata$2$swig_varlink_str  0000000180030304     name.obj
 0004:00002310       $pdata$swig_varlink_dealloc 0000000180030310     name.obj
 0004:0000231c       $pdata$0$swig_varlink_dealloc 000000018003031c     name.obj
 0004:00002328       $pdata$1$swig_varlink_dealloc 0000000180030328     name.obj
 0004:00002334       $pdata$swig_varlink_getattr 0000000180030334     name.obj
 0004:00002340       $pdata$swig_varlink_setattr 0000000180030340     name.obj
 0004:0000234c       $pdata$SWIG_Python_FixMethods 000000018003034c     name.obj
 0004:00002358       $pdata$4$SWIG_Python_FixMethods 0000000180030358     name.obj
 0004:00002364       $pdata$5$SWIG_Python_FixMethods 0000000180030364     name.obj
 0004:00002370       $pdata$PyInit__ida_name    0000000180030370     name.obj
 0004:0000237c       $pdata$2$PyInit__ida_name  000000018003037c     name.obj
 0004:00002388       $pdata$3$PyInit__ida_name  0000000180030388     name.obj
 0004:00002394       $pdata$4$PyInit__ida_name  0000000180030394     name.obj
 0004:000023a0       $pdata$5$PyInit__ida_name  00000001800303a0     name.obj
 0004:000023ac       $pdata$??2@YAPEAX_K@Z      00000001800303ac     MSVCRT:new_scalar.obj
 0004:000023b8       $pdata$_Init_thread_header 00000001800303b8     MSVCRT:thread_safe_statics.obj
 0004:000023c4       $pdata$_Init_thread_footer 00000001800303c4     MSVCRT:thread_safe_statics.obj
 0004:000023d0       $pdata$_Init_thread_wait   00000001800303d0     MSVCRT:thread_safe_statics.obj
 0004:000023dc       $pdata$_Init_thread_notify 00000001800303dc     MSVCRT:thread_safe_statics.obj
 0004:000023e8       $pdata$?__scrt_uninitialize_thread_safe_statics@@YAXXZ 00000001800303e8     MSVCRT:thread_safe_statics.obj
 0004:000023f4       $pdata$?__scrt_initialize_thread_safe_statics@@YAHXZ 00000001800303f4     MSVCRT:thread_safe_statics.obj
 0004:00002400       $pdata$__GSHandlerCheckCommon 0000000180030400     MSVCRT:gshandler.obj
 0004:0000240c       $pdata$__GSHandlerCheck    000000018003040c     MSVCRT:gshandler.obj
 0004:00002418       $pdata$__GSHandlerCheck_EH 0000000180030418     MSVCRT:gshandlereh.obj
 0004:00002430       $pdata$??_Gtype_info@@UEAAPEAXI@Z 0000000180030430     MSVCRT:std_type_info_static.obj
 0004:0000243c       $pdata$?dllmain_crt_process_attach@@YAHQEAUHINSTANCE__@@QEAX@Z 000000018003043c     MSVCRT:dll_dllmain.obj
 0004:00002448       $pdata$?fin$0@?0??dllmain_crt_process_attach@@YAHQEAUHINSTANCE__@@QEAX@Z@4HA 0000000180030448     MSVCRT:dll_dllmain.obj
 0004:00002454       $pdata$?dllmain_crt_process_detach@@YAH_N@Z 0000000180030454     MSVCRT:dll_dllmain.obj
 0004:00002460       $pdata$?fin$0@?0??dllmain_crt_process_detach@@YAH_N@Z@4HA 0000000180030460     MSVCRT:dll_dllmain.obj
 0004:0000246c       $pdata$?dllmain_crt_dispatch@@YAHQEAUHINSTANCE__@@KQEAX@Z 000000018003046c     MSVCRT:dll_dllmain.obj
 0004:00002478       $pdata$?dllmain_dispatch@@YAHQEAUHINSTANCE__@@KQEAX@Z 0000000180030478     MSVCRT:dll_dllmain.obj
 0004:00002484       $pdata$?filt$0@?0??dllmain_dispatch@@YAHQEAUHINSTANCE__@@KQEAX@Z@4HA 0000000180030484     MSVCRT:dll_dllmain.obj
 0004:00002490       $pdata$_DllMainCRTStartup  0000000180030490     MSVCRT:dll_dllmain.obj
 0004:0000249c       $pdata$??0bad_alloc@std@@QEAA@AEBV01@@Z 000000018003049c     MSVCRT:throw_bad_alloc.obj
 0004:000024a8       $pdata$??0bad_array_new_length@std@@QEAA@AEBV01@@Z 00000001800304a8     MSVCRT:throw_bad_alloc.obj
 0004:000024b4       $pdata$?__scrt_throw_std_bad_alloc@@YAXXZ 00000001800304b4     MSVCRT:throw_bad_alloc.obj
 0004:000024c0       $pdata$?__scrt_throw_std_bad_array_new_length@@YAXXZ 00000001800304c0     MSVCRT:throw_bad_alloc.obj
 0004:000024cc       $pdata$atexit              00000001800304cc     MSVCRT:utility.obj
 0004:000024d8       $pdata$_onexit             00000001800304d8     MSVCRT:utility.obj
 0004:000024e4       $pdata$__scrt_is_nonwritable_in_current_image 00000001800304e4     MSVCRT:utility.obj
 0004:000024f0       $pdata$__scrt_is_nonwritable_in_current_image$filt$0 00000001800304f0     MSVCRT:utility.obj
 0004:000024fc       $pdata$__scrt_acquire_startup_lock 00000001800304fc     MSVCRT:utility.obj
 0004:00002508       $pdata$__scrt_release_startup_lock 0000000180030508     MSVCRT:utility.obj
 0004:00002514       $pdata$__scrt_initialize_crt 0000000180030514     MSVCRT:utility.obj
 0004:00002520       $pdata$__scrt_uninitialize_crt 0000000180030520     MSVCRT:utility.obj
 0004:0000252c       $pdata$__scrt_initialize_onexit_tables 000000018003052c     MSVCRT:utility.obj
 0004:00002538       $pdata$__scrt_dllmain_exception_filter 0000000180030538     MSVCRT:utility.obj
 0004:00002544       $pdata$__scrt_dllmain_before_initialize_c 0000000180030544     MSVCRT:utility.obj
 0004:00002550       $pdata$__scrt_dllmain_after_initialize_c 0000000180030550     MSVCRT:utility.obj
 0004:0000255c       $pdata$__scrt_dllmain_uninitialize_c 000000018003055c     MSVCRT:utility.obj
 0004:00002568       $pdata$__scrt_dllmain_uninitialize_critical 0000000180030568     MSVCRT:utility.obj
 0004:00002574       $pdata$__scrt_dllmain_crt_thread_attach 0000000180030574     MSVCRT:utility.obj
 0004:00002580       $pdata$__scrt_dllmain_crt_thread_detach 0000000180030580     MSVCRT:utility.obj
 0004:0000258c       $pdata$__scrt_fastfail     000000018003058c     MSVCRT:utility_desktop.obj
 0004:00002598       $pdata$__report_gsfailure  0000000180030598     MSVCRT:gs_report.obj
 0004:000025a4       $pdata$capture_previous_context 00000001800305a4     MSVCRT:gs_report.obj
 0004:000025b0       $pdata$__raise_securityfailure 00000001800305b0     MSVCRT:gs_report.obj
 0004:000025bc       $pdata$__security_init_cookie 00000001800305bc     MSVCRT:gs_support.obj
 0004:000025c8       $pdata$DllMain             00000001800305c8     MSVCRT:dll_dllmain_stub.obj
 0004:000025d4       $pdata$__scrt_initialize_default_local_stdio_options 00000001800305d4     MSVCRT:default_local_stdio_options.obj
 0004:000025e0       $pdata$_RTC_Initialize     00000001800305e0     MSVCRT:initsect.obj
 0004:000025ec       $pdata$_RTC_Terminate      00000001800305ec     MSVCRT:initsect.obj
 0004:000025f8       $pdata$__isa_available_init 00000001800305f8     MSVCRT:cpu_disp.obj
