 _ida_tryblks

 Timestamp is 5e3da0bd (Fri Feb  7 17:39:09 2020)

 Preferred load address is 0000000180000000

 Start         Length     Name                   Class
 0001:00000000 00012f50H .text$mn                CODE
 0001:00012f50 00000020H .text$mn$00             CODE
 0001:00012f70 000074f3H .text$x                 CODE
 0002:00000000 00000470H .idata$5                DATA
 0002:00000470 00000010H .00cfg                  DATA
 0002:00000480 00000008H .CRT$XCA                DATA
 0002:00000488 00000008H .CRT$XCZ                DATA
 0002:00000490 00000008H .CRT$XIA                DATA
 0002:00000498 00000008H .CRT$XIC                DATA
 0002:000004a0 00000008H .CRT$XIZ                DATA
 0002:000004a8 00000008H .CRT$XLA                DATA
 0002:000004b0 00000008H .CRT$XLZ                DATA
 0002:000004b8 00000008H .CRT$XPA                DATA
 0002:000004c0 00000008H .CRT$XPZ                DATA
 0002:000004c8 00000008H .CRT$XTA                DATA
 0002:000004d0 00000010H .CRT$XTZ                DATA
 0002:000004d8 00000000H .gfids$y                DATA
 0002:000004e0 00009040H .rdata                  DATA
 0002:00009520 00000028H .rdata$T                DATA
 0002:00009548 000001f4H .rdata$r                DATA
 0002:0000973c 00000314H .rdata$zzzdbg           DATA
 0002:00009a50 00000008H .rtc$IAA                DATA
 0002:00009a58 00000008H .rtc$IZZ                DATA
 0002:00009a60 00000008H .rtc$TAA                DATA
 0002:00009a68 00000008H .rtc$TZZ                DATA
 0002:00009a70 00000004H .tls                    DATA
 0002:00009a74 00000004H .tls$                   DATA
 0002:00009a78 00000008H .tls$ZZZ                DATA
 0002:00009a80 00005f68H .xdata                  DATA
 0002:0000f9e8 000000b8H .xdata$x                DATA
 0002:0000faa0 00000058H .edata                  DATA
 0002:0000faf8 000000b4H .idata$2                DATA
 0002:0000fbac 00000014H .idata$3                DATA
 0002:0000fbc0 00000470H .idata$4                DATA
 0002:00010030 00000b30H .idata$6                DATA
 0003:00000000 00003698H .data                   DATA
 0003:00003698 00000118H .data$r                 DATA
 0003:000037b0 00000938H .bss                    DATA
 0004:00000000 000029e8H .pdata                  DATA

  Address         Publics by Value              Rva+Base               Lib:Object

 0000:00000000       __guard_iat_table          0000000000000000     <absolute>
 0000:00000000       __hybrid_code_map          0000000000000000     <absolute>
 0000:00000000       __guard_longjmp_table      0000000000000000     <absolute>
 0000:00000000       __enclave_config           0000000000000000     <absolute>
 0000:00000000       __guard_longjmp_count      0000000000000000     <absolute>
 0000:00000000       __dynamic_value_reloc_table 0000000000000000     <absolute>
 0000:00000000       ___safe_se_handler_count   0000000000000000     <absolute>
 0000:00000000       __guard_iat_count          0000000000000000     <absolute>
 0000:00000000       __hybrid_code_map_count    0000000000000000     <absolute>
 0000:00000000       ___safe_se_handler_table   0000000000000000     <absolute>
 0000:00000000       __guard_fids_count         0000000000000000     <absolute>
 0000:00000000       __guard_fids_table         0000000000000000     <absolute>
 0000:00000000       __volatile_metadata        0000000000000000     <absolute>
 0000:00000000       __hybrid_auxiliary_iat     0000000000000000     <absolute>
 0000:00000100       __guard_flags              0000000000000100     <absolute>
 0000:00000000       __ImageBase                0000000180000000     <linker-defined>
 0001:0000bb30       ??0?$qvector@Ucatch_t@@@@QEAA@AEBV0@@Z 000000018000cb30 f i tryblks.obj
 0001:0000bc00       ??0exception@std@@QEAA@AEBV01@@Z 000000018000cc00 f i tryblks.obj
 0001:0000bc40       ??0logic_error@std@@QEAA@AEBV01@@Z 000000018000cc40 f i tryblks.obj
 0001:0000bc80       ??0out_of_range@std@@QEAA@AEBV01@@Z 000000018000cc80 f i tryblks.obj
 0001:0000bcc0       ??0out_of_range@std@@QEAA@PEBD@Z 000000018000ccc0 f i tryblks.obj
 0001:0000bd10       ??0rangevec_t@@QEAA@AEBU0@@Z 000000018000cd10 f i tryblks.obj
 0001:0000bda0       ??1catch_t@@QEAA@XZ        000000018000cda0 f i tryblks.obj
 0001:0000bde0       ??1out_of_range@std@@UEAA@XZ 000000018000cde0 f i tryblks.obj
 0001:0000be00       ??1tryblk_t@@QEAA@XZ       000000018000ce00 f i tryblks.obj
 0001:0000be40       ??4rangevec_t@@QEAAAEAU0@AEBU0@@Z 000000018000ce40 f i tryblks.obj
 0001:0000bf40       ??4tryblk_t@@QEAAAEAV0@AEBV0@@Z 000000018000cf40 f i tryblks.obj
 0001:0000c000       ??8?$qvector@Ucatch_t@@@@QEBA_NAEBV0@@Z 000000018000d000 f i tryblks.obj
 0001:0000c0a0       ??8?$qvector@Vtryblk_t@@@@QEBA_NAEBV0@@Z 000000018000d0a0 f i tryblks.obj
 0001:0000c140       ??_Elogic_error@std@@UEAAPEAXI@Z 000000018000d140 f i tryblks.obj
 0001:0000c140       ??_Eout_of_range@std@@UEAAPEAXI@Z 000000018000d140 f i tryblks.obj
 0001:0000c140       ??_Glogic_error@std@@UEAAPEAXI@Z 000000018000d140 f i tryblks.obj
 0001:0000c140       ??_Eexception@std@@UEAAPEAXI@Z 000000018000d140 f i tryblks.obj
 0001:0000c140       ??_Gexception@std@@UEAAPEAXI@Z 000000018000d140 f i tryblks.obj
 0001:0000c140       ??_Gout_of_range@std@@UEAAPEAXI@Z 000000018000d140 f i tryblks.obj
 0001:0000c190       ??_Gseh_t@@QEAAPEAXI@Z     000000018000d190 f i tryblks.obj
 0001:0000c5a0       ?__empty_global_delete@@YAXPEAX_K@Z 000000018000d5a0 f i tryblks.obj
 0001:0000c5a0       ?__global_delete@@YAXPEAX_K@Z 000000018000d5a0 f i tryblks.obj
 0001:0000c5a0       _guard_check_icall_nop     000000018000d5a0 f i MSVCRT:guard_support.obj
 0001:0000c640       ?clear@seh_t@@QEAAXXZ      000000018000d640 f i tryblks.obj
 0001:0000c6c0       ?clear@tryblk_t@@QEAAXXZ   000000018000d6c0 f i tryblks.obj
 0001:0000c740       ?erase@?$qvector@Ucatch_t@@@@QEAAPEAUcatch_t@@PEAU2@@Z 000000018000d740 f i tryblks.obj
 0001:0000c7d0       ?erase@?$qvector@Vtryblk_t@@@@QEAAPEAVtryblk_t@@PEAV2@@Z 000000018000d7d0 f i tryblks.obj
 0001:0000c870       ?find@?$qvector@Ucatch_t@@@@QEAAPEAUcatch_t@@AEBU2@@Z 000000018000d870 f i tryblks.obj
 0001:0000c870       ?find@?$qvector@Ucatch_t@@@@QEBAPEBUcatch_t@@AEBU2@@Z 000000018000d870 f i tryblks.obj
 0001:0000c8f0       ?find@?$qvector@Vtryblk_t@@@@QEAAPEAVtryblk_t@@AEBV2@@Z 000000018000d8f0 f i tryblks.obj
 0001:0000c8f0       ?find@?$qvector@Vtryblk_t@@@@QEBAPEBVtryblk_t@@AEBV2@@Z 000000018000d8f0 f i tryblks.obj
 0001:0000c970       ?push_back@?$qvector@Ucatch_t@@@@QEAAXAEBUcatch_t@@@Z 000000018000d970 f i tryblks.obj
 0001:0000ca20       ?push_back@?$qvector@Vtryblk_t@@@@QEAAXAEBVtryblk_t@@@Z 000000018000da20 f i tryblks.obj
 0001:0000cab0       ?qclear@?$qvector@Ucatch_t@@@@QEAAXXZ 000000018000dab0 f i tryblks.obj
 0001:0000cb30       ?qclear@?$qvector@Vtryblk_t@@@@QEAAXXZ 000000018000db30 f i tryblks.obj
 0001:0000cbb0       ?resize@?$qvector@Ucatch_t@@@@QEAAX_KAEBUcatch_t@@@Z 000000018000dbb0 f i tryblks.obj
 0001:0000cce0       ?resize@?$qvector@Vtryblk_t@@@@QEAAX_KAEBVtryblk_t@@@Z 000000018000dce0 f i tryblks.obj
 0001:0000ce00       ?sprnt@?$_qstring@D@@QEAAAEAV1@PEBDZZ 000000018000de00 f i tryblks.obj
 0001:0000cec0       ?what@exception@std@@UEBAPEBDXZ 000000018000dec0 f i tryblks.obj
 0001:0000cee0       PyInit__ida_tryblks        000000018000dee0 f   tryblks.obj
 0001:0000e710       __local_stdio_printf_options 000000018000f710 f i tryblks.obj
 0001:00011c40       printf                     0000000180012c40 f i tryblks.obj
 0001:00011c95       qrealloc                   0000000180012c95 f   ida:ida.dll
 0001:00011c9b       qfree                      0000000180012c9b f   ida:ida.dll
 0001:00011ca1       qvsnprintf                 0000000180012ca1 f   ida:ida.dll
 0001:00011ca7       qalloc_or_throw            0000000180012ca7 f   ida:ida.dll
 0001:00011cad       qvector_reserve            0000000180012cad f   ida:ida.dll
 0001:00011cb3       is_main_thread             0000000180012cb3 f   ida:ida.dll
 0001:00011cb9       get_tryblks                0000000180012cb9 f   ida:ida.dll
 0001:00011cbf       del_tryblks                0000000180012cbf f   ida:ida.dll
 0001:00011cc5       add_tryblk                 0000000180012cc5 f   ida:ida.dll
 0001:00011ccb       find_syseh                 0000000180012ccb f   ida:ida.dll
 0001:00011cd1       PyW_GetNumber              0000000180012cd1 f   python:python.dll
 0001:00011cd8       ??3@YAXPEAX_K@Z            0000000180012cd8 f   MSVCRT:delete_scalar_size.obj
 0001:00011e68       _Init_thread_footer        0000000180012e68 f   MSVCRT:thread_safe_statics.obj
 0001:00011ec8       _Init_thread_header        0000000180012ec8 f   MSVCRT:thread_safe_statics.obj
 0001:00011f30       _Init_thread_notify        0000000180012f30 f   MSVCRT:thread_safe_statics.obj
 0001:00011f80       _Init_thread_wait          0000000180012f80 f   MSVCRT:thread_safe_statics.obj
 0001:00011ff8       __GSHandlerCheck           0000000180012ff8 f   MSVCRT:gshandler.obj
 0001:00012018       __GSHandlerCheckCommon     0000000180013018 f   MSVCRT:gshandler.obj
 0001:00012074       __GSHandlerCheck_EH        0000000180013074 f   MSVCRT:gshandlereh.obj
 0001:00012110       __security_check_cookie    0000000180013110 f   MSVCRT:amdsecgs.obj
 0001:00012134       ??_Gtype_info@@UEAAPEAXI@Z 0000000180013134 f i MSVCRT:std_type_info_static.obj
 0001:00012134       ??_Etype_info@@UEAAPEAXI@Z 0000000180013134 f i MSVCRT:std_type_info_static.obj
 0001:00012490       _DllMainCRTStartup         0000000180013490 f   MSVCRT:dll_dllmain.obj
 0001:000124d0       ??3@YAXPEAX@Z              00000001800134d0 f   MSVCRT:delete_scalar.obj
 0001:000124d8       __scrt_acquire_startup_lock 00000001800134d8 f   MSVCRT:utility.obj
 0001:00012514       __scrt_dllmain_after_initialize_c 0000000180013514 f   MSVCRT:utility.obj
 0001:00012548       __scrt_dllmain_before_initialize_c 0000000180013548 f   MSVCRT:utility.obj
 0001:00012560       __scrt_dllmain_crt_thread_attach 0000000180013560 f   MSVCRT:utility.obj
 0001:00012588       __scrt_dllmain_crt_thread_detach 0000000180013588 f   MSVCRT:utility.obj
 0001:000125a0       __scrt_dllmain_exception_filter 00000001800135a0 f   MSVCRT:utility.obj
 0001:00012600       __scrt_dllmain_uninitialize_c 0000000180013600 f   MSVCRT:utility.obj
 0001:00012630       __scrt_dllmain_uninitialize_critical 0000000180013630 f   MSVCRT:utility.obj
 0001:00012644       __scrt_initialize_crt      0000000180013644 f   MSVCRT:utility.obj
 0001:00012690       __scrt_initialize_onexit_tables 0000000180013690 f   MSVCRT:utility.obj
 0001:00012768       __scrt_is_nonwritable_in_current_image 0000000180013768 f   MSVCRT:utility.obj
 0001:00012804       __scrt_release_startup_lock 0000000180013804 f   MSVCRT:utility.obj
 0001:00012828       __scrt_uninitialize_crt    0000000180013828 f   MSVCRT:utility.obj
 0001:00012854       _onexit                    0000000180013854 f   MSVCRT:utility.obj
 0001:000128a4       atexit                     00000001800138a4 f   MSVCRT:utility.obj
 0001:000128bc       __crt_debugger_hook        00000001800138bc f   MSVCRT:utility_desktop.obj
 0001:000128c4       __scrt_fastfail            00000001800138c4 f   MSVCRT:utility_desktop.obj
 0001:00012a10       __raise_securityfailure    0000000180013a10 f   MSVCRT:gs_report.obj
 0001:00012a44       __report_gsfailure         0000000180013a44 f   MSVCRT:gs_report.obj
 0001:00012b8c       __security_init_cookie     0000000180013b8c f   MSVCRT:gs_support.obj
 0001:00012c38       DllMain                    0000000180013c38 f   MSVCRT:dll_dllmain_stub.obj
 0001:00012c5c       ?__scrt_initialize_type_info@@YAXXZ 0000000180013c5c f   MSVCRT:tncleanup.obj
 0001:00012c6c       ?__scrt_uninitialize_type_info@@YAXXZ 0000000180013c6c f   MSVCRT:tncleanup.obj
 0001:00012c78       __local_stdio_scanf_options 0000000180013c78 f i MSVCRT:default_local_stdio_options.obj
 0001:00012c80       __scrt_initialize_default_local_stdio_options 0000000180013c80 f   MSVCRT:default_local_stdio_options.obj
 0001:00012c9c       __scrt_get_dyn_tls_init_callback 0000000180013c9c f   MSVCRT:dyn_tls_init.obj
 0001:00012ca4       _RTC_Initialize            0000000180013ca4 f   MSVCRT:initsect.obj
 0001:00012ce0       _RTC_Terminate             0000000180013ce0 f   MSVCRT:initsect.obj
 0001:00012d1c       __isa_available_init       0000000180013d1c f   MSVCRT:cpu_disp.obj
 0001:00012e98       _get_startup_argv_mode     0000000180013e98 f   MSVCRT:argv_mode.obj
 0001:00012ea0       __scrt_is_ucrt_dll_in_use  0000000180013ea0 f   MSVCRT:ucrt_detection.obj
 0001:00012eb0       IsProcessorFeaturePresent  0000000180013eb0 f   kernel32:KERNEL32.dll
 0001:00012eb6       strstr                     0000000180013eb6 f   vcruntime:VCRUNTIME140.dll
 0001:00012ebc       __std_exception_copy       0000000180013ebc f   vcruntime:VCRUNTIME140.dll
 0001:00012ec2       __std_exception_destroy    0000000180013ec2 f   vcruntime:VCRUNTIME140.dll
 0001:00012ec8       _CxxThrowException         0000000180013ec8 f   vcruntime:VCRUNTIME140.dll
 0001:00012ece       __CxxFrameHandler3         0000000180013ece f   vcruntime:VCRUNTIME140.dll
 0001:00012ed4       memcpy                     0000000180013ed4 f   vcruntime:VCRUNTIME140.dll
 0001:00012eda       memmove                    0000000180013eda f   vcruntime:VCRUNTIME140.dll
 0001:00012ee0       memset                     0000000180013ee0 f   vcruntime:VCRUNTIME140.dll
 0001:00012ee6       __std_terminate            0000000180013ee6 f   vcruntime:VCRUNTIME140.dll
 0001:00012eec       __C_specific_handler       0000000180013eec f   vcruntime:VCRUNTIME140.dll
 0001:00012ef2       __std_type_info_destroy_list 0000000180013ef2 f   vcruntime:VCRUNTIME140.dll
 0001:00012ef8       free                       0000000180013ef8 f   ucrt:api-ms-win-crt-heap-l1-1-0.dll
 0001:00012efe       _initterm                  0000000180013efe f   ucrt:api-ms-win-crt-runtime-l1-1-0.dll
 0001:00012f04       _initterm_e                0000000180013f04 f   ucrt:api-ms-win-crt-runtime-l1-1-0.dll
 0001:00012f0a       _seh_filter_dll            0000000180013f0a f   ucrt:api-ms-win-crt-runtime-l1-1-0.dll
 0001:00012f10       _configure_narrow_argv     0000000180013f10 f   ucrt:api-ms-win-crt-runtime-l1-1-0.dll
 0001:00012f16       _initialize_narrow_environment 0000000180013f16 f   ucrt:api-ms-win-crt-runtime-l1-1-0.dll
 0001:00012f1c       _initialize_onexit_table   0000000180013f1c f   ucrt:api-ms-win-crt-runtime-l1-1-0.dll
 0001:00012f22       _register_onexit_function  0000000180013f22 f   ucrt:api-ms-win-crt-runtime-l1-1-0.dll
 0001:00012f28       _execute_onexit_table      0000000180013f28 f   ucrt:api-ms-win-crt-runtime-l1-1-0.dll
 0001:00012f2e       _crt_atexit                0000000180013f2e f   ucrt:api-ms-win-crt-runtime-l1-1-0.dll
 0001:00012f34       _cexit                     0000000180013f34 f   ucrt:api-ms-win-crt-runtime-l1-1-0.dll
 0001:00012f3c       __scrt_stub_for_acrt_thread_attach 0000000180013f3c f   MSVCRT:ucrt_stubs.obj
 0001:00012f3c       __acrt_uninitialize_critical 0000000180013f3c f   MSVCRT:ucrt_stubs.obj
 0001:00012f3c       __scrt_stub_for_acrt_thread_detach 0000000180013f3c f   MSVCRT:ucrt_stubs.obj
 0001:00012f3c       __vcrt_thread_attach       0000000180013f3c f   MSVCRT:ucrt_stubs.obj
 0001:00012f3c       __vcrt_initialize          0000000180013f3c f   MSVCRT:ucrt_stubs.obj
 0001:00012f3c       __scrt_stub_for_acrt_uninitialize 0000000180013f3c f   MSVCRT:ucrt_stubs.obj
 0001:00012f3c       __acrt_initialize          0000000180013f3c f   MSVCRT:ucrt_stubs.obj
 0001:00012f3c       __acrt_thread_detach       0000000180013f3c f   MSVCRT:ucrt_stubs.obj
 0001:00012f3c       __vcrt_uninitialize_critical 0000000180013f3c f   MSVCRT:ucrt_stubs.obj
 0001:00012f3c       __scrt_stub_for_acrt_initialize 0000000180013f3c f   MSVCRT:ucrt_stubs.obj
 0001:00012f3c       __scrt_stub_for_acrt_uninitialize_critical 0000000180013f3c f   MSVCRT:ucrt_stubs.obj
 0001:00012f3c       __vcrt_uninitialize        0000000180013f3c f   MSVCRT:ucrt_stubs.obj
 0001:00012f3c       __acrt_thread_attach       0000000180013f3c f   MSVCRT:ucrt_stubs.obj
 0001:00012f3c       __acrt_uninitialize        0000000180013f3c f   MSVCRT:ucrt_stubs.obj
 0001:00012f3c       __vcrt_thread_detach       0000000180013f3c f   MSVCRT:ucrt_stubs.obj
 0001:00012f40       __scrt_stub_for_is_c_termination_complete 0000000180013f40 f   MSVCRT:ucrt_stubs.obj
 0001:00012f40       _is_c_termination_complete 0000000180013f40 f   MSVCRT:ucrt_stubs.obj
 0001:00012f60       _guard_dispatch_icall_nop  0000000180013f60 f   MSVCRT:guard_dispatch.obj
 0002:00000000       __imp_CloseHandle          000000018001c000     kernel32:KERNEL32.dll
 0002:00000008       __imp_EnterCriticalSection 000000018001c008     kernel32:KERNEL32.dll
 0002:00000010       __imp_LeaveCriticalSection 000000018001c010     kernel32:KERNEL32.dll
 0002:00000018       __imp_InitializeCriticalSectionAndSpinCount 000000018001c018     kernel32:KERNEL32.dll
 0002:00000020       __imp_DeleteCriticalSection 000000018001c020     kernel32:KERNEL32.dll
 0002:00000028       __imp_SetEvent             000000018001c028     kernel32:KERNEL32.dll
 0002:00000030       __imp_ResetEvent           000000018001c030     kernel32:KERNEL32.dll
 0002:00000038       __imp_WaitForSingleObjectEx 000000018001c038     kernel32:KERNEL32.dll
 0002:00000040       __imp_CreateEventW         000000018001c040     kernel32:KERNEL32.dll
 0002:00000048       __imp_GetModuleHandleW     000000018001c048     kernel32:KERNEL32.dll
 0002:00000050       __imp_GetProcAddress       000000018001c050     kernel32:KERNEL32.dll
 0002:00000058       __imp_RtlCaptureContext    000000018001c058     kernel32:KERNEL32.dll
 0002:00000060       __imp_RtlLookupFunctionEntry 000000018001c060     kernel32:KERNEL32.dll
 0002:00000068       __imp_RtlVirtualUnwind     000000018001c068     kernel32:KERNEL32.dll
 0002:00000070       __imp_IsDebuggerPresent    000000018001c070     kernel32:KERNEL32.dll
 0002:00000078       __imp_UnhandledExceptionFilter 000000018001c078     kernel32:KERNEL32.dll
 0002:00000080       __imp_SetUnhandledExceptionFilter 000000018001c080     kernel32:KERNEL32.dll
 0002:00000088       __imp_IsProcessorFeaturePresent 000000018001c088     kernel32:KERNEL32.dll
 0002:00000090       __imp_GetCurrentProcess    000000018001c090     kernel32:KERNEL32.dll
 0002:00000098       __imp_TerminateProcess     000000018001c098     kernel32:KERNEL32.dll
 0002:000000a0       __imp_QueryPerformanceCounter 000000018001c0a0     kernel32:KERNEL32.dll
 0002:000000a8       __imp_GetCurrentProcessId  000000018001c0a8     kernel32:KERNEL32.dll
 0002:000000b0       __imp_GetCurrentThreadId   000000018001c0b0     kernel32:KERNEL32.dll
 0002:000000b8       __imp_GetSystemTimeAsFileTime 000000018001c0b8     kernel32:KERNEL32.dll
 0002:000000c0       __imp_DisableThreadLibraryCalls 000000018001c0c0     kernel32:KERNEL32.dll
 0002:000000c8       __imp_InitializeSListHead  000000018001c0c8     kernel32:KERNEL32.dll
 0002:000000d0       \177KERNEL32_NULL_THUNK_DATA 000000018001c0d0     kernel32:KERNEL32.dll
 0002:000000d8       __imp_strstr               000000018001c0d8     vcruntime:VCRUNTIME140.dll
 0002:000000e0       __imp___std_exception_copy 000000018001c0e0     vcruntime:VCRUNTIME140.dll
 0002:000000e8       __imp___std_exception_destroy 000000018001c0e8     vcruntime:VCRUNTIME140.dll
 0002:000000f0       __imp__CxxThrowException   000000018001c0f0     vcruntime:VCRUNTIME140.dll
 0002:000000f8       __imp___std_type_info_destroy_list 000000018001c0f8     vcruntime:VCRUNTIME140.dll
 0002:00000100       __imp___C_specific_handler 000000018001c100     vcruntime:VCRUNTIME140.dll
 0002:00000108       __imp___std_terminate      000000018001c108     vcruntime:VCRUNTIME140.dll
 0002:00000110       __imp_memset               000000018001c110     vcruntime:VCRUNTIME140.dll
 0002:00000118       __imp_memmove              000000018001c118     vcruntime:VCRUNTIME140.dll
 0002:00000120       __imp_memcpy               000000018001c120     vcruntime:VCRUNTIME140.dll
 0002:00000128       __imp___CxxFrameHandler3   000000018001c128     vcruntime:VCRUNTIME140.dll
 0002:00000130       \177VCRUNTIME140_NULL_THUNK_DATA 000000018001c130     vcruntime:VCRUNTIME140.dll
 0002:00000138       __imp_malloc               000000018001c138     ucrt:api-ms-win-crt-heap-l1-1-0.dll
 0002:00000140       __imp_free                 000000018001c140     ucrt:api-ms-win-crt-heap-l1-1-0.dll
 0002:00000148       \177api-ms-win-crt-heap-l1-1-0_NULL_THUNK_DATA 000000018001c148     ucrt:api-ms-win-crt-heap-l1-1-0.dll
 0002:00000150       __imp__cexit               000000018001c150     ucrt:api-ms-win-crt-runtime-l1-1-0.dll
 0002:00000158       __imp__initterm            000000018001c158     ucrt:api-ms-win-crt-runtime-l1-1-0.dll
 0002:00000160       __imp__initterm_e          000000018001c160     ucrt:api-ms-win-crt-runtime-l1-1-0.dll
 0002:00000168       __imp__seh_filter_dll      000000018001c168     ucrt:api-ms-win-crt-runtime-l1-1-0.dll
 0002:00000170       __imp__configure_narrow_argv 000000018001c170     ucrt:api-ms-win-crt-runtime-l1-1-0.dll
 0002:00000178       __imp__initialize_narrow_environment 000000018001c178     ucrt:api-ms-win-crt-runtime-l1-1-0.dll
 0002:00000180       __imp__initialize_onexit_table 000000018001c180     ucrt:api-ms-win-crt-runtime-l1-1-0.dll
 0002:00000188       __imp__register_onexit_function 000000018001c188     ucrt:api-ms-win-crt-runtime-l1-1-0.dll
 0002:00000190       __imp__execute_onexit_table 000000018001c190     ucrt:api-ms-win-crt-runtime-l1-1-0.dll
 0002:00000198       __imp__crt_atexit          000000018001c198     ucrt:api-ms-win-crt-runtime-l1-1-0.dll
 0002:000001a0       \177api-ms-win-crt-runtime-l1-1-0_NULL_THUNK_DATA 000000018001c1a0     ucrt:api-ms-win-crt-runtime-l1-1-0.dll
 0002:000001a8       __imp___stdio_common_vfprintf 000000018001c1a8     ucrt:api-ms-win-crt-stdio-l1-1-0.dll
 0002:000001b0       __imp___acrt_iob_func      000000018001c1b0     ucrt:api-ms-win-crt-stdio-l1-1-0.dll
 0002:000001b8       \177api-ms-win-crt-stdio-l1-1-0_NULL_THUNK_DATA 000000018001c1b8     ucrt:api-ms-win-crt-stdio-l1-1-0.dll
 0002:000001c0       __imp_strncmp              000000018001c1c0     ucrt:api-ms-win-crt-string-l1-1-0.dll
 0002:000001c8       \177api-ms-win-crt-string-l1-1-0_NULL_THUNK_DATA 000000018001c1c8     ucrt:api-ms-win-crt-string-l1-1-0.dll
 0002:000001d0       __imp_add_tryblk           000000018001c1d0     ida:ida.dll
 0002:000001d8       __imp_find_syseh           000000018001c1d8     ida:ida.dll
 0002:000001e0       __imp_get_tryblks          000000018001c1e0     ida:ida.dll
 0002:000001e8       __imp_is_main_thread       000000018001c1e8     ida:ida.dll
 0002:000001f0       __imp_qvector_reserve      000000018001c1f0     ida:ida.dll
 0002:000001f8       __imp_qalloc_or_throw      000000018001c1f8     ida:ida.dll
 0002:00000200       __imp_qvsnprintf           000000018001c200     ida:ida.dll
 0002:00000208       __imp_qfree                000000018001c208     ida:ida.dll
 0002:00000210       __imp_del_tryblks          000000018001c210     ida:ida.dll
 0002:00000218       __imp_qrealloc             000000018001c218     ida:ida.dll
 0002:00000220       \177ida_NULL_THUNK_DATA    000000018001c220     ida:ida.dll
 0002:00000228       __imp_PyW_GetNumber        000000018001c228     python:python.dll
 0002:00000230       \177python_NULL_THUNK_DATA 000000018001c230     python:python.dll
 0002:00000238       __imp_PyExc_RuntimeError   000000018001c238     python38:python38.dll
 0002:00000240       __imp_PyExc_SyntaxError    000000018001c240     python38:python38.dll
 0002:00000248       __imp_PyExc_SystemError    000000018001c248     python38:python38.dll
 0002:00000250       __imp_PyExc_OverflowError  000000018001c250     python38:python38.dll
 0002:00000258       __imp_PyExc_ValueError     000000018001c258     python38:python38.dll
 0002:00000260       __imp_PyExc_ZeroDivisionError 000000018001c260     python38:python38.dll
 0002:00000268       __imp_PyExc_IOError        000000018001c268     python38:python38.dll
 0002:00000270       __imp_PyExc_AttributeError 000000018001c270     python38:python38.dll
 0002:00000278       __imp_PyExc_TypeError      000000018001c278     python38:python38.dll
 0002:00000280       __imp_PyExc_IndexError     000000018001c280     python38:python38.dll
 0002:00000288       __imp__Py_NotImplementedStruct 000000018001c288     python38:python38.dll
 0002:00000290       __imp__Py_NoneStruct       000000018001c290     python38:python38.dll
 0002:00000298       __imp_PyType_Type          000000018001c298     python38:python38.dll
 0002:000002a0       __imp_PyObject_IsInstance  000000018001c2a0     python38:python38.dll
 0002:000002a8       __imp_PyObject_CallFunctionObjArgs 000000018001c2a8     python38:python38.dll
 0002:000002b0       __imp_PyObject_Call        000000018001c2b0     python38:python38.dll
 0002:000002b8       __imp_PyImport_AddModule   000000018001c2b8     python38:python38.dll
 0002:000002c0       __imp_PyEval_InitThreads   000000018001c2c0     python38:python38.dll
 0002:000002c8       __imp_PyModule_Create2     000000018001c2c8     python38:python38.dll
 0002:000002d0       __imp_PyModule_AddObject   000000018001c2d0     python38:python38.dll
 0002:000002d8       __imp_PyArg_UnpackTuple    000000018001c2d8     python38:python38.dll
 0002:000002e0       __imp_PyGILState_Release   000000018001c2e0     python38:python38.dll
 0002:000002e8       __imp_PyGILState_Ensure    000000018001c2e8     python38:python38.dll
 0002:000002f0       __imp_PyErr_WriteUnraisable 000000018001c2f0     python38:python38.dll
 0002:000002f8       __imp_PyErr_Format         000000018001c2f8     python38:python38.dll
 0002:00000300       __imp_PyErr_GivenExceptionMatches 000000018001c300     python38:python38.dll
 0002:00000308       __imp_PyErr_Restore        000000018001c308     python38:python38.dll
 0002:00000310       __imp_PyErr_Fetch          000000018001c310     python38:python38.dll
 0002:00000318       __imp_PyErr_Clear          000000018001c318     python38:python38.dll
 0002:00000320       __imp_PyErr_Occurred       000000018001c320     python38:python38.dll
 0002:00000328       __imp_PyErr_SetString      000000018001c328     python38:python38.dll
 0002:00000330       __imp_PyCapsule_Import     000000018001c330     python38:python38.dll
 0002:00000338       __imp_PyCapsule_GetPointer 000000018001c338     python38:python38.dll
 0002:00000340       __imp_PyCapsule_New        000000018001c340     python38:python38.dll
 0002:00000348       __imp_PyModule_GetDict     000000018001c348     python38:python38.dll
 0002:00000350       __imp_PyCFunction_GetFlags 000000018001c350     python38:python38.dll
 0002:00000358       __imp_PyCFunction_GetSelf  000000018001c358     python38:python38.dll
 0002:00000360       __imp_PyCFunction_GetFunction 000000018001c360     python38:python38.dll
 0002:00000368       __imp_PyDict_SetItemString 000000018001c368     python38:python38.dll
 0002:00000370       __imp_PyDict_SetItem       000000018001c370     python38:python38.dll
 0002:00000378       __imp_PyDict_New           000000018001c378     python38:python38.dll
 0002:00000380       __imp_PyTuple_SetItem      000000018001c380     python38:python38.dll
 0002:00000388       __imp_PyTuple_GetItem      000000018001c388     python38:python38.dll
 0002:00000390       __imp_PyTuple_Size         000000018001c390     python38:python38.dll
 0002:00000398       __imp_PyTuple_New          000000018001c398     python38:python38.dll
 0002:000003a0       __imp_PyBool_FromLong      000000018001c3a0     python38:python38.dll
 0002:000003a8       __imp_PyLong_AsUnsignedLongLong 000000018001c3a8     python38:python38.dll
 0002:000003b0       __imp_PyLong_FromUnsignedLongLong 000000018001c3b0     python38:python38.dll
 0002:000003b8       __imp_PyLong_FromVoidPtr   000000018001c3b8     python38:python38.dll
 0002:000003c0       __imp_PyLong_AsUnsignedLong 000000018001c3c0     python38:python38.dll
 0002:000003c8       __imp_PyLong_AsLong        000000018001c3c8     python38:python38.dll
 0002:000003d0       __imp_PyLong_FromLong      000000018001c3d0     python38:python38.dll
 0002:000003d8       __imp_PyUnicode_CompareWithASCIIString 000000018001c3d8     python38:python38.dll
 0002:000003e0       __imp_PyUnicode_Concat     000000018001c3e0     python38:python38.dll
 0002:000003e8       __imp_PyUnicode_FromFormat 000000018001c3e8     python38:python38.dll
 0002:000003f0       __imp_PyUnicode_FromString 000000018001c3f0     python38:python38.dll
 0002:000003f8       __imp__PyObject_New        000000018001c3f8     python38:python38.dll
 0002:00000400       __imp_PyObject_Free        000000018001c400     python38:python38.dll
 0002:00000408       __imp_Py_DecRef            000000018001c408     python38:python38.dll
 0002:00000410       __imp__Py_Dealloc          000000018001c410     python38:python38.dll
 0002:00000418       __imp_PyObject_IsTrue      000000018001c418     python38:python38.dll
 0002:00000420       __imp_PyObject_GenericGetAttr 000000018001c420     python38:python38.dll
 0002:00000428       __imp_PyObject_SetAttr     000000018001c428     python38:python38.dll
 0002:00000430       __imp_PyObject_GetAttr     000000018001c430     python38:python38.dll
 0002:00000438       __imp_PyObject_GetAttrString 000000018001c438     python38:python38.dll
 0002:00000440       __imp_PyType_Modified      000000018001c440     python38:python38.dll
 0002:00000448       __imp_PyType_GetFlags      000000018001c448     python38:python38.dll
 0002:00000450       __imp_PyType_GetSlot       000000018001c450     python38:python38.dll
 0002:00000458       __imp_PyType_FromSpec      000000018001c458     python38:python38.dll
 0002:00000460       __imp_PyExc_MemoryError    000000018001c460     python38:python38.dll
 0002:00000468       \177python38_NULL_THUNK_DATA 000000018001c468     python38:python38.dll
 0002:00000470       __guard_check_icall_fptr   000000018001c470     MSVCRT:guard_support.obj
 0002:00000478       __guard_dispatch_icall_fptr 000000018001c478     MSVCRT:guard_support.obj
 0002:00000480       __xc_a                     000000018001c480     MSVCRT:initializers.obj
 0002:00000488       __xc_z                     000000018001c488     MSVCRT:initializers.obj
 0002:00000490       __xi_a                     000000018001c490     MSVCRT:initializers.obj
 0002:000004a0       __xi_z                     000000018001c4a0     MSVCRT:initializers.obj
 0002:000004a8       __xl_a                     000000018001c4a8     MSVCRT:tlssup.obj
 0002:000004b0       __xl_z                     000000018001c4b0     MSVCRT:tlssup.obj
 0002:000004b8       __xp_a                     000000018001c4b8     MSVCRT:initializers.obj
 0002:000004c0       __xp_z                     000000018001c4c0     MSVCRT:initializers.obj
 0002:000004c8       __xt_a                     000000018001c4c8     MSVCRT:initializers.obj
 0002:000004d0       __xt_z                     000000018001c4d0     MSVCRT:initializers.obj
 0002:000004e0       ??_C@_0BF@INGABOFG@catchvec_t_push_back@ 000000018001c4e0     tryblks.obj
 0002:000004f8       ??_C@_0O@OAJJJNOD@catchvec_t_at@ 000000018001c4f8     tryblks.obj
 0002:00000508       ??_C@_0BC@BGIEBBMB@catchvec_t_resize@ 000000018001c508     tryblks.obj
 0002:00000520       ??_C@_0BA@HCDDGGBP@catchvec_t_grow@ 000000018001c520     tryblks.obj
 0002:00000530       ??_C@_0BD@OKNLDBBC@catchvec_t_reserve@ 000000018001c530     tryblks.obj
 0002:00000548       ??_C@_0BA@JFFCBMKC@catchvec_t_swap@ 000000018001c548     tryblks.obj
 0002:00000558       ??_C@_0BC@HOJCNIJC@catchvec_t_inject@ 000000018001c558     tryblks.obj
 0002:00000570       ??_C@_0BC@HMCNCKHG@catchvec_t___eq__@ 000000018001c570     tryblks.obj
 0002:00000588       ??_C@_0BC@NEIGNLKP@catchvec_t___ne__@ 000000018001c588     tryblks.obj
 0002:000005a0       ??_C@_0BB@CHAFAEAO@catchvec_t_begin@ 000000018001c5a0     tryblks.obj
 0002:000005b8       ??_C@_0P@KGKBDFAN@catchvec_t_end@ 000000018001c5b8     tryblks.obj
 0002:000005c8       ??_C@_0BC@OIGOECG@catchvec_t_insert@ 000000018001c5c8     tryblks.obj
 0002:000005e0       ??_C@_0BB@DPOONPJF@catchvec_t_erase@ 000000018001c5e0     tryblks.obj
 0002:000005f8       ??_C@_0BA@KIGGLEJE@catchvec_t_find@ 000000018001c5f8     tryblks.obj
 0002:00000608       ??_C@_0P@FKBECOHL@catchvec_t_has@ 000000018001c608     tryblks.obj
 0002:00000618       ??_C@_0BG@LKGFHDDK@catchvec_t_add_unique@ 000000018001c618     tryblks.obj
 0002:00000630       ??_C@_0BA@DCLBNDFH@catchvec_t__del@ 000000018001c630     tryblks.obj
 0002:00000640       ??_C@_0BH@MCJKCEHG@catchvec_t___getitem__@ 000000018001c640     tryblks.obj
 0002:00000658       ??_C@_0BH@OMNPAFOE@catchvec_t___setitem__@ 000000018001c658     tryblks.obj
 0002:00000670       ??_C@_0BH@IDHAHEPN@try_handler_t_disp_set@ 000000018001c670     tryblks.obj
 0002:00000688       ??_C@_0BI@PBIIFDAG@try_handler_t_fpreg_set@ 000000018001c688     tryblks.obj
 0002:000006a0       ??_C@_0BC@JCNINLFE@new_try_handler_t@ 000000018001c6a0     tryblks.obj
 0002:000006b8       ??_C@_0BB@NEJAFNIG@seh_t_filter_set@ 000000018001c6b8     tryblks.obj
 0002:000006d0       ??_C@_0BD@ELADHFAA@seh_t_seh_code_set@ 000000018001c6d0     tryblks.obj
 0002:000006e8       ??_C@_09LIOCOLLH@new_seh_t@ 000000018001c6e8     tryblks.obj
 0002:000006f8       ??_C@_0BA@FFKICAPN@catch_t_obj_set@ 000000018001c6f8     tryblks.obj
 0002:00000708       ??_C@_0BE@OGHJLHLH@catch_t_type_id_set@ 000000018001c708     tryblks.obj
 0002:00000720       ??_C@_0M@DCBBAEGK@new_catch_t@ 000000018001c720     tryblks.obj
 0002:00000730       ??_C@_0BD@DCPOFIBL@tryblk_t_level_set@ 000000018001c730     tryblks.obj
 0002:00000748       ??_C@_0N@MIMJOOJC@new_tryblk_t@ 000000018001c748     tryblks.obj
 0002:00000758       ??_C@_0M@GHIENCL@get_tryblks@ 000000018001c758     tryblks.obj
 0002:00000768       ??_C@_0CM@JGHBEJIA@?6tryblks_t?$CI?$CJ?6new_tryblks_t?$CIx?$CJ?5?9@ 000000018001c768     tryblks.obj
 0002:00000798       ??_C@_0BB@BBIGENAP@delete_tryblks_t@ 000000018001c798     tryblks.obj
 0002:000007b0       ??_C@_0BH@NNDJJOOG@delete_tryblks_t?$CIself?$CJ@ 000000018001c7b0     tryblks.obj
 0002:000007d0       ??_C@_0EF@HMHOFKHA@?6tryblks_t_push_back?$CIself?0?5x?$CJ?6t@ 000000018001c7d0     tryblks.obj
 0002:00000818       ??_C@_0BD@MDNJOBA@tryblks_t_pop_back@ 000000018001c818     tryblks.obj
 0002:00000830       ??_C@_0BJ@DPGBNCJJ@tryblks_t_pop_back?$CIself?$CJ@ 000000018001c830     tryblks.obj
 0002:00000850       ??_C@_0P@DMKLELCO@tryblks_t_size@ 000000018001c850     tryblks.obj
 0002:00000860       ??_C@_0BP@DPLEBDPK@tryblks_t_size?$CIself?$CJ?5?9?$DO?5size_t@ 000000018001c860     tryblks.obj
 0002:00000880       ??_C@_0BA@HAEBAKFO@tryblks_t_empty@ 000000018001c880     tryblks.obj
 0002:00000890       ??_C@_0BO@HCMCEMKG@tryblks_t_empty?$CIself?$CJ?5?9?$DO?5bool@ 000000018001c890     tryblks.obj
 0002:000008b0       ??_C@_0CF@OHDJEHPJ@tryblks_t_at?$CIself?0?5_idx?$CJ?5?9?$DO?5try@ 000000018001c8b0     tryblks.obj
 0002:000008d8       ??_C@_0BB@GHLBEHJB@tryblks_t_qclear@ 000000018001c8d8     tryblks.obj
 0002:000008f0       ??_C@_0BH@INGFCFIO@tryblks_t_qclear?$CIself?$CJ@ 000000018001c8f0     tryblks.obj
 0002:00000908       ??_C@_0BA@FKGNPAO@tryblks_t_clear@ 000000018001c908     tryblks.obj
 0002:00000918       ??_C@_0BG@GLOJNKB@tryblks_t_clear?$CIself?$CJ@ 000000018001c918     tryblks.obj
 0002:00000930       ??_C@_0EH@BHMPDJFE@?6tryblks_t_resize?$CIself?0?5_newsiz@ 000000018001c930     tryblks.obj
 0002:00000978       ??_C@_0CD@BECEODEA@tryblks_t_grow?$CIself?0?5x?$DNtryblk_t@ 000000018001c978     tryblks.obj
 0002:000009a0       ??_C@_0BD@CLMDFADC@tryblks_t_capacity@ 000000018001c9a0     tryblks.obj
 0002:000009b8       ??_C@_0CD@JCNHPGIA@tryblks_t_capacity?$CIself?$CJ?5?9?$DO?5siz@ 000000018001c9b8     tryblks.obj
 0002:000009e0       ??_C@_0BN@INCNEEMJ@tryblks_t_reserve?$CIself?0?5cnt?$CJ@ 000000018001c9e0     tryblks.obj
 0002:00000a00       ??_C@_0BD@JBPLKBIC@tryblks_t_truncate@ 000000018001ca00     tryblks.obj
 0002:00000a18       ??_C@_0BJ@OKFDNAPP@tryblks_t_truncate?$CIself?$CJ@ 000000018001ca18     tryblks.obj
 0002:00000a38       ??_C@_0BI@MMDONKAK@tryblks_t_swap?$CIself?0?5r?$CJ@ 000000018001ca38     tryblks.obj
 0002:00000a50       ??_C@_0BC@HBLFFLKB@tryblks_t_extract@ 000000018001ca50     tryblks.obj
 0002:00000a68       ??_C@_0CE@HOONFHPM@tryblks_t_extract?$CIself?$CJ?5?9?$DO?5tryb@ 000000018001ca68     tryblks.obj
 0002:00000a90       ??_C@_0BP@BHMOOJOI@tryblks_t_inject?$CIself?0?5s?0?5len?$CJ@ 000000018001ca90     tryblks.obj
 0002:00000ab0       ??_C@_0CC@MNLIJGPN@tryblks_t___eq__?$CIself?0?5r?$CJ?5?9?$DO?5bo@ 000000018001cab0     tryblks.obj
 0002:00000ad8       ??_C@_0CC@BEJOALOK@tryblks_t___ne__?$CIself?0?5r?$CJ?5?9?$DO?5bo@ 000000018001cad8     tryblks.obj
 0002:00000b00       ??_C@_0EG@FGNGDLM@?6tryblks_t_begin?$CIself?$CJ?5?9?$DO?5trybl@ 000000018001cb00     tryblks.obj
 0002:00000b50       ??_C@_0EC@NEKBJGID@?6tryblks_t_end?$CIself?$CJ?5?9?$DO?5tryblk_@ 000000018001cb50     tryblks.obj
 0002:00000b98       ??_C@_0CK@IEPEIFPE@tryblks_t_insert?$CIself?0?5it?0?5x?$CJ?5?9@ 000000018001cb98     tryblks.obj
 0002:00000bd0       ??_C@_0FH@EBJDFDFL@?6tryblks_t_erase?$CIself?0?5it?$CJ?5?9?$DO?5t@ 000000018001cbd0     tryblks.obj
 0002:00000c30       ??_C@_0EK@JADNDGOP@?6tryblks_t_find?$CIself?0?5x?$CJ?5?9?$DO?5try@ 000000018001cc30     tryblks.obj
 0002:00000c80       ??_C@_0BP@HEFANPLM@tryblks_t_has?$CIself?0?5x?$CJ?5?9?$DO?5bool@ 000000018001cc80     tryblks.obj
 0002:00000ca0       ??_C@_0CG@OHKAKECK@tryblks_t_add_unique?$CIself?0?5x?$CJ?5?9@ 000000018001cca0     tryblks.obj
 0002:00000cc8       ??_C@_0CA@JLKOEJGL@tryblks_t__del?$CIself?0?5x?$CJ?5?9?$DO?5bool@ 000000018001ccc8     tryblks.obj
 0002:00000ce8       ??_C@_0BC@FBIFCJKJ@tryblks_t___len__@ 000000018001cce8     tryblks.obj
 0002:00000d00       ??_C@_0CC@DLCIGFHB@tryblks_t___len__?$CIself?$CJ?5?9?$DO?5size@ 000000018001cd00     tryblks.obj
 0002:00000d28       ??_C@_0CL@JJNFNOLK@tryblks_t___getitem__?$CIself?0?5i?$CJ?5@ 000000018001cd28     tryblks.obj
 0002:00000d58       ??_C@_0CC@OMBHDNBP@tryblks_t___setitem__?$CIself?0?5i?0?5@ 000000018001cd58     tryblks.obj
 0002:00000d80       ??_C@_0BH@EFLMHPEG@tryblks_t_swigregister@ 000000018001cd80     tryblks.obj
 0002:00000d98       ??_C@_0BD@GPPPHOJJ@tryblks_t_swiginit@ 000000018001cd98     tryblks.obj
 0002:00000db0       ??_C@_0CP@PFJDDPHM@?6catchvec_t?$CI?$CJ?6new_catchvec_t?$CIx?$CJ@ 000000018001cdb0     tryblks.obj
 0002:00000de0       ??_C@_0BC@IHAOJCCI@delete_catchvec_t@ 000000018001cde0     tryblks.obj
 0002:00000df8       ??_C@_0BI@BNEGBJHG@delete_catchvec_t?$CIself?$CJ@ 000000018001cdf8     tryblks.obj
 0002:00000e10       ??_C@_0EG@OPCNPMMB@?6catchvec_t_push_back?$CIself?0?5x?$CJ?6@ 000000018001ce10     tryblks.obj
 0002:00000e58       ??_C@_0BE@PHMGJGBL@catchvec_t_pop_back@ 000000018001ce58     tryblks.obj
 0002:00000e70       ??_C@_0BK@INCAGEAM@catchvec_t_pop_back?$CIself?$CJ@ 000000018001ce70     tryblks.obj
 0002:00000e90       ??_C@_0BA@CFCJGIL@catchvec_t_size@ 000000018001ce90     tryblks.obj
 0002:00000ea0       ??_C@_0CA@IOKHMJI@catchvec_t_size?$CIself?$CJ?5?9?$DO?5size_t@ 000000018001cea0     tryblks.obj
 0002:00000ec0       ??_C@_0BB@NGMDKEOE@catchvec_t_empty@ 000000018001cec0     tryblks.obj
 0002:00000ed8       ??_C@_0BP@PEJGNOEN@catchvec_t_empty?$CIself?$CJ?5?9?$DO?5bool@ 000000018001ced8     tryblks.obj
 0002:00000ef8       ??_C@_0CF@NLFGIIKA@catchvec_t_at?$CIself?0?5_idx?$CJ?5?9?$DO?5ca@ 000000018001cef8     tryblks.obj
 0002:00000f20       ??_C@_0BC@EMKDJPKN@catchvec_t_qclear@ 000000018001cf20     tryblks.obj
 0002:00000f38       ??_C@_0BI@IJFAOANF@catchvec_t_qclear?$CIself?$CJ@ 000000018001cf38     tryblks.obj
 0002:00000f50       ??_C@_0BB@KDCEHBLE@catchvec_t_clear@ 000000018001cf50     tryblks.obj
 0002:00000f68       ??_C@_0BH@OIFNNDCH@catchvec_t_clear?$CIself?$CJ@ 000000018001cf68     tryblks.obj
 0002:00000f80       ??_C@_0EJ@OHJKBHL@?6catchvec_t_resize?$CIself?0?5_newsi@ 000000018001cf80     tryblks.obj
 0002:00000fd0       ??_C@_0CD@GJPFCKGI@catchvec_t_grow?$CIself?0?5x?$DNcatch_t@ 000000018001cfd0     tryblks.obj
 0002:00000ff8       ??_C@_0BE@NADIFIDJ@catchvec_t_capacity@ 000000018001cff8     tryblks.obj
 0002:00001010       ??_C@_0CE@NMPGJAMA@catchvec_t_capacity?$CIself?$CJ?5?9?$DO?5si@ 000000018001d010     tryblks.obj
 0002:00001038       ??_C@_0BO@KGNHLBJ@catchvec_t_reserve?$CIself?0?5cnt?$CJ@ 000000018001d038     tryblks.obj
 0002:00001058       ??_C@_0BE@GKAAKJIJ@catchvec_t_truncate@ 000000018001d058     tryblks.obj
 0002:00001070       ??_C@_0BK@FIBCGGGK@catchvec_t_truncate?$CIself?$CJ@ 000000018001d070     tryblks.obj
 0002:00001090       ??_C@_0BJ@DAIDGHLD@catchvec_t_swap?$CIself?0?5r?$CJ@ 000000018001d090     tryblks.obj
 0002:000010b0       ??_C@_0BD@FOPBDFPO@catchvec_t_extract@ 000000018001d0b0     tryblks.obj
 0002:000010c8       ??_C@_0CE@DOKEDBBF@catchvec_t_extract?$CIself?$CJ?5?9?$DO?5cat@ 000000018001d0c8     tryblks.obj
 0002:000010f0       ??_C@_0CA@CAJAIGIK@catchvec_t_inject?$CIself?0?5s?0?5len?$CJ@ 000000018001d0f0     tryblks.obj
 0002:00001110       ??_C@_0CD@OIFNICBP@catchvec_t___eq__?$CIself?0?5r?$CJ?5?9?$DO?5b@ 000000018001d110     tryblks.obj
 0002:00001138       ??_C@_0CD@DBHLBPAI@catchvec_t___ne__?$CIself?0?5r?$CJ?5?9?$DO?5b@ 000000018001d138     tryblks.obj
 0002:00001160       ??_C@_0EG@GBFIACJC@?6catchvec_t_begin?$CIself?$CJ?5?9?$DO?5catc@ 000000018001d160     tryblks.obj
 0002:000011b0       ??_C@_0EC@MIDIFDLG@?6catchvec_t_end?$CIself?$CJ?5?9?$DO?5catch_@ 000000018001d1b0     tryblks.obj
 0002:000011f8       ??_C@_0CK@BNMKNMFL@catchvec_t_insert?$CIself?0?5it?0?5x?$CJ?5@ 000000018001d1f8     tryblks.obj
 0002:00001230       ??_C@_0FH@ODABFCPK@?6catchvec_t_erase?$CIself?0?5it?$CJ?5?9?$DO?5@ 000000018001d230     tryblks.obj
 0002:00001290       ??_C@_0EK@LBEDIDLG@?6catchvec_t_find?$CIself?0?5x?$CJ?5?9?$DO?5ca@ 000000018001d290     tryblks.obj
 0002:000012e0       ??_C@_0CA@EDAOLANO@catchvec_t_has?$CIself?0?5x?$CJ?5?9?$DO?5bool@ 000000018001d2e0     tryblks.obj
 0002:00001300       ??_C@_0CH@OIPEPFNL@catchvec_t_add_unique?$CIself?0?5x?$CJ?5@ 000000018001d300     tryblks.obj
 0002:00001328       ??_C@_0CB@DICFBHHA@catchvec_t__del?$CIself?0?5x?$CJ?5?9?$DO?5boo@ 000000018001d328     tryblks.obj
 0002:00001350       ??_C@_0BD@HOMBEHPG@catchvec_t___len__@ 000000018001d350     tryblks.obj
 0002:00001368       ??_C@_0CD@BOMNHBJD@catchvec_t___len__?$CIself?$CJ?5?9?$DO?5siz@ 000000018001d368     tryblks.obj
 0002:00001390       ??_C@_0CL@ONONKGNP@catchvec_t___getitem__?$CIself?0?5i?$CJ@ 000000018001d390     tryblks.obj
 0002:000013c0       ??_C@_0CD@MJPCCJPN@catchvec_t___setitem__?$CIself?0?5i?0@ 000000018001d3c0     tryblks.obj
 0002:000013e8       ??_C@_0BI@EBIJLKBN@catchvec_t_swigregister@ 000000018001d3e8     tryblks.obj
 0002:00001400       ??_C@_0BE@JEAEHGJC@catchvec_t_swiginit@ 000000018001d400     tryblks.obj
 0002:00001418       ??_C@_0CD@ENNOHEJD@try_handler_t_disp_set?$CIself?0?5di@ 000000018001d418     tryblks.obj
 0002:00001440       ??_C@_0BH@FMALLEDF@try_handler_t_disp_get@ 000000018001d440     tryblks.obj
 0002:00001458       ??_C@_0CH@EHEHPLGA@try_handler_t_disp_get?$CIself?$CJ?5?9?$DO@ 000000018001d458     tryblks.obj
 0002:00001480       ??_C@_0CF@OOKKOIAH@try_handler_t_fpreg_set?$CIself?0?5f@ 000000018001d480     tryblks.obj
 0002:000014a8       ??_C@_0BI@COPDJDMO@try_handler_t_fpreg_get@ 000000018001d4a8     tryblks.obj
 0002:000014c0       ??_C@_0CF@LLPLGCOA@try_handler_t_fpreg_get?$CIself?$CJ?5?9@ 000000018001d4c0     tryblks.obj
 0002:000014e8       ??_C@_0CF@JHLKMCKB@new_try_handler_t?$CI?$CJ?5?9?$DO?5try_hand@ 000000018001d4e8     tryblks.obj
 0002:00001510       ??_C@_0BE@NMFHEKKA@try_handler_t_clear@ 000000018001d510     tryblks.obj
 0002:00001528       ??_C@_0BK@IAMMDKCC@try_handler_t_clear?$CIself?$CJ@ 000000018001d528     tryblks.obj
 0002:00001548       ??_C@_0BF@EGHLCNPE@delete_try_handler_t@ 000000018001d548     tryblks.obj
 0002:00001560       ??_C@_0BL@CGKBPGDO@delete_try_handler_t?$CIself?$CJ@ 000000018001d560     tryblks.obj
 0002:00001580       ??_C@_0BL@DBILNPHL@try_handler_t_swigregister@ 000000018001d580     tryblks.obj
 0002:000015a0       ??_C@_0BH@HKJFLCPP@try_handler_t_swiginit@ 000000018001d5a0     tryblks.obj
 0002:000015b8       ??_C@_0BP@CHMPGHL@seh_t_filter_set?$CIself?0?5filter?$CJ@ 000000018001d5b8     tryblks.obj
 0002:000015d8       ??_C@_0BB@LOLJNEO@seh_t_filter_get@ 000000018001d5d8     tryblks.obj
 0002:000015f0       ??_C@_0CF@GAGDFLDH@seh_t_filter_get?$CIself?$CJ?5?9?$DO?5range@ 000000018001d5f0     tryblks.obj
 0002:00001618       ??_C@_0CD@DJMGFPAG@seh_t_seh_code_set?$CIself?0?5seh_co@ 000000018001d618     tryblks.obj
 0002:00001640       ??_C@_0BD@JEHILFMI@seh_t_seh_code_get@ 000000018001d640     tryblks.obj
 0002:00001658       ??_C@_0CB@FEBMDMJ@seh_t_seh_code_get?$CIself?$CJ?5?9?$DO?5ea_@ 000000018001d658     tryblks.obj
 0002:00001680       ??_C@_0M@OOGHMGBD@seh_t_clear@ 000000018001d680     tryblks.obj
 0002:00001690       ??_C@_0BC@LPEAMPDF@seh_t_clear?$CIself?$CJ@ 000000018001d690     tryblks.obj
 0002:000016a8       ??_C@_0BF@CGNBHGJL@new_seh_t?$CI?$CJ?5?9?$DO?5seh_t@ 000000018001d6a8     tryblks.obj
 0002:000016c0       ??_C@_0N@NKMPBPP@delete_seh_t@ 000000018001d6c0     tryblks.obj
 0002:000016d0       ??_C@_0BD@MHCPHHKE@delete_seh_t?$CIself?$CJ@ 000000018001d6d0     tryblks.obj
 0002:000016e8       ??_C@_0BD@LCGHNGEJ@seh_t_swigregister@ 000000018001d6e8     tryblks.obj
 0002:00001700       ??_C@_0P@MGCBFGP@seh_t_swiginit@ 000000018001d700     tryblks.obj
 0002:00001710       ??_C@_0BL@CJKKCBHG@catch_t_obj_set?$CIself?0?5obj?$CJ@ 000000018001d710     tryblks.obj
 0002:00001730       ??_C@_0BA@IKNDOADF@catch_t_obj_get@ 000000018001d730     tryblks.obj
 0002:00001740       ??_C@_0CA@NNIGINMD@catch_t_obj_get?$CIself?$CJ?5?9?$DO?5sval_t@ 000000018001d740     tryblks.obj
 0002:00001760       ??_C@_0CD@HIPKMEII@catch_t_type_id_set?$CIself?0?5type_@ 000000018001d760     tryblks.obj
 0002:00001788       ??_C@_0BE@DJACHHHP@catch_t_type_id_get@ 000000018001d788     tryblks.obj
 0002:000017a0       ??_C@_0CE@LFABMAAE@catch_t_type_id_get?$CIself?$CJ?5?9?$DO?5sv@ 000000018001d7a0     tryblks.obj
 0002:000017c8       ??_C@_0BJ@LAFFGICK@new_catch_t?$CI?$CJ?5?9?$DO?5catch_t@ 000000018001d7c8     tryblks.obj
 0002:000017e8       ??_C@_0P@PHNDINFD@delete_catch_t@ 000000018001d7e8     tryblks.obj
 0002:000017f8       ??_C@_0BF@BONMONDD@delete_catch_t?$CIself?$CJ@ 000000018001d7f8     tryblks.obj
 0002:00001810       ??_C@_0BF@DPHNMMPC@catch_t_swigregister@ 000000018001d810     tryblks.obj
 0002:00001828       ??_C@_0BB@MGMLLDAF@catch_t_swiginit@ 000000018001d828     tryblks.obj
 0002:00001840       ??_C@_0CA@OHLCCCPI@tryblk_t_level_set?$CIself?0?5level?$CJ@ 000000018001d840     tryblks.obj
 0002:00001860       ??_C@_0BD@ONIFJIND@tryblk_t_level_get@ 000000018001d860     tryblks.obj
 0002:00001878       ??_C@_0CC@PFOKGDGB@tryblk_t_level_get?$CIself?$CJ?5?9?$DO?5uch@ 000000018001d878     tryblks.obj
 0002:000018a0       ??_C@_0N@IICMABLK@tryblk_t_cpp@ 000000018001d8a0     tryblks.obj
 0002:000018b0       ??_C@_0CB@EMPCOIHA@tryblk_t_cpp?$CIself?$CJ?5?9?$DO?5catchvec_@ 000000018001d8b0     tryblks.obj
 0002:000018d8       ??_C@_0N@EAMDKPOH@tryblk_t_seh@ 000000018001d8d8     tryblks.obj
 0002:000018e8       ??_C@_0BM@KHKNMLIG@tryblk_t_seh?$CIself?$CJ?5?9?$DO?5seh_t@ 000000018001d8e8     tryblks.obj
 0002:00001908       ??_C@_0BA@JHAJKEBD@delete_tryblk_t@ 000000018001d908     tryblks.obj
 0002:00001918       ??_C@_0BG@NMGLDIPH@delete_tryblk_t?$CIself?$CJ@ 000000018001d918     tryblks.obj
 0002:00001930       ??_C@_0CJ@LHBAHODJ@?6tryblk_t?$CI?$CJ?6new_tryblk_t?$CIr?$CJ?5?9?$DO?5@ 000000018001d930     tryblks.obj
 0002:00001960       ??_C@_0BC@KLPCJMDJ@tryblk_t_get_kind@ 000000018001d960     tryblks.obj
 0002:00001978       ??_C@_0CB@JPCJEMPI@tryblk_t_get_kind?$CIself?$CJ?5?9?$DO?5ucha@ 000000018001d978     tryblks.obj
 0002:000019a0       ??_C@_0P@IKABEMJF@tryblk_t_empty@ 000000018001d9a0     tryblks.obj
 0002:000019b0       ??_C@_0BN@LJFHKJDG@tryblk_t_empty?$CIself?$CJ?5?9?$DO?5bool@ 000000018001d9b0     tryblks.obj
 0002:000019d0       ??_C@_0BA@BIMNFEMP@tryblk_t_is_seh@ 000000018001d9d0     tryblks.obj
 0002:000019e0       ??_C@_0BO@HGLKBAID@tryblk_t_is_seh?$CIself?$CJ?5?9?$DO?5bool@ 000000018001d9e0     tryblks.obj
 0002:00001a00       ??_C@_0BA@NACCPKJC@tryblk_t_is_cpp@ 000000018001da00     tryblks.obj
 0002:00001a10       ??_C@_0BO@CONCJILL@tryblk_t_is_cpp?$CIself?$CJ?5?9?$DO?5bool@ 000000018001da10     tryblks.obj
 0002:00001a30       ??_C@_0P@PPOGJJMF@tryblk_t_clear@ 000000018001da30     tryblks.obj
 0002:00001a40       ??_C@_0BF@IJGFHAAE@tryblk_t_clear?$CIself?$CJ@ 000000018001da40     tryblks.obj
 0002:00001a58       ??_C@_0BB@FLGCNLCN@tryblk_t_set_seh@ 000000018001da58     tryblks.obj
 0002:00001a70       ??_C@_0CA@EBFPPJN@tryblk_t_set_seh?$CIself?$CJ?5?9?$DO?5seh_t@ 000000018001da70     tryblks.obj
 0002:00001a90       ??_C@_0BB@JDINHFHA@tryblk_t_set_cpp@ 000000018001da90     tryblks.obj
 0002:00001aa8       ??_C@_0CF@GKOMGBJH@tryblk_t_set_cpp?$CIself?$CJ?5?9?$DO?5catch@ 000000018001daa8     tryblks.obj
 0002:00001ad0       ??_C@_0BG@ODIPPDMM@tryblk_t_swigregister@ 000000018001dad0     tryblks.obj
 0002:00001ae8       ??_C@_0BC@CCPKKONB@tryblk_t_swiginit@ 000000018001dae8     tryblks.obj
 0002:00001b00       ??_C@_0CC@MMNNHIOF@get_tryblks?$CItbv?0?5range?$CJ?5?9?$DO?5size@ 000000018001db00     tryblks.obj
 0002:00001b28       ??_C@_0M@EFJPFOMH@del_tryblks@ 000000018001db28     tryblks.obj
 0002:00001b38       ??_C@_0BD@NIMHCEOE@del_tryblks?$CIrange?$CJ@ 000000018001db38     tryblks.obj
 0002:00001b50       ??_C@_0L@KMEDPHMP@add_tryblk@ 000000018001db50     tryblks.obj
 0002:00001b60       ??_C@_0BG@JGCDHPBH@add_tryblk?$CItb?$CJ?5?9?$DO?5int@ 000000018001db60     tryblks.obj
 0002:00001b78       ??_C@_0L@PHLAEKDM@find_syseh@ 000000018001db78     tryblks.obj
 0002:00001b88       ??_C@_0BH@MDLCGONP@find_syseh?$CIea?$CJ?5?9?$DO?5ea_t@ 000000018001db88     tryblks.obj
 0002:00001ba0       ??_C@_0BE@LADBKDLC@_p__qstringT_char_t@ 000000018001dba0     tryblks.obj
 0002:00001bb8       ??_C@_0BN@OHJFNODI@_qstring?$DM?5char?5?$DO?5?$CK?$HMqstring?5?$CK@ 000000018001dbb8     tryblks.obj
 0002:00001bd8       ??_C@_0BN@OGMFMNEO@_p__qstringT_unsigned_char_t@ 000000018001dbd8     tryblks.obj
 0002:00001bf8       ??_C@_0CE@FCOOCMMP@qtype?5?$CK?$HM_qstring?$DM?5unsigned?5char@ 000000018001dbf8     tryblks.obj
 0002:00001c20       ??_C@_0BO@NPELMEMN@_p__qstringT_unsigned_short_t@ 000000018001dc20     tryblks.obj
 0002:00001c40       ??_C@_0CI@MOGIECDE@_qstring?$DM?5unsigned?5short?5?$DO?5?$CK?$HMqw@ 000000018001dc40     tryblks.obj
 0002:00001c68       ??_C@_0BF@FIODJLOI@_p_action_ctx_base_t@ 000000018001dc68     tryblks.obj
 0002:00001c80       ??_C@_0EE@ODNBPOJC@action_ctx_base_t?5?$CK?$HMaction_upda@ 000000018001dc80     tryblks.obj
 0002:00001cc8       ??_C@_0N@IODFCNBG@_p_biggest_t@ 000000018001dcc8     tryblks.obj
 0002:00001cd8       ??_C@_0M@LMODFOHJ@biggest_t?5?$CK@ 000000018001dcd8     tryblks.obj
 0002:00001ce8       ??_C@_0L@MLDJMEBO@_p_catch_t@ 000000018001dce8     tryblks.obj
 0002:00001d00       ??_C@_0EK@HFIKBAAG@catch_t?5?$CK?$HMqvector?$DM?5catch_t?5?$DO?3?3i@ 000000018001dd00     tryblks.obj
 0002:00001d50       ??_C@_07HDHHMDOH@_p_char@  000000018001dd50     tryblks.obj
 0002:00001d58       ??_C@_0O@HOPHBKAL@char?5?$CK?$HMint8?5?$CK@ 000000018001dd58     tryblks.obj
 0002:00001d68       ??_C@_0BC@KJKOCNNG@_p_const_iterator@ 000000018001dd68     tryblks.obj
 0002:00001d80       ??_C@_0BB@LAJPCFIO@const_iterator?5?$CK@ 000000018001dd80     tryblks.obj
 0002:00001d98       ??_C@_0CE@DHGPAIMI@_p_f_p_TWidget_int_int_p_void__@ 000000018001dd98     tryblks.obj
 0002:00001dc0       ??_C@_0DN@DFPOHMBA@custom_viewer_keydown_t?5?$CK?$HMbool?5@ 000000018001ddc0     tryblks.obj
 0002:00001e00       ??_C@_0DF@PENMGFJK@_p_f_p_TWidget_int_p_view_mouse@ 000000018001de00     tryblks.obj
 0002:00001e40       ??_C@_0FC@NPHKCCPL@void?5?$CI?$CK?$CJ?$CITWidget?5?$CK?0int?0view_mou@ 000000018001de40     tryblks.obj
 0002:00001e98       ??_C@_0CA@IGCEDJID@_p_f_p_TWidget_int_p_void__bool@ 000000018001de98     tryblks.obj
 0002:00001ec0       ??_C@_0FC@PJNOFHGN@custom_viewer_click_t?5?$CK?$HMcustom_@ 000000018001dec0     tryblks.obj
 0002:00001f18       ??_C@_0CO@MIHLPJDD@_p_f_p_TWidget_p_lochist_entry_@ 000000018001df18     tryblks.obj
 0002:00001f50       ??_C@_0EM@HBPJNBB@custom_viewer_adjust_place_t?5?$CK?$HM@ 000000018001df50     tryblks.obj
 0002:00001fa0       ??_C@_0GM@LBGPKCPI@_p_f_p_TWidget_p_q_const__lochi@ 000000018001dfa0     tryblks.obj
 0002:00002010       ??_C@_0IF@FKBGALIG@void?5?$CI?$CK?$CJ?$CITWidget?5?$CK?0lochist_entr@ 000000018001e010     tryblks.obj
 0002:000020a0       ??_C@_0FA@DFBJAGBE@_p_f_p_TWidget_p_q_const__lochi@ 000000018001e0a0     tryblks.obj
 0002:000020f0       ??_C@_0GI@FMPBFLEM@custom_viewer_can_navigate_t?5?$CK?$HM@ 000000018001e0f0     tryblks.obj
 0002:00002158       ??_C@_0DH@JJEDBLDE@_p_f_p_TWidget_p_q_const__place@ 000000018001e158     tryblks.obj
 0002:00002190       ??_C@_0EP@PJDAMEBK@code_viewer_lines_click_t?5?$CK?$HMvoi@ 000000018001e190     tryblks.obj
 0002:000021e0       ??_C@_0DE@PBNPHPNC@_p_f_p_TWidget_p_q_const__place@ 000000018001e1e0     tryblks.obj
 0002:00002220       ??_C@_0EL@JKPIBDKO@code_viewer_lines_icon_t?5?$CK?$HMint?5@ 000000018001e220     tryblks.obj
 0002:00002270       ??_C@_0EB@FDCGDBJI@_p_f_p_TWidget_p_q_const__place@ 000000018001e270     tryblks.obj
 0002:000022c0       ??_C@_0FN@GGLCMJJK@custom_viewer_get_place_xcoord_@ 000000018001e2c0     tryblks.obj
 0002:00002320       ??_C@_0DO@KLDLOPHE@_p_f_p_TWidget_p_q_const__place@ 000000018001e320     tryblks.obj
 0002:00002360       ??_C@_0FI@GOMHMLF@code_viewer_lines_linenum_t?5?$CK?$HMb@ 000000018001e360     tryblks.obj
 0002:000023b8       ??_C@_0BL@BMEJNHDD@_p_f_p_TWidget_p_void__int@ 000000018001e3b8     tryblks.obj
 0002:000023d8       ??_C@_0DB@GMPMLKDG@custom_viewer_help_t?5?$CK?$HMint?5?$CI?$CK?$CJ?$CI@ 000000018001e3d8     tryblks.obj
 0002:00002410       ??_C@_0BM@PAKPNBHH@_p_f_p_TWidget_p_void__void@ 000000018001e410     tryblks.obj
 0002:00002430       ??_C@_0GE@BLLNJKNN@custom_viewer_popup_t?5?$CK?$HMcustom_@ 000000018001e430     tryblks.obj
 0002:00002498       ??_C@_0DM@PKHFKJJF@_p_f_p_chooser_multi_t_p_sizeve@ 000000018001e498     tryblks.obj
 0002:000024e0       ??_C@_0FA@INGPHNGB@chooser_base_t?3?3cbres_t?5?$CI?$CK?$CJ?$CIcho@ 000000018001e4e0     tryblks.obj
 0002:00002530       ??_C@_0CN@LJCPBILN@_p_f_p_chooser_t_ssize_t__choos@ 000000018001e530     tryblks.obj
 0002:00002560       ??_C@_0DL@IKAMODJA@chooser_t?3?3cbret_t?5?$CI?$CK?$CJ?$CIchooser_@ 000000018001e560     tryblks.obj
 0002:000025a0       ??_C@_0EC@GIKOMIMG@_p_f_p_lochist_entry_t_r_q_cons@ 000000018001e5a0     tryblks.obj
 0002:000025f0       ??_C@_0FE@OJIOMBOE@bool?5?$CI?$CK?$CJ?$CIlochist_entry_t?5?$CK?0loch@ 000000018001e5f0     tryblks.obj
 0002:00002648       ??_C@_0CC@HPECDOJE@_p_f_p_q_const__char_p_void__vo@ 000000018001e648     tryblks.obj
 0002:00002670       ??_C@_0DA@LKJNDOAC@void?5?$CI?$CK?$CJ?$CIchar?5const?5?$CK?0void?5?$CK?$CJ?$HMs@ 000000018001e670     tryblks.obj
 0002:000026a0       ??_C@_0GC@HKCHLFJ@_p_f_p_q_const__char_r_q_const_@ 000000018001e6a0     tryblks.obj
 0002:00002710       ??_C@_0GE@CDAMLIPA@h2ti_type_cb?5?$CK?$HMint?5?$CI?$CK?$CJ?$CIchar?5con@ 000000018001e710     tryblks.obj
 0002:00002778       ??_C@_0CB@PLKCNJF@_p_f_p_q_const__char_v_______in@ 000000018001e778     tryblks.obj
 0002:000027a0       ??_C@_0CG@EHKOJEHN@int?5?$CI?$CK?$CJ?$CIchar?5const?5?$CK?0?4?4?4?$CJ?$HMprint@ 000000018001e7a0     tryblks.obj
 0002:000027c8       ??_C@_0CB@PPFKEDBB@_p_f_p_void_int_va_list__ssize_@ 000000018001e7c8     tryblks.obj
 0002:000027f0       ??_C@_0CM@ODIKDJIA@ssize_t?5?$CI?$CK?$CJ?$CIvoid?5?$CK?0int?0va_list?$CJ@ 000000018001e7f0     tryblks.obj
 0002:00002820       ??_C@_0CJ@KNMLBMOG@_p_f_r_q_const__insn_t_p_int_p_@ 000000018001e820     tryblks.obj
 0002:00002850       ??_C@_0DI@CGFAFNOI@bool?5?$CI?$CK?$CJ?$CIinsn_t?5const?5?$CG?0int?5?$CK?0i@ 000000018001e850     tryblks.obj
 0002:00002890       ??_C@_0FA@JJBGCIIH@_p_f_r_q_const__insn_t_r_q_cons@ 000000018001e890     tryblks.obj
 0002:000028e0       ??_C@_0FE@IBKJNBMI@bool?5?$CI?$CK?$CJ?$CIinsn_t?5const?5?$CG?0op_t?5co@ 000000018001e8e0     tryblks.obj
 0002:00002938       ??_C@_0BI@PGCOIKGG@_p_f_unsigned_int__bool@ 000000018001e938     tryblks.obj
 0002:00002950       ??_C@_0DN@OGOBIPP@bool?5?$CI?$CK?$CJ?$CIunsigned?5int?$CJ?$HMhas_dela@ 000000018001e950     tryblks.obj
 0002:00002990       ??_C@_0DL@FFEHDPON@_p_f_unsigned_int_p_q_const__ch@ 000000018001e990     tryblks.obj
 0002:000029d0       ??_C@_0EK@MACPDLHN@int?5?$CI?$CK?$CJ?$CIunsigned?5int?0char?5const@ 000000018001e9d0     tryblks.obj
 0002:00002a20       ??_C@_0BP@HNIFGGKH@_p_f_unsigned_int_p_void__bool@ 000000018001ea20     tryblks.obj
 0002:00002a40       ??_C@_0CI@PMEGIBIK@testf_t?5?$CK?$HMbool?5?$CI?$CK?$CJ?$CIunsigned?5int@ 000000018001ea40     tryblks.obj
 0002:00002a68       ??_C@_0DB@CEAPILAH@_p_f_unsigned_int_r_q_const__ti@ 000000018001ea68     tryblks.obj
 0002:00002aa0       ??_C@_0EH@MLDNCCKC@local_tinfo_predicate_t?5?$CK?$HMint?5?$CI@ 000000018001eaa0     tryblks.obj
 0002:00002ae8       ??_C@_0CN@BPIIPJKN@_p_f_unsigned_int_unsigned_int_@ 000000018001eae8     tryblks.obj
 0002:00002b18       ??_C@_0DO@CKIBBIPB@unsigned?5int?5?$CI?$CK?$CJ?$CIunsigned?5int?0u@ 000000018001eb18     tryblks.obj
 0002:00002b58       ??_C@_06EJFLAOFF@_p_int@   000000018001eb58     tryblks.obj
 0002:00002b60       ??_C@_0IG@FDKJDHEK@adiff_t?5?$CK?$HMint?5?$CK?$HMint32?5?$CK?$HMsval_t?5@ 000000018001eb60     tryblks.obj
 0002:00002be8       ??_C@_0M@CFMLOKJJ@_p_iterator@ 000000018001ebe8     tryblks.obj
 0002:00002bf8       ??_C@_0L@IIMCJLIP@iterator?5?$CK@ 000000018001ebf8     tryblks.obj
 0002:00002c08       ??_C@_0O@HDLJBJJF@_p_location_t@ 000000018001ec08     tryblks.obj
 0002:00002c18       ??_C@_0N@ONMECIKA@location_t?5?$CK@ 000000018001ec18     tryblks.obj
 0002:00002c28       ??_C@_0N@HIKGEFDH@_p_long_long@ 000000018001ec28     tryblks.obj
 0002:00002c38       ??_C@_0BP@FECEFBLL@int64?5?$CK?$HMlonglong?5?$CK?$HMlong?5long?5?$CK@ 000000018001ec38     tryblks.obj
 0002:00002c58       ??_C@_0CJ@KBPLCHCN@_p_qvectorT__qstringT_unsigned_@ 000000018001ec58     tryblks.obj
 0002:00002c88       ??_C@_0DF@GOALPBDM@qvector?$DM?5_qstring?$DM?5unsigned?5sho@ 000000018001ec88     tryblks.obj
 0002:00002cc0       ??_C@_0BH@EHIHPDFP@_p_qvectorT_argloc_t_t@ 000000018001ecc0     tryblks.obj
 0002:00002cd8       ??_C@_0CC@PMMGEEHP@qvector?$DM?5argloc_t?5?$DO?5?$CK?$HMarglocs_t@ 000000018001ecd8     tryblks.obj
 0002:00002d00       ??_C@_0BD@IFPOLGLB@_p_qvectorT_bool_t@ 000000018001ed00     tryblks.obj
 0002:00002d18       ??_C@_0BO@JEOEHDBE@boolvec_t?5?$CK?$HMqvector?$DM?5bool?5?$DO?5?$CK@ 000000018001ed18     tryblks.obj
 0002:00002d38       ??_C@_0BG@LLBPGEAL@_p_qvectorT_catch_t_t@ 000000018001ed38     tryblks.obj
 0002:00002d50       ??_C@_0CC@GGODGGBE@catchvec_t?5?$CK?$HMqvector?$DM?5catch_t?5?$DO@ 000000018001ed50     tryblks.obj
 0002:00002d78       ??_C@_0BO@BMBALGLA@_p_qvectorT_channel_redir_t_t@ 000000018001ed78     tryblks.obj
 0002:00002d98       ??_C@_0DA@DFOFPPPA@qvector?$DM?5channel_redir_t?5?$DO?5?$CK?$HMch@ 000000018001ed98     tryblks.obj
 0002:00002dc8       ??_C@_0CA@KLOIFAIM@_p_qvectorT_compiled_binpat_t_t@ 000000018001edc8     tryblks.obj
 0002:00002de8       ??_C@_0DH@JJMOBCIB@compiled_binpat_vec_t?5?$CK?$HMqvector@ 000000018001ede8     tryblks.obj
 0002:00002e20       ??_C@_0BI@HPPPANA@_p_qvectorT_funcarg_t_t@ 000000018001ee20     tryblks.obj
 0002:00002e38       ??_C@_0CG@BKJABKPP@funcargvec_t?5?$CK?$HMqvector?$DM?5funcarg@ 000000018001ee38     tryblks.obj
 0002:00002e60       ??_C@_0BC@EMAMHDDK@_p_qvectorT_int_t@ 000000018001ee60     tryblks.obj
 0002:00002e78       ??_C@_0CI@OEOLBAGE@svalvec_t?5?$CK?$HMintvec_t?5?$CK?$HMqvector?$DM@ 000000018001ee78     tryblks.obj
 0002:00002ea0       ??_C@_0BG@NGNJJEPD@_p_qvectorT_range_t_t@ 000000018001eea0     tryblks.obj
 0002:00002eb8       ??_C@_0CH@CMPFLCHN@rangevec_base_t?5?$CK?$HMqvector?$DM?5rang@ 000000018001eeb8     tryblks.obj
 0002:00002ee0       ??_C@_0CB@DLEFICAI@_p_qvectorT_rangeset_t_const_p_@ 000000018001eee0     tryblks.obj
 0002:00002f08       ??_C@_0DF@CPGECBJE@rangeset_crefvec_t?5?$CK?$HMqvector?$DM?5r@ 000000018001ef08     tryblks.obj
 0002:00002f40       ??_C@_0BJ@CBEEABAG@_p_qvectorT_rangeset_t_t@ 000000018001ef40     tryblks.obj
 0002:00002f60       ??_C@_0CN@NEPIOIFG@qvector?$DM?5rangeset_t?5?$DO?5?$CK?$HMarray_o@ 000000018001ef60     tryblks.obj
 0002:00002f90       ??_C@_0BN@HCIAELAH@_p_qvectorT_refinfo_desc_t_t@ 000000018001ef90     tryblks.obj
 0002:00002fb0       ??_C@_0DB@OEPGJFJL@refinfo_desc_vec_t?5?$CK?$HMqvector?$DM?5r@ 000000018001efb0     tryblks.obj
 0002:00002fe8       ??_C@_0BK@JBDFAIAF@_p_qvectorT_simd_info_t_t@ 000000018001efe8     tryblks.obj
 0002:00003008       ??_C@_0CL@IAEHADMA@simd_info_vec_t?5?$CK?$HMqvector?$DM?5simd@ 000000018001f008     tryblks.obj
 0002:00003038       ??_C@_0BL@JOHIOMBL@_p_qvectorT_simpleline_t_t@ 000000018001f038     tryblks.obj
 0002:00003058       ??_C@_0CF@LMLHENLN@strvec_t?5?$CK?$HMqvector?$DM?5simpleline_@ 000000018001f058     tryblks.obj
 0002:00003080       ??_C@_0BF@JMFCGENF@_p_qvectorT_size_t_t@ 000000018001f080     tryblks.obj
 0002:00003098       ??_C@_0CA@PKGFIBKP@sizevec_t?5?$CK?$HMqvector?$DM?5size_t?5?$DO?5?$CK@ 000000018001f098     tryblks.obj
 0002:000030b8       ??_C@_0BG@GHPDGOHO@_p_qvectorT_tinfo_t_t@ 000000018001f0b8     tryblks.obj
 0002:000030d0       ??_C@_0CC@CEHAEEKI@tinfovec_t?5?$CK?$HMqvector?$DM?5tinfo_t?5?$DO@ 000000018001f0d0     tryblks.obj
 0002:000030f8       ??_C@_0BH@DEBFIIPH@_p_qvectorT_tryblk_t_t@ 000000018001f0f8     tryblks.obj
 0002:00003110       ??_C@_0CC@KCNJPBPD@tryblks_t?5?$CK?$HMqvector?$DM?5tryblk_t?5?$DO@ 000000018001f110     tryblks.obj
 0002:00003138       ??_C@_0BK@KGMCEJE@_p_qvectorT_type_attr_t_t@ 000000018001f138     tryblks.obj
 0002:00003158       ??_C@_0CI@PENEDOEG@type_attrs_t?5?$CK?$HMqvector?$DM?5type_at@ 000000018001f158     tryblks.obj
 0002:00003180       ??_C@_0BL@MFAEBBAF@_p_qvectorT_udt_member_t_t@ 000000018001f180     tryblks.obj
 0002:000031a0       ??_C@_0CL@HFANAPIM@udtmembervec_t?5?$CK?$HMqvector?$DM?5udt_m@ 000000018001f1a0     tryblks.obj
 0002:000031d0       ??_C@_0BM@DFOCNGNJ@_p_qvectorT_unsigned_char_t@ 000000018001f1d0     tryblks.obj
 0002:000031f0       ??_C@_0CH@MCODNJGI@qvector?$DM?5unsigned?5char?5?$DO?5?$CK?$HMcomp@ 000000018001f1f0     tryblks.obj
 0002:00003218       ??_C@_0M@BEMIELHM@_p_relobj_t@ 000000018001f218     tryblks.obj
 0002:00003228       ??_C@_0N@OAHCDFLH@_p_bytevec_t@ 000000018001f228     tryblks.obj
 0002:00003238       ??_C@_0BA@KOPDLMDG@_p_reloc_info_t@ 000000018001f238     tryblks.obj
 0002:00003248       ??_C@_0BL@POPMPLM@_p_qvectorT_unsigned_int_t@ 000000018001f248     tryblks.obj
 0002:00003268       ??_C@_0DL@HDEADPMO@eavec_t?5?$CK?$HMordvec_t?5?$CK?$HMuvalvec_t?5@ 000000018001f268     tryblks.obj
 0002:000032a8       ??_C@_0L@NOIPKKEL@_p_range_t@ 000000018001f2a8     tryblks.obj
 0002:000032b8       ??_C@_09HPKAOMNJ@range_t?5?$CK@ 000000018001f2b8     tryblks.obj
 0002:000032c8       ??_C@_0O@CNCDMPHD@_p_rangevec_t@ 000000018001f2c8     tryblks.obj
 0002:000032d8       ??_C@_0N@IKFAFFLB@rangevec_t?5?$CK@ 000000018001f2d8     tryblks.obj
 0002:000032e8       ??_C@_08MDJFOAPJ@_p_seh_t@ 000000018001f2e8     tryblks.obj
 0002:000032f8       ??_C@_07IMBDLNIJ@seh_t?5?$CK@ 000000018001f2f8     tryblks.obj
 0002:00003300       ??_C@_08JGEHMJEC@_p_short@ 000000018001f300     tryblks.obj
 0002:00003310       ??_C@_0BA@BBDCPKKI@int16?5?$CK?$HMshort?5?$CK@ 000000018001f310     tryblks.obj
 0002:00003320       ??_C@_0P@IHEJCACJ@_p_signed_char@ 000000018001f320     tryblks.obj
 0002:00003330       ??_C@_0BG@CGJIOBCI@signed?5char?5?$CK?$HMsint8?5?$CK@ 000000018001f330     tryblks.obj
 0002:00003348       ??_C@_0BB@DEONLDNG@_p_try_handler_t@ 000000018001f348     tryblks.obj
 0002:00003360       ??_C@_0BA@LMLHKGEI@try_handler_t?5?$CK@ 000000018001f360     tryblks.obj
 0002:00003370       ??_C@_0M@JPFIHDHH@_p_tryblk_t@ 000000018001f370     tryblks.obj
 0002:00003380       ??_C@_0EN@DIMFHBHC@qvector?$DM?5tryblk_t?5?$DO?3?3iterator?$HMq@ 000000018001f380     tryblks.obj
 0002:000033d0       ??_C@_0BB@JEMKPEPB@_p_unsigned_char@ 000000018001f3d0     tryblks.obj
 0002:000033f0       ??_C@_0HI@NBHOBBOJ@uchar?5?$CK?$HMunsigned?5char?5?$CK?$HMcm_t?5?$CK?$HM@ 000000018001f3f0     tryblks.obj
 0002:00003468       ??_C@_0BA@EMEBBPFL@_p_unsigned_int@ 000000018001f468     tryblks.obj
 0002:00003480       ??_C@_0JE@GCFOGLMK@bgcolor_t?5?$CK?$HMenum_t?5?$CK?$HMtid_t?5?$CK?$HMbm@ 000000018001f480     tryblks.obj
 0002:00003518       ??_C@_0BG@CGEDOPGF@_p_unsigned_long_long@ 000000018001f518     tryblks.obj
 0002:00003530       ??_C@_0CK@FCLCDGJM@uint64?5?$CK?$HMulonglong?5?$CK?$HMunsigned?5l@ 000000018001f530     tryblks.obj
 0002:00003560       ??_C@_0BC@GCHEMBCE@_p_unsigned_short@ 000000018001f560     tryblks.obj
 0002:00003578       ??_C@_0CP@HNCAPCKA@uint16?5?$CK?$HMunsigned?5short?5?$CK?$HMushor@ 000000018001f578     tryblks.obj
 0002:000035a8       ??_C@_0O@KPNNNNNL@_p_value_type@ 000000018001f5a8     tryblks.obj
 0002:000035b8       ??_C@_0N@BPDHJAOG@value_type?5?$CK@ 000000018001f5b8     tryblks.obj
 0002:000035c8       ??_C@_03BHDOPPEK@own@      000000018001f5c8     tryblks.obj
 0002:000035cc       ??_C@_06EFGGFDFD@disown@   000000018001f5cc     tryblks.obj
 0002:000035d8       ??_C@_0CC@CFIMIIPD@releases?5ownership?5of?5the?5point@ 000000018001f5d8     tryblks.obj
 0002:00003600       ??_C@_07MEFPPMEF@acquire@  000000018001f600     tryblks.obj
 0002:00003608       ??_C@_0CC@BAIBAPCI@acquires?5ownership?5of?5the?5point@ 000000018001f608     tryblks.obj
 0002:00003630       ??_C@_0CG@GKPKGEFE@returns?1sets?5ownership?5of?5the?5p@ 000000018001f630     tryblks.obj
 0002:00003658       ??_C@_06PCICMFGG@append@   000000018001f658     tryblks.obj
 0002:00003660       ??_C@_0BO@NCOOMDHM@appends?5another?5?8this?8?5object@ 000000018001f660     tryblks.obj
 0002:00003680       ??_C@_04CJGEDOF@next@      000000018001f680     tryblks.obj
 0002:00003688       ??_C@_0BP@IMIAEPNG@returns?5the?5next?5?8this?8?5object@ 000000018001f688     tryblks.obj
 0002:000036a8       ??_C@_08HJPCHLLJ@__repr__@ 000000018001f6a8     tryblks.obj
 0002:000036b8       ??_C@_0BO@PNCCHPAD@returns?5object?5representation@ 000000018001f6b8     tryblks.obj
 0002:000036d8       ??_C@_0O@ILGGDOPD@new_tryblks_t@ 000000018001f6d8     tryblks.obj
 0002:000036e8       ??_C@_0BE@BKEJDMNG@tryblks_t_push_back@ 000000018001f6e8     tryblks.obj
 0002:00003700       ??_C@_0N@JIDOPCOI@tryblks_t_at@ 000000018001f700     tryblks.obj
 0002:00003710       ??_C@_0BB@DNJGMJPN@tryblks_t_resize@ 000000018001f710     tryblks.obj
 0002:00003728       ??_C@_0P@EMMKLLLK@tryblks_t_grow@ 000000018001f728     tryblks.obj
 0002:00003738       ??_C@_0BC@MFJPFPEN@tryblks_t_reserve@ 000000018001f738     tryblks.obj
 0002:00003750       ??_C@_0P@KLKLMBAH@tryblks_t_swap@ 000000018001f750     tryblks.obj
 0002:00003760       ??_C@_0BB@FFIAAAKO@tryblks_t_inject@ 000000018001f760     tryblks.obj
 0002:00003778       ??_C@_0BB@FHDPPCEK@tryblks_t___eq__@ 000000018001f778     tryblks.obj
 0002:00003790       ??_C@_0BB@PPJEADJD@tryblks_t___ne__@ 000000018001f790     tryblks.obj
 0002:000037a8       ??_C@_0BA@IBIHKKLE@tryblks_t_begin@ 000000018001f7a8     tryblks.obj
 0002:000037b8       ??_C@_0O@DBALELOK@tryblks_t_end@ 000000018001f7b8     tryblks.obj
 0002:000037c8       ??_C@_0BB@CFJEDMBK@tryblks_t_insert@ 000000018001f7c8     tryblks.obj
 0002:000037e0       ??_C@_0BA@JJGMHBCP@tryblks_t_erase@ 000000018001f7e0     tryblks.obj
 0002:000037f0       ??_C@_0P@JGJPGJDB@tryblks_t_find@ 000000018001f7f0     tryblks.obj
 0002:00003800       ??_C@_0O@MNLOFAJM@tryblks_t_has@ 000000018001f800     tryblks.obj
 0002:00003810       ??_C@_0BF@FHEKNJDI@tryblks_t_add_unique@ 000000018001f810     tryblks.obj
 0002:00003828       ??_C@_0P@MEIAOPC@tryblks_t__del@ 000000018001f828     tryblks.obj
 0002:00003838       ??_C@_0BG@CMHJGKPA@tryblks_t___getitem__@ 000000018001f838     tryblks.obj
 0002:00003850       ??_C@_0BG@CDMELGC@tryblks_t___setitem__@ 000000018001f850     tryblks.obj
 0002:00003868       ??_C@_0P@DDJPMMGM@new_catchvec_t@ 000000018001f868     tryblks.obj
 0002:000047e0       ??_C@_0BO@CMHFAAKD@?$CFS?6Additional?5information?3?6?$CFs@ 00000001800207e0     tryblks.obj
 0002:000047fe       ??_C@_00CNPNBAHC@@         00000001800207fe     tryblks.obj
 0002:00004800       ??_C@_09HJOCAFJB@at?5least?5@ 0000000180020800     tryblks.obj
 0002:00004810       ??_C@_0CF@KFFOGCID@?$CFs?5expected?5?$CFs?$CFd?5arguments?0?5got@ 0000000180020810     tryblks.obj
 0002:00004838       ??_C@_0CL@NPJGKHAI@UnpackTuple?$CI?$CJ?5argument?5list?5is?5@ 0000000180020838     tryblks.obj
 0002:00004868       ??_C@_0CD@DMIOPJCG@?$CFs?5expected?5?$CFs?$CFd?5arguments?0?5got@ 0000000180020868     tryblks.obj
 0002:00004890       ??_C@_08KFLHMPAE@at?5most?5@ 0000000180020890     tryblks.obj
 0002:000048a0       ??_C@_07MEBHOIG@__new__@   00000001800208a0     tryblks.obj
 0002:000048a8       ??_C@_0BB@LPCDDCDP@__swig_destroy__@ 00000001800208a8     tryblks.obj
 0002:000048c0       ??_C@_07CIFAGBMG@unknown@  00000001800208c0     tryblks.obj
 0002:000048c8       ??_C@_0CB@HIOLGNHE@?$DMSwig?5Object?5of?5type?5?8?$CFs?8?5at?5?$CFp@ 00000001800208c8     tryblks.obj
 0002:000048f0       ??_C@_08BHKDPDAA@__name__@ 00000001800208f0     tryblks.obj
 0002:00004900       ??_C@_0N@OEDBPMFH@SwigPyObject@ 0000000180020900     tryblks.obj
 0002:00004910       ??_C@_0EH@KGGHIIII@swig?1python?5detected?5a?5memory?5l@ 0000000180020910     tryblks.obj
 0002:00004958       ??_C@_0CF@NBDOMJMA@Attempt?5to?5append?5a?5non?5SwigPyO@ 0000000180020958     tryblks.obj
 0002:00004980       ??_C@_0BG@BEMBDPAG@?$DMSwig?5Packed?5at?5?$CFs?$CFs?$DO@ 0000000180020980     tryblks.obj
 0002:00004998       ??_C@_0BB@KEMDDLH@?$DMSwig?5Packed?5?$CFs?$DO@ 0000000180020998     tryblks.obj
 0002:000049ac       ??_C@_04HDOCAJNK@?$CFs?$CFs@ 00000001800209ac     tryblks.obj
 0002:000049b8       ??_C@_0N@FALDBJHP@SwigPyPacked@ 00000001800209b8     tryblks.obj
 0002:000049c8       ??_C@_04IIAJELJL@this@     00000001800209c8     tryblks.obj
 0002:000049d0       ??_C@_0L@GCGAIEDO@swig_ptr?3?5@ 00000001800209d0     tryblks.obj
 0002:000049e0       ??_C@_08IBFKALI@__dict__@  00000001800209e0     tryblks.obj
 0002:000049f0       ??_C@_08DOBMGDEN@swiginit@ 00000001800209f0     tryblks.obj
 0002:00004a00       ??_C@_0CO@FOLKHJOC@swig_runtime_data4?4type_pointer@ 0000000180020a00     tryblks.obj
 0002:00004a30       ??_C@_0BD@BFIMCAOH@swig_runtime_data4@ 0000000180020a30     tryblks.obj
 0002:00004a48       ??_C@_0BL@LFDLKGPB@type_pointer_capsuleidaapi@ 0000000180020a48     tryblks.obj
 0002:00004a70       ??_7exception@std@@6B@     0000000180020a70     tryblks.obj
 0002:00004a80       ??_C@_0BC@EOODALEL@Unknown?5exception@ 0000000180020a80     tryblks.obj
 0002:00004aa0       ??_7logic_error@std@@6B@   0000000180020aa0     tryblks.obj
 0002:00004ab8       ??_7out_of_range@std@@6B@  0000000180020ab8     tryblks.obj
 0002:00004ac8       ??_C@_0BK@NPFFDHAP@Out?5of?5memory?5?$CIbad_alloc?$CJ@ 0000000180020ac8     tryblks.obj
 0002:00004af0       ??_C@_0BCP@OKJACFO@Internal?5error?5?$CFd?5occurred?5when@ 0000000180020af0     tryblks.obj
 0002:00004c20       ??_C@_0DB@OCJMLGAO@Function?5can?5be?5called?5from?5the@ 0000000180020c20     tryblks.obj
 0002:00004c58       ??_C@_0BF@NPFMAGNK@out?5of?5bounds?5access@ 0000000180020c58     tryblks.obj
 0002:00004c70       ??_C@_0EM@CLLEFOIA@in?5method?5?8new_tryblks_t?8?0?5argu@ 0000000180020c70     tryblks.obj
 0002:00004cc0       ??_C@_0GD@CPFAGHDK@invalid?5null?5reference?5in?5metho@ 0000000180020cc0     tryblks.obj
 0002:00004d30       ??_C@_0MO@OCIMHHCP@Wrong?5number?5or?5type?5of?5argumen@ 0000000180020d30     tryblks.obj
 0002:00004e00       ??_C@_0EJ@LLMAHJHM@in?5method?5?8delete_tryblks_t?8?0?5a@ 0000000180020e00     tryblks.obj
 0002:00004e50       ??_C@_0EM@OFFJNENB@in?5method?5?8tryblks_t_push_back?8@ 0000000180020e50     tryblks.obj
 0002:00004ea0       ??_C@_0EH@NHEAGMDI@in?5method?5?8tryblks_t_push_back?8@ 0000000180020ea0     tryblks.obj
 0002:00004ef0       ??_C@_0FO@PPGHFHBH@invalid?5null?5reference?5in?5metho@ 0000000180020ef0     tryblks.obj
 0002:00004f50       ??_C@_0MN@OGFBHFEB@Wrong?5number?5or?5type?5of?5argumen@ 0000000180020f50     tryblks.obj
 0002:00005020       ??_C@_0EL@OBBKHJCP@in?5method?5?8tryblks_t_pop_back?8?0@ 0000000180021020     tryblks.obj
 0002:00005070       ??_C@_0EN@LGHJJLAG@in?5method?5?8tryblks_t_size?8?0?5arg@ 0000000180021070     tryblks.obj
 0002:000050c0       ??_C@_0EO@CCDKODHJ@in?5method?5?8tryblks_t_empty?8?0?5ar@ 00000001800210c0     tryblks.obj
 0002:00005110       ??_C@_0EL@MPHOPNHG@in?5method?5?8tryblks_t_at?8?0?5argum@ 0000000180021110     tryblks.obj
 0002:00005160       ??_C@_0DG@GHAGNEF@in?5method?5?8tryblks_t_at?8?0?5argum@ 0000000180021160     tryblks.obj
 0002:000051a0       ??_C@_0EJ@IKMJJEM@in?5method?5?8tryblks_t_qclear?8?0?5a@ 00000001800211a0     tryblks.obj
 0002:000051f0       ??_C@_0EI@NNMNLFFH@in?5method?5?8tryblks_t_clear?8?0?5ar@ 00000001800211f0     tryblks.obj
 0002:00005240       ??_C@_0EJ@JFOEEHIN@in?5method?5?8tryblks_t_resize?8?0?5a@ 0000000180021240     tryblks.obj
 0002:00005290       ??_C@_0DK@ILPAFNLE@in?5method?5?8tryblks_t_resize?8?0?5a@ 0000000180021290     tryblks.obj
 0002:000052d0       ??_C@_0EE@PEBOCDGD@in?5method?5?8tryblks_t_resize?8?0?5a@ 00000001800212d0     tryblks.obj
 0002:00005320       ??_C@_0FL@PEHELHKC@invalid?5null?5reference?5in?5metho@ 0000000180021320     tryblks.obj
 0002:00005380       ??_C@_0NB@FMKGLHKP@Wrong?5number?5or?5type?5of?5argumen@ 0000000180021380     tryblks.obj
 0002:00005460       ??_C@_0EH@FLHGLOK@in?5method?5?8tryblks_t_grow?8?0?5arg@ 0000000180021460     tryblks.obj
 0002:000054b0       ??_C@_0EC@CCEBDNLC@in?5method?5?8tryblks_t_grow?8?0?5arg@ 00000001800214b0     tryblks.obj
 0002:00005500       ??_C@_0FJ@GKAMPKD@invalid?5null?5reference?5in?5metho@ 0000000180021500     tryblks.obj
 0002:00005560       ??_C@_0FB@BGCBNBJP@in?5method?5?8tryblks_t_capacity?8?0@ 0000000180021560     tryblks.obj
 0002:000055c0       ??_C@_0EK@IHCBMPBE@in?5method?5?8tryblks_t_reserve?8?0?5@ 00000001800215c0     tryblks.obj
 0002:00005610       ??_C@_0DL@ECPKEFI@in?5method?5?8tryblks_t_reserve?8?0?5@ 0000000180021610     tryblks.obj
 0002:00005650       ??_C@_0EL@JABGPEJJ@in?5method?5?8tryblks_t_truncate?8?0@ 0000000180021650     tryblks.obj
 0002:000056a0       ??_C@_0EH@PHCDBBDP@in?5method?5?8tryblks_t_swap?8?0?5arg@ 00000001800216a0     tryblks.obj
 0002:000056f0       ??_C@_0EH@JDLPBLAB@in?5method?5?8tryblks_t_swap?8?0?5arg@ 00000001800216f0     tryblks.obj
 0002:00005740       ??_C@_0FO@LLJICACO@invalid?5null?5reference?5in?5metho@ 0000000180021740     tryblks.obj
 0002:000057a0       ??_C@_0EK@EAOHEICE@in?5method?5?8tryblks_t_extract?8?0?5@ 00000001800217a0     tryblks.obj
 0002:000057f0       ??_C@_0EJ@BAHGKELA@in?5method?5?8tryblks_t_inject?8?0?5a@ 00000001800217f0     tryblks.obj
 0002:00005840       ??_C@_0DO@NGAAIKLL@in?5method?5?8tryblks_t_inject?8?0?5a@ 0000000180021840     tryblks.obj
 0002:00005880       ??_C@_0DK@OELNJJOL@in?5method?5?8tryblks_t_inject?8?0?5a@ 0000000180021880     tryblks.obj
 0002:000058c0       ??_C@_0EP@CNAFMMC@in?5method?5?8tryblks_t___eq__?8?0?5a@ 00000001800218c0     tryblks.obj
 0002:00005910       ??_C@_0EP@CBHGBFCO@in?5method?5?8tryblks_t___eq__?8?0?5a@ 0000000180021910     tryblks.obj
 0002:00005960       ??_C@_0GG@EAFMMFDH@invalid?5null?5reference?5in?5metho@ 0000000180021960     tryblks.obj
 0002:000059d0       ??_C@_0EP@NGBABIA@in?5method?5?8tryblks_t___ne__?8?0?5a@ 00000001800219d0     tryblks.obj
 0002:00005a20       ??_C@_0EP@COMHEIGM@in?5method?5?8tryblks_t___ne__?8?0?5a@ 0000000180021a20     tryblks.obj
 0002:00005a70       ??_C@_0GG@EPONJIHF@invalid?5null?5reference?5in?5metho@ 0000000180021a70     tryblks.obj
 0002:00005ae0       ??_C@_0EI@DIMJGIJH@in?5method?5?8tryblks_t_begin?8?0?5ar@ 0000000180021ae0     tryblks.obj
 0002:00005b30       ??_C@_0EG@BGJLOALC@in?5method?5?8tryblks_t_end?8?0?5argu@ 0000000180021b30     tryblks.obj
 0002:00005b80       ??_C@_0EO@BFBFLDGC@in?5method?5?8tryblks_t_begin?8?0?5ar@ 0000000180021b80     tryblks.obj
 0002:00005bd0       ??_C@_0LH@KDIOJNIO@Wrong?5number?5or?5type?5of?5argumen@ 0000000180021bd0     tryblks.obj
 0002:00005c90       ??_C@_0EM@JADFHAHH@in?5method?5?8tryblks_t_end?8?0?5argu@ 0000000180021c90     tryblks.obj
 0002:00005ce0       ??_C@_0LB@GEHMIIPD@Wrong?5number?5or?5type?5of?5argumen@ 0000000180021ce0     tryblks.obj
 0002:00005da0       ??_C@_0EJ@BAIIPIIM@in?5method?5?8tryblks_t_insert?8?0?5a@ 0000000180021da0     tryblks.obj
 0002:00005df0       ??_C@_0FB@FOCLBGNA@in?5method?5?8tryblks_t_insert?8?0?5a@ 0000000180021df0     tryblks.obj
 0002:00005e50       ??_C@_0EE@JOPNMIJO@in?5method?5?8tryblks_t_insert?8?0?5a@ 0000000180021e50     tryblks.obj
 0002:00005ea0       ??_C@_0FL@JOJHFMFP@invalid?5null?5reference?5in?5metho@ 0000000180021ea0     tryblks.obj
 0002:00005f00       ??_C@_0EI@NEEJJHBD@in?5method?5?8tryblks_t_erase?8?0?5ar@ 0000000180021f00     tryblks.obj
 0002:00005f50       ??_C@_0FA@BDFEAPIL@in?5method?5?8tryblks_t_erase?8?0?5ar@ 0000000180021f50     tryblks.obj
 0002:00005fa0       ??_C@_0FA@LCGNILGF@in?5method?5?8tryblks_t_erase?8?0?5ar@ 0000000180021fa0     tryblks.obj
 0002:00005ff0       ??_C@_0BAJ@FJFFOFGL@Wrong?5number?5or?5type?5of?5argumen@ 0000000180021ff0     tryblks.obj
 0002:00006100       ??_C@_0EH@FFFIOMGK@in?5method?5?8tryblks_t_find?8?0?5arg@ 0000000180022100     tryblks.obj
 0002:00006150       ??_C@_0EC@NGJBAAAM@in?5method?5?8tryblks_t_find?8?0?5arg@ 0000000180022150     tryblks.obj
 0002:000061a0       ??_C@_0FJ@PCHAPCBN@invalid?5null?5reference?5in?5metho@ 00000001800221a0     tryblks.obj
 0002:00006200       ??_C@_0EN@LNIMHBEF@in?5method?5?8tryblks_t_find?8?0?5arg@ 0000000180022200     tryblks.obj
 0002:00006250       ??_C@_0NE@PMBLFGOA@Wrong?5number?5or?5type?5of?5argumen@ 0000000180022250     tryblks.obj
 0002:00006330       ??_C@_0EM@NLDEIKMG@in?5method?5?8tryblks_t_has?8?0?5argu@ 0000000180022330     tryblks.obj
 0002:00006380       ??_C@_0EB@FAHJLLOH@in?5method?5?8tryblks_t_has?8?0?5argu@ 0000000180022380     tryblks.obj
 0002:000063d0       ??_C@_0FI@FCIAMBE@invalid?5null?5reference?5in?5metho@ 00000001800223d0     tryblks.obj
 0002:00006430       ??_C@_0EN@JJOGPDD@in?5method?5?8tryblks_t_add_unique@ 0000000180022430     tryblks.obj
 0002:00006480       ??_C@_0EI@DGOJIHOM@in?5method?5?8tryblks_t_add_unique@ 0000000180022480     tryblks.obj
 0002:000064d0       ??_C@_0FP@JNBAJNIO@invalid?5null?5reference?5in?5metho@ 00000001800224d0     tryblks.obj
[...]
 0004:00001fb0       $pdata$_wrap_new_seh_t$catch$3 0000000180033fb0     tryblks.obj
 0004:00001fbc       $pdata$_wrap_new_seh_t$catch$2 0000000180033fbc     tryblks.obj
 0004:00001fc8       $pdata$_wrap_new_seh_t$catch$1 0000000180033fc8     tryblks.obj
 0004:00001fd4       $pdata$_wrap_delete_seh_t  0000000180033fd4     tryblks.obj
 0004:00001fe0       $pdata$_wrap_delete_seh_t$catch$9 0000000180033fe0     tryblks.obj
 0004:00001fec       $pdata$_wrap_delete_seh_t$catch$8 0000000180033fec     tryblks.obj
 0004:00001ff8       $pdata$_wrap_delete_seh_t$catch$7 0000000180033ff8     tryblks.obj
 0004:00002004       $pdata$_wrap_delete_seh_t$catch$6 0000000180034004     tryblks.obj
 0004:00002010       $pdata$_wrap_delete_seh_t$catch$5 0000000180034010     tryblks.obj
 0004:0000201c       $pdata$_wrap_delete_seh_t$catch$4 000000018003401c     tryblks.obj
 0004:00002028       $pdata$seh_t_swigregister  0000000180034028     tryblks.obj
 0004:00002034       $pdata$_wrap_catch_t_obj_set 0000000180034034     tryblks.obj
 0004:00002040       $pdata$0$_wrap_catch_t_obj_set 0000000180034040     tryblks.obj
 0004:0000204c       $pdata$1$_wrap_catch_t_obj_set 000000018003404c     tryblks.obj
 0004:00002058       $pdata$_wrap_catch_t_obj_get 0000000180034058     tryblks.obj
 0004:00002064       $pdata$0$_wrap_catch_t_obj_get 0000000180034064     tryblks.obj
 0004:00002070       $pdata$1$_wrap_catch_t_obj_get 0000000180034070     tryblks.obj
 0004:0000207c       $pdata$_wrap_catch_t_type_id_set 000000018003407c     tryblks.obj
 0004:00002088       $pdata$0$_wrap_catch_t_type_id_set 0000000180034088     tryblks.obj
 0004:00002094       $pdata$1$_wrap_catch_t_type_id_set 0000000180034094     tryblks.obj
 0004:000020a0       $pdata$_wrap_catch_t_type_id_get 00000001800340a0     tryblks.obj
 0004:000020ac       $pdata$0$_wrap_catch_t_type_id_get 00000001800340ac     tryblks.obj
 0004:000020b8       $pdata$1$_wrap_catch_t_type_id_get 00000001800340b8     tryblks.obj
 0004:000020c4       $pdata$_wrap_new_catch_t   00000001800340c4     tryblks.obj
 0004:000020d0       $pdata$_wrap_new_catch_t$catch$6 00000001800340d0     tryblks.obj
 0004:000020dc       $pdata$_wrap_new_catch_t$catch$5 00000001800340dc     tryblks.obj
 0004:000020e8       $pdata$_wrap_new_catch_t$catch$4 00000001800340e8     tryblks.obj
 0004:000020f4       $pdata$_wrap_new_catch_t$catch$3 00000001800340f4     tryblks.obj
 0004:00002100       $pdata$_wrap_new_catch_t$catch$2 0000000180034100     tryblks.obj
 0004:0000210c       $pdata$_wrap_new_catch_t$catch$1 000000018003410c     tryblks.obj
 0004:00002118       $pdata$_wrap_delete_catch_t 0000000180034118     tryblks.obj
 0004:00002124       $pdata$_wrap_delete_catch_t$catch$8 0000000180034124     tryblks.obj
 0004:00002130       $pdata$_wrap_delete_catch_t$catch$7 0000000180034130     tryblks.obj
 0004:0000213c       $pdata$_wrap_delete_catch_t$catch$6 000000018003413c     tryblks.obj
 0004:00002148       $pdata$_wrap_delete_catch_t$catch$5 0000000180034148     tryblks.obj
 0004:00002154       $pdata$_wrap_delete_catch_t$catch$4 0000000180034154     tryblks.obj
 0004:00002160       $pdata$_wrap_delete_catch_t$catch$3 0000000180034160     tryblks.obj
 0004:0000216c       $pdata$catch_t_swigregister 000000018003416c     tryblks.obj
 0004:00002178       $pdata$_wrap_tryblk_t_level_set 0000000180034178     tryblks.obj
 0004:00002184       $pdata$0$_wrap_tryblk_t_level_set 0000000180034184     tryblks.obj
 0004:00002190       $pdata$1$_wrap_tryblk_t_level_set 0000000180034190     tryblks.obj
 0004:0000219c       $pdata$_wrap_tryblk_t_level_get 000000018003419c     tryblks.obj
 0004:000021a8       $pdata$0$_wrap_tryblk_t_level_get 00000001800341a8     tryblks.obj
 0004:000021b4       $pdata$1$_wrap_tryblk_t_level_get 00000001800341b4     tryblks.obj
 0004:000021c0       $pdata$_wrap_tryblk_t_cpp  00000001800341c0     tryblks.obj
 0004:000021cc       $pdata$_wrap_tryblk_t_cpp$catch$5 00000001800341cc     tryblks.obj
 0004:000021d8       $pdata$_wrap_tryblk_t_cpp$catch$4 00000001800341d8     tryblks.obj
 0004:000021e4       $pdata$_wrap_tryblk_t_cpp$catch$3 00000001800341e4     tryblks.obj
 0004:000021f0       $pdata$_wrap_tryblk_t_cpp$catch$2 00000001800341f0     tryblks.obj
 0004:000021fc       $pdata$_wrap_tryblk_t_cpp$catch$1 00000001800341fc     tryblks.obj
 0004:00002208       $pdata$_wrap_tryblk_t_cpp$catch$0 0000000180034208     tryblks.obj
 0004:00002214       $pdata$_wrap_tryblk_t_seh  0000000180034214     tryblks.obj
 0004:00002220       $pdata$_wrap_tryblk_t_seh$catch$5 0000000180034220     tryblks.obj
 0004:0000222c       $pdata$_wrap_tryblk_t_seh$catch$4 000000018003422c     tryblks.obj
 0004:00002238       $pdata$_wrap_tryblk_t_seh$catch$3 0000000180034238     tryblks.obj
 0004:00002244       $pdata$_wrap_tryblk_t_seh$catch$2 0000000180034244     tryblks.obj
 0004:00002250       $pdata$_wrap_tryblk_t_seh$catch$1 0000000180034250     tryblks.obj
 0004:0000225c       $pdata$_wrap_tryblk_t_seh$catch$0 000000018003425c     tryblks.obj
 0004:00002268       $pdata$_wrap_new_tryblk_t__SWIG_0 0000000180034268     tryblks.obj
 0004:00002274       $pdata$_wrap_new_tryblk_t__SWIG_0$catch$6 0000000180034274     tryblks.obj
 0004:00002280       $pdata$_wrap_new_tryblk_t__SWIG_0$catch$5 0000000180034280     tryblks.obj
 0004:0000228c       $pdata$_wrap_new_tryblk_t__SWIG_0$catch$4 000000018003428c     tryblks.obj
 0004:00002298       $pdata$_wrap_new_tryblk_t__SWIG_0$catch$3 0000000180034298     tryblks.obj
 0004:000022a4       $pdata$_wrap_new_tryblk_t__SWIG_0$catch$2 00000001800342a4     tryblks.obj
 0004:000022b0       $pdata$_wrap_new_tryblk_t__SWIG_0$catch$1 00000001800342b0     tryblks.obj
 0004:000022bc       $pdata$_wrap_delete_tryblk_t 00000001800342bc     tryblks.obj
 0004:000022c8       $pdata$_wrap_delete_tryblk_t$catch$7 00000001800342c8     tryblks.obj
 0004:000022d4       $pdata$_wrap_delete_tryblk_t$catch$6 00000001800342d4     tryblks.obj
 0004:000022e0       $pdata$_wrap_delete_tryblk_t$catch$5 00000001800342e0     tryblks.obj
 0004:000022ec       $pdata$_wrap_delete_tryblk_t$catch$4 00000001800342ec     tryblks.obj
 0004:000022f8       $pdata$_wrap_delete_tryblk_t$catch$3 00000001800342f8     tryblks.obj
 0004:00002304       $pdata$_wrap_delete_tryblk_t$catch$2 0000000180034304     tryblks.obj
 0004:00002310       $pdata$_wrap_new_tryblk_t__SWIG_1 0000000180034310     tryblks.obj
 0004:0000231c       $pdata$_wrap_new_tryblk_t__SWIG_1$catch$6 000000018003431c     tryblks.obj
 0004:00002328       $pdata$_wrap_new_tryblk_t__SWIG_1$catch$5 0000000180034328     tryblks.obj
 0004:00002334       $pdata$_wrap_new_tryblk_t__SWIG_1$catch$4 0000000180034334     tryblks.obj
 0004:00002340       $pdata$_wrap_new_tryblk_t__SWIG_1$catch$3 0000000180034340     tryblks.obj
 0004:0000234c       $pdata$_wrap_new_tryblk_t__SWIG_1$catch$2 000000018003434c     tryblks.obj
 0004:00002358       $pdata$_wrap_new_tryblk_t__SWIG_1$catch$1 0000000180034358     tryblks.obj
 0004:00002364       $pdata$_wrap_new_tryblk_t  0000000180034364     tryblks.obj
 0004:00002370       $pdata$_wrap_tryblk_t_get_kind 0000000180034370     tryblks.obj
 0004:0000237c       $pdata$_wrap_tryblk_t_get_kind$catch$5 000000018003437c     tryblks.obj
 0004:00002388       $pdata$_wrap_tryblk_t_get_kind$catch$4 0000000180034388     tryblks.obj
 0004:00002394       $pdata$_wrap_tryblk_t_get_kind$catch$3 0000000180034394     tryblks.obj
 0004:000023a0       $pdata$_wrap_tryblk_t_get_kind$catch$2 00000001800343a0     tryblks.obj
 0004:000023ac       $pdata$_wrap_tryblk_t_get_kind$catch$1 00000001800343ac     tryblks.obj
 0004:000023b8       $pdata$_wrap_tryblk_t_get_kind$catch$0 00000001800343b8     tryblks.obj
 0004:000023c4       $pdata$_wrap_tryblk_t_empty 00000001800343c4     tryblks.obj
 0004:000023d0       $pdata$_wrap_tryblk_t_empty$catch$5 00000001800343d0     tryblks.obj
 0004:000023dc       $pdata$_wrap_tryblk_t_empty$catch$4 00000001800343dc     tryblks.obj
 0004:000023e8       $pdata$_wrap_tryblk_t_empty$catch$3 00000001800343e8     tryblks.obj
 0004:000023f4       $pdata$_wrap_tryblk_t_empty$catch$2 00000001800343f4     tryblks.obj
 0004:00002400       $pdata$_wrap_tryblk_t_empty$catch$1 0000000180034400     tryblks.obj
 0004:0000240c       $pdata$_wrap_tryblk_t_empty$catch$0 000000018003440c     tryblks.obj
 0004:00002418       $pdata$_wrap_tryblk_t_is_seh 0000000180034418     tryblks.obj
 0004:00002424       $pdata$_wrap_tryblk_t_is_seh$catch$5 0000000180034424     tryblks.obj
 0004:00002430       $pdata$_wrap_tryblk_t_is_seh$catch$4 0000000180034430     tryblks.obj
 0004:0000243c       $pdata$_wrap_tryblk_t_is_seh$catch$3 000000018003443c     tryblks.obj
 0004:00002448       $pdata$_wrap_tryblk_t_is_seh$catch$2 0000000180034448     tryblks.obj
 0004:00002454       $pdata$_wrap_tryblk_t_is_seh$catch$1 0000000180034454     tryblks.obj
 0004:00002460       $pdata$_wrap_tryblk_t_is_seh$catch$0 0000000180034460     tryblks.obj
 0004:0000246c       $pdata$_wrap_tryblk_t_is_cpp 000000018003446c     tryblks.obj
 0004:00002478       $pdata$_wrap_tryblk_t_is_cpp$catch$5 0000000180034478     tryblks.obj
 0004:00002484       $pdata$_wrap_tryblk_t_is_cpp$catch$4 0000000180034484     tryblks.obj
 0004:00002490       $pdata$_wrap_tryblk_t_is_cpp$catch$3 0000000180034490     tryblks.obj
 0004:0000249c       $pdata$_wrap_tryblk_t_is_cpp$catch$2 000000018003449c     tryblks.obj
 0004:000024a8       $pdata$_wrap_tryblk_t_is_cpp$catch$1 00000001800344a8     tryblks.obj
 0004:000024b4       $pdata$_wrap_tryblk_t_is_cpp$catch$0 00000001800344b4     tryblks.obj
 0004:000024c0       $pdata$_wrap_tryblk_t_clear 00000001800344c0     tryblks.obj
 0004:000024cc       $pdata$_wrap_tryblk_t_clear$catch$5 00000001800344cc     tryblks.obj
 0004:000024d8       $pdata$_wrap_tryblk_t_clear$catch$4 00000001800344d8     tryblks.obj
 0004:000024e4       $pdata$_wrap_tryblk_t_clear$catch$3 00000001800344e4     tryblks.obj
 0004:000024f0       $pdata$_wrap_tryblk_t_clear$catch$2 00000001800344f0     tryblks.obj
 0004:000024fc       $pdata$_wrap_tryblk_t_clear$catch$1 00000001800344fc     tryblks.obj
 0004:00002508       $pdata$_wrap_tryblk_t_clear$catch$0 0000000180034508     tryblks.obj
 0004:00002514       $pdata$_wrap_tryblk_t_set_seh 0000000180034514     tryblks.obj
 0004:00002520       $pdata$_wrap_tryblk_t_set_seh$catch$5 0000000180034520     tryblks.obj
 0004:0000252c       $pdata$_wrap_tryblk_t_set_seh$catch$4 000000018003452c     tryblks.obj
 0004:00002538       $pdata$_wrap_tryblk_t_set_seh$catch$3 0000000180034538     tryblks.obj
 0004:00002544       $pdata$_wrap_tryblk_t_set_seh$catch$2 0000000180034544     tryblks.obj
 0004:00002550       $pdata$_wrap_tryblk_t_set_seh$catch$1 0000000180034550     tryblks.obj
 0004:0000255c       $pdata$_wrap_tryblk_t_set_seh$catch$0 000000018003455c     tryblks.obj
 0004:00002568       $pdata$_wrap_tryblk_t_set_cpp 0000000180034568     tryblks.obj
 0004:00002574       $pdata$_wrap_tryblk_t_set_cpp$catch$5 0000000180034574     tryblks.obj
 0004:00002580       $pdata$_wrap_tryblk_t_set_cpp$catch$4 0000000180034580     tryblks.obj
 0004:0000258c       $pdata$_wrap_tryblk_t_set_cpp$catch$3 000000018003458c     tryblks.obj
 0004:00002598       $pdata$_wrap_tryblk_t_set_cpp$catch$2 0000000180034598     tryblks.obj
 0004:000025a4       $pdata$_wrap_tryblk_t_set_cpp$catch$1 00000001800345a4     tryblks.obj
 0004:000025b0       $pdata$_wrap_tryblk_t_set_cpp$catch$0 00000001800345b0     tryblks.obj
 0004:000025bc       $pdata$tryblk_t_swigregister 00000001800345bc     tryblks.obj
 0004:000025c8       $pdata$_wrap_get_tryblks   00000001800345c8     tryblks.obj
 0004:000025d4       $pdata$_wrap_get_tryblks$catch$5 00000001800345d4     tryblks.obj
 0004:000025e0       $pdata$_wrap_get_tryblks$catch$4 00000001800345e0     tryblks.obj
 0004:000025ec       $pdata$_wrap_get_tryblks$catch$3 00000001800345ec     tryblks.obj
 0004:000025f8       $pdata$_wrap_get_tryblks$catch$2 00000001800345f8     tryblks.obj
 0004:00002604       $pdata$_wrap_get_tryblks$catch$1 0000000180034604     tryblks.obj
 0004:00002610       $pdata$_wrap_get_tryblks$catch$0 0000000180034610     tryblks.obj
 0004:0000261c       $pdata$_wrap_del_tryblks   000000018003461c     tryblks.obj
 0004:00002628       $pdata$_wrap_del_tryblks$catch$5 0000000180034628     tryblks.obj
 0004:00002634       $pdata$_wrap_del_tryblks$catch$4 0000000180034634     tryblks.obj
 0004:00002640       $pdata$_wrap_del_tryblks$catch$3 0000000180034640     tryblks.obj
 0004:0000264c       $pdata$_wrap_del_tryblks$catch$2 000000018003464c     tryblks.obj
 0004:00002658       $pdata$_wrap_del_tryblks$catch$1 0000000180034658     tryblks.obj
 0004:00002664       $pdata$_wrap_del_tryblks$catch$0 0000000180034664     tryblks.obj
 0004:00002670       $pdata$_wrap_add_tryblk    0000000180034670     tryblks.obj
 0004:0000267c       $pdata$_wrap_add_tryblk$catch$5 000000018003467c     tryblks.obj
 0004:00002688       $pdata$_wrap_add_tryblk$catch$4 0000000180034688     tryblks.obj
 0004:00002694       $pdata$_wrap_add_tryblk$catch$3 0000000180034694     tryblks.obj
 0004:000026a0       $pdata$_wrap_add_tryblk$catch$2 00000001800346a0     tryblks.obj
 0004:000026ac       $pdata$_wrap_add_tryblk$catch$1 00000001800346ac     tryblks.obj
 0004:000026b8       $pdata$_wrap_add_tryblk$catch$0 00000001800346b8     tryblks.obj
 0004:000026c4       $pdata$_wrap_find_syseh    00000001800346c4     tryblks.obj
 0004:000026d0       $pdata$_wrap_find_syseh$catch$5 00000001800346d0     tryblks.obj
 0004:000026dc       $pdata$_wrap_find_syseh$catch$4 00000001800346dc     tryblks.obj
 0004:000026e8       $pdata$_wrap_find_syseh$catch$3 00000001800346e8     tryblks.obj
 0004:000026f4       $pdata$_wrap_find_syseh$catch$2 00000001800346f4     tryblks.obj
 0004:00002700       $pdata$_wrap_find_syseh$catch$1 0000000180034700     tryblks.obj
 0004:0000270c       $pdata$_wrap_find_syseh$catch$0 000000018003470c     tryblks.obj
 0004:00002718       $pdata$SWIG_InitializeModule 0000000180034718     tryblks.obj
 0004:00002724       $pdata$1$SWIG_InitializeModule 0000000180034724     tryblks.obj
 0004:00002730       $pdata$4$SWIG_InitializeModule 0000000180034730     tryblks.obj
 0004:0000273c       $pdata$5$SWIG_InitializeModule 000000018003473c     tryblks.obj
 0004:00002748       $pdata$6$SWIG_InitializeModule 0000000180034748     tryblks.obj
 0004:00002754       $pdata$SWIG_Python_FixMethods 0000000180034754     tryblks.obj
 0004:00002760       $pdata$4$SWIG_Python_FixMethods 0000000180034760     tryblks.obj
 0004:0000276c       $pdata$5$SWIG_Python_FixMethods 000000018003476c     tryblks.obj
 0004:00002778       $pdata$PyInit__ida_tryblks 0000000180034778     tryblks.obj
 0004:00002784       $pdata$1$PyInit__ida_tryblks 0000000180034784     tryblks.obj
 0004:00002790       $pdata$2$PyInit__ida_tryblks 0000000180034790     tryblks.obj
 0004:0000279c       $pdata$3$PyInit__ida_tryblks 000000018003479c     tryblks.obj
 0004:000027a8       $pdata$4$PyInit__ida_tryblks 00000001800347a8     tryblks.obj
 0004:000027b4       $pdata$5$PyInit__ida_tryblks 00000001800347b4     tryblks.obj
 0004:000027c0       $pdata$_Init_thread_header 00000001800347c0     MSVCRT:thread_safe_statics.obj
 0004:000027cc       $pdata$_Init_thread_footer 00000001800347cc     MSVCRT:thread_safe_statics.obj
 0004:000027d8       $pdata$_Init_thread_wait   00000001800347d8     MSVCRT:thread_safe_statics.obj
 0004:000027e4       $pdata$_Init_thread_notify 00000001800347e4     MSVCRT:thread_safe_statics.obj
 0004:000027f0       $pdata$?__scrt_uninitialize_thread_safe_statics@@YAXXZ 00000001800347f0     MSVCRT:thread_safe_statics.obj
 0004:000027fc       $pdata$?__scrt_initialize_thread_safe_statics@@YAHXZ 00000001800347fc     MSVCRT:thread_safe_statics.obj
 0004:00002808       $pdata$__GSHandlerCheckCommon 0000000180034808     MSVCRT:gshandler.obj
 0004:00002814       $pdata$__GSHandlerCheck    0000000180034814     MSVCRT:gshandler.obj
 0004:00002820       $pdata$__GSHandlerCheck_EH 0000000180034820     MSVCRT:gshandlereh.obj
 0004:00002838       $pdata$??_Gtype_info@@UEAAPEAXI@Z 0000000180034838     MSVCRT:std_type_info_static.obj
 0004:00002844       $pdata$?dllmain_crt_process_attach@@YAHQEAUHINSTANCE__@@QEAX@Z 0000000180034844     MSVCRT:dll_dllmain.obj
 0004:00002850       $pdata$?fin$0@?0??dllmain_crt_process_attach@@YAHQEAUHINSTANCE__@@QEAX@Z@4HA 0000000180034850     MSVCRT:dll_dllmain.obj
 0004:0000285c       $pdata$?dllmain_crt_process_detach@@YAH_N@Z 000000018003485c     MSVCRT:dll_dllmain.obj
 0004:00002868       $pdata$?fin$0@?0??dllmain_crt_process_detach@@YAH_N@Z@4HA 0000000180034868     MSVCRT:dll_dllmain.obj
 0004:00002874       $pdata$?dllmain_crt_dispatch@@YAHQEAUHINSTANCE__@@KQEAX@Z 0000000180034874     MSVCRT:dll_dllmain.obj
 0004:00002880       $pdata$?dllmain_dispatch@@YAHQEAUHINSTANCE__@@KQEAX@Z 0000000180034880     MSVCRT:dll_dllmain.obj
 0004:0000288c       $pdata$?filt$0@?0??dllmain_dispatch@@YAHQEAUHINSTANCE__@@KQEAX@Z@4HA 000000018003488c     MSVCRT:dll_dllmain.obj
 0004:00002898       $pdata$_DllMainCRTStartup  0000000180034898     MSVCRT:dll_dllmain.obj
 0004:000028a4       $pdata$atexit              00000001800348a4     MSVCRT:utility.obj
 0004:000028b0       $pdata$_onexit             00000001800348b0     MSVCRT:utility.obj
 0004:000028bc       $pdata$__scrt_is_nonwritable_in_current_image 00000001800348bc     MSVCRT:utility.obj
 0004:000028c8       $pdata$__scrt_is_nonwritable_in_current_image$filt$0 00000001800348c8     MSVCRT:utility.obj
 0004:000028d4       $pdata$__scrt_acquire_startup_lock 00000001800348d4     MSVCRT:utility.obj
 0004:000028e0       $pdata$__scrt_release_startup_lock 00000001800348e0     MSVCRT:utility.obj
 0004:000028ec       $pdata$__scrt_initialize_crt 00000001800348ec     MSVCRT:utility.obj
 0004:000028f8       $pdata$__scrt_uninitialize_crt 00000001800348f8     MSVCRT:utility.obj
 0004:00002904       $pdata$__scrt_initialize_onexit_tables 0000000180034904     MSVCRT:utility.obj
 0004:00002910       $pdata$__scrt_dllmain_exception_filter 0000000180034910     MSVCRT:utility.obj
 0004:0000291c       $pdata$__scrt_dllmain_before_initialize_c 000000018003491c     MSVCRT:utility.obj
 0004:00002928       $pdata$__scrt_dllmain_after_initialize_c 0000000180034928     MSVCRT:utility.obj
 0004:00002934       $pdata$__scrt_dllmain_uninitialize_c 0000000180034934     MSVCRT:utility.obj
 0004:00002940       $pdata$__scrt_dllmain_uninitialize_critical 0000000180034940     MSVCRT:utility.obj
 0004:0000294c       $pdata$__scrt_dllmain_crt_thread_attach 000000018003494c     MSVCRT:utility.obj
 0004:00002958       $pdata$__scrt_dllmain_crt_thread_detach 0000000180034958     MSVCRT:utility.obj
 0004:00002964       $pdata$__scrt_fastfail     0000000180034964     MSVCRT:utility_desktop.obj
 0004:00002970       $pdata$__report_gsfailure  0000000180034970     MSVCRT:gs_report.obj
 0004:0000297c       $pdata$capture_previous_context 000000018003497c     MSVCRT:gs_report.obj
 0004:00002988       $pdata$__raise_securityfailure 0000000180034988     MSVCRT:gs_report.obj
 0004:00002994       $pdata$__security_init_cookie 0000000180034994     MSVCRT:gs_support.obj
 0004:000029a0       $pdata$DllMain             00000001800349a0     MSVCRT:dll_dllmain_stub.obj
 0004:000029ac       $pdata$__scrt_initialize_default_local_stdio_options 00000001800349ac     MSVCRT:default_local_stdio_options.obj
 0004:000029b8       $pdata$_RTC_Initialize     00000001800349b8     MSVCRT:initsect.obj
 0004:000029c4       $pdata$_RTC_Terminate      00000001800349c4     MSVCRT:initsect.obj
 0004:000029d0       $pdata$__isa_available_init 00000001800349d0     MSVCRT:cpu_disp.obj
