 _ida_xref

 Timestamp is 5e3da0c7 (Fri Feb  7 17:39:19 2020)

 Preferred load address is 0000000180000000

 Start         Length     Name                   Class
 0001:00000000 0000e470H .text$mn                CODE
 0001:0000e470 00000020H .text$mn$00             CODE
 0001:0000e490 00005273H .text$x                 CODE
 0002:00000000 00000560H .idata$5                DATA
 0002:00000560 00000010H .00cfg                  DATA
 0002:00000570 00000008H .CRT$XCA                DATA
 0002:00000578 00000008H .CRT$XCZ                DATA
 0002:00000580 00000008H .CRT$XIA                DATA
 0002:00000588 00000008H .CRT$XIC                DATA
 0002:00000590 00000008H .CRT$XIZ                DATA
 0002:00000598 00000008H .CRT$XLA                DATA
 0002:000005a0 00000008H .CRT$XLZ                DATA
 0002:000005a8 00000008H .CRT$XPA                DATA
 0002:000005b0 00000008H .CRT$XPZ                DATA
 0002:000005b8 00000008H .CRT$XTA                DATA
 0002:000005c0 00000010H .CRT$XTZ                DATA
 0002:000005c8 00000000H .gfids$y                DATA
 0002:000005d0 00007a70H .rdata                  DATA
 0002:00008040 00000028H .rdata$T                DATA
 0002:00008068 000002fcH .rdata$r                DATA
 0002:00008364 00000314H .rdata$zzzdbg           DATA
 0002:00008678 00000008H .rtc$IAA                DATA
 0002:00008680 00000008H .rtc$IZZ                DATA
 0002:00008688 00000008H .rtc$TAA                DATA
 0002:00008690 00000008H .rtc$TZZ                DATA
 0002:00008698 00000004H .tls                    DATA
 0002:0000869c 00000004H .tls$                   DATA
 0002:000086a0 00000008H .tls$ZZZ                DATA
 0002:000086a8 000044a0H .xdata                  DATA
 0002:0000cb48 00000188H .xdata$x                DATA
 0002:0000ccd0 00000054H .edata                  DATA
 0002:0000cd24 000000b4H .idata$2                DATA
 0002:0000cdd8 00000018H .idata$3                DATA
 0002:0000cdf0 00000560H .idata$4                DATA
 0002:0000d350 00000d96H .idata$6                DATA
 0003:00000000 00003028H .data                   DATA
 0003:00003028 00000148H .data$r                 DATA
 0003:00003170 00000928H .bss                    DATA
 0004:00000000 00001fa4H .pdata                  DATA

  Address         Publics by Value              Rva+Base               Lib:Object

 0000:00000000       __volatile_metadata        0000000000000000     <absolute>
 0000:00000000       ___safe_se_handler_count   0000000000000000     <absolute>
 0000:00000000       __enclave_config           0000000000000000     <absolute>
 0000:00000000       __guard_iat_count          0000000000000000     <absolute>
 0000:00000000       __hybrid_code_map          0000000000000000     <absolute>
 0000:00000000       __dynamic_value_reloc_table 0000000000000000     <absolute>
 0000:00000000       __guard_longjmp_table      0000000000000000     <absolute>
 0000:00000000       __guard_longjmp_count      0000000000000000     <absolute>
 0000:00000000       __guard_iat_table          0000000000000000     <absolute>
 0000:00000000       ___safe_se_handler_table   0000000000000000     <absolute>
 0000:00000000       __guard_fids_table         0000000000000000     <absolute>
 0000:00000000       __hybrid_code_map_count    0000000000000000     <absolute>
 0000:00000000       __guard_fids_count         0000000000000000     <absolute>
 0000:00000000       __hybrid_auxiliary_iat     0000000000000000     <absolute>
 0000:00000100       __guard_flags              0000000000000100     <absolute>
 0000:00000000       __ImageBase                0000000180000000     <linker-defined>
 0001:000084c0       ??0?$qvector@H@@QEAA@AEBV0@@Z 00000001800094c0 f i xref.obj
 0001:00008550       ??0exception@std@@QEAA@AEBV01@@Z 0000000180009550 f i xref.obj
 0001:00008590       ??0logic_error@std@@QEAA@AEBV01@@Z 0000000180009590 f i xref.obj
 0001:000085d0       ??0out_of_range@std@@QEAA@AEBV01@@Z 00000001800095d0 f i xref.obj
 0001:00008610       ??0out_of_range@std@@QEAA@PEBD@Z 0000000180009610 f i xref.obj
 0001:00008660       ??1?$qvector@H@@QEAA@XZ    0000000180009660 f i xref.obj
 0001:00008670       ??1bad_array_new_length@std@@UEAA@XZ 0000000180009670 f i MSVCRT:throw_bad_alloc.obj
 0001:00008670       ??1bad_alloc@std@@UEAA@XZ  0000000180009670 f i MSVCRT:throw_bad_alloc.obj
 0001:00008670       ??1out_of_range@std@@UEAA@XZ 0000000180009670 f i xref.obj
 0001:00008690       ??4?$qvector@I@@QEAAAEAV0@AEBV0@@Z 0000000180009690 f i xref.obj
 0001:00008690       ??4?$qvector@H@@QEAAAEAV0@AEBV0@@Z 0000000180009690 f i xref.obj
 0001:00008780       ??4?$qvector@V?$qvector@H@@@@QEAAAEAV0@AEBV0@@Z 0000000180009780 f i xref.obj
 0001:000089e0       ??8?$qvector@V?$qvector@H@@@@QEBA_NAEBV0@@Z 00000001800099e0 f i xref.obj
 0001:00008a80       ??_Gbad_array_new_length@std@@UEAAPEAXI@Z 0000000180009a80 f i MSVCRT:throw_bad_alloc.obj
 0001:00008a80       ??_Ebad_array_new_length@std@@UEAAPEAXI@Z 0000000180009a80 f i MSVCRT:throw_bad_alloc.obj
 0001:00008a80       ??_Elogic_error@std@@UEAAPEAXI@Z 0000000180009a80 f i xref.obj
 0001:00008a80       ??_Gexception@std@@UEAAPEAXI@Z 0000000180009a80 f i xref.obj
 0001:00008a80       ??_Gbad_alloc@std@@UEAAPEAXI@Z 0000000180009a80 f i MSVCRT:throw_bad_alloc.obj
 0001:00008a80       ??_Eout_of_range@std@@UEAAPEAXI@Z 0000000180009a80 f i xref.obj
 0001:00008a80       ??_Gout_of_range@std@@UEAAPEAXI@Z 0000000180009a80 f i xref.obj
 0001:00008a80       ??_Eexception@std@@UEAAPEAXI@Z 0000000180009a80 f i xref.obj
 0001:00008a80       ??_Glogic_error@std@@UEAAPEAXI@Z 0000000180009a80 f i xref.obj
 0001:00008a80       ??_Ebad_alloc@std@@UEAAPEAXI@Z 0000000180009a80 f i MSVCRT:throw_bad_alloc.obj
 0001:000090d0       ?clear@?$qvector@V?$qvector@H@@@@QEAAXXZ 000000018000a0d0 f i xref.obj
 0001:00009130       ?erase@?$qvector@V?$qvector@H@@@@QEAAPEAV?$qvector@H@@PEAV2@@Z 000000018000a130 f i xref.obj
 0001:000091a0       ?find@?$qvector@V?$qvector@H@@@@QEAAPEAV?$qvector@H@@AEBV2@@Z 000000018000a1a0 f i xref.obj
 0001:000091a0       ?find@?$qvector@V?$qvector@H@@@@QEBAPEBV?$qvector@H@@AEBV2@@Z 000000018000a1a0 f i xref.obj
 0001:00009210       ?push_back@?$qvector@V?$qvector@H@@@@QEAAXAEBV?$qvector@H@@@Z 000000018000a210 f i xref.obj
 0001:00009290       ?resize@?$qvector@V?$qvector@H@@@@QEAAX_KAEBV?$qvector@H@@@Z 000000018000a290 f i xref.obj
 0001:000093d0       ?sprnt@?$_qstring@D@@QEAAAEAV1@PEBDZZ 000000018000a3d0 f i xref.obj
 0001:00009490       ?what@exception@std@@UEBAPEBDXZ 000000018000a490 f i xref.obj
 0001:000094b0       PyInit__ida_xref           000000018000a4b0 f   xref.obj
 0001:0000af30       __local_stdio_printf_options 000000018000bf30 f i xref.obj
 0001:0000cf90       printf                     000000018000df90 f i xref.obj
 0001:0000cfe5       qrealloc                   000000018000dfe5 f   ida:ida.dll
 0001:0000cfeb       qfree                      000000018000dfeb f   ida:ida.dll
 0001:0000cff1       qvsnprintf                 000000018000dff1 f   ida:ida.dll
 0001:0000cff7       qalloc_or_throw            000000018000dff7 f   ida:ida.dll
 0001:0000cffd       qvector_reserve            000000018000dffd f   ida:ida.dll
 0001:0000d003       is_main_thread             000000018000e003 f   ida:ida.dll
 0001:0000d009       xrefchar                   000000018000e009 f   ida:ida.dll
 0001:0000d00f       add_cref                   000000018000e00f f   ida:ida.dll
 0001:0000d015       del_cref                   000000018000e015 f   ida:ida.dll
 0001:0000d01b       add_dref                   000000018000e01b f   ida:ida.dll
 0001:0000d021       del_dref                   000000018000e021 f   ida:ida.dll
 0001:0000d027       xrefblk_t_first_from       000000018000e027 f   ida:ida.dll
 0001:0000d02d       xrefblk_t_next_from        000000018000e02d f   ida:ida.dll
 0001:0000d033       xrefblk_t_first_to         000000018000e033 f   ida:ida.dll
 0001:0000d039       xrefblk_t_next_to          000000018000e039 f   ida:ida.dll
 0001:0000d03f       get_first_dref_from        000000018000e03f f   ida:ida.dll
 0001:0000d045       get_next_dref_from         000000018000e045 f   ida:ida.dll
 0001:0000d04b       get_first_dref_to          000000018000e04b f   ida:ida.dll
 0001:0000d051       get_next_dref_to           000000018000e051 f   ida:ida.dll
 0001:0000d057       get_first_cref_from        000000018000e057 f   ida:ida.dll
 0001:0000d05d       get_next_cref_from         000000018000e05d f   ida:ida.dll
 0001:0000d063       get_first_cref_to          000000018000e063 f   ida:ida.dll
 0001:0000d069       get_next_cref_to           000000018000e069 f   ida:ida.dll
 0001:0000d06f       get_first_fcref_from       000000018000e06f f   ida:ida.dll
 0001:0000d075       get_next_fcref_from        000000018000e075 f   ida:ida.dll
 0001:0000d07b       get_first_fcref_to         000000018000e07b f   ida:ida.dll
 0001:0000d081       get_next_fcref_to          000000018000e081 f   ida:ida.dll
 0001:0000d087       has_external_refs          000000018000e087 f   ida:ida.dll
 0001:0000d08d       create_switch_table        000000018000e08d f   ida:ida.dll
 0001:0000d093       create_switch_xrefs        000000018000e093 f   ida:ida.dll
 0001:0000d099       calc_switch_cases          000000018000e099 f   ida:ida.dll
 0001:0000d09f       delete_switch_table        000000018000e09f f   ida:ida.dll
 0001:0000d0a5       PyW_GetNumber              000000018000e0a5 f   python:python.dll
 0001:0000d0ab       PyW_PyListToEaVec          000000018000e0ab f   python:python.dll
 0001:0000d0b4       ??2@YAPEAX_K@Z             000000018000e0b4 f   MSVCRT:new_scalar.obj
 0001:0000d0f0       ??3@YAXPEAX_K@Z            000000018000e0f0 f   MSVCRT:delete_scalar_size.obj
 0001:0000d0f0       ??_V@YAXPEAX@Z             000000018000e0f0 f   MSVCRT:delete_array.obj
 0001:0000d0f8       ??_U@YAPEAX_K@Z            000000018000e0f8 f   MSVCRT:new_array.obj
 0001:0000d288       _Init_thread_footer        000000018000e288 f   MSVCRT:thread_safe_statics.obj
 0001:0000d2e8       _Init_thread_header        000000018000e2e8 f   MSVCRT:thread_safe_statics.obj
 0001:0000d350       _Init_thread_notify        000000018000e350 f   MSVCRT:thread_safe_statics.obj
 0001:0000d3a0       _Init_thread_wait          000000018000e3a0 f   MSVCRT:thread_safe_statics.obj
 0001:0000d418       __GSHandlerCheck           000000018000e418 f   MSVCRT:gshandler.obj
 0001:0000d438       __GSHandlerCheckCommon     000000018000e438 f   MSVCRT:gshandler.obj
 0001:0000d494       __GSHandlerCheck_EH        000000018000e494 f   MSVCRT:gshandlereh.obj
 0001:0000d530       __security_check_cookie    000000018000e530 f   MSVCRT:amdsecgs.obj
 0001:0000d554       ??_Etype_info@@UEAAPEAXI@Z 000000018000e554 f i MSVCRT:std_type_info_static.obj
 0001:0000d554       ??_Gtype_info@@UEAAPEAXI@Z 000000018000e554 f i MSVCRT:std_type_info_static.obj
 0001:0000d8b0       _DllMainCRTStartup         000000018000e8b0 f   MSVCRT:dll_dllmain.obj
 0001:0000d8f0       ??0bad_alloc@std@@QEAA@AEBV01@@Z 000000018000e8f0 f i MSVCRT:throw_bad_alloc.obj
 0001:0000d930       ??0bad_alloc@std@@QEAA@XZ  000000018000e930 f i MSVCRT:throw_bad_alloc.obj
 0001:0000d950       ??0bad_array_new_length@std@@QEAA@AEBV01@@Z 000000018000e950 f i MSVCRT:throw_bad_alloc.obj
 0001:0000d990       ??0bad_array_new_length@std@@QEAA@XZ 000000018000e990 f i MSVCRT:throw_bad_alloc.obj
 0001:0000d9b0       ?__scrt_throw_std_bad_alloc@@YAXXZ 000000018000e9b0 f   MSVCRT:throw_bad_alloc.obj
 0001:0000d9d0       ?__scrt_throw_std_bad_array_new_length@@YAXXZ 000000018000e9d0 f   MSVCRT:throw_bad_alloc.obj
 0001:0000d9f0       ??3@YAXPEAX@Z              000000018000e9f0 f   MSVCRT:delete_scalar.obj
 0001:0000d9f8       __scrt_acquire_startup_lock 000000018000e9f8 f   MSVCRT:utility.obj
 0001:0000da34       __scrt_dllmain_after_initialize_c 000000018000ea34 f   MSVCRT:utility.obj
 0001:0000da68       __scrt_dllmain_before_initialize_c 000000018000ea68 f   MSVCRT:utility.obj
 0001:0000da80       __scrt_dllmain_crt_thread_attach 000000018000ea80 f   MSVCRT:utility.obj
 0001:0000daa8       __scrt_dllmain_crt_thread_detach 000000018000eaa8 f   MSVCRT:utility.obj
 0001:0000dac0       __scrt_dllmain_exception_filter 000000018000eac0 f   MSVCRT:utility.obj
 0001:0000db20       __scrt_dllmain_uninitialize_c 000000018000eb20 f   MSVCRT:utility.obj
 0001:0000db50       __scrt_dllmain_uninitialize_critical 000000018000eb50 f   MSVCRT:utility.obj
 0001:0000db64       __scrt_initialize_crt      000000018000eb64 f   MSVCRT:utility.obj
 0001:0000dbb0       __scrt_initialize_onexit_tables 000000018000ebb0 f   MSVCRT:utility.obj
 0001:0000dc88       __scrt_is_nonwritable_in_current_image 000000018000ec88 f   MSVCRT:utility.obj
 0001:0000dd24       __scrt_release_startup_lock 000000018000ed24 f   MSVCRT:utility.obj
 0001:0000dd48       __scrt_uninitialize_crt    000000018000ed48 f   MSVCRT:utility.obj
 0001:0000dd74       _onexit                    000000018000ed74 f   MSVCRT:utility.obj
 0001:0000ddc4       atexit                     000000018000edc4 f   MSVCRT:utility.obj
 0001:0000dddc       __crt_debugger_hook        000000018000eddc f   MSVCRT:utility_desktop.obj
 0001:0000dde4       __scrt_fastfail            000000018000ede4 f   MSVCRT:utility_desktop.obj
 0001:0000df30       _guard_check_icall_nop     000000018000ef30 f i MSVCRT:guard_support.obj
 0001:0000df34       __raise_securityfailure    000000018000ef34 f   MSVCRT:gs_report.obj
 0001:0000df68       __report_gsfailure         000000018000ef68 f   MSVCRT:gs_report.obj
 0001:0000e0b0       __security_init_cookie     000000018000f0b0 f   MSVCRT:gs_support.obj
 0001:0000e15c       DllMain                    000000018000f15c f   MSVCRT:dll_dllmain_stub.obj
 0001:0000e180       ?__scrt_initialize_type_info@@YAXXZ 000000018000f180 f   MSVCRT:tncleanup.obj
 0001:0000e190       ?__scrt_uninitialize_type_info@@YAXXZ 000000018000f190 f   MSVCRT:tncleanup.obj
 0001:0000e19c       __local_stdio_scanf_options 000000018000f19c f i MSVCRT:default_local_stdio_options.obj
 0001:0000e1a4       __scrt_initialize_default_local_stdio_options 000000018000f1a4 f   MSVCRT:default_local_stdio_options.obj
 0001:0000e1c0       __scrt_get_dyn_tls_init_callback 000000018000f1c0 f   MSVCRT:dyn_tls_init.obj
 0001:0000e1c8       _RTC_Initialize            000000018000f1c8 f   MSVCRT:initsect.obj
 0001:0000e204       _RTC_Terminate             000000018000f204 f   MSVCRT:initsect.obj
 0001:0000e240       __isa_available_init       000000018000f240 f   MSVCRT:cpu_disp.obj
 0001:0000e3bc       _get_startup_argv_mode     000000018000f3bc f   MSVCRT:argv_mode.obj
 0001:0000e3c4       __scrt_is_ucrt_dll_in_use  000000018000f3c4 f   MSVCRT:ucrt_detection.obj
 0001:0000e3d0       IsProcessorFeaturePresent  000000018000f3d0 f   kernel32:KERNEL32.dll
 0001:0000e3d6       strstr                     000000018000f3d6 f   vcruntime:VCRUNTIME140.dll
 0001:0000e3dc       __std_exception_copy       000000018000f3dc f   vcruntime:VCRUNTIME140.dll
 0001:0000e3e2       __std_exception_destroy    000000018000f3e2 f   vcruntime:VCRUNTIME140.dll
 0001:0000e3e8       _CxxThrowException         000000018000f3e8 f   vcruntime:VCRUNTIME140.dll
 0001:0000e3ee       __CxxFrameHandler3         000000018000f3ee f   vcruntime:VCRUNTIME140.dll
 0001:0000e3f4       memcpy                     000000018000f3f4 f   vcruntime:VCRUNTIME140.dll
 0001:0000e3fa       memmove                    000000018000f3fa f   vcruntime:VCRUNTIME140.dll
 0001:0000e400       memset                     000000018000f400 f   vcruntime:VCRUNTIME140.dll
 0001:0000e406       __std_terminate            000000018000f406 f   vcruntime:VCRUNTIME140.dll
 0001:0000e40c       __C_specific_handler       000000018000f40c f   vcruntime:VCRUNTIME140.dll
 0001:0000e412       __std_type_info_destroy_list 000000018000f412 f   vcruntime:VCRUNTIME140.dll
 0001:0000e418       free                       000000018000f418 f   ucrt:api-ms-win-crt-heap-l1-1-0.dll
 0001:0000e41e       malloc                     000000018000f41e f   ucrt:api-ms-win-crt-heap-l1-1-0.dll
 0001:0000e424       _callnewh                  000000018000f424 f   ucrt:api-ms-win-crt-heap-l1-1-0.dll
 0001:0000e42a       _initterm                  000000018000f42a f   ucrt:api-ms-win-crt-runtime-l1-1-0.dll
 0001:0000e430       _initterm_e                000000018000f430 f   ucrt:api-ms-win-crt-runtime-l1-1-0.dll
 0001:0000e436       _seh_filter_dll            000000018000f436 f   ucrt:api-ms-win-crt-runtime-l1-1-0.dll
 0001:0000e43c       _configure_narrow_argv     000000018000f43c f   ucrt:api-ms-win-crt-runtime-l1-1-0.dll
 0001:0000e442       _initialize_narrow_environment 000000018000f442 f   ucrt:api-ms-win-crt-runtime-l1-1-0.dll
 0001:0000e448       _initialize_onexit_table   000000018000f448 f   ucrt:api-ms-win-crt-runtime-l1-1-0.dll
 0001:0000e44e       _register_onexit_function  000000018000f44e f   ucrt:api-ms-win-crt-runtime-l1-1-0.dll
 0001:0000e454       _execute_onexit_table      000000018000f454 f   ucrt:api-ms-win-crt-runtime-l1-1-0.dll
 0001:0000e45a       _crt_atexit                000000018000f45a f   ucrt:api-ms-win-crt-runtime-l1-1-0.dll
 0001:0000e460       _cexit                     000000018000f460 f   ucrt:api-ms-win-crt-runtime-l1-1-0.dll
 0001:0000e468       __scrt_stub_for_acrt_uninitialize 000000018000f468 f   MSVCRT:ucrt_stubs.obj
 0001:0000e468       __acrt_uninitialize_critical 000000018000f468 f   MSVCRT:ucrt_stubs.obj
 0001:0000e468       __scrt_stub_for_acrt_thread_attach 000000018000f468 f   MSVCRT:ucrt_stubs.obj
 0001:0000e468       __scrt_stub_for_acrt_uninitialize_critical 000000018000f468 f   MSVCRT:ucrt_stubs.obj
 0001:0000e468       __vcrt_uninitialize_critical 000000018000f468 f   MSVCRT:ucrt_stubs.obj
 0001:0000e468       __vcrt_thread_attach       000000018000f468 f   MSVCRT:ucrt_stubs.obj
 0001:0000e468       __scrt_stub_for_acrt_initialize 000000018000f468 f   MSVCRT:ucrt_stubs.obj
 0001:0000e468       __vcrt_thread_detach       000000018000f468 f   MSVCRT:ucrt_stubs.obj
 0001:0000e468       __acrt_initialize          000000018000f468 f   MSVCRT:ucrt_stubs.obj
 0001:0000e468       __acrt_thread_attach       000000018000f468 f   MSVCRT:ucrt_stubs.obj
 0001:0000e468       __scrt_stub_for_acrt_thread_detach 000000018000f468 f   MSVCRT:ucrt_stubs.obj
 0001:0000e468       __acrt_thread_detach       000000018000f468 f   MSVCRT:ucrt_stubs.obj
 0001:0000e468       __acrt_uninitialize        000000018000f468 f   MSVCRT:ucrt_stubs.obj
 0001:0000e468       __vcrt_uninitialize        000000018000f468 f   MSVCRT:ucrt_stubs.obj
 0001:0000e468       __vcrt_initialize          000000018000f468 f   MSVCRT:ucrt_stubs.obj
 0001:0000e46c       __scrt_stub_for_is_c_termination_complete 000000018000f46c f   MSVCRT:ucrt_stubs.obj
 0001:0000e46c       _is_c_termination_complete 000000018000f46c f   MSVCRT:ucrt_stubs.obj
 0001:0000e480       _guard_dispatch_icall_nop  000000018000f480 f   MSVCRT:guard_dispatch.obj
 0002:00000000       __imp_CloseHandle          0000000180015000     kernel32:KERNEL32.dll
 0002:00000008       __imp_EnterCriticalSection 0000000180015008     kernel32:KERNEL32.dll
 0002:00000010       __imp_LeaveCriticalSection 0000000180015010     kernel32:KERNEL32.dll
 0002:00000018       __imp_InitializeCriticalSectionAndSpinCount 0000000180015018     kernel32:KERNEL32.dll
 0002:00000020       __imp_DeleteCriticalSection 0000000180015020     kernel32:KERNEL32.dll
 0002:00000028       __imp_SetEvent             0000000180015028     kernel32:KERNEL32.dll
 0002:00000030       __imp_ResetEvent           0000000180015030     kernel32:KERNEL32.dll
 0002:00000038       __imp_WaitForSingleObjectEx 0000000180015038     kernel32:KERNEL32.dll
 0002:00000040       __imp_CreateEventW         0000000180015040     kernel32:KERNEL32.dll
 0002:00000048       __imp_GetModuleHandleW     0000000180015048     kernel32:KERNEL32.dll
 0002:00000050       __imp_GetProcAddress       0000000180015050     kernel32:KERNEL32.dll
 0002:00000058       __imp_RtlCaptureContext    0000000180015058     kernel32:KERNEL32.dll
 0002:00000060       __imp_RtlLookupFunctionEntry 0000000180015060     kernel32:KERNEL32.dll
 0002:00000068       __imp_RtlVirtualUnwind     0000000180015068     kernel32:KERNEL32.dll
 0002:00000070       __imp_IsDebuggerPresent    0000000180015070     kernel32:KERNEL32.dll
 0002:00000078       __imp_UnhandledExceptionFilter 0000000180015078     kernel32:KERNEL32.dll
 0002:00000080       __imp_SetUnhandledExceptionFilter 0000000180015080     kernel32:KERNEL32.dll
 0002:00000088       __imp_IsProcessorFeaturePresent 0000000180015088     kernel32:KERNEL32.dll
 0002:00000090       __imp_GetCurrentProcess    0000000180015090     kernel32:KERNEL32.dll
 0002:00000098       __imp_TerminateProcess     0000000180015098     kernel32:KERNEL32.dll
 0002:000000a0       __imp_QueryPerformanceCounter 00000001800150a0     kernel32:KERNEL32.dll
 0002:000000a8       __imp_GetCurrentProcessId  00000001800150a8     kernel32:KERNEL32.dll
 0002:000000b0       __imp_GetCurrentThreadId   00000001800150b0     kernel32:KERNEL32.dll
 0002:000000b8       __imp_GetSystemTimeAsFileTime 00000001800150b8     kernel32:KERNEL32.dll
 0002:000000c0       __imp_DisableThreadLibraryCalls 00000001800150c0     kernel32:KERNEL32.dll
 0002:000000c8       __imp_InitializeSListHead  00000001800150c8     kernel32:KERNEL32.dll
 0002:000000d0       \177KERNEL32_NULL_THUNK_DATA 00000001800150d0     kernel32:KERNEL32.dll
 0002:000000d8       __imp_strstr               00000001800150d8     vcruntime:VCRUNTIME140.dll
 0002:000000e0       __imp___std_exception_copy 00000001800150e0     vcruntime:VCRUNTIME140.dll
 0002:000000e8       __imp___std_exception_destroy 00000001800150e8     vcruntime:VCRUNTIME140.dll
 0002:000000f0       __imp__CxxThrowException   00000001800150f0     vcruntime:VCRUNTIME140.dll
 0002:000000f8       __imp___CxxFrameHandler3   00000001800150f8     vcruntime:VCRUNTIME140.dll
 0002:00000100       __imp_memcpy               0000000180015100     vcruntime:VCRUNTIME140.dll
 0002:00000108       __imp_memmove              0000000180015108     vcruntime:VCRUNTIME140.dll
 0002:00000110       __imp_memset               0000000180015110     vcruntime:VCRUNTIME140.dll
 0002:00000118       __imp___std_terminate      0000000180015118     vcruntime:VCRUNTIME140.dll
 0002:00000120       __imp___C_specific_handler 0000000180015120     vcruntime:VCRUNTIME140.dll
 0002:00000128       __imp___std_type_info_destroy_list 0000000180015128     vcruntime:VCRUNTIME140.dll
 0002:00000130       \177VCRUNTIME140_NULL_THUNK_DATA 0000000180015130     vcruntime:VCRUNTIME140.dll
 0002:00000138       __imp_free                 0000000180015138     ucrt:api-ms-win-crt-heap-l1-1-0.dll
 0002:00000140       __imp_malloc               0000000180015140     ucrt:api-ms-win-crt-heap-l1-1-0.dll
 0002:00000148       __imp__callnewh            0000000180015148     ucrt:api-ms-win-crt-heap-l1-1-0.dll
 0002:00000150       \177api-ms-win-crt-heap-l1-1-0_NULL_THUNK_DATA 0000000180015150     ucrt:api-ms-win-crt-heap-l1-1-0.dll
 0002:00000158       __imp__seh_filter_dll      0000000180015158     ucrt:api-ms-win-crt-runtime-l1-1-0.dll
 0002:00000160       __imp__initterm_e          0000000180015160     ucrt:api-ms-win-crt-runtime-l1-1-0.dll
 0002:00000168       __imp__initterm            0000000180015168     ucrt:api-ms-win-crt-runtime-l1-1-0.dll
 0002:00000170       __imp__initialize_narrow_environment 0000000180015170     ucrt:api-ms-win-crt-runtime-l1-1-0.dll
 0002:00000178       __imp__initialize_onexit_table 0000000180015178     ucrt:api-ms-win-crt-runtime-l1-1-0.dll
 0002:00000180       __imp__register_onexit_function 0000000180015180     ucrt:api-ms-win-crt-runtime-l1-1-0.dll
 0002:00000188       __imp__configure_narrow_argv 0000000180015188     ucrt:api-ms-win-crt-runtime-l1-1-0.dll
 0002:00000190       __imp__cexit               0000000180015190     ucrt:api-ms-win-crt-runtime-l1-1-0.dll
 0002:00000198       __imp__execute_onexit_table 0000000180015198     ucrt:api-ms-win-crt-runtime-l1-1-0.dll
 0002:000001a0       __imp__crt_atexit          00000001800151a0     ucrt:api-ms-win-crt-runtime-l1-1-0.dll
 0002:000001a8       \177api-ms-win-crt-runtime-l1-1-0_NULL_THUNK_DATA 00000001800151a8     ucrt:api-ms-win-crt-runtime-l1-1-0.dll
 0002:000001b0       __imp___stdio_common_vfprintf 00000001800151b0     ucrt:api-ms-win-crt-stdio-l1-1-0.dll
 0002:000001b8       __imp___acrt_iob_func      00000001800151b8     ucrt:api-ms-win-crt-stdio-l1-1-0.dll
 0002:000001c0       \177api-ms-win-crt-stdio-l1-1-0_NULL_THUNK_DATA 00000001800151c0     ucrt:api-ms-win-crt-stdio-l1-1-0.dll
 0002:000001c8       __imp_strncmp              00000001800151c8     ucrt:api-ms-win-crt-string-l1-1-0.dll
 0002:000001d0       \177api-ms-win-crt-string-l1-1-0_NULL_THUNK_DATA 00000001800151d0     ucrt:api-ms-win-crt-string-l1-1-0.dll
 0002:000001d8       __imp_create_switch_xrefs  00000001800151d8     ida:ida.dll
 0002:000001e0       __imp_create_switch_table  00000001800151e0     ida:ida.dll
 0002:000001e8       __imp_has_external_refs    00000001800151e8     ida:ida.dll
 0002:000001f0       __imp_get_next_fcref_to    00000001800151f0     ida:ida.dll
 0002:000001f8       __imp_get_first_fcref_to   00000001800151f8     ida:ida.dll
 0002:00000200       __imp_calc_switch_cases    0000000180015200     ida:ida.dll
 0002:00000208       __imp_delete_switch_table  0000000180015208     ida:ida.dll
 0002:00000210       __imp_get_first_fcref_from 0000000180015210     ida:ida.dll
 0002:00000218       __imp_get_next_cref_to     0000000180015218     ida:ida.dll
 0002:00000220       __imp_get_first_cref_to    0000000180015220     ida:ida.dll
 0002:00000228       __imp_get_next_cref_from   0000000180015228     ida:ida.dll
 0002:00000230       __imp_get_first_cref_from  0000000180015230     ida:ida.dll
 0002:00000238       __imp_get_next_dref_to     0000000180015238     ida:ida.dll
 0002:00000240       __imp_get_first_dref_to    0000000180015240     ida:ida.dll
 0002:00000248       __imp_get_next_dref_from   0000000180015248     ida:ida.dll
 0002:00000250       __imp_get_first_dref_from  0000000180015250     ida:ida.dll
 0002:00000258       __imp_xrefblk_t_next_to    0000000180015258     ida:ida.dll
 0002:00000260       __imp_xrefblk_t_first_to   0000000180015260     ida:ida.dll
 0002:00000268       __imp_xrefblk_t_next_from  0000000180015268     ida:ida.dll
 0002:00000270       __imp_xrefblk_t_first_from 0000000180015270     ida:ida.dll
 0002:00000278       __imp_del_dref             0000000180015278     ida:ida.dll
 0002:00000280       __imp_add_dref             0000000180015280     ida:ida.dll
 0002:00000288       __imp_del_cref             0000000180015288     ida:ida.dll
 0002:00000290       __imp_add_cref             0000000180015290     ida:ida.dll
 0002:00000298       __imp_xrefchar             0000000180015298     ida:ida.dll
 0002:000002a0       __imp_qrealloc             00000001800152a0     ida:ida.dll
 0002:000002a8       __imp_is_main_thread       00000001800152a8     ida:ida.dll
 0002:000002b0       __imp_qvector_reserve      00000001800152b0     ida:ida.dll
 0002:000002b8       __imp_qalloc_or_throw      00000001800152b8     ida:ida.dll
 0002:000002c0       __imp_qvsnprintf           00000001800152c0     ida:ida.dll
 0002:000002c8       __imp_qfree                00000001800152c8     ida:ida.dll
 0002:000002d0       __imp_get_next_fcref_from  00000001800152d0     ida:ida.dll
 0002:000002d8       \177ida_NULL_THUNK_DATA    00000001800152d8     ida:ida.dll
 0002:000002e0       __imp_PyW_GetNumber        00000001800152e0     python:python.dll
 0002:000002e8       __imp_PyW_PyListToEaVec    00000001800152e8     python:python.dll
 0002:000002f0       \177python_NULL_THUNK_DATA 00000001800152f0     python:python.dll
 0002:000002f8       __imp_PyExc_AttributeError 00000001800152f8     python38:python38.dll
 0002:00000300       __imp_PyExc_IndexError     0000000180015300     python38:python38.dll
 0002:00000308       __imp_PyExc_MemoryError    0000000180015308     python38:python38.dll
 0002:00000310       __imp_PyExc_OverflowError  0000000180015310     python38:python38.dll
 0002:00000318       __imp_PyExc_RuntimeError   0000000180015318     python38:python38.dll
 0002:00000320       __imp_PyBool_Type          0000000180015320     python38:python38.dll
 0002:00000328       __imp_PyExc_SystemError    0000000180015328     python38:python38.dll
 0002:00000330       __imp_PyExc_TypeError      0000000180015330     python38:python38.dll
 0002:00000338       __imp_PyExc_ValueError     0000000180015338     python38:python38.dll
 0002:00000340       __imp_PyExc_ZeroDivisionError 0000000180015340     python38:python38.dll
 0002:00000348       __imp_PyExc_IOError        0000000180015348     python38:python38.dll
 0002:00000350       __imp__Py_NotImplementedStruct 0000000180015350     python38:python38.dll
 0002:00000358       __imp__Py_NoneStruct       0000000180015358     python38:python38.dll
 0002:00000360       __imp_PyExc_SyntaxError    0000000180015360     python38:python38.dll
 0002:00000368       __imp_PyType_Type          0000000180015368     python38:python38.dll
 0002:00000370       __imp_PyObject_IsInstance  0000000180015370     python38:python38.dll
 0002:00000378       __imp_PySequence_Check     0000000180015378     python38:python38.dll
 0002:00000380       __imp_PyObject_CallFunctionObjArgs 0000000180015380     python38:python38.dll
 0002:00000388       __imp_PyObject_Call        0000000180015388     python38:python38.dll
 0002:00000390       __imp_PyImport_AddModule   0000000180015390     python38:python38.dll
 0002:00000398       __imp_PyEval_InitThreads   0000000180015398     python38:python38.dll
 0002:000003a0       __imp_PyModule_AddObject   00000001800153a0     python38:python38.dll
 0002:000003a8       __imp_PyArg_UnpackTuple    00000001800153a8     python38:python38.dll
 0002:000003b0       __imp_PyGILState_Release   00000001800153b0     python38:python38.dll
 0002:000003b8       __imp_PyGILState_Ensure    00000001800153b8     python38:python38.dll
 0002:000003c0       __imp_PyErr_WriteUnraisable 00000001800153c0     python38:python38.dll
 0002:000003c8       __imp_PyErr_Format         00000001800153c8     python38:python38.dll
 0002:000003d0       __imp_PyErr_GivenExceptionMatches 00000001800153d0     python38:python38.dll
 0002:000003d8       __imp_PyErr_Restore        00000001800153d8     python38:python38.dll
 0002:000003e0       __imp_PyErr_Fetch          00000001800153e0     python38:python38.dll
 0002:000003e8       __imp_PyErr_Clear          00000001800153e8     python38:python38.dll
 0002:000003f0       __imp_PyErr_Occurred       00000001800153f0     python38:python38.dll
 0002:000003f8       __imp_PyErr_SetString      00000001800153f8     python38:python38.dll
 0002:00000400       __imp_PyCapsule_Import     0000000180015400     python38:python38.dll
 0002:00000408       __imp_PyCapsule_GetPointer 0000000180015408     python38:python38.dll
 0002:00000410       __imp_PyCapsule_New        0000000180015410     python38:python38.dll
 0002:00000418       __imp_PyModule_GetDict     0000000180015418     python38:python38.dll
 0002:00000420       __imp_PyCFunction_GetFlags 0000000180015420     python38:python38.dll
 0002:00000428       __imp_PyCFunction_GetSelf  0000000180015428     python38:python38.dll
 0002:00000430       __imp_PyCFunction_GetFunction 0000000180015430     python38:python38.dll
 0002:00000438       __imp_PyDict_SetItemString 0000000180015438     python38:python38.dll
 0002:00000440       __imp_PyDict_SetItem       0000000180015440     python38:python38.dll
 0002:00000448       __imp_PyDict_GetItem       0000000180015448     python38:python38.dll
 0002:00000450       __imp_PyDict_New           0000000180015450     python38:python38.dll
 0002:00000458       __imp_PyTuple_SetItem      0000000180015458     python38:python38.dll
 0002:00000460       __imp_PyTuple_GetItem      0000000180015460     python38:python38.dll
 0002:00000468       __imp_PyTuple_Size         0000000180015468     python38:python38.dll
 0002:00000470       __imp_PyTuple_New          0000000180015470     python38:python38.dll
 0002:00000478       __imp_PyBool_FromLong      0000000180015478     python38:python38.dll
 0002:00000480       __imp_PyLong_AsUnsignedLongLong 0000000180015480     python38:python38.dll
 0002:00000488       __imp_PyLong_FromUnsignedLongLong 0000000180015488     python38:python38.dll
 0002:00000490       __imp_PyLong_FromVoidPtr   0000000180015490     python38:python38.dll
 0002:00000498       __imp_PyLong_AsUnsignedLong 0000000180015498     python38:python38.dll
 0002:000004a0       __imp_PyLong_AsLong        00000001800154a0     python38:python38.dll
 0002:000004a8       __imp_PyLong_FromLong      00000001800154a8     python38:python38.dll
 0002:000004b0       __imp_PyUnicode_CompareWithASCIIString 00000001800154b0     python38:python38.dll
 0002:000004b8       __imp_PyUnicode_Concat     00000001800154b8     python38:python38.dll
 0002:000004c0       __imp_PyUnicode_AsUTF8String 00000001800154c0     python38:python38.dll
 0002:000004c8       __imp_PyUnicode_DecodeUTF8 00000001800154c8     python38:python38.dll
 0002:000004d0       __imp_PyUnicode_FromFormat 00000001800154d0     python38:python38.dll
 0002:000004d8       __imp_PyUnicode_FromString 00000001800154d8     python38:python38.dll
 0002:000004e0       __imp_PyBytes_AsStringAndSize 00000001800154e0     python38:python38.dll
 0002:000004e8       __imp__PyObject_New        00000001800154e8     python38:python38.dll
 0002:000004f0       __imp_PyObject_Free        00000001800154f0     python38:python38.dll
 0002:000004f8       __imp_Py_DecRef            00000001800154f8     python38:python38.dll
 0002:00000500       __imp__Py_Dealloc          0000000180015500     python38:python38.dll
 0002:00000508       __imp_PyObject_IsTrue      0000000180015508     python38:python38.dll
 0002:00000510       __imp_PyObject_GenericGetAttr 0000000180015510     python38:python38.dll
 0002:00000518       __imp_PyObject_SetAttr     0000000180015518     python38:python38.dll
 0002:00000520       __imp_PyObject_GetAttr     0000000180015520     python38:python38.dll
 0002:00000528       __imp_PyObject_GetAttrString 0000000180015528     python38:python38.dll
 0002:00000530       __imp_PyType_Modified      0000000180015530     python38:python38.dll
 0002:00000538       __imp_PyType_GetFlags      0000000180015538     python38:python38.dll
 0002:00000540       __imp_PyType_GetSlot       0000000180015540     python38:python38.dll
 0002:00000548       __imp_PyType_FromSpec      0000000180015548     python38:python38.dll
 0002:00000550       __imp_PyModule_Create2     0000000180015550     python38:python38.dll
 0002:00000558       \177python38_NULL_THUNK_DATA 0000000180015558     python38:python38.dll
 0002:00000560       __guard_check_icall_fptr   0000000180015560     MSVCRT:guard_support.obj
 0002:00000568       __guard_dispatch_icall_fptr 0000000180015568     MSVCRT:guard_support.obj
 0002:00000570       __xc_a                     0000000180015570     MSVCRT:initializers.obj
 0002:00000578       __xc_z                     0000000180015578     MSVCRT:initializers.obj
 0002:00000580       __xi_a                     0000000180015580     MSVCRT:initializers.obj
 0002:00000590       __xi_z                     0000000180015590     MSVCRT:initializers.obj
 0002:00000598       __xl_a                     0000000180015598     MSVCRT:tlssup.obj
 0002:000005a0       __xl_z                     00000001800155a0     MSVCRT:tlssup.obj
 0002:000005a8       __xp_a                     00000001800155a8     MSVCRT:initializers.obj
 0002:000005b0       __xp_z                     00000001800155b0     MSVCRT:initializers.obj
 0002:000005b8       __xt_a                     00000001800155b8     MSVCRT:initializers.obj
 0002:000005c0       __xt_z                     00000001800155c0     MSVCRT:initializers.obj
 0002:000005d0       ??_C@_0BC@GDBAHJEF@casevec_t_reserve@ 00000001800155d0     xref.obj
 0002:000005e8       ??_C@_0P@NOIMCJMB@casevec_t_swap@ 00000001800155e8     xref.obj
 0002:000005f8       ??_C@_0BB@GGPBGPAL@casevec_t_inject@ 00000001800155f8     xref.obj
 0002:00000610       ??_C@_0BB@GEEOJNOP@casevec_t___eq__@ 0000000180015610     xref.obj
 0002:00000628       ??_C@_0BB@MMOFGMDG@casevec_t___ne__@ 0000000180015628     xref.obj
 0002:00000640       ??_C@_0BA@PDPFOKNJ@casevec_t_begin@ 0000000180015640     xref.obj
 0002:00000650       ??_C@_0O@HMEABBCI@casevec_t_end@ 0000000180015650     xref.obj
 0002:00000660       ??_C@_0BB@BGOFFDLP@casevec_t_insert@ 0000000180015660     xref.obj
 0002:00000678       ??_C@_0BA@OLBODBEC@casevec_t_erase@ 0000000180015678     xref.obj
 0002:00000688       ??_C@_0P@ODLIIBPH@casevec_t_find@ 0000000180015688     xref.obj
 0002:00000698       ??_C@_0O@IAPFAKFO@casevec_t_has@ 0000000180015698     xref.obj
 0002:000006a8       ??_C@_0BF@OHIAJFLD@casevec_t_add_unique@ 00000001800156a8     xref.obj
 0002:000006c0       ??_C@_0P@HJGPOGDE@casevec_t__del@ 00000001800156c0     xref.obj
 0002:000006d0       ??_C@_0BG@FGKDPKBE@casevec_t___getitem__@ 00000001800156d0     xref.obj
 0002:000006e8       ??_C@_0BG@HIOGNLIG@casevec_t___setitem__@ 00000001800156e8     xref.obj
 0002:00000700       ??_C@_0CE@PJBGLOKG@create_switch_xrefs?$CIea?0?5si?$CJ?5?9?$DO?5@ 0000000180015700     xref.obj
 0002:00000728       ??_C@_0CL@CCBDPAKO@cases_and_targets_t_cases_set?$CIs@ 0000000180015728     xref.obj
 0002:00000758       ??_C@_0BO@JJDFNPIP@cases_and_targets_t_cases_get@ 0000000180015758     xref.obj
 0002:00000778       ??_C@_0DB@NDPPDNKE@cases_and_targets_t_cases_get?$CIs@ 0000000180015778     xref.obj
 0002:000007b0       ??_C@_0CP@PPIDBIEF@cases_and_targets_t_targets_set@ 00000001800157b0     xref.obj
 0002:000007e0       ??_C@_0CA@FAJIGNBH@cases_and_targets_t_targets_get@ 00000001800157e0     xref.obj
 0002:00000800       ??_C@_0DD@OJBBJIDM@cases_and_targets_t_targets_get@ 0000000180015800     xref.obj
 0002:00000838       ??_C@_0DB@CPKAFOI@new_cases_and_targets_t?$CI?$CJ?5?9?$DO?5ca@ 0000000180015838     xref.obj
 0002:00000870       ??_C@_0BL@IIFNGOCA@delete_cases_and_targets_t@ 0000000180015870     xref.obj
 0002:00000890       ??_C@_0CB@KODFMBDG@delete_cases_and_targets_t?$CIself@ 0000000180015890     xref.obj
 0002:000008b8       ??_C@_0CB@NECIIBIK@cases_and_targets_t_swigregiste@ 00000001800158b8     xref.obj
 0002:000008e0       ??_C@_0BN@MIBEIGIN@cases_and_targets_t_swiginit@ 00000001800158e0     xref.obj
 0002:00000900       ??_C@_0DB@PDABEJDC@calc_switch_cases?$CIea?0?5si?$CJ?5?9?$DO?5ca@ 0000000180015900     xref.obj
 0002:00000938       ??_C@_0CE@JAIAMGND@create_switch_table?$CIea?0?5si?$CJ?5?9?$DO?5@ 0000000180015938     xref.obj
 0002:00000960       ??_C@_08MPMHPLGG@xrefchar@ 0000000180015960     xref.obj
 0002:00000970       ??_C@_0BJ@LIDOBOHG@xrefchar?$CIxrtype?$CJ?5?9?$DO?5char@ 0000000180015970     xref.obj
 0002:00000990       ??_C@_0CA@OIGIKJKI@add_cref?$CIfrm?0?5to?0?5type?$CJ?5?9?$DO?5bool@ 0000000180015990     xref.obj
 0002:000009b0       ??_C@_0CB@CBNDMFPH@del_cref?$CIfrm?0?5to?0?5expand?$CJ?5?9?$DO?5in@ 00000001800159b0     xref.obj
 0002:000009d8       ??_C@_0CA@OMGBFKPL@add_dref?$CIfrm?0?5to?0?5type?$CJ?5?9?$DO?5bool@ 00000001800159d8     xref.obj
 0002:000009f8       ??_C@_0BC@NFCPKNKO@del_dref?$CIfrm?0?5to?$CJ@ 00000001800159f8     xref.obj
 0002:00000a10       ??_C@_0BN@LJKHNCOK@xrefblk_t_frm_set?$CIself?0?5frm?$CJ@ 0000000180015a10     xref.obj
 0002:00000a30       ??_C@_0BC@MFIKBGB@xrefblk_t_frm_get@ 0000000180015a30     xref.obj
 0002:00000a48       ??_C@_0CA@OKFLKMBG@xrefblk_t_frm_get?$CIself?$CJ?5?9?$DO?5ea_t@ 0000000180015a48     xref.obj
 0002:00000a68       ??_C@_0BL@FGGFDKIC@xrefblk_t_to_set?$CIself?0?5to?$CJ@ 0000000180015a68     xref.obj
 0002:00000a88       ??_C@_0BB@EIPILMJK@xrefblk_t_to_get@ 0000000180015a88     xref.obj
 0002:00000aa0       ??_C@_0BP@CBDDNDIN@xrefblk_t_to_get?$CIself?$CJ?5?9?$DO?5ea_t@ 0000000180015aa0     xref.obj
 0002:00000ac0       ??_C@_0CD@DEPJKIDJ@xrefblk_t_iscode_set?$CIself?0?5isco@ 0000000180015ac0     xref.obj
 0002:00000ae8       ??_C@_0BF@IOMLJMGJ@xrefblk_t_iscode_get@ 0000000180015ae8     xref.obj
 0002:00000b00       ??_C@_0CE@BBMOODOF@xrefblk_t_iscode_get?$CIself?$CJ?5?9?$DO?5u@ 0000000180015b00     xref.obj
 0002:00000b28       ??_C@_0BP@EPNKLGME@xrefblk_t_type_set?$CIself?0?5type?$CJ@ 0000000180015b28     xref.obj
 0002:00000b48       ??_C@_0BD@CLOCOIHC@xrefblk_t_type_get@ 0000000180015b48     xref.obj
 0002:00000b60       ??_C@_0CC@KMCFGEBP@xrefblk_t_type_get?$CIself?$CJ?5?9?$DO?5uch@ 0000000180015b60     xref.obj
 0002:00000b88       ??_C@_0BP@JKBCKMPE@xrefblk_t_user_set?$CIself?0?5user?$CJ@ 0000000180015b88     xref.obj
 0002:00000ba8       ??_C@_0BD@IGGMGBLD@xrefblk_t_user_get@ 0000000180015ba8     xref.obj
 0002:00000bc0       ??_C@_0CC@FCLIMC@xrefblk_t_user_get?$CIself?$CJ?5?9?$DO?5uch@ 0000000180015bc0     xref.obj
 0002:00000be8       ??_C@_0DB@LNMNJOAJ@xrefblk_t_first_from?$CIself?0?5_fro@ 0000000180015be8     xref.obj
 0002:00000c20       ??_C@_0CN@CMDBGDHI@xrefblk_t_first_to?$CIself?0?5_to?0?5f@ 0000000180015c20     xref.obj
 0002:00000c50       ??_C@_0FJ@KBDOJIBH@?6xrefblk_t_next_from?$CIself?$CJ?5?9?$DO?5b@ 0000000180015c50     xref.obj
 0002:00000cb0       ??_C@_0FF@CELEAMCA@?6xrefblk_t_next_to?$CIself?$CJ?5?9?$DO?5boo@ 0000000180015cb0     xref.obj
 0002:00000d08       ??_C@_0BN@GOKFKBCM@new_xrefblk_t?$CI?$CJ?5?9?$DO?5xrefblk_t@ 0000000180015d08     xref.obj
 0002:00000d28       ??_C@_0BB@MJGGGPOG@delete_xrefblk_t@ 0000000180015d28     xref.obj
 0002:00000d40       ??_C@_0BH@CJGINHI@delete_xrefblk_t?$CIself?$CJ@ 0000000180015d40     xref.obj
 0002:00000d58       ??_C@_0BH@PDEJKDJK@xrefblk_t_swigregister@ 0000000180015d58     xref.obj
 0002:00000d70       ??_C@_0BD@LPPEBEFH@xrefblk_t_swiginit@ 0000000180015d70     xref.obj
 0002:00000d88       ??_C@_0BE@HEOALKDK@get_first_dref_from@ 0000000180015d88     xref.obj
 0002:00000da0       ??_C@_0CB@CKLDKAND@get_first_dref_from?$CIfrm?$CJ?5?9?$DO?5ea_@ 0000000180015da0     xref.obj
 0002:00000dc8       ??_C@_0CJ@GFGHABPM@get_next_dref_from?$CIfrm?0?5current@ 0000000180015dc8     xref.obj
 0002:00000df8       ??_C@_0BC@ILGDNOJH@get_first_dref_to@ 0000000180015df8     xref.obj
 0002:00000e10       ??_C@_0BO@MEGCHCAB@get_first_dref_to?$CIto?$CJ?5?9?$DO?5ea_t@ 0000000180015e10     xref.obj
 0002:00000e30       ??_C@_0CG@PEKNCBGL@get_next_dref_to?$CIto?0?5current?$CJ?5?9@ 0000000180015e30     xref.obj
 0002:00000e58       ??_C@_0BE@JGDMKBED@get_first_cref_from@ 0000000180015e58     xref.obj
 0002:00000e70       ??_C@_0CB@FMAKDIHN@get_first_cref_from?$CIfrm?$CJ?5?9?$DO?5ea_@ 0000000180015e70     xref.obj
 0002:00000e98       ??_C@_0CJ@NNPCBDGJ@get_next_cref_from?$CIfrm?0?5current@ 0000000180015e98     xref.obj
 0002:00000ec8       ??_C@_0BC@IBKGNHIO@get_first_cref_to@ 0000000180015ec8     xref.obj
 0002:00000ee0       ??_C@_0BO@CFCGNEJC@get_first_cref_to?$CIto?$CJ?5?9?$DO?5ea_t@ 0000000180015ee0     xref.obj
 0002:00000f00       ??_C@_0CG@GMLCING@get_next_cref_to?$CIto?0?5current?$CJ?5?9@ 0000000180015f00     xref.obj
 0002:00000f28       ??_C@_0BF@OKBMILCE@get_first_fcref_from@ 0000000180015f28     xref.obj
 0002:00000f40       ??_C@_0CC@LHGFDNCD@get_first_fcref_from?$CIfrm?$CJ?5?9?$DO?5ea@ 0000000180015f40     xref.obj
 0002:00000f68       ??_C@_0CK@FDHOHADP@get_next_fcref_from?$CIfrm?0?5curren@ 0000000180015f68     xref.obj
 0002:00000f98       ??_C@_0BD@PNPOGFNF@get_first_fcref_to@ 0000000180015f98     xref.obj
 0002:00000fb0       ??_C@_0BP@NDHMBLKP@get_first_fcref_to?$CIto?$CJ?5?9?$DO?5ea_t@ 0000000180015fb0     xref.obj
 0002:00000fd0       ??_C@_0CH@BLOCCNCA@get_next_fcref_to?$CIto?0?5current?$CJ?5@ 0000000180015fd0     xref.obj
 0002:00000ff8       ??_C@_0CD@HHHCLIDM@has_external_refs?$CIpfn?0?5ea?$CJ?5?9?$DO?5b@ 0000000180015ff8     xref.obj
 0002:00001020       ??_C@_0CB@BHELEFHB@delete_switch_table?$CIjump_ea?0?5si@ 0000000180016020     xref.obj
 0002:00001048       ??_C@_0CM@EEKHOKAO@?6casevec_t?$CI?$CJ?6new_casevec_t?$CIx?$CJ?5?9@ 0000000180016048     xref.obj
 0002:00001078       ??_C@_0BB@FILKEDGP@delete_casevec_t@ 0000000180016078     xref.obj
 0002:00001090       ??_C@_0BH@KPELNOIL@delete_casevec_t?$CIself?$CJ@ 0000000180016090     xref.obj
 0002:000010b0       ??_C@_0EN@PMLJCDJF@?6casevec_t_push_back?$CIself?0?5x?$CJ?6c@ 00000001800160b0     xref.obj
 0002:00001100       ??_C@_0BD@CEAJJAE@casevec_t_pop_back@ 0000000180016100     xref.obj
 0002:00001118       ??_C@_0BJ@IGMNBLEP@casevec_t_pop_back?$CIself?$CJ@ 0000000180016118     xref.obj
 0002:00001138       ??_C@_0P@EJIMKDOI@casevec_t_size@ 0000000180016138     xref.obj
 0002:00001148       ??_C@_0BP@NCOEAFEA@casevec_t_size?$CIself?$CJ?5?9?$DO?5size_t@ 0000000180016148     xref.obj
 0002:00001168       ??_C@_0BA@CDDEKDD@casevec_t_empty@ 0000000180016168     xref.obj
 0002:00001178       ??_C@_0BO@JKFHNGCG@casevec_t_empty?$CIself?$CJ?5?9?$DO?5bool@ 0000000180016178     xref.obj
 0002:00001198       ??_C@_0DD@JCCGEDPL@casevec_t_at?$CIself?0?5_idx?$CJ?5?9?$DO?5qve@ 0000000180016198     xref.obj
 0002:000011d0       ??_C@_0BB@FEMACIDE@casevec_t_qclear@ 00000001800161d0     xref.obj
 0002:000011e8       ??_C@_0BH@CKHINJHP@casevec_t_qclear?$CIself?$CJ@ 00000001800161e8     xref.obj
 0002:00001200       ??_C@_0BA@HHNEJPGD@casevec_t_clear@ 0000000180016200     xref.obj
 0002:00001210       ??_C@_0BG@HMGEANEF@casevec_t_clear?$CIself?$CJ@ 0000000180016210     xref.obj
 0002:00001230       ??_C@_0EH@LBKGMDCG@?6casevec_t_resize?$CIself?0?5_newsiz@ 0000000180016230     xref.obj
 0002:00001278       ??_C@_0CJ@MMJMJAOB@casevec_t_grow?$CIself?0?5x?$DNqvector?$DM@ 0000000180016278     xref.obj
 0002:000012a8       ??_C@_0BD@CFLOFHCG@casevec_t_capacity@ 00000001800162a8     xref.obj
 0002:000012c0       ??_C@_0CD@JMLDEECN@casevec_t_capacity?$CIself?$CJ?5?9?$DO?5siz@ 00000001800162c0     xref.obj
 0002:000012e8       ??_C@_0BN@KAGDPHIO@casevec_t_reserve?$CIself?0?5cnt?$CJ@ 00000001800162e8     xref.obj
 0002:00001308       ??_C@_0BD@JPIGKGJG@casevec_t_truncate@ 0000000180016308     xref.obj
 0002:00001320       ??_C@_0BJ@FDPPBJCJ@casevec_t_truncate?$CIself?$CJ@ 0000000180016320     xref.obj
 0002:00001340       ??_C@_0BI@GCDAFHM@casevec_t_swap?$CIself?0?5r?$CJ@ 0000000180016340     xref.obj
 0002:00001358       ??_C@_0BC@NHDKHNKJ@casevec_t_extract@ 0000000180016358     xref.obj
 0002:00001370       ??_C@_0CM@HHFJOKLB@casevec_t_extract?$CIself?$CJ?5?9?$DO?5qvec@ 0000000180016370     xref.obj
 0002:000013a0       ??_C@_0BP@PKJOPPFC@casevec_t_inject?$CIself?0?5s?0?5len?$CJ@ 00000001800163a0     xref.obj
 0002:000013c0       ??_C@_0CC@HCICAJPF@casevec_t___eq__?$CIself?0?5r?$CJ?5?9?$DO?5bo@ 00000001800163c0     xref.obj
 0002:000013e8       ??_C@_0CC@KLKEJEOC@casevec_t___ne__?$CIself?0?5r?$CJ?5?9?$DO?5bo@ 00000001800163e8     xref.obj
 0002:00001410       ??_C@_0IC@PLCEEJAA@?6casevec_t_begin?$CIself?$CJ?5?9?$DO?5qvect@ 0000000180016410     xref.obj
 0002:000014a0       ??_C@_0HO@NKFJDBAA@?6casevec_t_end?$CIself?$CJ?5?9?$DO?5qvector@ 00000001800164a0     xref.obj
 0002:00001520       ??_C@_0EF@EIPPDOLK@casevec_t_insert?$CIself?0?5it?0?5x?$CJ?5?9@ 0000000180016520     xref.obj
 0002:00001570       ??_C@_0IN@CEEJGAED@?6casevec_t_erase?$CIself?0?5it?$CJ?5?9?$DO?5q@ 0000000180016570     xref.obj
 0002:00001600       ??_C@_0IG@JKIMDLJN@?6casevec_t_find?$CIself?0?5x?$CJ?5?9?$DO?5qve@ 0000000180016600     xref.obj
 0002:00001688       ??_C@_0BP@JJAAMJAG@casevec_t_has?$CIself?0?5x?$CJ?5?9?$DO?5bool@ 0000000180016688     xref.obj
 0002:000016a8       ??_C@_0CG@KKCMADGM@casevec_t_add_unique?$CIself?0?5x?$CJ?5?9@ 00000001800166a8     xref.obj
 0002:000016d0       ??_C@_0CA@LAPHEDOP@casevec_t__del?$CIself?0?5x?$CJ?5?9?$DO?5bool@ 00000001800166d0     xref.obj
 0002:000016f0       ??_C@_0BC@PHAKAPKB@casevec_t___len__@ 00000001800166f0     xref.obj
 0002:00001708       ??_C@_0CC@IEBCPKHJ@casevec_t___len__?$CIself?$CJ?5?9?$DO?5size@ 0000000180016708     xref.obj
 0002:00001730       ??_C@_0DJ@BAADLDDF@casevec_t___getitem__?$CIself?0?5i?$CJ?5@ 0000000180016730     xref.obj
 0002:00001770       ??_C@_0CC@FDCNKCBH@casevec_t___setitem__?$CIself?0?5i?0?5@ 0000000180016770     xref.obj
 0002:00001798       ??_C@_0BH@OCKBIDLH@casevec_t_swigregister@ 0000000180016798     xref.obj
 0002:000017b0       ??_C@_0BD@GBICHJIN@casevec_t_swiginit@ 00000001800167b0     xref.obj
 0002:000017c8       ??_C@_0BE@LADBKDLC@_p__qstringT_char_t@ 00000001800167c8     xref.obj
 0002:000017e0       ??_C@_0BN@OHJFNODI@_qstring?$DM?5char?5?$DO?5?$CK?$HMqstring?5?$CK@ 00000001800167e0     xref.obj
 0002:00001800       ??_C@_0BN@OGMFMNEO@_p__qstringT_unsigned_char_t@ 0000000180016800     xref.obj
 0002:00001820       ??_C@_0CE@FCOOCMMP@qtype?5?$CK?$HM_qstring?$DM?5unsigned?5char@ 0000000180016820     xref.obj
 0002:00001848       ??_C@_0BO@NPELMEMN@_p__qstringT_unsigned_short_t@ 0000000180016848     xref.obj
 0002:00001868       ??_C@_0CI@MOGIECDE@_qstring?$DM?5unsigned?5short?5?$DO?5?$CK?$HMqw@ 0000000180016868     xref.obj
 0002:00001890       ??_C@_0BF@FIODJLOI@_p_action_ctx_base_t@ 0000000180016890     xref.obj
 0002:000018b0       ??_C@_0EE@ODNBPOJC@action_ctx_base_t?5?$CK?$HMaction_upda@ 00000001800168b0     xref.obj
 0002:000018f8       ??_C@_0N@IODFCNBG@_p_biggest_t@ 00000001800168f8     xref.obj
 0002:00001908       ??_C@_0M@LMODFOHJ@biggest_t?5?$CK@ 0000000180016908     xref.obj
 0002:00001918       ??_C@_0BH@GDFBFBCK@_p_cases_and_targets_t@ 0000000180016918     xref.obj
 0002:00001930       ??_C@_0BG@LBHPBHDC@cases_and_targets_t?5?$CK@ 0000000180016930     xref.obj
 0002:00001948       ??_C@_0O@HOPHBKAL@char?5?$CK?$HMint8?5?$CK@ 0000000180016948     xref.obj
 0002:00001958       ??_C@_0BC@KJKOCNNG@_p_const_iterator@ 0000000180016958     xref.obj
 0002:00001970       ??_C@_0BB@LAJPCFIO@const_iterator?5?$CK@ 0000000180016970     xref.obj
 0002:00001988       ??_C@_0CE@DHGPAIMI@_p_f_p_TWidget_int_int_p_void__@ 0000000180016988     xref.obj
 0002:000019b0       ??_C@_0DN@DFPOHMBA@custom_viewer_keydown_t?5?$CK?$HMbool?5@ 00000001800169b0     xref.obj
 0002:000019f0       ??_C@_0DF@PENMGFJK@_p_f_p_TWidget_int_p_view_mouse@ 00000001800169f0     xref.obj
 0002:00001a30       ??_C@_0FC@NPHKCCPL@void?5?$CI?$CK?$CJ?$CITWidget?5?$CK?0int?0view_mou@ 0000000180016a30     xref.obj
 0002:00001a88       ??_C@_0CA@IGCEDJID@_p_f_p_TWidget_int_p_void__bool@ 0000000180016a88     xref.obj
 0002:00001ab0       ??_C@_0FC@PJNOFHGN@custom_viewer_click_t?5?$CK?$HMcustom_@ 0000000180016ab0     xref.obj
 0002:00001b08       ??_C@_0CO@MIHLPJDD@_p_f_p_TWidget_p_lochist_entry_@ 0000000180016b08     xref.obj
 0002:00001b40       ??_C@_0EM@HBPJNBB@custom_viewer_adjust_place_t?5?$CK?$HM@ 0000000180016b40     xref.obj
 0002:00001b90       ??_C@_0GM@LBGPKCPI@_p_f_p_TWidget_p_q_const__lochi@ 0000000180016b90     xref.obj
 0002:00001c00       ??_C@_0IF@FKBGALIG@void?5?$CI?$CK?$CJ?$CITWidget?5?$CK?0lochist_entr@ 0000000180016c00     xref.obj
 0002:00001c90       ??_C@_0FA@DFBJAGBE@_p_f_p_TWidget_p_q_const__lochi@ 0000000180016c90     xref.obj
 0002:00001ce0       ??_C@_0GI@FMPBFLEM@custom_viewer_can_navigate_t?5?$CK?$HM@ 0000000180016ce0     xref.obj
 0002:00001d48       ??_C@_0DH@JJEDBLDE@_p_f_p_TWidget_p_q_const__place@ 0000000180016d48     xref.obj
 0002:00001d80       ??_C@_0EP@PJDAMEBK@code_viewer_lines_click_t?5?$CK?$HMvoi@ 0000000180016d80     xref.obj
 0002:00001dd0       ??_C@_0DE@PBNPHPNC@_p_f_p_TWidget_p_q_const__place@ 0000000180016dd0     xref.obj
 0002:00001e10       ??_C@_0EL@JKPIBDKO@code_viewer_lines_icon_t?5?$CK?$HMint?5@ 0000000180016e10     xref.obj
 0002:00001e60       ??_C@_0EB@FDCGDBJI@_p_f_p_TWidget_p_q_const__place@ 0000000180016e60     xref.obj
 0002:00001eb0       ??_C@_0FN@GGLCMJJK@custom_viewer_get_place_xcoord_@ 0000000180016eb0     xref.obj
 0002:00001f10       ??_C@_0DO@KLDLOPHE@_p_f_p_TWidget_p_q_const__place@ 0000000180016f10     xref.obj
 0002:00001f50       ??_C@_0FI@GOMHMLF@code_viewer_lines_linenum_t?5?$CK?$HMb@ 0000000180016f50     xref.obj
 0002:00001fa8       ??_C@_0BL@BMEJNHDD@_p_f_p_TWidget_p_void__int@ 0000000180016fa8     xref.obj
 0002:00001fc8       ??_C@_0DB@GMPMLKDG@custom_viewer_help_t?5?$CK?$HMint?5?$CI?$CK?$CJ?$CI@ 0000000180016fc8     xref.obj
 0002:00002000       ??_C@_0BM@PAKPNBHH@_p_f_p_TWidget_p_void__void@ 0000000180017000     xref.obj
 0002:00002020       ??_C@_0GE@BLLNJKNN@custom_viewer_popup_t?5?$CK?$HMcustom_@ 0000000180017020     xref.obj
 0002:00002088       ??_C@_0DM@PKHFKJJF@_p_f_p_chooser_multi_t_p_sizeve@ 0000000180017088     xref.obj
 0002:000020d0       ??_C@_0FA@INGPHNGB@chooser_base_t?3?3cbres_t?5?$CI?$CK?$CJ?$CIcho@ 00000001800170d0     xref.obj
 0002:00002120       ??_C@_0CN@LJCPBILN@_p_f_p_chooser_t_ssize_t__choos@ 0000000180017120     xref.obj
 0002:00002150       ??_C@_0DL@IKAMODJA@chooser_t?3?3cbret_t?5?$CI?$CK?$CJ?$CIchooser_@ 0000000180017150     xref.obj
 0002:00002190       ??_C@_0EC@GIKOMIMG@_p_f_p_lochist_entry_t_r_q_cons@ 0000000180017190     xref.obj
 0002:000021e0       ??_C@_0FE@OJIOMBOE@bool?5?$CI?$CK?$CJ?$CIlochist_entry_t?5?$CK?0loch@ 00000001800171e0     xref.obj
 0002:00002238       ??_C@_0CC@HPECDOJE@_p_f_p_q_const__char_p_void__vo@ 0000000180017238     xref.obj
 0002:00002260       ??_C@_0DA@LKJNDOAC@void?5?$CI?$CK?$CJ?$CIchar?5const?5?$CK?0void?5?$CK?$CJ?$HMs@ 0000000180017260     xref.obj
 0002:00002290       ??_C@_0GC@HKCHLFJ@_p_f_p_q_const__char_r_q_const_@ 0000000180017290     xref.obj
 0002:00002300       ??_C@_0GE@CDAMLIPA@h2ti_type_cb?5?$CK?$HMint?5?$CI?$CK?$CJ?$CIchar?5con@ 0000000180017300     xref.obj
 0002:00002368       ??_C@_0CB@PLKCNJF@_p_f_p_q_const__char_v_______in@ 0000000180017368     xref.obj
 0002:00002390       ??_C@_0CG@EHKOJEHN@int?5?$CI?$CK?$CJ?$CIchar?5const?5?$CK?0?4?4?4?$CJ?$HMprint@ 0000000180017390     xref.obj
 0002:000023b8       ??_C@_0CB@PPFKEDBB@_p_f_p_void_int_va_list__ssize_@ 00000001800173b8     xref.obj
 0002:000023e0       ??_C@_0CM@ODIKDJIA@ssize_t?5?$CI?$CK?$CJ?$CIvoid?5?$CK?0int?0va_list?$CJ@ 00000001800173e0     xref.obj
 0002:00002410       ??_C@_0CJ@KNMLBMOG@_p_f_r_q_const__insn_t_p_int_p_@ 0000000180017410     xref.obj
 0002:00002440       ??_C@_0DI@CGFAFNOI@bool?5?$CI?$CK?$CJ?$CIinsn_t?5const?5?$CG?0int?5?$CK?0i@ 0000000180017440     xref.obj
 0002:00002480       ??_C@_0FA@JJBGCIIH@_p_f_r_q_const__insn_t_r_q_cons@ 0000000180017480     xref.obj
 0002:000024d0       ??_C@_0FE@IBKJNBMI@bool?5?$CI?$CK?$CJ?$CIinsn_t?5const?5?$CG?0op_t?5co@ 00000001800174d0     xref.obj
 0002:00002528       ??_C@_0BI@PGCOIKGG@_p_f_unsigned_int__bool@ 0000000180017528     xref.obj
 0002:00002540       ??_C@_0DN@OGOBIPP@bool?5?$CI?$CK?$CJ?$CIunsigned?5int?$CJ?$HMhas_dela@ 0000000180017540     xref.obj
 0002:00002580       ??_C@_0DL@FFEHDPON@_p_f_unsigned_int_p_q_const__ch@ 0000000180017580     xref.obj
 0002:000025c0       ??_C@_0EK@MACPDLHN@int?5?$CI?$CK?$CJ?$CIunsigned?5int?0char?5const@ 00000001800175c0     xref.obj
 0002:00002610       ??_C@_0BP@HNIFGGKH@_p_f_unsigned_int_p_void__bool@ 0000000180017610     xref.obj
 0002:00002630       ??_C@_0CI@PMEGIBIK@testf_t?5?$CK?$HMbool?5?$CI?$CK?$CJ?$CIunsigned?5int@ 0000000180017630     xref.obj
 0002:00002658       ??_C@_0DB@CEAPILAH@_p_f_unsigned_int_r_q_const__ti@ 0000000180017658     xref.obj
 0002:00002690       ??_C@_0EH@MLDNCCKC@local_tinfo_predicate_t?5?$CK?$HMint?5?$CI@ 0000000180017690     xref.obj
 0002:000026d8       ??_C@_0CN@BPIIPJKN@_p_f_unsigned_int_unsigned_int_@ 00000001800176d8     xref.obj
 0002:00002708       ??_C@_0DO@CKIBBIPB@unsigned?5int?5?$CI?$CK?$CJ?$CIunsigned?5int?0u@ 0000000180017708     xref.obj
 0002:00002748       ??_C@_09LIGEMJOA@_p_func_t@ 0000000180017748     xref.obj
 0002:00002758       ??_C@_08IOOOCDNO@func_t?5?$CK@ 0000000180017758     xref.obj
 0002:00002764       ??_C@_06EJFLAOFF@_p_int@   0000000180017764     xref.obj
 0002:00002770       ??_C@_0IG@FDKJDHEK@adiff_t?5?$CK?$HMint?5?$CK?$HMint32?5?$CK?$HMsval_t?5@ 0000000180017770     xref.obj
 0002:000027f8       ??_C@_0M@CFMLOKJJ@_p_iterator@ 00000001800177f8     xref.obj
 0002:00002808       ??_C@_0L@IIMCJLIP@iterator?5?$CK@ 0000000180017808     xref.obj
 0002:00002818       ??_C@_0O@HDLJBJJF@_p_location_t@ 0000000180017818     xref.obj
 0002:00002828       ??_C@_0N@ONMECIKA@location_t?5?$CK@ 0000000180017828     xref.obj
 0002:00002838       ??_C@_0N@HIKGEFDH@_p_long_long@ 0000000180017838     xref.obj
 0002:00002848       ??_C@_0BP@FECEFBLL@int64?5?$CK?$HMlonglong?5?$CK?$HMlong?5long?5?$CK@ 0000000180017848     xref.obj
 0002:00002868       ??_C@_0CJ@KBPLCHCN@_p_qvectorT__qstringT_unsigned_@ 0000000180017868     xref.obj
 0002:00002898       ??_C@_0DF@GOALPBDM@qvector?$DM?5_qstring?$DM?5unsigned?5sho@ 0000000180017898     xref.obj
 0002:000028d0       ??_C@_0BH@EHIHPDFP@_p_qvectorT_argloc_t_t@ 00000001800178d0     xref.obj
 0002:000028e8       ??_C@_0CC@PMMGEEHP@qvector?$DM?5argloc_t?5?$DO?5?$CK?$HMarglocs_t@ 00000001800178e8     xref.obj
 0002:00002910       ??_C@_0BD@IFPOLGLB@_p_qvectorT_bool_t@ 0000000180017910     xref.obj
 0002:00002928       ??_C@_0BO@JEOEHDBE@boolvec_t?5?$CK?$HMqvector?$DM?5bool?5?$DO?5?$CK@ 0000000180017928     xref.obj
 0002:00002948       ??_C@_0BO@BMBALGLA@_p_qvectorT_channel_redir_t_t@ 0000000180017948     xref.obj
 0002:00002968       ??_C@_0DA@DFOFPPPA@qvector?$DM?5channel_redir_t?5?$DO?5?$CK?$HMch@ 0000000180017968     xref.obj
 0002:00002998       ??_C@_0CA@KLOIFAIM@_p_qvectorT_compiled_binpat_t_t@ 0000000180017998     xref.obj
 0002:000029b8       ??_C@_0DH@JJMOBCIB@compiled_binpat_vec_t?5?$CK?$HMqvector@ 00000001800179b8     xref.obj
 0002:000029f0       ??_C@_0BI@HPPPANA@_p_qvectorT_funcarg_t_t@ 00000001800179f0     xref.obj
 0002:00002a08       ??_C@_0CG@BKJABKPP@funcargvec_t?5?$CK?$HMqvector?$DM?5funcarg@ 0000000180017a08     xref.obj
 0002:00002a30       ??_C@_0BC@EMAMHDDK@_p_qvectorT_int_t@ 0000000180017a30     xref.obj
 0002:00002a50       ??_C@_0HG@NALNKPMI@svalvec_t?5?$CK?$HMintvec_t?5?$CK?$HMqvector?$DM@ 0000000180017a50     xref.obj
 0002:00002ac8       ??_C@_0BN@EANNCGDG@_p_qvectorT_qvectorT_int_t_t@ 0000000180017ac8     xref.obj
 0002:00002af0       ??_C@_0EH@CJPILNDP@qvector?$DM?5qvector?$DM?5int?5?$DO?5?$DO?5?$CK?$HMqve@ 0000000180017af0     xref.obj
 0002:00002b38       ??_C@_0BG@NGNJJEPD@_p_qvectorT_range_t_t@ 0000000180017b38     xref.obj
 0002:00002b50       ??_C@_0CH@CMPFLCHN@rangevec_base_t?5?$CK?$HMqvector?$DM?5rang@ 0000000180017b50     xref.obj
 0002:00002b78       ??_C@_0CB@DLEFICAI@_p_qvectorT_rangeset_t_const_p_@ 0000000180017b78     xref.obj
 0002:00002ba0       ??_C@_0DF@CPGECBJE@rangeset_crefvec_t?5?$CK?$HMqvector?$DM?5r@ 0000000180017ba0     xref.obj
 0002:00002bd8       ??_C@_0BJ@CBEEABAG@_p_qvectorT_rangeset_t_t@ 0000000180017bd8     xref.obj
 0002:00002bf8       ??_C@_0CN@NEPIOIFG@qvector?$DM?5rangeset_t?5?$DO?5?$CK?$HMarray_o@ 0000000180017bf8     xref.obj
 0002:00002c28       ??_C@_0BN@HCIAELAH@_p_qvectorT_refinfo_desc_t_t@ 0000000180017c28     xref.obj
 0002:00002c48       ??_C@_0DB@OEPGJFJL@refinfo_desc_vec_t?5?$CK?$HMqvector?$DM?5r@ 0000000180017c48     xref.obj
 0002:00002c80       ??_C@_0BK@JBDFAIAF@_p_qvectorT_simd_info_t_t@ 0000000180017c80     xref.obj
 0002:00002ca0       ??_C@_0CL@IAEHADMA@simd_info_vec_t?5?$CK?$HMqvector?$DM?5simd@ 0000000180017ca0     xref.obj
 0002:00002cd0       ??_C@_0BL@JOHIOMBL@_p_qvectorT_simpleline_t_t@ 0000000180017cd0     xref.obj
 0002:00002cf0       ??_C@_0CF@LMLHENLN@strvec_t?5?$CK?$HMqvector?$DM?5simpleline_@ 0000000180017cf0     xref.obj
 0002:00002d18       ??_C@_0BF@JMFCGENF@_p_qvectorT_size_t_t@ 0000000180017d18     xref.obj
 0002:00002d30       ??_C@_0CA@PKGFIBKP@sizevec_t?5?$CK?$HMqvector?$DM?5size_t?5?$DO?5?$CK@ 0000000180017d30     xref.obj
 0002:00002d50       ??_C@_0BG@GHPDGOHO@_p_qvectorT_tinfo_t_t@ 0000000180017d50     xref.obj
 0002:00002d68       ??_C@_0CC@CEHAEEKI@tinfovec_t?5?$CK?$HMqvector?$DM?5tinfo_t?5?$DO@ 0000000180017d68     xref.obj
 0002:00002d90       ??_C@_0BK@KGMCEJE@_p_qvectorT_type_attr_t_t@ 0000000180017d90     xref.obj
 0002:00002db0       ??_C@_0CI@PENEDOEG@type_attrs_t?5?$CK?$HMqvector?$DM?5type_at@ 0000000180017db0     xref.obj
 0002:00002dd8       ??_C@_0BL@MFAEBBAF@_p_qvectorT_udt_member_t_t@ 0000000180017dd8     xref.obj
 0002:00002df8       ??_C@_0CL@HFANAPIM@udtmembervec_t?5?$CK?$HMqvector?$DM?5udt_m@ 0000000180017df8     xref.obj
 0002:00002e28       ??_C@_0BM@DFOCNGNJ@_p_qvectorT_unsigned_char_t@ 0000000180017e28     xref.obj
 0002:00002e48       ??_C@_0CH@MCODNJGI@qvector?$DM?5unsigned?5char?5?$DO?5?$CK?$HMcomp@ 0000000180017e48     xref.obj
 0002:00002e70       ??_C@_0M@BEMIELHM@_p_relobj_t@ 0000000180017e70     xref.obj
 0002:00002e80       ??_C@_0N@OAHCDFLH@_p_bytevec_t@ 0000000180017e80     xref.obj
 0002:00002e90       ??_C@_0BA@KOPDLMDG@_p_reloc_info_t@ 0000000180017e90     xref.obj
 0002:00002ea0       ??_C@_0BL@POPMPLM@_p_qvectorT_unsigned_int_t@ 0000000180017ea0     xref.obj
 0002:00002ec0       ??_C@_0DL@HDEADPMO@eavec_t?5?$CK?$HMordvec_t?5?$CK?$HMuvalvec_t?5@ 0000000180017ec0     xref.obj
 0002:00002f00       ??_C@_08JGEHMJEC@_p_short@ 0000000180017f00     xref.obj
 0002:00002f10       ??_C@_0BA@BBDCPKKI@int16?5?$CK?$HMshort?5?$CK@ 0000000180017f10     xref.obj
 0002:00002f20       ??_C@_0P@IHEJCACJ@_p_signed_char@ 0000000180017f20     xref.obj
 0002:00002f30       ??_C@_0BG@CGJIOBCI@signed?5char?5?$CK?$HMsint8?5?$CK@ 0000000180017f30     xref.obj
 0002:00002f48       ??_C@_0BB@DBECGEHM@_p_switch_info_t@ 0000000180017f48     xref.obj
 0002:00002f60       ??_C@_0BA@PAOILAPD@switch_info_t?5?$CK@ 0000000180017f60     xref.obj
 0002:00002f70       ??_C@_0BB@JEMKPEPB@_p_unsigned_char@ 0000000180017f70     xref.obj
 0002:00002f90       ??_C@_0HI@NBHOBBOJ@uchar?5?$CK?$HMunsigned?5char?5?$CK?$HMcm_t?5?$CK?$HM@ 0000000180017f90     xref.obj
 0002:00003008       ??_C@_0BA@EMEBBPFL@_p_unsigned_int@ 0000000180018008     xref.obj
 0002:00003020       ??_C@_0JE@GCFOGLMK@bgcolor_t?5?$CK?$HMenum_t?5?$CK?$HMtid_t?5?$CK?$HMbm@ 0000000180018020     xref.obj
 0002:000030b8       ??_C@_0BG@CGEDOPGF@_p_unsigned_long_long@ 00000001800180b8     xref.obj
 0002:000030d0       ??_C@_0CK@FCLCDGJM@uint64?5?$CK?$HMulonglong?5?$CK?$HMunsigned?5l@ 00000001800180d0     xref.obj
 0002:00003100       ??_C@_0BC@GCHEMBCE@_p_unsigned_short@ 0000000180018100     xref.obj
 0002:00003118       ??_C@_0CP@HNCAPCKA@uint16?5?$CK?$HMunsigned?5short?5?$CK?$HMushor@ 0000000180018118     xref.obj
 0002:00003148       ??_C@_0O@KPNNNNNL@_p_value_type@ 0000000180018148     xref.obj
 0002:00003158       ??_C@_0N@BPDHJAOG@value_type?5?$CK@ 0000000180018158     xref.obj
 0002:00003168       ??_C@_0N@IDLBJLHA@_p_xrefblk_t@ 0000000180018168     xref.obj
 0002:00003178       ??_C@_0M@KNEGIJGF@xrefblk_t?5?$CK@ 0000000180018178     xref.obj
 0002:00003184       ??_C@_03BHDOPPEK@own@      0000000180018184     xref.obj
 0002:00003188       ??_C@_06EFGGFDFD@disown@   0000000180018188     xref.obj
 0002:00003190       ??_C@_0CC@CFIMIIPD@releases?5ownership?5of?5the?5point@ 0000000180018190     xref.obj
 0002:000031b8       ??_C@_07MEFPPMEF@acquire@  00000001800181b8     xref.obj
 0002:000031c0       ??_C@_0CC@BAIBAPCI@acquires?5ownership?5of?5the?5point@ 00000001800181c0     xref.obj
 0002:000031e8       ??_C@_0CG@GKPKGEFE@returns?1sets?5ownership?5of?5the?5p@ 00000001800181e8     xref.obj
 0002:00003210       ??_C@_06PCICMFGG@append@   0000000180018210     xref.obj
 0002:00003218       ??_C@_0BO@NCOOMDHM@appends?5another?5?8this?8?5object@ 0000000180018218     xref.obj
 0002:00003238       ??_C@_04CJGEDOF@next@      0000000180018238     xref.obj
 0002:00003240       ??_C@_0BP@IMIAEPNG@returns?5the?5next?5?8this?8?5object@ 0000000180018240     xref.obj
 0002:00003260       ??_C@_08HJPCHLLJ@__repr__@ 0000000180018260     xref.obj
 0002:00003270       ??_C@_0BO@PNCCHPAD@returns?5object?5representation@ 0000000180018270     xref.obj
 0002:00003290       ??_C@_07HDHHMDOH@_p_char@  0000000180018290     xref.obj
 0002:00003298       ??_C@_0BE@JAIHPMMP@create_switch_xrefs@ 0000000180018298     xref.obj
 0002:000032b0       ??_C@_0BO@EGEOBPEH@cases_and_targets_t_cases_set@ 00000001800182b0     xref.obj
 0002:000032d0       ??_C@_0CA@IPODKNNP@cases_and_targets_t_targets_set@ 00000001800182d0     xref.obj
 0002:000032f0       ??_C@_0BI@IDGLPBDE@new_cases_and_targets_t@ 00000001800182f0     xref.obj
 0002:00003308       ??_C@_0BC@PEEJNCKJ@calc_switch_cases@ 0000000180018308     xref.obj
 0002:00003320       ??_C@_0BE@EMNNNJFO@create_switch_table@ 0000000180018320     xref.obj
 0002:00003338       ??_C@_08OGHBKCED@add_cref@ 0000000180018338     xref.obj
 0002:00003348       ??_C@_08FDKDKJPF@del_cref@ 0000000180018348     xref.obj
 0002:00003358       ??_C@_08FEFBHOFD@add_dref@ 0000000180018358     xref.obj
 0002:00003368       ??_C@_08OBIDHFOF@del_dref@ 0000000180018368     xref.obj
 0002:00003378       ??_C@_0BC@NDCDGBKJ@xrefblk_t_frm_set@ 0000000180018378     xref.obj
 0002:00003390       ??_C@_0BB@JHIDHMFC@xrefblk_t_to_set@ 0000000180018390     xref.obj
 0002:000033a8       ??_C@_0BF@FBLAFMKB@xrefblk_t_iscode_set@ 00000001800183a8     xref.obj
 0002:000033c0       ??_C@_0BD@PEJJCILK@xrefblk_t_type_set@ 00000001800183c0     xref.obj
 0002:000033d8       ??_C@_0BD@FJBHKBHL@xrefblk_t_user_set@ 00000001800183d8     xref.obj
 0002:000033f0       ??_C@_0BF@CCEOOCEJ@xrefblk_t_first_from@ 00000001800183f0     xref.obj
 0002:00003408       ??_C@_0BD@KACDIPIH@xrefblk_t_first_to@ 0000000180018408     xref.obj
 0002:00003420       ??_C@_0BE@OGJKMBJO@xrefblk_t_next_from@ 0000000180018420     xref.obj
 0002:00003438       ??_C@_0BC@BJIDEHDK@xrefblk_t_next_to@ 0000000180018438     xref.obj
 0002:00003450       ??_C@_0O@FDIGBMBK@new_xrefblk_t@ 0000000180018450     xref.obj
 0002:00003460       ??_C@_0BD@BCMFBJJG@get_next_dref_from@ 0000000180018460     xref.obj
 0002:00003478       ??_C@_0BB@MKGCLLGA@get_next_dref_to@ 0000000180018478     xref.obj
 0002:00003490       ??_C@_0BD@PABJACOP@get_next_cref_from@ 0000000180018490     xref.obj
 0002:000034a8       ??_C@_0BB@MAKHLCHJ@get_next_cref_to@ 00000001800184a8     xref.obj
 0002:000034c0       ??_C@_0BE@DFBKEBEE@get_next_fcref_from@ 00000001800184c0     xref.obj
 0002:000034d8       ??_C@_0BC@NOGGADAP@get_next_fcref_to@ 00000001800184d8     xref.obj
 0002:000034f0       ??_C@_0BC@FCPEDOIH@has_external_refs@ 00000001800184f0     xref.obj
 0002:00003508       ??_C@_0BE@HPOOPAKO@delete_switch_table@ 0000000180018508     xref.obj
 0002:00003520       ??_C@_0O@MCFKDAJD@new_casevec_t@ 0000000180018520     xref.obj
 0002:00003530       ??_C@_0BE@JNJFKM@casevec_t_push_back@ 0000000180018530     xref.obj
 0002:00003548       ??_C@_0N@GBAFGIII@casevec_t_at@ 0000000180018548     xref.obj
 0002:00003558       ??_C@_0BB@OOHKGFI@casevec_t_resize@ 0000000180018558     xref.obj
 0002:00003570       ??_C@_0P@DJONFDHM@casevec_t_grow@ 0000000180018570     xref.obj
 0002:00004060       ??_C@_0BO@CMHFAAKD@?$CFS?6Additional?5information?3?6?$CFs@ 0000000180019060     xref.obj
 0002:0000407e       ??_C@_00CNPNBAHC@@         000000018001907e     xref.obj
 0002:00004080       ??_C@_09HJOCAFJB@at?5least?5@ 0000000180019080     xref.obj
 0002:00004090       ??_C@_0CF@KFFOGCID@?$CFs?5expected?5?$CFs?$CFd?5arguments?0?5got@ 0000000180019090     xref.obj
 0002:000040b8       ??_C@_0CL@NPJGKHAI@UnpackTuple?$CI?$CJ?5argument?5list?5is?5@ 00000001800190b8     xref.obj
 0002:000040e8       ??_C@_0CD@DMIOPJCG@?$CFs?5expected?5?$CFs?$CFd?5arguments?0?5got@ 00000001800190e8     xref.obj
 0002:00004110       ??_C@_08KFLHMPAE@at?5most?5@ 0000000180019110     xref.obj
 0002:00004120       ??_C@_07MEBHOIG@__new__@   0000000180019120     xref.obj
 0002:00004128       ??_C@_0BB@LPCDDCDP@__swig_destroy__@ 0000000180019128     xref.obj
 0002:00004140       ??_C@_07CIFAGBMG@unknown@  0000000180019140     xref.obj
 0002:00004148       ??_C@_0CB@HIOLGNHE@?$DMSwig?5Object?5of?5type?5?8?$CFs?8?5at?5?$CFp@ 0000000180019148     xref.obj
 0002:00004170       ??_C@_08BHKDPDAA@__name__@ 0000000180019170     xref.obj
 0002:00004180       ??_C@_0N@OEDBPMFH@SwigPyObject@ 0000000180019180     xref.obj
 0002:00004190       ??_C@_0EH@KGGHIIII@swig?1python?5detected?5a?5memory?5l@ 0000000180019190     xref.obj
 0002:000041d8       ??_C@_0CF@NBDOMJMA@Attempt?5to?5append?5a?5non?5SwigPyO@ 00000001800191d8     xref.obj
 0002:00004200       ??_C@_0BG@BEMBDPAG@?$DMSwig?5Packed?5at?5?$CFs?$CFs?$DO@ 0000000180019200     xref.obj
 0002:00004218       ??_C@_0BB@KEMDDLH@?$DMSwig?5Packed?5?$CFs?$DO@ 0000000180019218     xref.obj
 0002:0000422c       ??_C@_04HDOCAJNK@?$CFs?$CFs@ 000000018001922c     xref.obj
 0002:00004238       ??_C@_0N@FALDBJHP@SwigPyPacked@ 0000000180019238     xref.obj
 0002:00004248       ??_C@_04IIAJELJL@this@     0000000180019248     xref.obj
 0002:00004250       ??_C@_0L@GCGAIEDO@swig_ptr?3?5@ 0000000180019250     xref.obj
 0002:00004260       ??_C@_08IBFKALI@__dict__@  0000000180019260     xref.obj
 0002:00004270       ??_C@_08DOBMGDEN@swiginit@ 0000000180019270     xref.obj
 0002:00004280       ??_C@_0CO@FOLKHJOC@swig_runtime_data4?4type_pointer@ 0000000180019280     xref.obj
 0002:000042b0       ??_C@_0BD@BFIMCAOH@swig_runtime_data4@ 00000001800192b0     xref.obj
 0002:000042c8       ??_C@_0BL@LFDLKGPB@type_pointer_capsuleidaapi@ 00000001800192c8     xref.obj
 0002:000042f0       ??_7exception@std@@6B@     00000001800192f0     xref.obj
 0002:00004300       ??_C@_0BC@EOODALEL@Unknown?5exception@ 0000000180019300     xref.obj
 0002:00004320       ??_7logic_error@std@@6B@   0000000180019320     xref.obj
 0002:00004338       ??_7out_of_range@std@@6B@  0000000180019338     xref.obj
 0002:00004348       ??_C@_0BK@NPFFDHAP@Out?5of?5memory?5?$CIbad_alloc?$CJ@ 0000000180019348     xref.obj
 0002:00004370       ??_C@_0BCP@OKJACFO@Internal?5error?5?$CFd?5occurred?5when@ 0000000180019370     xref.obj
 0002:000044a0       ??_C@_0DB@OCJMLGAO@Function?5can?5be?5called?5from?5the@ 00000001800194a0     xref.obj
 0002:000044d8       ??_C@_0BA@GMJLDMKP@surrogateescape@ 00000001800194d8     xref.obj
 0002:000044e8       ??_C@_0BF@NPFMAGNK@out?5of?5bounds?5access@ 00000001800194e8     xref.obj
 0002:00004500       ??_C@_0DL@JMAOAHHA@in?5method?5?8create_switch_xrefs?8@ 0000000180019500     xref.obj
 0002:00004540       ??_C@_0EM@DKJBNFAF@in?5method?5?8create_switch_xrefs?8@ 0000000180019540     xref.obj
 0002:00004590       ??_C@_0GD@DOHFOMLP@invalid?5null?5reference?5in?5metho@ 0000000180019590     xref.obj
 0002:00004600       ??_C@_0FG@CMNJEDLE@in?5method?5?8cases_and_targets_t_@ 0000000180019600     xref.obj
 0002:00004660       ??_C@_0EM@GGKFBHKH@in?5method?5?8cases_and_targets_t_@ 0000000180019660     xref.obj
 0002:000046b0       ??_C@_0FG@OEJFCJEG@in?5method?5?8cases_and_targets_t_@ 00000001800196b0     xref.obj
 0002:00004710       ??_C@_0FI@BJEALPCI@in?5method?5?8cases_and_targets_t_@ 0000000180019710     xref.obj
 0002:00004770       ??_C@_0EK@BGOJOINJ@in?5method?5?8cases_and_targets_t_@ 0000000180019770     xref.obj
 0002:000047c0       ??_C@_0FI@NBAMNFNK@in?5method?5?8cases_and_targets_t_@ 00000001800197c0     xref.obj
 0002:00004820       ??_C@_0FD@JAOBANGA@in?5method?5?8delete_cases_and_tar@ 0000000180019820     xref.obj
 0002:00004878       ??_C@_0N@JBELKAOG@swigregister@ 0000000180019878     xref.obj
 0002:00004888       ??_C@_0DJ@EAKKEOMC@in?5method?5?8calc_switch_cases?8?0?5@ 0000000180019888     xref.obj
 0002:000048d0       ??_C@_0EK@FMGFMDJN@in?5method?5?8calc_switch_cases?8?0?5@ 00000001800198d0     xref.obj
 0002:00004920       ??_C@_0GB@PGMMJIDL@invalid?5null?5reference?5in?5metho@ 0000000180019920     xref.obj
 0002:00004988       ??_C@_0DL@FIHDINHD@in?5method?5?8create_switch_table?8@ 0000000180019988     xref.obj
 0002:000049d0       ??_C@_0EM@OAHBOGPB@in?5method?5?8create_switch_table?8@ 00000001800199d0     xref.obj
 0002:00004a20       ??_C@_0GD@OEJFNPEL@invalid?5null?5reference?5in?5metho@ 0000000180019a20     xref.obj
 0002:00004a88       ??_C@_0DA@OPFJFFBF@in?5method?5?8xrefchar?8?0?5argument?5@ 0000000180019a88     xref.obj
 0002:00004ab8       ??_C@_0DA@DAFPPDAB@in?5method?5?8add_cref?8?0?5argument?5@ 0000000180019ab8     xref.obj
 0002:00004ae8       ??_C@_0DA@GDMFKIIF@in?5method?5?8add_cref?8?0?5argument?5@ 0000000180019ae8     xref.obj
 0002:00004b18       ??_C@_0DC@EBDFDBCO@in?5method?5?8add_cref?8?0?5argument?5@ 0000000180019b18     xref.obj
 0002:00004b50       ??_C@_0DA@IBMJMHDB@in?5method?5?8del_cref?8?0?5argument?5@ 0000000180019b50     xref.obj
 0002:00004b80       ??_C@_0DA@NCFDJMLF@in?5method?5?8del_cref?8?0?5argument?5@ 0000000180019b80     xref.obj
 0002:00004bb0       ??_C@_0DA@BFNONDEG@in?5method?5?8del_cref?8?0?5argument?5@ 0000000180019bb0     xref.obj
 0002:00004be0       ??_C@_0DA@LAICABNI@in?5method?5?8add_dref?8?0?5argument?5@ 0000000180019be0     xref.obj
 0002:00004c10       ??_C@_0DA@ODBIFKFM@in?5method?5?8add_dref?8?0?5argument?5@ 0000000180019c10     xref.obj
 0002:00004c40       ??_C@_0DC@EILJFFIM@in?5method?5?8add_dref?8?0?5argument?5@ 0000000180019c40     xref.obj
 0002:00004c78       ??_C@_0DA@BBEDFOI@in?5method?5?8del_dref?8?0?5argument?5@ 0000000180019c78     xref.obj
 0002:00004ca8       ??_C@_0DA@FCIOGOGM@in?5method?5?8del_dref?8?0?5argument?5@ 0000000180019ca8     xref.obj
 0002:00004ce0       ??_C@_0EA@EFKEDGED@in?5method?5?8xrefblk_t_frm_set?8?0?5@ 0000000180019ce0     xref.obj
 0002:00004d20       ??_C@_0DJ@KJBNJGCE@in?5method?5?8xrefblk_t_frm_set?8?0?5@ 0000000180019d20     xref.obj
 0002:00004d60       ??_C@_0EA@JHEHLBLA@in?5method?5?8xrefblk_t_frm_get?8?0?5@ 0000000180019d60     xref.obj
 0002:00004da0       ??_C@_0DP@LNKJHEGN@in?5method?5?8xrefblk_t_to_set?8?0?5a@ 0000000180019da0     xref.obj
 0002:00004de0       ??_C@_0DI@GOJHDOKN@in?5method?5?8xrefblk_t_to_set?8?0?5a@ 0000000180019de0     xref.obj
 0002:00004e18       ??_C@_0DP@GPEKPDJO@in?5method?5?8xrefblk_t_to_get?8?0?5a@ 0000000180019e18     xref.obj
 0002:00004e60       ??_C@_0ED@EGOEFGDE@in?5method?5?8xrefblk_t_iscode_set@ 0000000180019e60     xref.obj
 0002:00004ea8       ??_C@_0DN@CKDPHDMO@in?5method?5?8xrefblk_t_iscode_set@ 0000000180019ea8     xref.obj
 0002:00004ef0       ??_C@_0ED@JEAHNBMH@in?5method?5?8xrefblk_t_iscode_get@ 0000000180019ef0     xref.obj
 0002:00004f40       ??_C@_0EB@JHLEGHDD@in?5method?5?8xrefblk_t_type_set?8?0@ 0000000180019f40     xref.obj
 0002:00004f88       ??_C@_0DL@GBHJNPOE@in?5method?5?8xrefblk_t_type_set?8?0@ 0000000180019f88     xref.obj
 0002:00004fd0       ??_C@_0EB@EFFHOAMA@in?5method?5?8xrefblk_t_type_get?8?0@ 0000000180019fd0     xref.obj
 0002:00005020       ??_C@_0EB@JCMJDKPL@in?5method?5?8xrefblk_t_user_set?8?0@ 000000018001a020     xref.obj
 0002:00005068       ??_C@_0DL@OKBEGAKJ@in?5method?5?8xrefblk_t_user_set?8?0@ 000000018001a068     xref.obj
 0002:000050b0       ??_C@_0EB@EACKLNAI@in?5method?5?8xrefblk_t_user_get?8?0@ 000000018001a0b0     xref.obj
 0002:00005100       ??_C@_0ED@KNCJHD@in?5method?5?8xrefblk_t_first_from@ 000000018001a100     xref.obj
 0002:00005148       ??_C@_0DM@NOOOCFA@in?5method?5?8xrefblk_t_first_from@ 000000018001a148     xref.obj
 0002:00005188       ??_C@_0DL@LAPHBALB@in?5method?5?8xrefblk_t_first_from@ 000000018001a188     xref.obj
 0002:000051d0       ??_C@_0EC@PMLGMIAI@in?5method?5?8xrefblk_t_next_from?8@ 000000018001a1d0     xref.obj
 0002:00005220       ??_C@_0EB@FJKOGOAG@in?5method?5?8xrefblk_t_first_to?8?0@ 000000018001a220     xref.obj
 0002:00005268       ??_C@_0DK@IGGALLBL@in?5method?5?8xrefblk_t_first_to?8?0@ 000000018001a268     xref.obj
 0002:000052a8       ??_C@_0DJ@IABGLBOL@in?5method?5?8xrefblk_t_first_to?8?0@ 000000018001a2a8     xref.obj
 0002:000052f0       ??_C@_0EA@FHNIEHCF@in?5method?5?8xrefblk_t_next_to?8?0?5@ 000000018001a2f0     xref.obj
 0002:00005330       ??_C@_0DL@JNOOLEGI@in?5method?5?8xrefblk_t_next_from?8@ 000000018001a330     xref.obj
 0002:00005370       ??_C@_0DL@BKEIHPCL@in?5method?5?8xrefblk_t_next_from?8@ 000000018001a370     xref.obj
 0002:000053b0       ??_C@_0DK@PCEFEBML@in?5method?5?8xrefblk_t_next_from?8@ 000000018001a3b0     xref.obj
 0002:000053f0       ??_C@_0LG@DPENIMJ@Wrong?5number?5or?5type?5of?5argumen@ 000000018001a3f0     xref.obj
 0002:000054a8       ??_C@_0DJ@BNKIKCCI@in?5method?5?8xrefblk_t_next_to?8?0?5@ 000000018001a4a8     xref.obj
 0002:000054e8       ??_C@_0DJ@JKAOGJGL@in?5method?5?8xrefblk_t_next_to?8?0?5@ 000000018001a4e8     xref.obj
 0002:00005528       ??_C@_0DI@NBDEMKFO@in?5method?5?8xrefblk_t_next_to?8?0?5@ 000000018001a528     xref.obj
 0002:00005560       ??_C@_0LA@ELMFCEJA@Wrong?5number?5or?5type?5of?5argumen@ 000000018001a560     xref.obj
 0002:00005610       ??_C@_0DP@FBNHANND@in?5method?5?8delete_xrefblk_t?8?0?5a@ 000000018001a610     xref.obj
 0002:00005650       ??_C@_0DL@NBKPEBKC@in?5method?5?8get_first_dref_from?8@ 000000018001a650     xref.obj
 0002:00005690       ??_C@_0DK@EAGKNGND@in?5method?5?8get_next_dref_from?8?0@ 000000018001a690     xref.obj
 0002:000056d0       ??_C@_0DK@BDPAINFH@in?5method?5?8get_next_dref_from?8?0@ 000000018001a6d0     xref.obj
 0002:00005710       ??_C@_0DJ@LIGDCMON@in?5method?5?8get_first_dref_to?8?0?5@ 000000018001a710     xref.obj
 0002:00005750       ??_C@_0DI@JCBGBMEM@in?5method?5?8get_next_dref_to?8?0?5a@ 000000018001a750     xref.obj
 0002:00005788       ??_C@_0DI@MBIMEHMI@in?5method?5?8get_next_dref_to?8?0?5a@ 000000018001a788     xref.obj
 0002:000057c0       ??_C@_0DL@MHPHLMIO@in?5method?5?8get_first_cref_from?8@ 000000018001a7c0     xref.obj
 0002:00005800       ??_C@_0DK@FGDCCLPP@in?5method?5?8get_next_cref_from?8?0@ 000000018001a800     xref.obj
 0002:00005840       ??_C@_0DK@FKIHAHL@in?5method?5?8get_next_cref_from?8?0@ 000000018001a840     xref.obj
 0002:00005880       ??_C@_0DJ@OENDAPIE@in?5method?5?8get_first_cref_to?8?0?5@ 000000018001a880     xref.obj
 0002:000058c0       ??_C@_0DI@MOKGDPCF@in?5method?5?8get_next_cref_to?8?0?5a@ 000000018001a8c0     xref.obj
 0002:000058f8       ??_C@_0DI@JNDMGEKB@in?5method?5?8get_next_cref_to?8?0?5a@ 000000018001a8f8     xref.obj
 0002:00005930       ??_C@_0DM@PMPDMCAI@in?5method?5?8get_first_fcref_from@ 000000018001a930     xref.obj
 0002:00005970       ??_C@_0DL@NLGAEGDF@in?5method?5?8get_next_fcref_from?8@ 000000018001a970     xref.obj
 0002:000059b0       ??_C@_0DL@IIPKBNLB@in?5method?5?8get_next_fcref_from?8@ 000000018001a9b0     xref.obj
 0002:000059f0       ??_C@_0DK@KLNNNJF@in?5method?5?8get_first_fcref_to?8?0@ 000000018001a9f0     xref.obj
 0002:00005a30       ??_C@_0DJ@KLEGDLNL@in?5method?5?8get_next_fcref_to?8?0?5@ 000000018001aa30     xref.obj
 0002:00005a70       ??_C@_0DJ@PINMGAFP@in?5method?5?8get_next_fcref_to?8?0?5@ 000000018001aa70     xref.obj
 0002:00005ab0       ??_C@_0DN@OEFDPLDE@in?5method?5?8has_external_refs?8?0?5@ 000000018001aab0     xref.obj
 0002:00005af0       ??_C@_0DJ@JHBOGNKJ@in?5method?5?8has_external_refs?8?0?5@ 000000018001aaf0     xref.obj
 0002:00005b30       ??_C@_0DL@NIPBHEHC@in?5method?5?8delete_switch_table?8@ 000000018001ab30     xref.obj
 0002:00005b70       ??_C@_0EM@FMEFNDEJ@in?5method?5?8delete_switch_table?8@ 000000018001ab70     xref.obj
[...]
 0004:0000159c       $pdata$_wrap_casevec_t_truncate$catch$4 000000018002959c     xref.obj
 0004:000015a8       $pdata$_wrap_casevec_t_truncate$catch$3 00000001800295a8     xref.obj
 0004:000015b4       $pdata$_wrap_casevec_t_truncate$catch$2 00000001800295b4     xref.obj
 0004:000015c0       $pdata$_wrap_casevec_t_truncate$catch$1 00000001800295c0     xref.obj
 0004:000015cc       $pdata$_wrap_casevec_t_truncate$catch$0 00000001800295cc     xref.obj
 0004:000015d8       $pdata$_wrap_casevec_t_swap 00000001800295d8     xref.obj
 0004:000015e4       $pdata$_wrap_casevec_t_swap$catch$5 00000001800295e4     xref.obj
 0004:000015f0       $pdata$_wrap_casevec_t_swap$catch$4 00000001800295f0     xref.obj
 0004:000015fc       $pdata$_wrap_casevec_t_swap$catch$3 00000001800295fc     xref.obj
 0004:00001608       $pdata$_wrap_casevec_t_swap$catch$2 0000000180029608     xref.obj
 0004:00001614       $pdata$_wrap_casevec_t_swap$catch$1 0000000180029614     xref.obj
 0004:00001620       $pdata$_wrap_casevec_t_swap$catch$0 0000000180029620     xref.obj
 0004:0000162c       $pdata$_wrap_casevec_t_extract 000000018002962c     xref.obj
 0004:00001638       $pdata$_wrap_casevec_t_extract$catch$5 0000000180029638     xref.obj
 0004:00001644       $pdata$_wrap_casevec_t_extract$catch$4 0000000180029644     xref.obj
 0004:00001650       $pdata$_wrap_casevec_t_extract$catch$3 0000000180029650     xref.obj
 0004:0000165c       $pdata$_wrap_casevec_t_extract$catch$2 000000018002965c     xref.obj
 0004:00001668       $pdata$_wrap_casevec_t_extract$catch$1 0000000180029668     xref.obj
 0004:00001674       $pdata$_wrap_casevec_t_extract$catch$0 0000000180029674     xref.obj
 0004:00001680       $pdata$_wrap_casevec_t_inject 0000000180029680     xref.obj
 0004:0000168c       $pdata$_wrap_casevec_t_inject$catch$5 000000018002968c     xref.obj
 0004:00001698       $pdata$_wrap_casevec_t_inject$catch$4 0000000180029698     xref.obj
 0004:000016a4       $pdata$_wrap_casevec_t_inject$catch$3 00000001800296a4     xref.obj
 0004:000016b0       $pdata$_wrap_casevec_t_inject$catch$2 00000001800296b0     xref.obj
 0004:000016bc       $pdata$_wrap_casevec_t_inject$catch$1 00000001800296bc     xref.obj
 0004:000016c8       $pdata$_wrap_casevec_t_inject$catch$0 00000001800296c8     xref.obj
 0004:000016d4       $pdata$_wrap_casevec_t___eq__ 00000001800296d4     xref.obj
 0004:000016e0       $pdata$_wrap_casevec_t___eq__$catch$5 00000001800296e0     xref.obj
 0004:000016ec       $pdata$_wrap_casevec_t___eq__$catch$4 00000001800296ec     xref.obj
 0004:000016f8       $pdata$_wrap_casevec_t___eq__$catch$3 00000001800296f8     xref.obj
 0004:00001704       $pdata$_wrap_casevec_t___eq__$catch$2 0000000180029704     xref.obj
 0004:00001710       $pdata$_wrap_casevec_t___eq__$catch$1 0000000180029710     xref.obj
 0004:0000171c       $pdata$_wrap_casevec_t___eq__$catch$0 000000018002971c     xref.obj
 0004:00001728       $pdata$_wrap_casevec_t___ne__ 0000000180029728     xref.obj
 0004:00001734       $pdata$_wrap_casevec_t___ne__$catch$5 0000000180029734     xref.obj
 0004:00001740       $pdata$_wrap_casevec_t___ne__$catch$4 0000000180029740     xref.obj
 0004:0000174c       $pdata$_wrap_casevec_t___ne__$catch$3 000000018002974c     xref.obj
 0004:00001758       $pdata$_wrap_casevec_t___ne__$catch$2 0000000180029758     xref.obj
 0004:00001764       $pdata$_wrap_casevec_t___ne__$catch$1 0000000180029764     xref.obj
 0004:00001770       $pdata$_wrap_casevec_t___ne__$catch$0 0000000180029770     xref.obj
 0004:0000177c       $pdata$_wrap_casevec_t_begin__SWIG_0 000000018002977c     xref.obj
 0004:00001788       $pdata$_wrap_casevec_t_begin__SWIG_0$catch$5 0000000180029788     xref.obj
 0004:00001794       $pdata$_wrap_casevec_t_begin__SWIG_0$catch$4 0000000180029794     xref.obj
 0004:000017a0       $pdata$_wrap_casevec_t_begin__SWIG_0$catch$3 00000001800297a0     xref.obj
 0004:000017ac       $pdata$_wrap_casevec_t_begin__SWIG_0$catch$2 00000001800297ac     xref.obj
 0004:000017b8       $pdata$_wrap_casevec_t_begin__SWIG_0$catch$1 00000001800297b8     xref.obj
 0004:000017c4       $pdata$_wrap_casevec_t_begin__SWIG_0$catch$0 00000001800297c4     xref.obj
 0004:000017d0       $pdata$_wrap_casevec_t_end__SWIG_0 00000001800297d0     xref.obj
 0004:000017dc       $pdata$_wrap_casevec_t_end__SWIG_0$catch$5 00000001800297dc     xref.obj
 0004:000017e8       $pdata$_wrap_casevec_t_end__SWIG_0$catch$4 00000001800297e8     xref.obj
 0004:000017f4       $pdata$_wrap_casevec_t_end__SWIG_0$catch$3 00000001800297f4     xref.obj
 0004:00001800       $pdata$_wrap_casevec_t_end__SWIG_0$catch$2 0000000180029800     xref.obj
 0004:0000180c       $pdata$_wrap_casevec_t_end__SWIG_0$catch$1 000000018002980c     xref.obj
 0004:00001818       $pdata$_wrap_casevec_t_end__SWIG_0$catch$0 0000000180029818     xref.obj
 0004:00001824       $pdata$_wrap_casevec_t_begin__SWIG_1 0000000180029824     xref.obj
 0004:00001830       $pdata$_wrap_casevec_t_begin__SWIG_1$catch$5 0000000180029830     xref.obj
 0004:0000183c       $pdata$_wrap_casevec_t_begin__SWIG_1$catch$4 000000018002983c     xref.obj
 0004:00001848       $pdata$_wrap_casevec_t_begin__SWIG_1$catch$3 0000000180029848     xref.obj
 0004:00001854       $pdata$_wrap_casevec_t_begin__SWIG_1$catch$2 0000000180029854     xref.obj
 0004:00001860       $pdata$_wrap_casevec_t_begin__SWIG_1$catch$1 0000000180029860     xref.obj
 0004:0000186c       $pdata$_wrap_casevec_t_begin__SWIG_1$catch$0 000000018002986c     xref.obj
 0004:00001878       $pdata$_wrap_casevec_t_begin 0000000180029878     xref.obj
 0004:00001884       $pdata$_wrap_casevec_t_end__SWIG_1 0000000180029884     xref.obj
 0004:00001890       $pdata$_wrap_casevec_t_end__SWIG_1$catch$5 0000000180029890     xref.obj
 0004:0000189c       $pdata$_wrap_casevec_t_end__SWIG_1$catch$4 000000018002989c     xref.obj
 0004:000018a8       $pdata$_wrap_casevec_t_end__SWIG_1$catch$3 00000001800298a8     xref.obj
 0004:000018b4       $pdata$_wrap_casevec_t_end__SWIG_1$catch$2 00000001800298b4     xref.obj
 0004:000018c0       $pdata$_wrap_casevec_t_end__SWIG_1$catch$1 00000001800298c0     xref.obj
 0004:000018cc       $pdata$_wrap_casevec_t_end__SWIG_1$catch$0 00000001800298cc     xref.obj
 0004:000018d8       $pdata$_wrap_casevec_t_end 00000001800298d8     xref.obj
 0004:000018e4       $pdata$_wrap_casevec_t_insert 00000001800298e4     xref.obj
 0004:000018f0       $pdata$_wrap_casevec_t_insert$catch$5 00000001800298f0     xref.obj
 0004:000018fc       $pdata$_wrap_casevec_t_insert$catch$4 00000001800298fc     xref.obj
 0004:00001908       $pdata$_wrap_casevec_t_insert$catch$3 0000000180029908     xref.obj
 0004:00001914       $pdata$_wrap_casevec_t_insert$catch$2 0000000180029914     xref.obj
 0004:00001920       $pdata$_wrap_casevec_t_insert$catch$1 0000000180029920     xref.obj
 0004:0000192c       $pdata$_wrap_casevec_t_insert$catch$0 000000018002992c     xref.obj
 0004:00001938       $pdata$_wrap_casevec_t_erase__SWIG_0 0000000180029938     xref.obj
 0004:00001944       $pdata$_wrap_casevec_t_erase__SWIG_0$catch$5 0000000180029944     xref.obj
 0004:00001950       $pdata$_wrap_casevec_t_erase__SWIG_0$catch$4 0000000180029950     xref.obj
 0004:0000195c       $pdata$_wrap_casevec_t_erase__SWIG_0$catch$3 000000018002995c     xref.obj
 0004:00001968       $pdata$_wrap_casevec_t_erase__SWIG_0$catch$2 0000000180029968     xref.obj
 0004:00001974       $pdata$_wrap_casevec_t_erase__SWIG_0$catch$1 0000000180029974     xref.obj
 0004:00001980       $pdata$_wrap_casevec_t_erase__SWIG_0$catch$0 0000000180029980     xref.obj
 0004:0000198c       $pdata$_wrap_casevec_t_erase__SWIG_1 000000018002998c     xref.obj
 0004:00001998       $pdata$_wrap_casevec_t_erase__SWIG_1$catch$5 0000000180029998     xref.obj
 0004:000019a4       $pdata$_wrap_casevec_t_erase__SWIG_1$catch$4 00000001800299a4     xref.obj
 0004:000019b0       $pdata$_wrap_casevec_t_erase__SWIG_1$catch$3 00000001800299b0     xref.obj
 0004:000019bc       $pdata$_wrap_casevec_t_erase__SWIG_1$catch$2 00000001800299bc     xref.obj
 0004:000019c8       $pdata$_wrap_casevec_t_erase__SWIG_1$catch$1 00000001800299c8     xref.obj
 0004:000019d4       $pdata$_wrap_casevec_t_erase__SWIG_1$catch$0 00000001800299d4     xref.obj
 0004:000019e0       $pdata$_wrap_casevec_t_erase 00000001800299e0     xref.obj
 0004:000019ec       $pdata$_wrap_casevec_t_find__SWIG_0 00000001800299ec     xref.obj
 0004:000019f8       $pdata$_wrap_casevec_t_find__SWIG_0$catch$5 00000001800299f8     xref.obj
 0004:00001a04       $pdata$_wrap_casevec_t_find__SWIG_0$catch$4 0000000180029a04     xref.obj
 0004:00001a10       $pdata$_wrap_casevec_t_find__SWIG_0$catch$3 0000000180029a10     xref.obj
 0004:00001a1c       $pdata$_wrap_casevec_t_find__SWIG_0$catch$2 0000000180029a1c     xref.obj
 0004:00001a28       $pdata$_wrap_casevec_t_find__SWIG_0$catch$1 0000000180029a28     xref.obj
 0004:00001a34       $pdata$_wrap_casevec_t_find__SWIG_0$catch$0 0000000180029a34     xref.obj
 0004:00001a40       $pdata$_wrap_casevec_t_find__SWIG_1 0000000180029a40     xref.obj
 0004:00001a4c       $pdata$_wrap_casevec_t_find__SWIG_1$catch$5 0000000180029a4c     xref.obj
 0004:00001a58       $pdata$_wrap_casevec_t_find__SWIG_1$catch$4 0000000180029a58     xref.obj
 0004:00001a64       $pdata$_wrap_casevec_t_find__SWIG_1$catch$3 0000000180029a64     xref.obj
 0004:00001a70       $pdata$_wrap_casevec_t_find__SWIG_1$catch$2 0000000180029a70     xref.obj
 0004:00001a7c       $pdata$_wrap_casevec_t_find__SWIG_1$catch$1 0000000180029a7c     xref.obj
 0004:00001a88       $pdata$_wrap_casevec_t_find__SWIG_1$catch$0 0000000180029a88     xref.obj
 0004:00001a94       $pdata$_wrap_casevec_t_find 0000000180029a94     xref.obj
 0004:00001aa0       $pdata$_wrap_casevec_t_has 0000000180029aa0     xref.obj
 0004:00001aac       $pdata$_wrap_casevec_t_has$catch$5 0000000180029aac     xref.obj
 0004:00001ab8       $pdata$_wrap_casevec_t_has$catch$4 0000000180029ab8     xref.obj
 0004:00001ac4       $pdata$_wrap_casevec_t_has$catch$3 0000000180029ac4     xref.obj
 0004:00001ad0       $pdata$_wrap_casevec_t_has$catch$2 0000000180029ad0     xref.obj
 0004:00001adc       $pdata$_wrap_casevec_t_has$catch$1 0000000180029adc     xref.obj
 0004:00001ae8       $pdata$_wrap_casevec_t_has$catch$0 0000000180029ae8     xref.obj
 0004:00001af4       $pdata$_wrap_casevec_t_add_unique 0000000180029af4     xref.obj
 0004:00001b00       $pdata$_wrap_casevec_t_add_unique$catch$5 0000000180029b00     xref.obj
 0004:00001b0c       $pdata$_wrap_casevec_t_add_unique$catch$4 0000000180029b0c     xref.obj
 0004:00001b18       $pdata$_wrap_casevec_t_add_unique$catch$3 0000000180029b18     xref.obj
 0004:00001b24       $pdata$_wrap_casevec_t_add_unique$catch$2 0000000180029b24     xref.obj
 0004:00001b30       $pdata$_wrap_casevec_t_add_unique$catch$1 0000000180029b30     xref.obj
 0004:00001b3c       $pdata$_wrap_casevec_t_add_unique$catch$0 0000000180029b3c     xref.obj
 0004:00001b48       $pdata$_wrap_casevec_t__del 0000000180029b48     xref.obj
 0004:00001b54       $pdata$_wrap_casevec_t__del$catch$5 0000000180029b54     xref.obj
 0004:00001b60       $pdata$_wrap_casevec_t__del$catch$4 0000000180029b60     xref.obj
 0004:00001b6c       $pdata$_wrap_casevec_t__del$catch$3 0000000180029b6c     xref.obj
 0004:00001b78       $pdata$_wrap_casevec_t__del$catch$2 0000000180029b78     xref.obj
 0004:00001b84       $pdata$_wrap_casevec_t__del$catch$1 0000000180029b84     xref.obj
 0004:00001b90       $pdata$_wrap_casevec_t__del$catch$0 0000000180029b90     xref.obj
 0004:00001b9c       $pdata$_wrap_casevec_t___len__ 0000000180029b9c     xref.obj
 0004:00001ba8       $pdata$_wrap_casevec_t___len__$catch$5 0000000180029ba8     xref.obj
 0004:00001bb4       $pdata$_wrap_casevec_t___len__$catch$4 0000000180029bb4     xref.obj
 0004:00001bc0       $pdata$_wrap_casevec_t___len__$catch$3 0000000180029bc0     xref.obj
 0004:00001bcc       $pdata$_wrap_casevec_t___len__$catch$2 0000000180029bcc     xref.obj
 0004:00001bd8       $pdata$_wrap_casevec_t___len__$catch$1 0000000180029bd8     xref.obj
 0004:00001be4       $pdata$_wrap_casevec_t___len__$catch$0 0000000180029be4     xref.obj
 0004:00001bf0       $pdata$_wrap_casevec_t___getitem__ 0000000180029bf0     xref.obj
 0004:00001bfc       $pdata$_wrap_casevec_t___getitem__$catch$0 0000000180029bfc     xref.obj
 0004:00001c08       $pdata$_wrap_casevec_t___getitem__$catch$1 0000000180029c08     xref.obj
 0004:00001c14       $pdata$_wrap_casevec_t___getitem__$catch$2 0000000180029c14     xref.obj
 0004:00001c20       $pdata$_wrap_casevec_t___getitem__$catch$3 0000000180029c20     xref.obj
 0004:00001c2c       $pdata$_wrap_casevec_t___getitem__$catch$4 0000000180029c2c     xref.obj
 0004:00001c38       $pdata$_wrap_casevec_t___getitem__$catch$5 0000000180029c38     xref.obj
 0004:00001c44       $pdata$_wrap_casevec_t___setitem__ 0000000180029c44     xref.obj
 0004:00001c50       $pdata$_wrap_casevec_t___setitem__$catch$0 0000000180029c50     xref.obj
 0004:00001c5c       $pdata$_wrap_casevec_t___setitem__$catch$1 0000000180029c5c     xref.obj
 0004:00001c68       $pdata$_wrap_casevec_t___setitem__$catch$2 0000000180029c68     xref.obj
 0004:00001c74       $pdata$_wrap_casevec_t___setitem__$catch$3 0000000180029c74     xref.obj
 0004:00001c80       $pdata$_wrap_casevec_t___setitem__$catch$4 0000000180029c80     xref.obj
 0004:00001c8c       $pdata$_wrap_casevec_t___setitem__$catch$5 0000000180029c8c     xref.obj
 0004:00001c98       $pdata$casevec_t_swigregister 0000000180029c98     xref.obj
 0004:00001ca4       $pdata$SWIG_InitializeModule 0000000180029ca4     xref.obj
 0004:00001cb0       $pdata$1$SWIG_InitializeModule 0000000180029cb0     xref.obj
 0004:00001cbc       $pdata$4$SWIG_InitializeModule 0000000180029cbc     xref.obj
 0004:00001cc8       $pdata$5$SWIG_InitializeModule 0000000180029cc8     xref.obj
 0004:00001cd4       $pdata$6$SWIG_InitializeModule 0000000180029cd4     xref.obj
 0004:00001ce0       $pdata$SWIG_Python_FixMethods 0000000180029ce0     xref.obj
 0004:00001cec       $pdata$4$SWIG_Python_FixMethods 0000000180029cec     xref.obj
 0004:00001cf8       $pdata$5$SWIG_Python_FixMethods 0000000180029cf8     xref.obj
 0004:00001d04       $pdata$PyInit__ida_xref    0000000180029d04     xref.obj
 0004:00001d10       $pdata$1$PyInit__ida_xref  0000000180029d10     xref.obj
 0004:00001d1c       $pdata$2$PyInit__ida_xref  0000000180029d1c     xref.obj
 0004:00001d28       $pdata$3$PyInit__ida_xref  0000000180029d28     xref.obj
 0004:00001d34       $pdata$4$PyInit__ida_xref  0000000180029d34     xref.obj
 0004:00001d40       $pdata$??2@YAPEAX_K@Z      0000000180029d40     MSVCRT:new_scalar.obj
 0004:00001d4c       $pdata$_Init_thread_header 0000000180029d4c     MSVCRT:thread_safe_statics.obj
 0004:00001d58       $pdata$_Init_thread_footer 0000000180029d58     MSVCRT:thread_safe_statics.obj
 0004:00001d64       $pdata$_Init_thread_wait   0000000180029d64     MSVCRT:thread_safe_statics.obj
 0004:00001d70       $pdata$_Init_thread_notify 0000000180029d70     MSVCRT:thread_safe_statics.obj
 0004:00001d7c       $pdata$?__scrt_uninitialize_thread_safe_statics@@YAXXZ 0000000180029d7c     MSVCRT:thread_safe_statics.obj
 0004:00001d88       $pdata$?__scrt_initialize_thread_safe_statics@@YAHXZ 0000000180029d88     MSVCRT:thread_safe_statics.obj
 0004:00001d94       $pdata$__GSHandlerCheckCommon 0000000180029d94     MSVCRT:gshandler.obj
 0004:00001da0       $pdata$__GSHandlerCheck    0000000180029da0     MSVCRT:gshandler.obj
 0004:00001dac       $pdata$__GSHandlerCheck_EH 0000000180029dac     MSVCRT:gshandlereh.obj
 0004:00001dc4       $pdata$??_Gtype_info@@UEAAPEAXI@Z 0000000180029dc4     MSVCRT:std_type_info_static.obj
 0004:00001dd0       $pdata$?dllmain_crt_process_attach@@YAHQEAUHINSTANCE__@@QEAX@Z 0000000180029dd0     MSVCRT:dll_dllmain.obj
 0004:00001ddc       $pdata$?fin$0@?0??dllmain_crt_process_attach@@YAHQEAUHINSTANCE__@@QEAX@Z@4HA 0000000180029ddc     MSVCRT:dll_dllmain.obj
 0004:00001de8       $pdata$?dllmain_crt_process_detach@@YAH_N@Z 0000000180029de8     MSVCRT:dll_dllmain.obj
 0004:00001df4       $pdata$?fin$0@?0??dllmain_crt_process_detach@@YAH_N@Z@4HA 0000000180029df4     MSVCRT:dll_dllmain.obj
 0004:00001e00       $pdata$?dllmain_crt_dispatch@@YAHQEAUHINSTANCE__@@KQEAX@Z 0000000180029e00     MSVCRT:dll_dllmain.obj
 0004:00001e0c       $pdata$?dllmain_dispatch@@YAHQEAUHINSTANCE__@@KQEAX@Z 0000000180029e0c     MSVCRT:dll_dllmain.obj
 0004:00001e18       $pdata$?filt$0@?0??dllmain_dispatch@@YAHQEAUHINSTANCE__@@KQEAX@Z@4HA 0000000180029e18     MSVCRT:dll_dllmain.obj
 0004:00001e24       $pdata$_DllMainCRTStartup  0000000180029e24     MSVCRT:dll_dllmain.obj
 0004:00001e30       $pdata$??0bad_alloc@std@@QEAA@AEBV01@@Z 0000000180029e30     MSVCRT:throw_bad_alloc.obj
 0004:00001e3c       $pdata$??0bad_array_new_length@std@@QEAA@AEBV01@@Z 0000000180029e3c     MSVCRT:throw_bad_alloc.obj
 0004:00001e48       $pdata$?__scrt_throw_std_bad_alloc@@YAXXZ 0000000180029e48     MSVCRT:throw_bad_alloc.obj
 0004:00001e54       $pdata$?__scrt_throw_std_bad_array_new_length@@YAXXZ 0000000180029e54     MSVCRT:throw_bad_alloc.obj
 0004:00001e60       $pdata$atexit              0000000180029e60     MSVCRT:utility.obj
 0004:00001e6c       $pdata$_onexit             0000000180029e6c     MSVCRT:utility.obj
 0004:00001e78       $pdata$__scrt_is_nonwritable_in_current_image 0000000180029e78     MSVCRT:utility.obj
 0004:00001e84       $pdata$__scrt_is_nonwritable_in_current_image$filt$0 0000000180029e84     MSVCRT:utility.obj
 0004:00001e90       $pdata$__scrt_acquire_startup_lock 0000000180029e90     MSVCRT:utility.obj
 0004:00001e9c       $pdata$__scrt_release_startup_lock 0000000180029e9c     MSVCRT:utility.obj
 0004:00001ea8       $pdata$__scrt_initialize_crt 0000000180029ea8     MSVCRT:utility.obj
 0004:00001eb4       $pdata$__scrt_uninitialize_crt 0000000180029eb4     MSVCRT:utility.obj
 0004:00001ec0       $pdata$__scrt_initialize_onexit_tables 0000000180029ec0     MSVCRT:utility.obj
 0004:00001ecc       $pdata$__scrt_dllmain_exception_filter 0000000180029ecc     MSVCRT:utility.obj
 0004:00001ed8       $pdata$__scrt_dllmain_before_initialize_c 0000000180029ed8     MSVCRT:utility.obj
 0004:00001ee4       $pdata$__scrt_dllmain_after_initialize_c 0000000180029ee4     MSVCRT:utility.obj
 0004:00001ef0       $pdata$__scrt_dllmain_uninitialize_c 0000000180029ef0     MSVCRT:utility.obj
 0004:00001efc       $pdata$__scrt_dllmain_uninitialize_critical 0000000180029efc     MSVCRT:utility.obj
 0004:00001f08       $pdata$__scrt_dllmain_crt_thread_attach 0000000180029f08     MSVCRT:utility.obj
 0004:00001f14       $pdata$__scrt_dllmain_crt_thread_detach 0000000180029f14     MSVCRT:utility.obj
 0004:00001f20       $pdata$__scrt_fastfail     0000000180029f20     MSVCRT:utility_desktop.obj
 0004:00001f2c       $pdata$__report_gsfailure  0000000180029f2c     MSVCRT:gs_report.obj
 0004:00001f38       $pdata$capture_previous_context 0000000180029f38     MSVCRT:gs_report.obj
 0004:00001f44       $pdata$__raise_securityfailure 0000000180029f44     MSVCRT:gs_report.obj
 0004:00001f50       $pdata$__security_init_cookie 0000000180029f50     MSVCRT:gs_support.obj
 0004:00001f5c       $pdata$DllMain             0000000180029f5c     MSVCRT:dll_dllmain_stub.obj
 0004:00001f68       $pdata$__scrt_initialize_default_local_stdio_options 0000000180029f68     MSVCRT:default_local_stdio_options.obj
 0004:00001f74       $pdata$_RTC_Initialize     0000000180029f74     MSVCRT:initsect.obj
 0004:00001f80       $pdata$_RTC_Terminate      0000000180029f80     MSVCRT:initsect.obj
 0004:00001f8c       $pdata$__isa_available_init 0000000180029f8c     MSVCRT:cpu_disp.obj
