 _ida_lines

 Timestamp is 5e3da09d (Fri Feb  7 17:38:37 2020)

 Preferred load address is 0000000180000000

 Start         Length     Name                   Class
 0001:00000000 0000a430H .text$mn                CODE
 0001:0000a430 00000020H .text$mn$00             CODE
 0001:0000a450 00001e43H .text$x                 CODE
 0002:00000000 00000580H .idata$5                DATA
 0002:00000580 00000010H .00cfg                  DATA
 0002:00000590 00000008H .CRT$XCA                DATA
 0002:00000598 00000008H .CRT$XCZ                DATA
 0002:000005a0 00000008H .CRT$XIA                DATA
 0002:000005a8 00000008H .CRT$XIC                DATA
 0002:000005b0 00000008H .CRT$XIZ                DATA
 0002:000005b8 00000008H .CRT$XLA                DATA
 0002:000005c0 00000008H .CRT$XLZ                DATA
 0002:000005c8 00000008H .CRT$XPA                DATA
 0002:000005d0 00000008H .CRT$XPZ                DATA
 0002:000005d8 00000008H .CRT$XTA                DATA
 0002:000005e0 00000010H .CRT$XTZ                DATA
 0002:000005e8 00000000H .gfids$y                DATA
 0002:000005f0 00004d20H .rdata                  DATA
 0002:00005310 00000028H .rdata$T                DATA
 0002:00005338 000001f4H .rdata$r                DATA
 0002:0000552c 00000314H .rdata$zzzdbg           DATA
 0002:00005840 00000008H .rtc$IAA                DATA
 0002:00005848 00000008H .rtc$IZZ                DATA
 0002:00005850 00000008H .rtc$TAA                DATA
 0002:00005858 00000008H .rtc$TZZ                DATA
 0002:00005860 00000004H .tls                    DATA
 0002:00005864 00000004H .tls$                   DATA
 0002:00005868 00000008H .tls$ZZZ                DATA
 0002:00005870 00001d28H .xdata                  DATA
 0002:00007598 000000f8H .xdata$x                DATA
 0002:00007690 00000054H .edata                  DATA
 0002:000076e4 000000b4H .idata$2                DATA
 0002:00007798 00000018H .idata$3                DATA
 0002:000077b0 00000580H .idata$4                DATA
 0002:00007d30 00000dc2H .idata$6                DATA
 0003:00000000 00002978H .data                   DATA
 0003:00002978 00000128H .data$r                 DATA
 0003:00002aa0 00000928H .bss                    DATA
 0004:00000000 00001278H .pdata                  DATA

  Address         Publics by Value              Rva+Base               Lib:Object

 0000:00000000       __hybrid_code_map_count    0000000000000000     <absolute>
 0000:00000000       __guard_iat_count          0000000000000000     <absolute>
 0000:00000000       __hybrid_code_map          0000000000000000     <absolute>
 0000:00000000       __guard_longjmp_count      0000000000000000     <absolute>
 0000:00000000       __enclave_config           0000000000000000     <absolute>
 0000:00000000       __dynamic_value_reloc_table 0000000000000000     <absolute>
 0000:00000000       __guard_iat_table          0000000000000000     <absolute>
 0000:00000000       __volatile_metadata        0000000000000000     <absolute>
 0000:00000000       __guard_fids_count         0000000000000000     <absolute>
 0000:00000000       ___safe_se_handler_table   0000000000000000     <absolute>
 0000:00000000       ___safe_se_handler_count   0000000000000000     <absolute>
 0000:00000000       __guard_fids_table         0000000000000000     <absolute>
 0000:00000000       __guard_longjmp_table      0000000000000000     <absolute>
 0000:00000000       __hybrid_auxiliary_iat     0000000000000000     <absolute>
 0000:00000100       __guard_flags              0000000000000100     <absolute>
 0000:00000000       __ImageBase                0000000180000000     <linker-defined>
 0001:00003360       ??1?$_qstring@D@@QEAA@XZ   0000000180004360 f i lines.obj
 0001:00003730       ?add_extra_cmt@@YA_NI_NPEBDZZ 0000000180004730 f i lines.obj
 0001:00003760       ?add_extra_line@@YA_NI_NPEBDZZ 0000000180004760 f i lines.obj
 0001:00003790       ?add_pgm_cmt@@YA_NPEBDZZ   0000000180004790 f i lines.obj
 0001:000037d0       ?py_generate_disassembly@@YAPEAU_object@@IH_N0@Z 00000001800047d0 f   lines.obj
 0001:00003b20       ?sprnt@?$_qstring@D@@QEAAAEAV1@PEBDZZ 0000000180004b20 f i lines.obj
 0001:00003be0       PyInit__ida_lines          0000000180004be0 f   lines.obj
 0001:00008860       __local_stdio_printf_options 0000000180009860 f i lines.obj
 0001:00008c20       printf                     0000000180009c20 f i lines.obj
 0001:00008f23       interr                     0000000180009f23 f   ida:ida.dll
 0001:00008f29       qfree                      0000000180009f29 f   ida:ida.dll
 0001:00008f2f       qvsnprintf                 0000000180009f2f f   ida:ida.dll
 0001:00008f35       qvector_reserve            0000000180009f35 f   ida:ida.dll
 0001:00008f3b       is_main_thread             0000000180009f3b f   ida:ida.dll
 0001:00008f41       tag_addr                   0000000180009f41 f   ida:ida.dll
 0001:00008f47       tag_advance                0000000180009f47 f   ida:ida.dll
 0001:00008f4d       tag_skipcodes              0000000180009f4d f   ida:ida.dll
 0001:00008f53       tag_skipcode               0000000180009f53 f   ida:ida.dll
 0001:00008f59       tag_strlen                 0000000180009f59 f   ida:ida.dll
 0001:00008f5f       tag_remove                 0000000180009f5f f   ida:ida.dll
 0001:00008f65       calc_prefix_color          0000000180009f65 f   ida:ida.dll
 0001:00008f6b       calc_bg_color              0000000180009f6b f   ida:ida.dll
 0001:00008f71       add_sourcefile             0000000180009f71 f   ida:ida.dll
 0001:00008f77       get_sourcefile             0000000180009f77 f   ida:ida.dll
 0001:00008f7d       del_sourcefile             0000000180009f7d f   ida:ida.dll
 0001:00008f83       set_user_defined_prefix    0000000180009f83 f   ida:ida.dll
 0001:00008f89       vadd_extra_line            0000000180009f89 f   ida:ida.dll
 0001:00008f8f       generate_disassembly       0000000180009f8f f   ida:ida.dll
 0001:00008f95       generate_disasm_line       0000000180009f95 f   ida:ida.dll
 0001:00008f9b       get_first_free_extra_cmtidx 0000000180009f9b f   ida:ida.dll
 0001:00008fa1       update_extra_cmt           0000000180009fa1 f   ida:ida.dll
 0001:00008fa7       del_extra_cmt              0000000180009fa7 f   ida:ida.dll
 0001:00008fad       get_extra_cmt              0000000180009fad f   ida:ida.dll
 0001:00008fb3       delete_extra_cmts          0000000180009fb3 f   ida:ida.dll
 0001:00008fb9       create_encoding_helper     0000000180009fb9 f   ida:ida.dll
 0001:00008fbf       PyW_GetNumber              0000000180009fbf f   python:python.dll
 0001:00008fc5       PyW_ShowCbErr              0000000180009fc5 f   python:python.dll
 0001:00008fcc       ??2@YAPEAX_K@Z             0000000180009fcc f   MSVCRT:new_scalar.obj
 0001:00009008       ??3@YAXPEAX_K@Z            000000018000a008 f   MSVCRT:delete_scalar_size.obj
 0001:00009008       ??_V@YAXPEAX@Z             000000018000a008 f   MSVCRT:delete_array.obj
 0001:00009010       ??_U@YAPEAX_K@Z            000000018000a010 f   MSVCRT:new_array.obj
 0001:000091a0       _Init_thread_footer        000000018000a1a0 f   MSVCRT:thread_safe_statics.obj
 0001:00009200       _Init_thread_header        000000018000a200 f   MSVCRT:thread_safe_statics.obj
 0001:00009268       _Init_thread_notify        000000018000a268 f   MSVCRT:thread_safe_statics.obj
 0001:000092b8       _Init_thread_wait          000000018000a2b8 f   MSVCRT:thread_safe_statics.obj
 0001:00009330       __GSHandlerCheck           000000018000a330 f   MSVCRT:gshandler.obj
 0001:00009350       __GSHandlerCheckCommon     000000018000a350 f   MSVCRT:gshandler.obj
 0001:000093ac       __GSHandlerCheck_EH        000000018000a3ac f   MSVCRT:gshandlereh.obj
 0001:00009440       __security_check_cookie    000000018000a440 f   MSVCRT:amdsecgs.obj
 0001:00009464       ??_Gtype_info@@UEAAPEAXI@Z 000000018000a464 f i MSVCRT:std_type_info_static.obj
 0001:00009464       ??_Etype_info@@UEAAPEAXI@Z 000000018000a464 f i MSVCRT:std_type_info_static.obj
 0001:000097c0       _DllMainCRTStartup         000000018000a7c0 f   MSVCRT:dll_dllmain.obj
 0001:00009800       ??0bad_alloc@std@@QEAA@AEBV01@@Z 000000018000a800 f i MSVCRT:throw_bad_alloc.obj
 0001:00009840       ??0bad_alloc@std@@QEAA@XZ  000000018000a840 f i MSVCRT:throw_bad_alloc.obj
 0001:00009860       ??0bad_array_new_length@std@@QEAA@AEBV01@@Z 000000018000a860 f i MSVCRT:throw_bad_alloc.obj
 0001:000098a0       ??0bad_array_new_length@std@@QEAA@XZ 000000018000a8a0 f i MSVCRT:throw_bad_alloc.obj
 0001:000098c0       ??0exception@std@@QEAA@AEBV01@@Z 000000018000a8c0 f i MSVCRT:throw_bad_alloc.obj
 0001:000098f8       ??1bad_alloc@std@@UEAA@XZ  000000018000a8f8 f i MSVCRT:throw_bad_alloc.obj
 0001:000098f8       ??1bad_array_new_length@std@@UEAA@XZ 000000018000a8f8 f i MSVCRT:throw_bad_alloc.obj
 0001:0000990c       ??_Eexception@std@@UEAAPEAXI@Z 000000018000a90c f i MSVCRT:throw_bad_alloc.obj
 0001:0000990c       ??_Ebad_alloc@std@@UEAAPEAXI@Z 000000018000a90c f i MSVCRT:throw_bad_alloc.obj
 0001:0000990c       ??_Gbad_alloc@std@@UEAAPEAXI@Z 000000018000a90c f i MSVCRT:throw_bad_alloc.obj
 0001:0000990c       ??_Gexception@std@@UEAAPEAXI@Z 000000018000a90c f i MSVCRT:throw_bad_alloc.obj
 0001:0000990c       ??_Ebad_array_new_length@std@@UEAAPEAXI@Z 000000018000a90c f i MSVCRT:throw_bad_alloc.obj
 0001:0000990c       ??_Gbad_array_new_length@std@@UEAAPEAXI@Z 000000018000a90c f i MSVCRT:throw_bad_alloc.obj
 0001:00009950       ?__scrt_throw_std_bad_alloc@@YAXXZ 000000018000a950 f   MSVCRT:throw_bad_alloc.obj
 0001:00009970       ?__scrt_throw_std_bad_array_new_length@@YAXXZ 000000018000a970 f   MSVCRT:throw_bad_alloc.obj
 0001:00009990       ?what@exception@std@@UEBAPEBDXZ 000000018000a990 f i MSVCRT:throw_bad_alloc.obj
 0001:000099a4       ??3@YAXPEAX@Z              000000018000a9a4 f   MSVCRT:delete_scalar.obj
 0001:000099ac       __scrt_acquire_startup_lock 000000018000a9ac f   MSVCRT:utility.obj
 0001:000099e8       __scrt_dllmain_after_initialize_c 000000018000a9e8 f   MSVCRT:utility.obj
 0001:00009a1c       __scrt_dllmain_before_initialize_c 000000018000aa1c f   MSVCRT:utility.obj
 0001:00009a34       __scrt_dllmain_crt_thread_attach 000000018000aa34 f   MSVCRT:utility.obj
 0001:00009a5c       __scrt_dllmain_crt_thread_detach 000000018000aa5c f   MSVCRT:utility.obj
 0001:00009a74       __scrt_dllmain_exception_filter 000000018000aa74 f   MSVCRT:utility.obj
 0001:00009ad4       __scrt_dllmain_uninitialize_c 000000018000aad4 f   MSVCRT:utility.obj
 0001:00009b04       __scrt_dllmain_uninitialize_critical 000000018000ab04 f   MSVCRT:utility.obj
 0001:00009b18       __scrt_initialize_crt      000000018000ab18 f   MSVCRT:utility.obj
 0001:00009b64       __scrt_initialize_onexit_tables 000000018000ab64 f   MSVCRT:utility.obj
 0001:00009c3c       __scrt_is_nonwritable_in_current_image 000000018000ac3c f   MSVCRT:utility.obj
 0001:00009cd8       __scrt_release_startup_lock 000000018000acd8 f   MSVCRT:utility.obj
 0001:00009cfc       __scrt_uninitialize_crt    000000018000acfc f   MSVCRT:utility.obj
 0001:00009d28       _onexit                    000000018000ad28 f   MSVCRT:utility.obj
 0001:00009d78       atexit                     000000018000ad78 f   MSVCRT:utility.obj
 0001:00009d90       __crt_debugger_hook        000000018000ad90 f   MSVCRT:utility_desktop.obj
 0001:00009d98       __scrt_fastfail            000000018000ad98 f   MSVCRT:utility_desktop.obj
 0001:00009ee4       _guard_check_icall_nop     000000018000aee4 f i MSVCRT:guard_support.obj
 0001:00009ee8       __raise_securityfailure    000000018000aee8 f   MSVCRT:gs_report.obj
 0001:00009f1c       __report_gsfailure         000000018000af1c f   MSVCRT:gs_report.obj
 0001:0000a064       __security_init_cookie     000000018000b064 f   MSVCRT:gs_support.obj
 0001:0000a110       DllMain                    000000018000b110 f   MSVCRT:dll_dllmain_stub.obj
 0001:0000a134       ?__scrt_initialize_type_info@@YAXXZ 000000018000b134 f   MSVCRT:tncleanup.obj
 0001:0000a144       ?__scrt_uninitialize_type_info@@YAXXZ 000000018000b144 f   MSVCRT:tncleanup.obj
 0001:0000a150       __local_stdio_scanf_options 000000018000b150 f i MSVCRT:default_local_stdio_options.obj
 0001:0000a158       __scrt_initialize_default_local_stdio_options 000000018000b158 f   MSVCRT:default_local_stdio_options.obj
 0001:0000a174       __scrt_get_dyn_tls_init_callback 000000018000b174 f   MSVCRT:dyn_tls_init.obj
 0001:0000a17c       _RTC_Initialize            000000018000b17c f   MSVCRT:initsect.obj
 0001:0000a1b8       _RTC_Terminate             000000018000b1b8 f   MSVCRT:initsect.obj
 0001:0000a1f4       __isa_available_init       000000018000b1f4 f   MSVCRT:cpu_disp.obj
 0001:0000a370       _get_startup_argv_mode     000000018000b370 f   MSVCRT:argv_mode.obj
 0001:0000a378       __scrt_is_ucrt_dll_in_use  000000018000b378 f   MSVCRT:ucrt_detection.obj
 0001:0000a390       IsProcessorFeaturePresent  000000018000b390 f   kernel32:KERNEL32.dll
 0001:0000a396       strstr                     000000018000b396 f   vcruntime:VCRUNTIME140.dll
 0001:0000a39c       __CxxFrameHandler3         000000018000b39c f   vcruntime:VCRUNTIME140.dll
 0001:0000a3a2       memcpy                     000000018000b3a2 f   vcruntime:VCRUNTIME140.dll
 0001:0000a3a8       memmove                    000000018000b3a8 f   vcruntime:VCRUNTIME140.dll
 0001:0000a3ae       memset                     000000018000b3ae f   vcruntime:VCRUNTIME140.dll
 0001:0000a3b4       __std_terminate            000000018000b3b4 f   vcruntime:VCRUNTIME140.dll
 0001:0000a3ba       __C_specific_handler       000000018000b3ba f   vcruntime:VCRUNTIME140.dll
 0001:0000a3c0       __std_exception_copy       000000018000b3c0 f   vcruntime:VCRUNTIME140.dll
 0001:0000a3c6       __std_exception_destroy    000000018000b3c6 f   vcruntime:VCRUNTIME140.dll
 0001:0000a3cc       _CxxThrowException         000000018000b3cc f   vcruntime:VCRUNTIME140.dll
 0001:0000a3d2       __std_type_info_destroy_list 000000018000b3d2 f   vcruntime:VCRUNTIME140.dll
 0001:0000a3d8       free                       000000018000b3d8 f   ucrt:api-ms-win-crt-heap-l1-1-0.dll
 0001:0000a3de       malloc                     000000018000b3de f   ucrt:api-ms-win-crt-heap-l1-1-0.dll
 0001:0000a3e4       _callnewh                  000000018000b3e4 f   ucrt:api-ms-win-crt-heap-l1-1-0.dll
 0001:0000a3ea       _initterm                  000000018000b3ea f   ucrt:api-ms-win-crt-runtime-l1-1-0.dll
 0001:0000a3f0       _initterm_e                000000018000b3f0 f   ucrt:api-ms-win-crt-runtime-l1-1-0.dll
 0001:0000a3f6       _seh_filter_dll            000000018000b3f6 f   ucrt:api-ms-win-crt-runtime-l1-1-0.dll
 0001:0000a3fc       _configure_narrow_argv     000000018000b3fc f   ucrt:api-ms-win-crt-runtime-l1-1-0.dll
 0001:0000a402       _initialize_narrow_environment 000000018000b402 f   ucrt:api-ms-win-crt-runtime-l1-1-0.dll
 0001:0000a408       _initialize_onexit_table   000000018000b408 f   ucrt:api-ms-win-crt-runtime-l1-1-0.dll
 0001:0000a40e       _register_onexit_function  000000018000b40e f   ucrt:api-ms-win-crt-runtime-l1-1-0.dll
 0001:0000a414       _execute_onexit_table      000000018000b414 f   ucrt:api-ms-win-crt-runtime-l1-1-0.dll
 0001:0000a41a       _crt_atexit                000000018000b41a f   ucrt:api-ms-win-crt-runtime-l1-1-0.dll
 0001:0000a420       _cexit                     000000018000b420 f   ucrt:api-ms-win-crt-runtime-l1-1-0.dll
 0001:0000a428       __vcrt_uninitialize_critical 000000018000b428 f   MSVCRT:ucrt_stubs.obj
 0001:0000a428       __scrt_stub_for_acrt_thread_attach 000000018000b428 f   MSVCRT:ucrt_stubs.obj
 0001:0000a428       __vcrt_initialize          000000018000b428 f   MSVCRT:ucrt_stubs.obj
 0001:0000a428       __vcrt_thread_attach       000000018000b428 f   MSVCRT:ucrt_stubs.obj
 0001:0000a428       __scrt_stub_for_acrt_uninitialize 000000018000b428 f   MSVCRT:ucrt_stubs.obj
 0001:0000a428       __scrt_stub_for_acrt_initialize 000000018000b428 f   MSVCRT:ucrt_stubs.obj
 0001:0000a428       __scrt_stub_for_acrt_uninitialize_critical 000000018000b428 f   MSVCRT:ucrt_stubs.obj
 0001:0000a428       __scrt_stub_for_acrt_thread_detach 000000018000b428 f   MSVCRT:ucrt_stubs.obj
 0001:0000a428       __acrt_initialize          000000018000b428 f   MSVCRT:ucrt_stubs.obj
 0001:0000a428       __acrt_uninitialize        000000018000b428 f   MSVCRT:ucrt_stubs.obj
 0001:0000a428       __vcrt_uninitialize        000000018000b428 f   MSVCRT:ucrt_stubs.obj
 0001:0000a428       __acrt_uninitialize_critical 000000018000b428 f   MSVCRT:ucrt_stubs.obj
 0001:0000a428       __vcrt_thread_detach       000000018000b428 f   MSVCRT:ucrt_stubs.obj
 0001:0000a428       __acrt_thread_attach       000000018000b428 f   MSVCRT:ucrt_stubs.obj
 0001:0000a428       __acrt_thread_detach       000000018000b428 f   MSVCRT:ucrt_stubs.obj
 0001:0000a42c       _is_c_termination_complete 000000018000b42c f   MSVCRT:ucrt_stubs.obj
 0001:0000a42c       __scrt_stub_for_is_c_termination_complete 000000018000b42c f   MSVCRT:ucrt_stubs.obj
 0001:0000a440       _guard_dispatch_icall_nop  000000018000b440 f   MSVCRT:guard_dispatch.obj
 0002:00000000       __imp_CloseHandle          000000018000e000     kernel32:KERNEL32.dll
 0002:00000008       __imp_EnterCriticalSection 000000018000e008     kernel32:KERNEL32.dll
 0002:00000010       __imp_LeaveCriticalSection 000000018000e010     kernel32:KERNEL32.dll
 0002:00000018       __imp_InitializeCriticalSectionAndSpinCount 000000018000e018     kernel32:KERNEL32.dll
 0002:00000020       __imp_DeleteCriticalSection 000000018000e020     kernel32:KERNEL32.dll
 0002:00000028       __imp_SetEvent             000000018000e028     kernel32:KERNEL32.dll
 0002:00000030       __imp_ResetEvent           000000018000e030     kernel32:KERNEL32.dll
 0002:00000038       __imp_WaitForSingleObjectEx 000000018000e038     kernel32:KERNEL32.dll
 0002:00000040       __imp_CreateEventW         000000018000e040     kernel32:KERNEL32.dll
 0002:00000048       __imp_GetModuleHandleW     000000018000e048     kernel32:KERNEL32.dll
 0002:00000050       __imp_GetProcAddress       000000018000e050     kernel32:KERNEL32.dll
 0002:00000058       __imp_RtlCaptureContext    000000018000e058     kernel32:KERNEL32.dll
 0002:00000060       __imp_RtlLookupFunctionEntry 000000018000e060     kernel32:KERNEL32.dll
 0002:00000068       __imp_RtlVirtualUnwind     000000018000e068     kernel32:KERNEL32.dll
 0002:00000070       __imp_IsDebuggerPresent    000000018000e070     kernel32:KERNEL32.dll
 0002:00000078       __imp_UnhandledExceptionFilter 000000018000e078     kernel32:KERNEL32.dll
 0002:00000080       __imp_SetUnhandledExceptionFilter 000000018000e080     kernel32:KERNEL32.dll
 0002:00000088       __imp_IsProcessorFeaturePresent 000000018000e088     kernel32:KERNEL32.dll
 0002:00000090       __imp_GetCurrentProcess    000000018000e090     kernel32:KERNEL32.dll
 0002:00000098       __imp_TerminateProcess     000000018000e098     kernel32:KERNEL32.dll
 0002:000000a0       __imp_QueryPerformanceCounter 000000018000e0a0     kernel32:KERNEL32.dll
 0002:000000a8       __imp_GetCurrentProcessId  000000018000e0a8     kernel32:KERNEL32.dll
 0002:000000b0       __imp_GetCurrentThreadId   000000018000e0b0     kernel32:KERNEL32.dll
 0002:000000b8       __imp_GetSystemTimeAsFileTime 000000018000e0b8     kernel32:KERNEL32.dll
 0002:000000c0       __imp_DisableThreadLibraryCalls 000000018000e0c0     kernel32:KERNEL32.dll
 0002:000000c8       __imp_InitializeSListHead  000000018000e0c8     kernel32:KERNEL32.dll
 0002:000000d0       \177KERNEL32_NULL_THUNK_DATA 000000018000e0d0     kernel32:KERNEL32.dll
 0002:000000d8       __imp_strstr               000000018000e0d8     vcruntime:VCRUNTIME140.dll
 0002:000000e0       __imp___CxxFrameHandler3   000000018000e0e0     vcruntime:VCRUNTIME140.dll
 0002:000000e8       __imp_memcpy               000000018000e0e8     vcruntime:VCRUNTIME140.dll
 0002:000000f0       __imp_memmove              000000018000e0f0     vcruntime:VCRUNTIME140.dll
 0002:000000f8       __imp_memset               000000018000e0f8     vcruntime:VCRUNTIME140.dll
 0002:00000100       __imp___std_terminate      000000018000e100     vcruntime:VCRUNTIME140.dll
 0002:00000108       __imp___C_specific_handler 000000018000e108     vcruntime:VCRUNTIME140.dll
 0002:00000110       __imp___std_exception_copy 000000018000e110     vcruntime:VCRUNTIME140.dll
 0002:00000118       __imp___std_exception_destroy 000000018000e118     vcruntime:VCRUNTIME140.dll
 0002:00000120       __imp__CxxThrowException   000000018000e120     vcruntime:VCRUNTIME140.dll
 0002:00000128       __imp___std_type_info_destroy_list 000000018000e128     vcruntime:VCRUNTIME140.dll
 0002:00000130       \177VCRUNTIME140_NULL_THUNK_DATA 000000018000e130     vcruntime:VCRUNTIME140.dll
 0002:00000138       __imp_free                 000000018000e138     ucrt:api-ms-win-crt-heap-l1-1-0.dll
 0002:00000140       __imp_malloc               000000018000e140     ucrt:api-ms-win-crt-heap-l1-1-0.dll
 0002:00000148       __imp__callnewh            000000018000e148     ucrt:api-ms-win-crt-heap-l1-1-0.dll
 0002:00000150       \177api-ms-win-crt-heap-l1-1-0_NULL_THUNK_DATA 000000018000e150     ucrt:api-ms-win-crt-heap-l1-1-0.dll
 0002:00000158       __imp__seh_filter_dll      000000018000e158     ucrt:api-ms-win-crt-runtime-l1-1-0.dll
 0002:00000160       __imp__configure_narrow_argv 000000018000e160     ucrt:api-ms-win-crt-runtime-l1-1-0.dll
 0002:00000168       __imp__crt_atexit          000000018000e168     ucrt:api-ms-win-crt-runtime-l1-1-0.dll
 0002:00000170       __imp__initterm_e          000000018000e170     ucrt:api-ms-win-crt-runtime-l1-1-0.dll
 0002:00000178       __imp__initterm            000000018000e178     ucrt:api-ms-win-crt-runtime-l1-1-0.dll
 0002:00000180       __imp__cexit               000000018000e180     ucrt:api-ms-win-crt-runtime-l1-1-0.dll
 0002:00000188       __imp__initialize_narrow_environment 000000018000e188     ucrt:api-ms-win-crt-runtime-l1-1-0.dll
 0002:00000190       __imp__initialize_onexit_table 000000018000e190     ucrt:api-ms-win-crt-runtime-l1-1-0.dll
 0002:00000198       __imp__register_onexit_function 000000018000e198     ucrt:api-ms-win-crt-runtime-l1-1-0.dll
 0002:000001a0       __imp__execute_onexit_table 000000018000e1a0     ucrt:api-ms-win-crt-runtime-l1-1-0.dll
 0002:000001a8       \177api-ms-win-crt-runtime-l1-1-0_NULL_THUNK_DATA 000000018000e1a8     ucrt:api-ms-win-crt-runtime-l1-1-0.dll
 0002:000001b0       __imp___stdio_common_vfprintf 000000018000e1b0     ucrt:api-ms-win-crt-stdio-l1-1-0.dll
 0002:000001b8       __imp___acrt_iob_func      000000018000e1b8     ucrt:api-ms-win-crt-stdio-l1-1-0.dll
 0002:000001c0       \177api-ms-win-crt-stdio-l1-1-0_NULL_THUNK_DATA 000000018000e1c0     ucrt:api-ms-win-crt-stdio-l1-1-0.dll
 0002:000001c8       __imp_strncmp              000000018000e1c8     ucrt:api-ms-win-crt-string-l1-1-0.dll
 0002:000001d0       \177api-ms-win-crt-string-l1-1-0_NULL_THUNK_DATA 000000018000e1d0     ucrt:api-ms-win-crt-string-l1-1-0.dll
 0002:000001d8       __imp_under_debugger       000000018000e1d8     ida:ida.dll
 0002:000001e0       __imp_create_encoding_helper 000000018000e1e0     ida:ida.dll
 0002:000001e8       __imp_delete_extra_cmts    000000018000e1e8     ida:ida.dll
 0002:000001f0       __imp_inf                  000000018000e1f0     ida:ida.dll
 0002:000001f8       __imp_del_extra_cmt        000000018000e1f8     ida:ida.dll
 0002:00000200       __imp_update_extra_cmt     000000018000e200     ida:ida.dll
 0002:00000208       __imp_get_first_free_extra_cmtidx 000000018000e208     ida:ida.dll
 0002:00000210       __imp_generate_disasm_line 000000018000e210     ida:ida.dll
 0002:00000218       __imp_generate_disassembly 000000018000e218     ida:ida.dll
 0002:00000220       __imp_vadd_extra_line      000000018000e220     ida:ida.dll
 0002:00000228       __imp_set_user_defined_prefix 000000018000e228     ida:ida.dll
 0002:00000230       __imp_del_sourcefile       000000018000e230     ida:ida.dll
 0002:00000238       __imp_get_sourcefile       000000018000e238     ida:ida.dll
 0002:00000240       __imp_add_sourcefile       000000018000e240     ida:ida.dll
 0002:00000248       __imp_calc_bg_color        000000018000e248     ida:ida.dll
 0002:00000250       __imp_calc_prefix_color    000000018000e250     ida:ida.dll
 0002:00000258       __imp_tag_remove           000000018000e258     ida:ida.dll
 0002:00000260       __imp_tag_strlen           000000018000e260     ida:ida.dll
 0002:00000268       __imp_tag_skipcode         000000018000e268     ida:ida.dll
 0002:00000270       __imp_tag_skipcodes        000000018000e270     ida:ida.dll
 0002:00000278       __imp_tag_advance          000000018000e278     ida:ida.dll
 0002:00000280       __imp_tag_addr             000000018000e280     ida:ida.dll
 0002:00000288       __imp_is_main_thread       000000018000e288     ida:ida.dll
 0002:00000290       __imp_qvector_reserve      000000018000e290     ida:ida.dll
 0002:00000298       __imp_qvsnprintf           000000018000e298     ida:ida.dll
 0002:000002a0       __imp_qfree                000000018000e2a0     ida:ida.dll
 0002:000002a8       __imp_get_extra_cmt        000000018000e2a8     ida:ida.dll
 0002:000002b0       __imp_interr               000000018000e2b0     ida:ida.dll
 0002:000002b8       \177ida_NULL_THUNK_DATA    000000018000e2b8     ida:ida.dll
 0002:000002c0       __imp_PyW_GetNumber        000000018000e2c0     python:python.dll
 0002:000002c8       __imp_PyW_ShowCbErr        000000018000e2c8     python:python.dll
 0002:000002d0       \177python_NULL_THUNK_DATA 000000018000e2d0     python:python.dll
 0002:000002d8       __imp_PyObject_CallFunctionObjArgs 000000018000e2d8     python38:python38.dll
 0002:000002e0       __imp_PyObject_IsInstance  000000018000e2e0     python38:python38.dll
 0002:000002e8       __imp_PyType_Type          000000018000e2e8     python38:python38.dll
 0002:000002f0       __imp__Py_NoneStruct       000000018000e2f0     python38:python38.dll
 0002:000002f8       __imp__Py_NotImplementedStruct 000000018000e2f8     python38:python38.dll
 0002:00000300       __imp_PyBool_Type          000000018000e300     python38:python38.dll
 0002:00000308       __imp__Py_FalseStruct      000000018000e308     python38:python38.dll
 0002:00000310       __imp__Py_TrueStruct       000000018000e310     python38:python38.dll
 0002:00000318       __imp_PyExc_AttributeError 000000018000e318     python38:python38.dll
 0002:00000320       __imp_PyObject_CallFunction 000000018000e320     python38:python38.dll
 0002:00000328       __imp_PyExc_MemoryError    000000018000e328     python38:python38.dll
 0002:00000330       __imp_PyExc_OverflowError  000000018000e330     python38:python38.dll
 0002:00000338       __imp_PyExc_RuntimeError   000000018000e338     python38:python38.dll
 0002:00000340       __imp_PyExc_SyntaxError    000000018000e340     python38:python38.dll
 0002:00000348       __imp_PyExc_SystemError    000000018000e348     python38:python38.dll
 0002:00000350       __imp_PyExc_TypeError      000000018000e350     python38:python38.dll
 0002:00000358       __imp_PyExc_ValueError     000000018000e358     python38:python38.dll
 0002:00000360       __imp_PyExc_ZeroDivisionError 000000018000e360     python38:python38.dll
 0002:00000368       __imp_PyExc_IOError        000000018000e368     python38:python38.dll
 0002:00000370       __imp_PyObject_Call        000000018000e370     python38:python38.dll
 0002:00000378       __imp_PyImport_AddModule   000000018000e378     python38:python38.dll
 0002:00000380       __imp_PyExc_IndexError     000000018000e380     python38:python38.dll
 0002:00000388       __imp_PyEval_InitThreads   000000018000e388     python38:python38.dll
 0002:00000390       __imp_PyModule_AddObject   000000018000e390     python38:python38.dll
 0002:00000398       __imp_Py_BuildValue        000000018000e398     python38:python38.dll
 0002:000003a0       __imp_PyArg_UnpackTuple    000000018000e3a0     python38:python38.dll
 0002:000003a8       __imp_PyGILState_Release   000000018000e3a8     python38:python38.dll
 0002:000003b0       __imp_PyGILState_Ensure    000000018000e3b0     python38:python38.dll
 0002:000003b8       __imp_PyErr_WriteUnraisable 000000018000e3b8     python38:python38.dll
 0002:000003c0       __imp_PyErr_Format         000000018000e3c0     python38:python38.dll
 0002:000003c8       __imp_PyErr_Restore        000000018000e3c8     python38:python38.dll
 0002:000003d0       __imp_PyErr_Fetch          000000018000e3d0     python38:python38.dll
 0002:000003d8       __imp_PyErr_Clear          000000018000e3d8     python38:python38.dll
 0002:000003e0       __imp_PyErr_Occurred       000000018000e3e0     python38:python38.dll
 0002:000003e8       __imp_PyErr_SetString      000000018000e3e8     python38:python38.dll
 0002:000003f0       __imp_PyCapsule_Import     000000018000e3f0     python38:python38.dll
 0002:000003f8       __imp_PyCapsule_GetPointer 000000018000e3f8     python38:python38.dll
 0002:00000400       __imp_PyCapsule_New        000000018000e400     python38:python38.dll
 0002:00000408       __imp_PyModule_GetDict     000000018000e408     python38:python38.dll
 0002:00000410       __imp_PyCFunction_GetFlags 000000018000e410     python38:python38.dll
 0002:00000418       __imp_PyCFunction_GetSelf  000000018000e418     python38:python38.dll
 0002:00000420       __imp_PyCFunction_GetFunction 000000018000e420     python38:python38.dll
 0002:00000428       __imp_PyDict_SetItemString 000000018000e428     python38:python38.dll
 0002:00000430       __imp_PyDict_SetItem       000000018000e430     python38:python38.dll
 0002:00000438       __imp_PyDict_GetItem       000000018000e438     python38:python38.dll
 0002:00000440       __imp_PyDict_New           000000018000e440     python38:python38.dll
 0002:00000448       __imp_PyTuple_GetSlice     000000018000e448     python38:python38.dll
 0002:00000450       __imp_PyTuple_SetItem      000000018000e450     python38:python38.dll
 0002:00000458       __imp_PyTuple_GetItem      000000018000e458     python38:python38.dll
 0002:00000460       __imp_PyTuple_Size         000000018000e460     python38:python38.dll
 0002:00000468       __imp_PyTuple_New          000000018000e468     python38:python38.dll
 0002:00000470       __imp_PyBool_FromLong      000000018000e470     python38:python38.dll
 0002:00000478       __imp_PyLong_AsUnsignedLongLong 000000018000e478     python38:python38.dll
 0002:00000480       __imp_PyLong_FromLongLong  000000018000e480     python38:python38.dll
 0002:00000488       __imp_PyLong_FromVoidPtr   000000018000e488     python38:python38.dll
 0002:00000490       __imp_PyLong_AsUnsignedLong 000000018000e490     python38:python38.dll
 0002:00000498       __imp_PyLong_AsLong        000000018000e498     python38:python38.dll
 0002:000004a0       __imp_PyLong_FromSize_t    000000018000e4a0     python38:python38.dll
 0002:000004a8       __imp_PyLong_FromLong      000000018000e4a8     python38:python38.dll
 0002:000004b0       __imp_PyUnicode_CompareWithASCIIString 000000018000e4b0     python38:python38.dll
 0002:000004b8       __imp_PyUnicode_Concat     000000018000e4b8     python38:python38.dll
 0002:000004c0       __imp_PyUnicode_AsUTF8String 000000018000e4c0     python38:python38.dll
 0002:000004c8       __imp_PyUnicode_DecodeUTF8 000000018000e4c8     python38:python38.dll
 0002:000004d0       __imp_PyUnicode_InternFromString 000000018000e4d0     python38:python38.dll
 0002:000004d8       __imp_PyUnicode_FromFormat 000000018000e4d8     python38:python38.dll
 0002:000004e0       __imp_PyUnicode_FromString 000000018000e4e0     python38:python38.dll
 0002:000004e8       __imp_PyUnicode_FromStringAndSize 000000018000e4e8     python38:python38.dll
 0002:000004f0       __imp_PyBytes_AsStringAndSize 000000018000e4f0     python38:python38.dll
 0002:000004f8       __imp_PyBytes_AsString     000000018000e4f8     python38:python38.dll
 0002:00000500       __imp__PyObject_New        000000018000e500     python38:python38.dll
 0002:00000508       __imp_PyObject_Free        000000018000e508     python38:python38.dll
 0002:00000510       __imp_Py_DecRef            000000018000e510     python38:python38.dll
 0002:00000518       __imp__Py_Dealloc          000000018000e518     python38:python38.dll
 0002:00000520       __imp_PyCallable_Check     000000018000e520     python38:python38.dll
 0002:00000528       __imp_PyObject_IsTrue      000000018000e528     python38:python38.dll
 0002:00000530       __imp_PyObject_GenericGetAttr 000000018000e530     python38:python38.dll
 0002:00000538       __imp_PyObject_SetAttr     000000018000e538     python38:python38.dll
 0002:00000540       __imp_PyObject_GetAttr     000000018000e540     python38:python38.dll
 0002:00000548       __imp_PyObject_GetAttrString 000000018000e548     python38:python38.dll
 0002:00000550       __imp_PyType_Modified      000000018000e550     python38:python38.dll
 0002:00000558       __imp_PyType_GetFlags      000000018000e558     python38:python38.dll
 0002:00000560       __imp_PyType_GetSlot       000000018000e560     python38:python38.dll
 0002:00000568       __imp_PyType_FromSpec      000000018000e568     python38:python38.dll
 0002:00000570       __imp_PyModule_Create2     000000018000e570     python38:python38.dll
 0002:00000578       \177python38_NULL_THUNK_DATA 000000018000e578     python38:python38.dll
 0002:00000580       __guard_check_icall_fptr   000000018000e580     MSVCRT:guard_support.obj
 0002:00000588       __guard_dispatch_icall_fptr 000000018000e588     MSVCRT:guard_support.obj
 0002:00000590       __xc_a                     000000018000e590     MSVCRT:initializers.obj
 0002:00000598       __xc_z                     000000018000e598     MSVCRT:initializers.obj
 0002:000005a0       __xi_a                     000000018000e5a0     MSVCRT:initializers.obj
 0002:000005b0       __xi_z                     000000018000e5b0     MSVCRT:initializers.obj
 0002:000005b8       __xl_a                     000000018000e5b8     MSVCRT:tlssup.obj
 0002:000005c0       __xl_z                     000000018000e5c0     MSVCRT:tlssup.obj
 0002:000005c8       __xp_a                     000000018000e5c8     MSVCRT:initializers.obj
 0002:000005d0       __xp_z                     000000018000e5d0     MSVCRT:initializers.obj
 0002:000005d8       __xt_a                     000000018000e5d8     MSVCRT:initializers.obj
 0002:000005e0       __xt_z                     000000018000e5e0     MSVCRT:initializers.obj
 0002:000005f0       ??_C@_03BHDOPPEK@own@      000000018000e5f0     lines.obj
 0002:000005f4       ??_C@_06EFGGFDFD@disown@   000000018000e5f4     lines.obj
 0002:00000600       ??_C@_0CC@CFIMIIPD@releases?5ownership?5of?5the?5point@ 000000018000e600     lines.obj
 0002:00000628       ??_C@_07MEFPPMEF@acquire@  000000018000e628     lines.obj
 0002:00000630       ??_C@_0CC@BAIBAPCI@acquires?5ownership?5of?5the?5point@ 000000018000e630     lines.obj
 0002:00000658       ??_C@_0CG@GKPKGEFE@returns?1sets?5ownership?5of?5the?5p@ 000000018000e658     lines.obj
 0002:00000680       ??_C@_06PCICMFGG@append@   000000018000e680     lines.obj
 0002:00000688       ??_C@_0BO@NCOOMDHM@appends?5another?5?8this?8?5object@ 000000018000e688     lines.obj
 0002:000006a8       ??_C@_04CJGEDOF@next@      000000018000e6a8     lines.obj
 0002:000006b0       ??_C@_0BP@IMIAEPNG@returns?5the?5next?5?8this?8?5object@ 000000018000e6b0     lines.obj
 0002:000006d0       ??_C@_08HJPCHLLJ@__repr__@ 000000018000e6d0     lines.obj
 0002:000006e0       ??_C@_0BO@PNCCHPAD@returns?5object?5representation@ 000000018000e6e0     lines.obj
 0002:00000700       ??_C@_07HDHHMDOH@_p_char@  000000018000e700     lines.obj
 0002:00000708       ??_C@_0BM@LEFJAFIG@bgcolors_t_prolog_color_set@ 000000018000e708     lines.obj
 0002:00000728       ??_C@_0BM@PCPMIBOG@bgcolors_t_epilog_color_set@ 000000018000e728     lines.obj
 0002:00000748       ??_C@_0BM@CKFFDDG@bgcolors_t_switch_color_set@ 000000018000e748     lines.obj
 0002:00000768       ??_C@_0P@DCEODCFB@new_bgcolors_t@ 000000018000e768     lines.obj
 0002:00000778       ??_C@_0P@DOCMDDLP@add_sourcefile@ 000000018000e778     lines.obj
 0002:00000788       ??_C@_0P@DFNOKAOB@get_sourcefile@ 000000018000e788     lines.obj
 0002:00000798       ??_C@_0P@NBCMEKMI@add_extra_line@ 000000018000e798     lines.obj
 0002:000007a8       ??_C@_0O@EFLCOOCC@add_extra_cmt@ 000000018000e7a8     lines.obj
 0002:000007b8       ??_C@_0M@GMJAMNOJ@add_pgm_cmt@ 000000018000e7b8     lines.obj
 0002:000007c8       ??_C@_0BF@OCJMCBLI@generate_disasm_line@ 000000018000e7c8     lines.obj
 0002:000007e0       ??_C@_0BM@LJFGEOJM@get_first_free_extra_cmtidx@ 000000018000e7e0     lines.obj
 0002:00000800       ??_C@_0BB@PFHKDNIL@update_extra_cmt@ 000000018000e800     lines.obj
 0002:00000818       ??_C@_0O@BKILCPDE@del_extra_cmt@ 000000018000e818     lines.obj
 0002:00000828       ??_C@_0O@GMPOJBON@get_extra_cmt@ 000000018000e828     lines.obj
 0002:00000838       ??_C@_0BC@KFOMGPIE@delete_extra_cmts@ 000000018000e838     lines.obj
 0002:00000850       ??_C@_0BH@EJINPBBH@create_encoding_helper@ 000000018000e850     lines.obj
 0002:00000868       ??_C@_0BI@JHMFALDN@set_user_defined_prefix@ 000000018000e868     lines.obj
 0002:00000880       ??_C@_0M@DPJPEJBE@tag_advance@ 000000018000e880     lines.obj
 0002:00000890       ??_C@_0BF@HPAOMFGC@generate_disassembly@ 000000018000e890     lines.obj
 0002:000008a8       ??_C@_0L@FKBBDMLM@tag_strlen@ 000000018000e8a8     lines.obj
 0002:000008b8       ??_C@_0BM@HBIOJNDG@tag_strlen?$CIline?$CJ?5?9?$DO?5ssize_t@ 000000018000e8b8     lines.obj
 0002:000008d8       ??_C@_0BC@LCDCPMOP@calc_prefix_color@ 000000018000e8d8     lines.obj
 0002:000008f0       ??_C@_0CB@NPDNDEMJ@calc_prefix_color?$CIea?$CJ?5?9?$DO?5color_@ 000000018000e8f0     lines.obj
 0002:00000918       ??_C@_0O@GGLKPIAA@calc_bg_color@ 000000018000e918     lines.obj
 0002:00000928       ??_C@_0BP@MAJDLJCH@calc_bg_color?$CIea?$CJ?5?9?$DO?5bgcolor_t@ 000000018000e928     lines.obj
 0002:00000948       ??_C@_0DA@BGAAKDBG@bgcolors_t_prolog_color_set?$CIsel@ 000000018000e948     lines.obj
 0002:00000978       ??_C@_0BM@GLCCMFEO@bgcolors_t_prolog_color_get@ 000000018000e978     lines.obj
 0002:00000998       ??_C@_0CP@JIJBPLNM@bgcolors_t_prolog_color_get?$CIsel@ 000000018000e998     lines.obj
 0002:000009c8       ??_C@_0DA@MKKICJLJ@bgcolors_t_epilog_color_set?$CIsel@ 000000018000e9c8     lines.obj
 0002:000009f8       ??_C@_0BM@CNIHEBCO@bgcolors_t_epilog_color_get@ 000000018000e9f8     lines.obj
 0002:00000a18       ??_C@_0CP@ELLANKOH@bgcolors_t_epilog_color_get?$CIsel@ 000000018000ea18     lines.obj
 0002:00000a48       ??_C@_0DA@EECOCBHI@bgcolors_t_switch_color_set?$CIsel@ 000000018000ea48     lines.obj
 0002:00000a78       ??_C@_0BM@NNNOJDPO@bgcolors_t_switch_color_get@ 000000018000ea78     lines.obj
 0002:00000a98       ??_C@_0CP@BIEAFCFG@bgcolors_t_switch_color_get?$CIsel@ 000000018000ea98     lines.obj
 0002:00000ac8       ??_C@_0BP@MOCMHKCH@new_bgcolors_t?$CI?$CJ?5?9?$DO?5bgcolors_t@ 000000018000eac8     lines.obj
 0002:00000ae8       ??_C@_0BC@IGNPGMBF@delete_bgcolors_t@ 000000018000eae8     lines.obj
 0002:00000b00       ??_C@_0BI@MNIMFHPC@delete_bgcolors_t?$CIself?$CJ@ 000000018000eb00     lines.obj
 0002:00000b18       ??_C@_0BI@INHDFGAD@bgcolors_t_swigregister@ 000000018000eb18     lines.obj
 0002:00000b30       ??_C@_0BE@GHHDIMDL@bgcolors_t_swiginit@ 000000018000eb30     lines.obj
 0002:00000b48       ??_C@_0CL@FAMOBLLN@add_sourcefile?$CIea1?0?5ea2?0?5filena@ 000000018000eb48     lines.obj
 0002:00000b78       ??_C@_0DA@LILBFBCB@get_sourcefile?$CIea?0?5bounds?$DNNone?$CJ@ 000000018000eb78     lines.obj
 0002:00000ba8       ??_C@_0P@MKKHLPCP@del_sourcefile@ 000000018000eba8     lines.obj
 0002:00000bb8       ??_C@_0BL@KOCDPBAD@del_sourcefile?$CIea?$CJ?5?9?$DO?5bool@ 000000018000ebb8     lines.obj
 0002:00000bd8       ??_C@_0CL@DPDFCGMC@add_extra_line?$CIea?0?5isprev?0?5form@ 000000018000ebd8     lines.obj
 0002:00000c08       ??_C@_0CK@GPLBAMKA@add_extra_cmt?$CIea?0?5isprev?0?5forma@ 000000018000ec08     lines.obj
 0002:00000c38       ??_C@_0BM@BMHEJJCC@add_pgm_cmt?$CIformat?$CJ?5?9?$DO?5bool@ 000000018000ec38     lines.obj
 0002:00000c58       ??_C@_0CK@MEFNDEMK@generate_disasm_line?$CIea?0?5flags?$DN@ 000000018000ec58     lines.obj
 0002:00000c88       ??_C@_0CO@MANFLKHF@get_first_free_extra_cmtidx?$CIea?0@ 000000018000ec88     lines.obj
 0002:00000cb8       ??_C@_0CA@NFOOGIFJ@update_extra_cmt?$CIea?0?5what?0?5str?$CJ@ 000000018000ecb8     lines.obj
 0002:00000cd8       ??_C@_0BI@PLADIBAM@del_extra_cmt?$CIea?0?5what?$CJ@ 000000018000ecd8     lines.obj
 0002:00000cf0       ??_C@_0CD@EENDHJCE@get_extra_cmt?$CIea?0?5what?$CJ?5?9?$DO?5ssiz@ 000000018000ecf0     lines.obj
 0002:00000d18       ??_C@_0BM@KHHEJPNJ@delete_extra_cmts?$CIea?0?5what?$CJ@ 000000018000ed18     lines.obj
 0002:00000d38       ??_C@_0DN@LEKFFOKG@create_encoding_helper?$CIencidx?$DN?9@ 000000018000ed38     lines.obj
 0002:00000d78       ??_C@_0L@DJHNINGJ@tag_remove@ 000000018000ed78     lines.obj
 0002:00000d88       ??_C@_0CH@MDBIHOLP@tag_remove?$CInonnul_instr?$CJ?5?9?$DO?5PyO@ 000000018000ed88     lines.obj
 0002:00000db0       ??_C@_0DD@LFBGJGJK@set_user_defined_prefix?$CIwidth?0?5@ 000000018000edb0     lines.obj
 0002:00000de8       ??_C@_08FJPAFHMF@tag_addr@ 000000018000ede8     lines.obj
 0002:00000df8       ??_C@_0BL@BPBONIHM@tag_addr?$CIea?$CJ?5?9?$DO?5PyObject?5?$CK@ 000000018000edf8     lines.obj
 0002:00000e18       ??_C@_0N@LDOBIAKK@tag_skipcode@ 000000018000ee18     lines.obj
 0002:00000e28       ??_C@_0BK@OJNOKPNL@tag_skipcode?$CIline?$CJ?5?9?$DO?5int@ 000000018000ee28     lines.obj
 0002:00000e48       ??_C@_0O@DCKCIBED@tag_skipcodes@ 000000018000ee48     lines.obj
 0002:00000e58       ??_C@_0BL@BNBKALME@tag_skipcodes?$CIline?$CJ?5?9?$DO?5int@ 000000018000ee58     lines.obj
 0002:00000e78       ??_C@_0BO@CEDCBECJ@tag_advance?$CIline?0?5cnt?$CJ?5?9?$DO?5int@ 000000018000ee78     lines.obj
 0002:00000ea0       ??_C@_0EE@PHALBMOE@generate_disassembly?$CIea?0?5max_li@ 000000018000eea0     lines.obj
 0002:00000ee8       ??_C@_0BE@LADBKDLC@_p__qstringT_char_t@ 000000018000eee8     lines.obj
 0002:00000f00       ??_C@_0BN@OHJFNODI@_qstring?$DM?5char?5?$DO?5?$CK?$HMqstring?5?$CK@ 000000018000ef00     lines.obj
 0002:00000f20       ??_C@_0BN@OGMFMNEO@_p__qstringT_unsigned_char_t@ 000000018000ef20     lines.obj
 0002:00000f40       ??_C@_0CE@FCOOCMMP@qtype?5?$CK?$HM_qstring?$DM?5unsigned?5char@ 000000018000ef40     lines.obj
 0002:00000f68       ??_C@_0BO@NPELMEMN@_p__qstringT_unsigned_short_t@ 000000018000ef68     lines.obj
 0002:00000f88       ??_C@_0CI@MOGIECDE@_qstring?$DM?5unsigned?5short?5?$DO?5?$CK?$HMqw@ 000000018000ef88     lines.obj
 0002:00000fb0       ??_C@_0BF@FIODJLOI@_p_action_ctx_base_t@ 000000018000efb0     lines.obj
 0002:00000fd0       ??_C@_0EE@ODNBPOJC@action_ctx_base_t?5?$CK?$HMaction_upda@ 000000018000efd0     lines.obj
 0002:00001018       ??_C@_0O@JPPJINJA@_p_bgcolors_t@ 000000018000f018     lines.obj
 0002:00001028       ??_C@_0N@GHNBGHPI@bgcolors_t?5?$CK@ 000000018000f028     lines.obj
 0002:00001038       ??_C@_0N@IODFCNBG@_p_biggest_t@ 000000018000f038     lines.obj
 0002:00001048       ??_C@_0M@LMODFOHJ@biggest_t?5?$CK@ 000000018000f048     lines.obj
 0002:00001058       ??_C@_0O@HOPHBKAL@char?5?$CK?$HMint8?5?$CK@ 000000018000f058     lines.obj
 0002:00001068       ??_C@_0BC@KJKOCNNG@_p_const_iterator@ 000000018000f068     lines.obj
 0002:00001080       ??_C@_0BB@LAJPCFIO@const_iterator?5?$CK@ 000000018000f080     lines.obj
 0002:00001098       ??_C@_0N@LOLKPFGA@_p_encoder_t@ 000000018000f098     lines.obj
 0002:000010a8       ??_C@_0M@ENIOOKGA@encoder_t?5?$CK@ 000000018000f0a8     lines.obj
 0002:000010b8       ??_C@_0CE@DHGPAIMI@_p_f_p_TWidget_int_int_p_void__@ 000000018000f0b8     lines.obj
 0002:000010e0       ??_C@_0DN@DFPOHMBA@custom_viewer_keydown_t?5?$CK?$HMbool?5@ 000000018000f0e0     lines.obj
 0002:00001120       ??_C@_0DF@PENMGFJK@_p_f_p_TWidget_int_p_view_mouse@ 000000018000f120     lines.obj
 0002:00001160       ??_C@_0FC@NPHKCCPL@void?5?$CI?$CK?$CJ?$CITWidget?5?$CK?0int?0view_mou@ 000000018000f160     lines.obj
 0002:000011b8       ??_C@_0CA@IGCEDJID@_p_f_p_TWidget_int_p_void__bool@ 000000018000f1b8     lines.obj
 0002:000011e0       ??_C@_0FC@PJNOFHGN@custom_viewer_click_t?5?$CK?$HMcustom_@ 000000018000f1e0     lines.obj
 0002:00001238       ??_C@_0CO@MIHLPJDD@_p_f_p_TWidget_p_lochist_entry_@ 000000018000f238     lines.obj
 0002:00001270       ??_C@_0EM@HBPJNBB@custom_viewer_adjust_place_t?5?$CK?$HM@ 000000018000f270     lines.obj
 0002:000012c0       ??_C@_0GM@LBGPKCPI@_p_f_p_TWidget_p_q_const__lochi@ 000000018000f2c0     lines.obj
 0002:00001330       ??_C@_0IF@FKBGALIG@void?5?$CI?$CK?$CJ?$CITWidget?5?$CK?0lochist_entr@ 000000018000f330     lines.obj
 0002:000013c0       ??_C@_0FA@DFBJAGBE@_p_f_p_TWidget_p_q_const__lochi@ 000000018000f3c0     lines.obj
 0002:00001410       ??_C@_0GI@FMPBFLEM@custom_viewer_can_navigate_t?5?$CK?$HM@ 000000018000f410     lines.obj
 0002:00001478       ??_C@_0DH@JJEDBLDE@_p_f_p_TWidget_p_q_const__place@ 000000018000f478     lines.obj
 0002:000014b0       ??_C@_0EP@PJDAMEBK@code_viewer_lines_click_t?5?$CK?$HMvoi@ 000000018000f4b0     lines.obj
 0002:00001500       ??_C@_0DE@PBNPHPNC@_p_f_p_TWidget_p_q_const__place@ 000000018000f500     lines.obj
 0002:00001540       ??_C@_0EL@JKPIBDKO@code_viewer_lines_icon_t?5?$CK?$HMint?5@ 000000018000f540     lines.obj
 0002:00001590       ??_C@_0EB@FDCGDBJI@_p_f_p_TWidget_p_q_const__place@ 000000018000f590     lines.obj
 0002:000015e0       ??_C@_0FN@GGLCMJJK@custom_viewer_get_place_xcoord_@ 000000018000f5e0     lines.obj
 0002:00001640       ??_C@_0DO@KLDLOPHE@_p_f_p_TWidget_p_q_const__place@ 000000018000f640     lines.obj
 0002:00001680       ??_C@_0FI@GOMHMLF@code_viewer_lines_linenum_t?5?$CK?$HMb@ 000000018000f680     lines.obj
 0002:000016d8       ??_C@_0BL@BMEJNHDD@_p_f_p_TWidget_p_void__int@ 000000018000f6d8     lines.obj
 0002:000016f8       ??_C@_0DB@GMPMLKDG@custom_viewer_help_t?5?$CK?$HMint?5?$CI?$CK?$CJ?$CI@ 000000018000f6f8     lines.obj
 0002:00001730       ??_C@_0BM@PAKPNBHH@_p_f_p_TWidget_p_void__void@ 000000018000f730     lines.obj
 0002:00001750       ??_C@_0GE@BLLNJKNN@custom_viewer_popup_t?5?$CK?$HMcustom_@ 000000018000f750     lines.obj
 0002:000017b8       ??_C@_0DM@PKHFKJJF@_p_f_p_chooser_multi_t_p_sizeve@ 000000018000f7b8     lines.obj
 0002:00001800       ??_C@_0FA@INGPHNGB@chooser_base_t?3?3cbres_t?5?$CI?$CK?$CJ?$CIcho@ 000000018000f800     lines.obj
 0002:00001850       ??_C@_0CN@LJCPBILN@_p_f_p_chooser_t_ssize_t__choos@ 000000018000f850     lines.obj
 0002:00001880       ??_C@_0DL@IKAMODJA@chooser_t?3?3cbret_t?5?$CI?$CK?$CJ?$CIchooser_@ 000000018000f880     lines.obj
 0002:000018c0       ??_C@_0EC@GIKOMIMG@_p_f_p_lochist_entry_t_r_q_cons@ 000000018000f8c0     lines.obj
 0002:00001910       ??_C@_0FE@OJIOMBOE@bool?5?$CI?$CK?$CJ?$CIlochist_entry_t?5?$CK?0loch@ 000000018000f910     lines.obj
 0002:00001968       ??_C@_0CC@HPECDOJE@_p_f_p_q_const__char_p_void__vo@ 000000018000f968     lines.obj
 0002:00001990       ??_C@_0DA@LKJNDOAC@void?5?$CI?$CK?$CJ?$CIchar?5const?5?$CK?0void?5?$CK?$CJ?$HMs@ 000000018000f990     lines.obj
 0002:000019c0       ??_C@_0GC@HKCHLFJ@_p_f_p_q_const__char_r_q_const_@ 000000018000f9c0     lines.obj
 0002:00001a30       ??_C@_0GE@CDAMLIPA@h2ti_type_cb?5?$CK?$HMint?5?$CI?$CK?$CJ?$CIchar?5con@ 000000018000fa30     lines.obj
 0002:00001a98       ??_C@_0CB@PLKCNJF@_p_f_p_q_const__char_v_______in@ 000000018000fa98     lines.obj
 0002:00001ac0       ??_C@_0CG@EHKOJEHN@int?5?$CI?$CK?$CJ?$CIchar?5const?5?$CK?0?4?4?4?$CJ?$HMprint@ 000000018000fac0     lines.obj
 0002:00001ae8       ??_C@_0CB@PPFKEDBB@_p_f_p_void_int_va_list__ssize_@ 000000018000fae8     lines.obj
 0002:00001b10       ??_C@_0CM@ODIKDJIA@ssize_t?5?$CI?$CK?$CJ?$CIvoid?5?$CK?0int?0va_list?$CJ@ 000000018000fb10     lines.obj
 0002:00001b40       ??_C@_0CJ@KNMLBMOG@_p_f_r_q_const__insn_t_p_int_p_@ 000000018000fb40     lines.obj
 0002:00001b70       ??_C@_0DI@CGFAFNOI@bool?5?$CI?$CK?$CJ?$CIinsn_t?5const?5?$CG?0int?5?$CK?0i@ 000000018000fb70     lines.obj
 0002:00001bb0       ??_C@_0FA@JJBGCIIH@_p_f_r_q_const__insn_t_r_q_cons@ 000000018000fbb0     lines.obj
 0002:00001c00       ??_C@_0FE@IBKJNBMI@bool?5?$CI?$CK?$CJ?$CIinsn_t?5const?5?$CG?0op_t?5co@ 000000018000fc00     lines.obj
 0002:00001c58       ??_C@_0BI@PGCOIKGG@_p_f_unsigned_int__bool@ 000000018000fc58     lines.obj
 0002:00001c70       ??_C@_0DN@OGOBIPP@bool?5?$CI?$CK?$CJ?$CIunsigned?5int?$CJ?$HMhas_dela@ 000000018000fc70     lines.obj
 0002:00001cb0       ??_C@_0DL@FFEHDPON@_p_f_unsigned_int_p_q_const__ch@ 000000018000fcb0     lines.obj
 0002:00001cf0       ??_C@_0EK@MACPDLHN@int?5?$CI?$CK?$CJ?$CIunsigned?5int?0char?5const@ 000000018000fcf0     lines.obj
 0002:00001d40       ??_C@_0BP@HNIFGGKH@_p_f_unsigned_int_p_void__bool@ 000000018000fd40     lines.obj
 0002:00001d60       ??_C@_0CI@PMEGIBIK@testf_t?5?$CK?$HMbool?5?$CI?$CK?$CJ?$CIunsigned?5int@ 000000018000fd60     lines.obj
 0002:00001d88       ??_C@_0DB@CEAPILAH@_p_f_unsigned_int_r_q_const__ti@ 000000018000fd88     lines.obj
 0002:00001dc0       ??_C@_0EH@MLDNCCKC@local_tinfo_predicate_t?5?$CK?$HMint?5?$CI@ 000000018000fdc0     lines.obj
 0002:00001e08       ??_C@_0CN@BPIIPJKN@_p_f_unsigned_int_unsigned_int_@ 000000018000fe08     lines.obj
 0002:00001e38       ??_C@_0DO@CKIBBIPB@unsigned?5int?5?$CI?$CK?$CJ?$CIunsigned?5int?0u@ 000000018000fe38     lines.obj
 0002:00001e78       ??_C@_06EJFLAOFF@_p_int@   000000018000fe78     lines.obj
 0002:00001e80       ??_C@_0IG@FDKJDHEK@adiff_t?5?$CK?$HMint?5?$CK?$HMint32?5?$CK?$HMsval_t?5@ 000000018000fe80     lines.obj
 0002:00001f08       ??_C@_0M@CFMLOKJJ@_p_iterator@ 000000018000ff08     lines.obj
 0002:00001f18       ??_C@_0L@IIMCJLIP@iterator?5?$CK@ 000000018000ff18     lines.obj
 0002:00001f28       ??_C@_0O@HDLJBJJF@_p_location_t@ 000000018000ff28     lines.obj
 0002:00001f38       ??_C@_0N@ONMECIKA@location_t?5?$CK@ 000000018000ff38     lines.obj
 0002:00001f48       ??_C@_0N@HIKGEFDH@_p_long_long@ 000000018000ff48     lines.obj
 0002:00001f58       ??_C@_0BP@FECEFBLL@int64?5?$CK?$HMlonglong?5?$CK?$HMlong?5long?5?$CK@ 000000018000ff58     lines.obj
 0002:00001f78       ??_C@_0CJ@KBPLCHCN@_p_qvectorT__qstringT_unsigned_@ 000000018000ff78     lines.obj
 0002:00001fa8       ??_C@_0DF@GOALPBDM@qvector?$DM?5_qstring?$DM?5unsigned?5sho@ 000000018000ffa8     lines.obj
 0002:00001fe0       ??_C@_0BH@EHIHPDFP@_p_qvectorT_argloc_t_t@ 000000018000ffe0     lines.obj
 0002:00001ff8       ??_C@_0CC@PMMGEEHP@qvector?$DM?5argloc_t?5?$DO?5?$CK?$HMarglocs_t@ 000000018000fff8     lines.obj
 0002:00002020       ??_C@_0BD@IFPOLGLB@_p_qvectorT_bool_t@ 0000000180010020     lines.obj
 0002:00002038       ??_C@_0BO@JEOEHDBE@boolvec_t?5?$CK?$HMqvector?$DM?5bool?5?$DO?5?$CK@ 0000000180010038     lines.obj
 0002:00002058       ??_C@_0BO@BMBALGLA@_p_qvectorT_channel_redir_t_t@ 0000000180010058     lines.obj
 0002:00002078       ??_C@_0DA@DFOFPPPA@qvector?$DM?5channel_redir_t?5?$DO?5?$CK?$HMch@ 0000000180010078     lines.obj
 0002:000020a8       ??_C@_0CA@KLOIFAIM@_p_qvectorT_compiled_binpat_t_t@ 00000001800100a8     lines.obj
 0002:000020c8       ??_C@_0DH@JJMOBCIB@compiled_binpat_vec_t?5?$CK?$HMqvector@ 00000001800100c8     lines.obj
 0002:00002100       ??_C@_0BI@HPPPANA@_p_qvectorT_funcarg_t_t@ 0000000180010100     lines.obj
 0002:00002118       ??_C@_0CG@BKJABKPP@funcargvec_t?5?$CK?$HMqvector?$DM?5funcarg@ 0000000180010118     lines.obj
 0002:00002140       ??_C@_0BC@EMAMHDDK@_p_qvectorT_int_t@ 0000000180010140     lines.obj
 0002:00002158       ??_C@_0CI@OEOLBAGE@svalvec_t?5?$CK?$HMintvec_t?5?$CK?$HMqvector?$DM@ 0000000180010158     lines.obj
 0002:00002180       ??_C@_0BG@NGNJJEPD@_p_qvectorT_range_t_t@ 0000000180010180     lines.obj
 0002:00002198       ??_C@_0CH@CMPFLCHN@rangevec_base_t?5?$CK?$HMqvector?$DM?5rang@ 0000000180010198     lines.obj
 0002:000021c0       ??_C@_0CB@DLEFICAI@_p_qvectorT_rangeset_t_const_p_@ 00000001800101c0     lines.obj
 0002:000021e8       ??_C@_0DF@CPGECBJE@rangeset_crefvec_t?5?$CK?$HMqvector?$DM?5r@ 00000001800101e8     lines.obj
 0002:00002220       ??_C@_0BJ@CBEEABAG@_p_qvectorT_rangeset_t_t@ 0000000180010220     lines.obj
 0002:00002240       ??_C@_0CN@NEPIOIFG@qvector?$DM?5rangeset_t?5?$DO?5?$CK?$HMarray_o@ 0000000180010240     lines.obj
 0002:00002270       ??_C@_0BN@HCIAELAH@_p_qvectorT_refinfo_desc_t_t@ 0000000180010270     lines.obj
 0002:00002290       ??_C@_0DB@OEPGJFJL@refinfo_desc_vec_t?5?$CK?$HMqvector?$DM?5r@ 0000000180010290     lines.obj
 0002:000022c8       ??_C@_0BK@JBDFAIAF@_p_qvectorT_simd_info_t_t@ 00000001800102c8     lines.obj
 0002:000022e8       ??_C@_0CL@IAEHADMA@simd_info_vec_t?5?$CK?$HMqvector?$DM?5simd@ 00000001800102e8     lines.obj
 0002:00002318       ??_C@_0BL@JOHIOMBL@_p_qvectorT_simpleline_t_t@ 0000000180010318     lines.obj
 0002:00002338       ??_C@_0CF@LMLHENLN@strvec_t?5?$CK?$HMqvector?$DM?5simpleline_@ 0000000180010338     lines.obj
 0002:00002360       ??_C@_0BF@JMFCGENF@_p_qvectorT_size_t_t@ 0000000180010360     lines.obj
 0002:00002378       ??_C@_0CA@PKGFIBKP@sizevec_t?5?$CK?$HMqvector?$DM?5size_t?5?$DO?5?$CK@ 0000000180010378     lines.obj
 0002:00002398       ??_C@_0BG@GHPDGOHO@_p_qvectorT_tinfo_t_t@ 0000000180010398     lines.obj
 0002:000023b0       ??_C@_0CC@CEHAEEKI@tinfovec_t?5?$CK?$HMqvector?$DM?5tinfo_t?5?$DO@ 00000001800103b0     lines.obj
 0002:000023d8       ??_C@_0BK@KGMCEJE@_p_qvectorT_type_attr_t_t@ 00000001800103d8     lines.obj
 0002:000023f8       ??_C@_0CI@PENEDOEG@type_attrs_t?5?$CK?$HMqvector?$DM?5type_at@ 00000001800103f8     lines.obj
 0002:00002420       ??_C@_0BL@MFAEBBAF@_p_qvectorT_udt_member_t_t@ 0000000180010420     lines.obj
 0002:00002440       ??_C@_0CL@HFANAPIM@udtmembervec_t?5?$CK?$HMqvector?$DM?5udt_m@ 0000000180010440     lines.obj
 0002:00002470       ??_C@_0BM@DFOCNGNJ@_p_qvectorT_unsigned_char_t@ 0000000180010470     lines.obj
 0002:00002490       ??_C@_0CH@MCODNJGI@qvector?$DM?5unsigned?5char?5?$DO?5?$CK?$HMcomp@ 0000000180010490     lines.obj
 0002:000024b8       ??_C@_0M@BEMIELHM@_p_relobj_t@ 00000001800104b8     lines.obj
 0002:000024c8       ??_C@_0N@OAHCDFLH@_p_bytevec_t@ 00000001800104c8     lines.obj
 0002:000024d8       ??_C@_0BA@KOPDLMDG@_p_reloc_info_t@ 00000001800104d8     lines.obj
 0002:000024e8       ??_C@_0BL@POPMPLM@_p_qvectorT_unsigned_int_t@ 00000001800104e8     lines.obj
 0002:00002508       ??_C@_0DL@HDEADPMO@eavec_t?5?$CK?$HMordvec_t?5?$CK?$HMuvalvec_t?5@ 0000000180010508     lines.obj
 0002:00002548       ??_C@_0L@NOIPKKEL@_p_range_t@ 0000000180010548     lines.obj
 0002:00002558       ??_C@_09HPKAOMNJ@range_t?5?$CK@ 0000000180010558     lines.obj
 0002:00002568       ??_C@_0BC@CLMFIBKG@_p_hidden_range_t@ 0000000180010568     lines.obj
 0002:00002580       ??_C@_08JGEHMJEC@_p_short@ 0000000180010580     lines.obj
 0002:00002590       ??_C@_0BA@BBDCPKKI@int16?5?$CK?$HMshort?5?$CK@ 0000000180010590     lines.obj
 0002:000025a0       ??_C@_0P@IHEJCACJ@_p_signed_char@ 00000001800105a0     lines.obj
 0002:000025b0       ??_C@_0BG@CGJIOBCI@signed?5char?5?$CK?$HMsint8?5?$CK@ 00000001800105b0     lines.obj
 0002:000025c8       ??_C@_0BB@JEMKPEPB@_p_unsigned_char@ 00000001800105c8     lines.obj
 0002:000025e0       ??_C@_0HI@NBHOBBOJ@uchar?5?$CK?$HMunsigned?5char?5?$CK?$HMcm_t?5?$CK?$HM@ 00000001800105e0     lines.obj
 0002:00002658       ??_C@_0BA@EMEBBPFL@_p_unsigned_int@ 0000000180010658     lines.obj
 0002:00002670       ??_C@_0JE@GCFOGLMK@bgcolor_t?5?$CK?$HMenum_t?5?$CK?$HMtid_t?5?$CK?$HMbm@ 0000000180010670     lines.obj
 0002:00002708       ??_C@_0BG@CGEDOPGF@_p_unsigned_long_long@ 0000000180010708     lines.obj
 0002:00002720       ??_C@_0CK@FCLCDGJM@uint64?5?$CK?$HMulonglong?5?$CK?$HMunsigned?5l@ 0000000180010720     lines.obj
 0002:00002750       ??_C@_0BC@GCHEMBCE@_p_unsigned_short@ 0000000180010750     lines.obj
 0002:00002768       ??_C@_0CP@HNCAPCKA@uint16?5?$CK?$HMunsigned?5short?5?$CK?$HMushor@ 0000000180010768     lines.obj
 0002:00002b94       ??_C@_02DKCKIIND@?$CFs@    0000000180010b94     lines.obj
 0002:00002b97       ??_C@_00CNPNBAHC@@         0000000180010b97     lines.obj
 0002:00002b98       ??_C@_09HJOCAFJB@at?5least?5@ 0000000180010b98     lines.obj
 0002:00002ba8       ??_C@_0CF@KFFOGCID@?$CFs?5expected?5?$CFs?$CFd?5arguments?0?5got@ 0000000180010ba8     lines.obj
 0002:00002bd0       ??_C@_0CL@NPJGKHAI@UnpackTuple?$CI?$CJ?5argument?5list?5is?5@ 0000000180010bd0     lines.obj
 0002:00002c00       ??_C@_0CD@DMIOPJCG@?$CFs?5expected?5?$CFs?$CFd?5arguments?0?5got@ 0000000180010c00     lines.obj
 0002:00002c28       ??_C@_08KFLHMPAE@at?5most?5@ 0000000180010c28     lines.obj
 0002:00002c38       ??_C@_07MEBHOIG@__new__@   0000000180010c38     lines.obj
 0002:00002c40       ??_C@_0BB@LPCDDCDP@__swig_destroy__@ 0000000180010c40     lines.obj
 0002:00002c58       ??_C@_07CIFAGBMG@unknown@  0000000180010c58     lines.obj
 0002:00002c60       ??_C@_0CB@HIOLGNHE@?$DMSwig?5Object?5of?5type?5?8?$CFs?8?5at?5?$CFp@ 0000000180010c60     lines.obj
 0002:00002c88       ??_C@_08BHKDPDAA@__name__@ 0000000180010c88     lines.obj
 0002:00002c98       ??_C@_0N@OEDBPMFH@SwigPyObject@ 0000000180010c98     lines.obj
 0002:00002cb0       ??_C@_0EH@KGGHIIII@swig?1python?5detected?5a?5memory?5l@ 0000000180010cb0     lines.obj
 0002:00002cf8       ??_C@_0CF@NBDOMJMA@Attempt?5to?5append?5a?5non?5SwigPyO@ 0000000180010cf8     lines.obj
 0002:00002d20       ??_C@_0BG@BEMBDPAG@?$DMSwig?5Packed?5at?5?$CFs?$CFs?$DO@ 0000000180010d20     lines.obj
 0002:00002d38       ??_C@_0BB@KEMDDLH@?$DMSwig?5Packed?5?$CFs?$DO@ 0000000180010d38     lines.obj
 0002:00002d4c       ??_C@_04HDOCAJNK@?$CFs?$CFs@ 0000000180010d4c     lines.obj
 0002:00002d58       ??_C@_0N@FALDBJHP@SwigPyPacked@ 0000000180010d58     lines.obj
 0002:00002d68       ??_C@_04IIAJELJL@this@     0000000180010d68     lines.obj
 0002:00002d70       ??_C@_0L@GCGAIEDO@swig_ptr?3?5@ 0000000180010d70     lines.obj
 0002:00002d80       ??_C@_08IBFKALI@__dict__@  0000000180010d80     lines.obj
 0002:00002d90       ??_C@_08DOBMGDEN@swiginit@ 0000000180010d90     lines.obj
 0002:00002da0       ??_C@_0CO@FOLKHJOC@swig_runtime_data4?4type_pointer@ 0000000180010da0     lines.obj
 0002:00002dd0       ??_C@_0BD@BFIMCAOH@swig_runtime_data4@ 0000000180010dd0     lines.obj
 0002:00002de8       ??_C@_0BL@LFDLKGPB@type_pointer_capsuleidaapi@ 0000000180010de8     lines.obj
 0002:00002e08       ??_C@_0BC@EOODALEL@Unknown?5exception@ 0000000180010e08     lines.obj
 0002:00002e1c       ??_C@_01CLKCMJKC@?5@       0000000180010e1c     lines.obj
 0002:00002e20       ??_C@_0BK@NPFFDHAP@Out?5of?5memory?5?$CIbad_alloc?$CJ@ 0000000180010e20     lines.obj
 0002:00002e40       ??_C@_0BCP@OKJACFO@Internal?5error?5?$CFd?5occurred?5when@ 0000000180010e40     lines.obj
 0002:00002f70       ??_C@_0DB@OCJMLGAO@Function?5can?5be?5called?5from?5the@ 0000000180010f70     lines.obj
 0002:00002fa8       ??_C@_0BA@GMJLDMKP@surrogateescape@ 0000000180010fa8     lines.obj
 0002:00002fb8       ??_C@_05FEGHJJGG@Kiisn@    0000000180010fb8     lines.obj
 0002:00002fc0       ??_C@_0BL@CKCFPAGP@py_get_user_defined_prefix@ 0000000180010fc0     lines.obj
 0002:00002fdc       ??_C@_04LBMCIBLI@?$CIiO?$CJ@ 0000000180010fdc     lines.obj
 0002:00002fe8       ??_C@_0CF@PLGONJO@Variable?5COLOR_DEFAULT?5is?5read?9@ 0000000180010fe8     lines.obj
 0002:00003010       ??_C@_0CE@NMPLKCNJ@Variable?5COLOR_REGCMT?5is?5read?9o@ 0000000180011010     lines.obj
 0002:00003038       ??_C@_0CE@KHKDGEEA@Variable?5COLOR_RPTCMT?5is?5read?9o@ 0000000180011038     lines.obj
 0002:00003060       ??_C@_0CF@BGNHOIFD@Variable?5COLOR_AUTOCMT?5is?5read?9@ 0000000180011060     lines.obj
 0002:00003088       ??_C@_0CC@MJJBAHPB@Variable?5COLOR_INSN?5is?5read?9onl@ 0000000180011088     lines.obj
 0002:000030b0       ??_C@_0CF@JODKENBA@Variable?5COLOR_DATNAME?5is?5read?9@ 00000001800110b0     lines.obj
 0002:000030d8       ??_C@_0CD@LOIDODPN@Variable?5COLOR_DNAME?5is?5read?9on@ 00000001800110d8     lines.obj
 0002:00003100       ??_C@_0CF@JELJAPHK@Variable?5COLOR_DEMNAME?5is?5read?9@ 0000000180011100     lines.obj
 0002:00003128       ??_C@_0CE@KDJOCLAK@Variable?5COLOR_SYMBOL?5is?5read?9o@ 0000000180011128     lines.obj
 0002:00003150       ??_C@_0CC@DIJAEEOM@Variable?5COLOR_CHAR?5is?5read?9onl@ 0000000180011150     lines.obj
 0002:00003178       ??_C@_0CE@GFLIBDPD@Variable?5COLOR_STRING?5is?5read?9o@ 0000000180011178     lines.obj
 0002:000031a0       ??_C@_0CE@GHBEJNDC@Variable?5COLOR_NUMBER?5is?5read?9o@ 00000001800111a0     lines.obj
 0002:000031c8       ??_C@_0CE@OMEJMGOO@Variable?5COLOR_VOIDOP?5is?5read?9o@ 00000001800111c8     lines.obj
 0002:000031f0       ??_C@_0CC@EFKIIIKN@Variable?5COLOR_CREF?5is?5read?9onl@ 00000001800111f0     lines.obj
 0002:00003218       ??_C@_0CC@PJGADOG@Variable?5COLOR_DREF?5is?5read?9onl@ 0000000180011218     lines.obj
 0002:00003240       ??_C@_0CG@HBOEGBLB@Variable?5COLOR_CREFTAIL?5is?5read@ 0000000180011240     lines.obj
 0002:00003268       ??_C@_0CG@HFNPJBP@Variable?5COLOR_DREFTAIL?5is?5read@ 0000000180011268     lines.obj
 0002:00003290       ??_C@_0CD@CDKICEIA@Variable?5COLOR_ERROR?5is?5read?9on@ 0000000180011290     lines.obj
 0002:000032b8       ??_C@_0CE@HNNJDNAD@Variable?5COLOR_PREFIX?5is?5read?9o@ 00000001800112b8     lines.obj
 0002:000032e0       ??_C@_0CF@PCCIECHH@Variable?5COLOR_BINPREF?5is?5read?9@ 00000001800112e0     lines.obj
 0002:00003308       ??_C@_0CD@JKMBDDHC@Variable?5COLOR_EXTRA?5is?5read?9on@ 0000000180011308     lines.obj
 0002:00003330       ??_C@_0CD@GDKGHLKD@Variable?5COLOR_ALTOP?5is?5read?9on@ 0000000180011330     lines.obj
 0002:00003358       ??_C@_0CF@LOOMFKED@Variable?5COLOR_HIDNAME?5is?5read?9@ 0000000180011358     lines.obj
 0002:00003380       ??_C@_0CF@GGGOFEJG@Variable?5COLOR_LIBNAME?5is?5read?9@ 0000000180011380     lines.obj
 0002:000033a8       ??_C@_0CF@PFDEGKBG@Variable?5COLOR_LOCNAME?5is?5read?9@ 00000001800113a8     lines.obj
 0002:000033d0       ??_C@_0CF@MIOKNEMF@Variable?5COLOR_CODNAME?5is?5read?9@ 00000001800113d0     lines.obj
 0002:000033f8       ??_C@_0CE@DEEGFLBN@Variable?5COLOR_ASMDIR?5is?5read?9o@ 00000001800113f8     lines.obj
 0002:00003420       ??_C@_0CD@CFBEODMA@Variable?5COLOR_MACRO?5is?5read?9on@ 0000000180011420     lines.obj
 0002:00003448       ??_C@_0CC@ECCFJFCA@Variable?5COLOR_DSTR?5is?5read?9onl@ 0000000180011448     lines.obj
 0002:00003470       ??_C@_0CD@PPGNMFJF@Variable?5COLOR_DCHAR?5is?5read?9on@ 0000000180011470     lines.obj
 0002:00003498       ??_C@_0CC@HAEGJEDE@Variable?5COLOR_DNUM?5is?5read?9onl@ 0000000180011498     lines.obj
 0002:000034c0       ??_C@_0CF@ENJPNICB@Variable?5COLOR_KEYWORD?5is?5read?9@ 00000001800114c0     lines.obj
 0002:000034e8       ??_C@_0CB@ILNHFPAM@Variable?5COLOR_REG?5is?5read?9only@ 00000001800114e8     lines.obj
 0002:00003510       ??_C@_0CF@BFBGHKEE@Variable?5COLOR_IMPNAME?5is?5read?9@ 0000000180011510     lines.obj
 0002:00003538       ??_C@_0CF@PICNLEF@Variable?5COLOR_SEGNAME?5is?5read?9@ 0000000180011538     lines.obj
 0002:00003560       ??_C@_0CF@PAKJDHLL@Variable?5COLOR_UNKNAME?5is?5read?9@ 0000000180011560     lines.obj
 0002:00003588       ??_C@_0CD@FPMHEFGO@Variable?5COLOR_CNAME?5is?5read?9on@ 0000000180011588     lines.obj
 0002:000035b0       ??_C@_0CD@DLCCHDJO@Variable?5COLOR_UNAME?5is?5read?9on@ 00000001800115b0     lines.obj
 0002:000035d8       ??_C@_0CH@PPGDFOM@Variable?5COLOR_COLLAPSED?5is?5rea@ 00000001800115d8     lines.obj
 0002:00003600       ??_C@_0CE@HONMENJN@Variable?5COLOR_FG_MAX?5is?5read?9o@ 0000000180011600     lines.obj
 0002:00003628       ??_C@_0CC@KEHDNHJL@Variable?5COLOR_ADDR?5is?5read?9onl@ 0000000180011628     lines.obj
 0002:00003650       ??_C@_0CD@JHFAIKDC@Variable?5COLOR_OPND1?5is?5read?9on@ 0000000180011650     lines.obj
 0002:00003678       ??_C@_0CD@LOJIDOMA@Variable?5COLOR_OPND2?5is?5read?9on@ 0000000180011678     lines.obj
 0002:000036a0       ??_C@_0CD@BAPAKPFB@Variable?5COLOR_OPND3?5is?5read?9on@ 00000001800116a0     lines.obj
 0002:000036c8       ??_C@_0CD@ONAJFHCE@Variable?5COLOR_OPND4?5is?5read?9on@ 00000001800116c8     lines.obj
 0002:000036f0       ??_C@_0CD@EDGBMGLF@Variable?5COLOR_OPND5?5is?5read?9on@ 00000001800116f0     lines.obj
 0002:00003718       ??_C@_0CD@GKKJHCEH@Variable?5COLOR_OPND6?5is?5read?9on@ 0000000180011718     lines.obj
 0002:00003740       ??_C@_0CD@MEMBODNG@Variable?5COLOR_OPND7?5is?5read?9on@ 0000000180011740     lines.obj
 0002:00003768       ??_C@_0CD@EKCLIEOM@Variable?5COLOR_OPND8?5is?5read?9on@ 0000000180011768     lines.obj
 0002:00003790       ??_C@_0CH@DCHMPPN@Variable?5COLOR_RESERVED1?5is?5rea@ 0000000180011790     lines.obj
 0002:000037b8       ??_C@_0CE@EGCHBFH@Variable?5COLOR_LUMINA?5is?5read?9o@ 00000001800117b8     lines.obj
 0002:000037e0       ??_C@_0DK@JJNBEGCN@in?5method?5?8tag_strlen?8?0?5argumen@ 00000001800117e0     lines.obj
 0002:00003820       ??_C@_0DJ@HMIOGBNK@in?5method?5?8calc_prefix_color?8?0?5@ 0000000180011820     lines.obj
 0002:00003860       ??_C@_0DF@MPNPGOME@in?5method?5?8calc_bg_color?8?0?5argu@ 0000000180011860     lines.obj
 0002:000038a0       ??_C@_0EL@FKIBFJPE@in?5method?5?8bgcolors_t_prolog_co@ 00000001800118a0     lines.obj
 0002:000038f0       ??_C@_0EI@DLJOMKBA@in?5method?5?8bgcolors_t_prolog_co@ 00000001800118f0     lines.obj
 0002:00003940       ??_C@_0EL@HOOHBJNF@in?5method?5?8bgcolors_t_prolog_co@ 0000000180011940     lines.obj
 0002:00003990       ??_C@_0EL@IGIJOIFH@in?5method?5?8bgcolors_t_epilog_co@ 0000000180011990     lines.obj
 0002:000039e0       ??_C@_0EI@KELBDOBE@in?5method?5?8bgcolors_t_epilog_co@ 00000001800119e0     lines.obj
 0002:00003a30       ??_C@_0EL@KCOPKIHG@in?5method?5?8bgcolors_t_epilog_co@ 0000000180011a30     lines.obj
 0002:00003a80       ??_C@_0EL@LOAOPFJB@in?5method?5?8bgcolors_t_switch_co@ 0000000180011a80     lines.obj
 0002:00003ad0       ??_C@_0EI@EOKDNHHP@in?5method?5?8bgcolors_t_switch_co@ 0000000180011ad0     lines.obj
 0002:00003b20       ??_C@_0EL@JKGILFLA@in?5method?5?8bgcolors_t_switch_co@ 0000000180011b20     lines.obj
 0002:00003b70       ??_C@_0EB@OLOAMNDM@in?5method?5?8delete_bgcolors_t?8?0?5@ 0000000180011b70     lines.obj
 0002:00003bb8       ??_C@_0N@JBELKAOG@swigregister@ 0000000180011bb8     lines.obj
 0002:00003bc8       ??_C@_0DG@LCFFDKFM@in?5method?5?8add_sourcefile?8?0?5arg@ 0000000180011bc8     lines.obj
 0002:00003c00       ??_C@_0DG@OBMPGBNI@in?5method?5?8add_sourcefile?8?0?5arg@ 0000000180011c00     lines.obj
 0002:00003c38       ??_C@_0DO@FJPLFCEF@in?5method?5?8add_sourcefile?8?0?5arg@ 0000000180011c38     lines.obj
 0002:00003c78       ??_C@_0DG@IELGPB@in?5method?5?8get_sourcefile?8?0?5arg@ 0000000180011c78     lines.obj
 0002:00003cb0       ??_C@_0DL@LDIJADLG@in?5method?5?8get_sourcefile?8?0?5arg@ 0000000180011cb0     lines.obj
 0002:00003cf0       ??_C@_0DG@LODJAJOI@in?5method?5?8del_sourcefile?8?0?5arg@ 0000000180011cf0     lines.obj
 0002:00003d28       ??_C@_0DG@FOIBOMJH@in?5method?5?8add_extra_line?8?0?5arg@ 0000000180011d28     lines.obj
 0002:00003d60       ??_C@_0DG@ENDADDKD@in?5method?5?8add_extra_line?8?0?5arg@ 0000000180011d60     lines.obj
 0002:00003da0       ??_C@_0FD@JFMHGLFB@invalid?5null?5pointer?5in?5method?5@ 0000000180011da0     lines.obj
 0002:00003df8       ??_C@_0DF@MIMMBEPP@in?5method?5?8add_extra_cmt?8?0?5argu@ 0000000180011df8     lines.obj
 0002:00003e30       ??_C@_0DF@NLHNMLML@in?5method?5?8add_extra_cmt?8?0?5argu@ 0000000180011e30     lines.obj
 0002:00003e70       ??_C@_0FC@LBFPNNOA@invalid?5null?5pointer?5in?5method?5@ 0000000180011e70     lines.obj
 0002:00003ed0       ??_C@_0FA@FAMNBDNI@invalid?5null?5pointer?5in?5method?5@ 0000000180011ed0     lines.obj
 0002:00003f20       ??_C@_0DM@CGDLGHDJ@in?5method?5?8generate_disasm_line@ 0000000180011f20     lines.obj
 0002:00003f60       ??_C@_0DL@NBCIOLAL@in?5method?5?8generate_disasm_line@ 0000000180011f60     lines.obj
 0002:00003fa0       ??_C@_0BO@CKANAADN@Variable?5E_PREV?5is?5read?9only?4@ 0000000180011fa0     lines.obj
 0002:00003fc0       ??_C@_0BO@OAPAGENB@Variable?5E_NEXT?5is?5read?9only?4@ 0000000180011fc0     lines.obj
 0002:00003fe0       ??_C@_0ED@LICCLLJF@in?5method?5?8get_first_free_extra@ 0000000180011fe0     lines.obj
 0002:00004030       ??_C@_0EC@CLMBMBGP@in?5method?5?8get_first_free_extra@ 0000000180012030     lines.obj
 0002:00004078       ??_C@_0DI@MLCPOECG@in?5method?5?8update_extra_cmt?8?0?5a@ 0000000180012078     lines.obj
 0002:000040b0       ??_C@_0DH@PKIIPBOI@in?5method?5?8update_extra_cmt?8?0?5a@ 00000001800120b0     lines.obj
 0002:000040f0       ??_C@_0EA@MBOMALBM@in?5method?5?8update_extra_cmt?8?0?5a@ 00000001800120f0     lines.obj
 0002:00004130       ??_C@_0DF@BCOEJIDE@in?5method?5?8del_extra_cmt?8?0?5argu@ 0000000180012130     lines.obj
 0002:00004168       ??_C@_0DE@OHKODPAB@in?5method?5?8del_extra_cmt?8?0?5argu@ 0000000180012168     lines.obj
 0002:000041a0       ??_C@_0DF@PHNBMKMC@in?5method?5?8get_extra_cmt?8?0?5argu@ 00000001800121a0     lines.obj
 0002:000041d8       ??_C@_0DE@IAOCOBKP@in?5method?5?8get_extra_cmt?8?0?5argu@ 00000001800121d8     lines.obj
 0002:00004210       ??_C@_0DJ@JLBEGDJP@in?5method?5?8delete_extra_cmts?8?0?5@ 0000000180012210     lines.obj
 0002:00004250       ??_C@_0DI@MEHOHEJI@in?5method?5?8delete_extra_cmts?8?0?5@ 0000000180012250     lines.obj
 0002:00004288       ??_C@_0DN@BMMBBICE@in?5method?5?8create_encoding_help@ 0000000180012288     lines.obj
 0002:000042d0       ??_C@_0FE@JNKMPHLB@in?5method?5?8create_encoding_help@ 00000001800122d0     lines.obj
 0002:00004328       ??_C@_0DK@NOKJPJHC@in?5method?5?8tag_remove?8?0?5argumen@ 0000000180012328     lines.obj
 0002:00004370       ??_C@_0EP@KBMPHHNB@invalid?5null?5pointer?5in?5method?5@ 0000000180012370     lines.obj
 0002:000043c0       ??_C@_0EB@BEMBBNCD@in?5method?5?8set_user_defined_pre@ 00000001800123c0     lines.obj
 0002:00004408       ??_C@_0DA@CMEIFMME@in?5method?5?8tag_addr?8?0?5argument?5@ 0000000180012408     lines.obj
 0002:00004438       ??_C@_0DM@KNCKKCFJ@in?5method?5?8tag_skipcode?8?0?5argum@ 0000000180012438     lines.obj
 0002:00004478       ??_C@_0DN@DDFLECCP@in?5method?5?8tag_skipcodes?8?0?5argu@ 0000000180012478     lines.obj
 0002:000044b8       ??_C@_0DL@KHFCGHDM@in?5method?5?8tag_advance?8?0?5argume@ 00000001800124b8     lines.obj
 0002:000044f8       ??_C@_0DC@KDCHBDJM@in?5method?5?8tag_advance?8?0?5argume@ 00000001800124f8     lines.obj
 0002:00004530       ??_C@_0DM@FMFLHHGB@in?5method?5?8generate_disassembly@ 0000000180012530     lines.obj
 0002:00004570       ??_C@_0DL@FMMCDOOD@in?5method?5?8generate_disassembly@ 0000000180012570     lines.obj
 0002:000045b0       ??_C@_0DM@MIEMGDBG@in?5method?5?8generate_disassembly@ 00000001800125b0     lines.obj
 0002:000045f0       ??_C@_0DM@OINOBPFN@in?5method?5?8generate_disassembly@ 00000001800125f0     lines.obj
 0002:00004630       ??_C@_0BI@JNLIJMPE@?$DMSwig?5global?5variables?$DO@ 0000000180012630     lines.obj
 0002:00004648       ??_C@_01ODHLEDKK@?$CI@     0000000180012648     lines.obj
 0002:0000464c       ??_C@_02KEGNLNML@?0?5@     000000018001264c     lines.obj
 0002:00004650       ??_C@_01PKGAHCOL@?$CJ@     0000000180012650     lines.obj
 0002:00004658       ??_C@_0BP@NDJOEMD@Unknown?5C?5global?5variable?5?8?$CFs?8@ 0000000180012658     lines.obj
 0002:00004678       ??_C@_0M@MKKPOLDM@swigvarlink@ 0000000180012678     lines.obj
 0002:00004688       ??_C@_0L@OAHMNIEL@_ida_lines@ 0000000180012688     lines.obj
 0002:000047b0       ??_C@_0P@KGGOFNEE@COLOR_SELECTED@ 00000001800127b0     lines.obj
 0002:000047c0       ??_C@_0O@IOLDHNBM@COLOR_LIBFUNC@ 00000001800127c0     lines.obj
 0002:000047d0       ??_C@_0O@HAOPKFMC@COLOR_REGFUNC@ 00000001800127d0     lines.obj
 0002:000047e0       ??_C@_0L@BDFDPLJA@COLOR_CODE@ 00000001800127e0     lines.obj
 0002:000047f0       ??_C@_0L@DJOGDGMH@COLOR_DATA@ 00000001800127f0     lines.obj
 0002:00004800       ??_C@_0O@KGGCCCNC@COLOR_UNKNOWN@ 0000000180012800     lines.obj
 0002:00004810       ??_C@_0N@EHAPLKBD@COLOR_EXTERN@ 0000000180012810     lines.obj
 0002:00004820       ??_C@_0O@FMABKJEK@COLOR_CURITEM@ 0000000180012820     lines.obj
 0002:00004830       ??_C@_0O@PCBOMMJB@COLOR_CURLINE@ 0000000180012830     lines.obj
 0002:00004840       ??_C@_0O@NKIFMHPL@COLOR_HIDLINE@ 0000000180012840     lines.obj
 0002:00004850       ??_C@_0O@NPJLDJHD@COLOR_LUMFUNC@ 0000000180012850     lines.obj
 0002:00004860       ??_C@_0N@MALEIFND@COLOR_BG_MAX@ 0000000180012860     lines.obj
 0002:00004870       ??_C@_08EMPJDFBC@VEL_POST@ 0000000180012870     lines.obj
 0002:00004880       ??_C@_07PCEKGDBE@VEL_CMT@  0000000180012880     lines.obj
 0002:00004888       ??_C@_0BC@KMFIDAEC@GENDSM_FORCE_CODE@ 0000000180012888     lines.obj
 0002:000048a0       ??_C@_0BC@MAIFCAFJ@GENDSM_MULTI_LINE@ 00000001800128a0     lines.obj
 0002:000048b8       ??_C@_0BD@LCCMGEAK@GENDSM_REMOVE_TAGS@ 00000001800128b8     lines.obj
 0002:000048d0       ??_C@_08LHHAIIEP@COLOR_ON@ 00000001800128d0     lines.obj
 0002:000048e0       ??_C@_09EOOEJFLC@COLOR_OFF@ 00000001800128e0     lines.obj
 0002:000048f0       ??_C@_09EGMDOAAI@COLOR_ESC@ 00000001800128f0     lines.obj
 0002:00004900       ??_C@_09CPFOIJIH@COLOR_INV@ 0000000180012900     lines.obj
 0002:0000490c       ??_C@_01KHDNNMEB@?$AB@     000000018001290c     lines.obj
 0002:00004910       ??_C@_09OANAMJNM@SCOLOR_ON@ 0000000180012910     lines.obj
 0002:0000491c       ??_C@_01IMBAIPIC@?$AC@     000000018001291c     lines.obj
 0002:00004920       ??_C@_0L@CHLFPHAN@SCOLOR_OFF@ 0000000180012920     lines.obj
 0002:0000492c       ??_C@_01JFALLOMD@?$AD@     000000018001292c     lines.obj
 0002:00004930       ??_C@_0L@CPJCICLH@SCOLOR_ESC@ 0000000180012930     lines.obj
 0002:0000493c       ??_C@_01NKEKCIAE@?$AE@     000000018001293c     lines.obj
 0002:00004940       ??_C@_0L@EGAPOLDI@SCOLOR_INV@ 0000000180012940     lines.obj
 0002:00004950       ??_C@_0CA@CMAAGIH@Failure?5to?5create?5SWIG?5globals?4@ 0000000180012950     lines.obj
 0002:00004970       ??_C@_04PNAHEAFM@cvar@     0000000180012970     lines.obj
 0002:00004978       ??_C@_0O@LFEAMCCD@COLOR_DEFAULT@ 0000000180012978     lines.obj
 0002:00004988       ??_C@_0N@PPECKFAO@COLOR_REGCMT@ 0000000180012988     lines.obj
 0002:00004998       ??_C@_0N@ILBJNLHE@COLOR_RPTCMT@ 0000000180012998     lines.obj
 0002:000049a8       ??_C@_0O@BPOACPAM@COLOR_AUTOCMT@ 00000001800129a8     lines.obj
 0002:000049b8       ??_C@_0L@BLMCOIGK@COLOR_INSN@ 00000001800129b8     lines.obj
 0002:000049c8       ??_C@_0O@CBFLJO@COLOR_DATNAME@ 00000001800129c8     lines.obj
 0002:000049d8       ??_C@_0M@GELKMDHN@COLOR_DNAME@ 00000001800129d8     lines.obj
 0002:000049e8       ??_C@_0O@NALHCMNO@COLOR_DEMNAME@ 00000001800129e8     lines.obj
 0002:000049f8       ??_C@_0N@FOLCFPKJ@COLOR_SYMBOL@ 00000001800129f8     lines.obj
 0002:00004a08       ??_C@_0L@INMMIFFE@COLOR_CHAR@ 0000000180012a08     lines.obj
 0002:00004a18       ??_C@_0N@DFKLHINJ@COLOR_STRING@ 0000000180012a18     lines.obj
 0002:00004a28       ??_C@_0N@PGKPNINF@COLOR_NUMBER@ 0000000180012a28     lines.obj
 0002:00004a38       ??_C@_0N@OPJJDFMJ@COLOR_VOIDOP@ 0000000180012a38     lines.obj
 0002:00004a48       ??_C@_0L@JLMPENCG@COLOR_CREF@ 0000000180012a48     lines.obj
 0002:00004a58       ??_C@_0L@CJOPJBDG@COLOR_DREF@ 0000000180012a58     lines.obj
 0002:00004a68       ??_C@_0P@BLBIIPCJ@COLOR_CREFTAIL@ 0000000180012a68     lines.obj
 0002:00004a78       ??_C@_0P@HPHJOCOA@COLOR_DREFTAIL@ 0000000180012a78     lines.obj
 0002:00004a88       ??_C@_0M@EOFNMCNC@COLOR_ERROR@ 0000000180012a88     lines.obj
 0002:00004a98       ??_C@_0N@JAKMMCIG@COLOR_PREFIX@ 0000000180012a98     lines.obj
 0002:00004aa8       ??_C@_0O@OPKOOOGK@COLOR_BINPREF@ 0000000180012aa8     lines.obj
 0002:00004ab8       ??_C@_0M@FEJHPEBO@COLOR_EXTRA@ 0000000180012ab8     lines.obj
 0002:00004ac8       ??_C@_0M@BNEBJEHJ@COLOR_ALTOP@ 0000000180012ac8     lines.obj
 0002:00004ad8       ??_C@_0O@GHLHACCN@COLOR_HIDNAME@ 0000000180012ad8     lines.obj
 0002:00004ae8       ??_C@_0O@DFKEOPMK@COLOR_LIBNAME@ 0000000180012ae8     lines.obj
 0002:00004af8       ??_C@_0O@JNCIAJFF@COLOR_LOCNAME@ 0000000180012af8     lines.obj
 0002:00004b08       ??_C@_0O@FJANCLEB@COLOR_CODNAME@ 0000000180012b08     lines.obj
 0002:00004b18       ??_C@_0N@PKMPONJJ@COLOR_ASMDIR@ 0000000180012b18     lines.obj
 0002:00004b28       ??_C@_0M@IGHJMBCI@COLOR_MACRO@ 0000000180012b28     lines.obj
 0002:00004b38       ??_C@_0L@KCBJOIEB@COLOR_DSTR@ 0000000180012b38     lines.obj
 0002:00004b48       ??_C@_0M@ONLLDFLE@COLOR_DCHAR@ 0000000180012b48     lines.obj
 0002:00004b58       ??_C@_0L@MMPCADKK@COLOR_DNUM@ 0000000180012b58     lines.obj
 0002:00004b68       ??_C@_0O@BCJOCJDD@COLOR_KEYWORD@ 0000000180012b68     lines.obj
 0002:00004b78       ??_C@_09PHMKJFOI@COLOR_REG@ 0000000180012b78     lines.obj
 0002:00004b88       ??_C@_0O@MHBFGGCN@COLOR_IMPNAME@ 0000000180012b88     lines.obj
 0002:00004b98       ??_C@_0O@HFCDHIK@COLOR_SEGNAME@ 0000000180012b98     lines.obj
 0002:00004ba8       ??_C@_0O@LEPIKKIM@COLOR_UNKNAME@ 0000000180012ba8     lines.obj
 0002:00004bb8       ??_C@_0M@HJLPPDMF@COLOR_CNAME@ 0000000180012bb8     lines.obj
 0002:00004bc8       ??_C@_0M@KMDABCED@COLOR_UNAME@ 0000000180012bc8     lines.obj
 0002:00004bd8       ??_C@_0BA@OOCEKMP@COLOR_COLLAPSED@ 0000000180012bd8     lines.obj
 0002:00004be8       ??_C@_0N@DEPLKBMA@COLOR_FG_MAX@ 0000000180012be8     lines.obj
 0002:00004bf8       ??_C@_0L@LLBBKLGH@COLOR_ADDR@ 0000000180012bf8     lines.obj
 0002:00004c08       ??_C@_0M@MNEMINHG@COLOR_OPND1@ 0000000180012c08     lines.obj
 0002:00004c18       ??_C@_0M@OGGBNOLF@COLOR_OPND2@ 0000000180012c18     lines.obj
 0002:00004c28       ??_C@_0M@PPHKOPPE@COLOR_OPND3@ 0000000180012c28     lines.obj
 0002:00004c38       ??_C@_0M@LADLHJDD@COLOR_OPND4@ 0000000180012c38     lines.obj
 0002:00004c48       ??_C@_0M@KJCAEIHC@COLOR_OPND5@ 0000000180012c48     lines.obj
 0002:00004c58       ??_C@_0M@ICANBLLB@COLOR_OPND6@ 0000000180012c58     lines.obj
 0002:00004c68       ??_C@_0M@JLBGCKPA@COLOR_OPND7@ 0000000180012c68     lines.obj
 0002:00004c78       ??_C@_0M@BMIODGDP@COLOR_OPND8@ 0000000180012c78     lines.obj
 0002:00004c88       ??_C@_0BA@EPFJCGIB@COLOR_RESERVED1@ 0000000180012c88     lines.obj
 0002:00004c98       ??_C@_0N@NLILOAIO@COLOR_LUMINA@ 0000000180012c98     lines.obj
 0002:00004ca8       ??_C@_0P@CMMMDGEI@SCOLOR_DEFAULT@ 0000000180012ca8     lines.obj
 0002:00004cb8       ??_C@_0O@HKOHHEAN@SCOLOR_REGCMT@ 0000000180012cb8     lines.obj
 0002:00004cc8       ??_C@_0O@OLMAKHH@SCOLOR_RPTCMT@ 0000000180012cc8     lines.obj
 0002:00004cd8       ??_C@_0P@IGGMNLGH@SCOLOR_AUTOCMT@ 0000000180012cd8     lines.obj
 0002:00004ce8       ??_C@_01MDFBBJEF@?$AF@     0000000180012ce8     lines.obj
 0002:00004cf0       ??_C@_0M@EAHFBHBF@SCOLOR_INSN@ 0000000180012cf0     lines.obj
 0002:00004cfc       ??_C@_01OIHMEKIG@?$AG@     0000000180012cfc     lines.obj
 0002:00004d00       ??_C@_0P@JJKNKPPF@SCOLOR_DATNAME@ 0000000180012d00     lines.obj
[...]
 0004:00000870       $pdata$_wrap_get_sourcefile$catch$4 000000018001b870     lines.obj
 0004:0000087c       $pdata$_wrap_get_sourcefile$catch$3 000000018001b87c     lines.obj
 0004:00000888       $pdata$_wrap_get_sourcefile$catch$2 000000018001b888     lines.obj
 0004:00000894       $pdata$_wrap_get_sourcefile$catch$1 000000018001b894     lines.obj
 0004:000008a0       $pdata$_wrap_get_sourcefile$catch$0 000000018001b8a0     lines.obj
 0004:000008ac       $pdata$_wrap_del_sourcefile 000000018001b8ac     lines.obj
 0004:000008b8       $pdata$_wrap_del_sourcefile$catch$5 000000018001b8b8     lines.obj
 0004:000008c4       $pdata$_wrap_del_sourcefile$catch$4 000000018001b8c4     lines.obj
 0004:000008d0       $pdata$_wrap_del_sourcefile$catch$3 000000018001b8d0     lines.obj
 0004:000008dc       $pdata$_wrap_del_sourcefile$catch$2 000000018001b8dc     lines.obj
 0004:000008e8       $pdata$_wrap_del_sourcefile$catch$1 000000018001b8e8     lines.obj
 0004:000008f4       $pdata$_wrap_del_sourcefile$catch$0 000000018001b8f4     lines.obj
 0004:00000900       $pdata$_wrap_add_extra_line__varargs__ 000000018001b900     lines.obj
 0004:0000090c       $pdata$_wrap_add_extra_line__varargs__$catch$5 000000018001b90c     lines.obj
 0004:00000918       $pdata$_wrap_add_extra_line__varargs__$catch$4 000000018001b918     lines.obj
 0004:00000924       $pdata$_wrap_add_extra_line__varargs__$catch$3 000000018001b924     lines.obj
 0004:00000930       $pdata$_wrap_add_extra_line__varargs__$catch$2 000000018001b930     lines.obj
 0004:0000093c       $pdata$_wrap_add_extra_line__varargs__$catch$1 000000018001b93c     lines.obj
 0004:00000948       $pdata$_wrap_add_extra_line__varargs__$catch$0 000000018001b948     lines.obj
 0004:00000954       $pdata$_wrap_add_extra_line 000000018001b954     lines.obj
 0004:00000960       $pdata$1$_wrap_add_extra_line 000000018001b960     lines.obj
 0004:0000096c       $pdata$2$_wrap_add_extra_line 000000018001b96c     lines.obj
 0004:00000978       $pdata$_wrap_add_extra_cmt__varargs__ 000000018001b978     lines.obj
 0004:00000984       $pdata$_wrap_add_extra_cmt__varargs__$catch$5 000000018001b984     lines.obj
 0004:00000990       $pdata$_wrap_add_extra_cmt__varargs__$catch$4 000000018001b990     lines.obj
 0004:0000099c       $pdata$_wrap_add_extra_cmt__varargs__$catch$3 000000018001b99c     lines.obj
 0004:000009a8       $pdata$_wrap_add_extra_cmt__varargs__$catch$2 000000018001b9a8     lines.obj
 0004:000009b4       $pdata$_wrap_add_extra_cmt__varargs__$catch$1 000000018001b9b4     lines.obj
 0004:000009c0       $pdata$_wrap_add_extra_cmt__varargs__$catch$0 000000018001b9c0     lines.obj
 0004:000009cc       $pdata$_wrap_add_extra_cmt 000000018001b9cc     lines.obj
 0004:000009d8       $pdata$1$_wrap_add_extra_cmt 000000018001b9d8     lines.obj
 0004:000009e4       $pdata$2$_wrap_add_extra_cmt 000000018001b9e4     lines.obj
 0004:000009f0       $pdata$_wrap_add_pgm_cmt__varargs__ 000000018001b9f0     lines.obj
 0004:000009fc       $pdata$_wrap_add_pgm_cmt__varargs__$catch$5 000000018001b9fc     lines.obj
 0004:00000a08       $pdata$_wrap_add_pgm_cmt__varargs__$catch$4 000000018001ba08     lines.obj
 0004:00000a14       $pdata$_wrap_add_pgm_cmt__varargs__$catch$3 000000018001ba14     lines.obj
 0004:00000a20       $pdata$_wrap_add_pgm_cmt__varargs__$catch$2 000000018001ba20     lines.obj
 0004:00000a2c       $pdata$_wrap_add_pgm_cmt__varargs__$catch$1 000000018001ba2c     lines.obj
 0004:00000a38       $pdata$_wrap_add_pgm_cmt__varargs__$catch$0 000000018001ba38     lines.obj
 0004:00000a44       $pdata$_wrap_add_pgm_cmt   000000018001ba44     lines.obj
 0004:00000a50       $pdata$1$_wrap_add_pgm_cmt 000000018001ba50     lines.obj
 0004:00000a5c       $pdata$2$_wrap_add_pgm_cmt 000000018001ba5c     lines.obj
 0004:00000a68       $pdata$_wrap_generate_disasm_line 000000018001ba68     lines.obj
 0004:00000a74       $pdata$_wrap_generate_disasm_line$catch$8 000000018001ba74     lines.obj
 0004:00000a80       $pdata$_wrap_generate_disasm_line$catch$7 000000018001ba80     lines.obj
 0004:00000a8c       $pdata$_wrap_generate_disasm_line$catch$6 000000018001ba8c     lines.obj
 0004:00000a98       $pdata$_wrap_generate_disasm_line$catch$5 000000018001ba98     lines.obj
 0004:00000aa4       $pdata$_wrap_generate_disasm_line$catch$4 000000018001baa4     lines.obj
 0004:00000ab0       $pdata$_wrap_generate_disasm_line$catch$3 000000018001bab0     lines.obj
 0004:00000abc       $pdata$Swig_var_E_PREV_set 000000018001babc     lines.obj
 0004:00000ac8       $pdata$Swig_var_E_NEXT_set 000000018001bac8     lines.obj
 0004:00000ad4       $pdata$_wrap_get_first_free_extra_cmtidx 000000018001bad4     lines.obj
 0004:00000ae0       $pdata$_wrap_get_first_free_extra_cmtidx$catch$5 000000018001bae0     lines.obj
 0004:00000aec       $pdata$_wrap_get_first_free_extra_cmtidx$catch$4 000000018001baec     lines.obj
 0004:00000af8       $pdata$_wrap_get_first_free_extra_cmtidx$catch$3 000000018001baf8     lines.obj
 0004:00000b04       $pdata$_wrap_get_first_free_extra_cmtidx$catch$2 000000018001bb04     lines.obj
 0004:00000b10       $pdata$_wrap_get_first_free_extra_cmtidx$catch$1 000000018001bb10     lines.obj
 0004:00000b1c       $pdata$_wrap_get_first_free_extra_cmtidx$catch$0 000000018001bb1c     lines.obj
 0004:00000b28       $pdata$_wrap_update_extra_cmt 000000018001bb28     lines.obj
 0004:00000b34       $pdata$_wrap_update_extra_cmt$catch$5 000000018001bb34     lines.obj
 0004:00000b40       $pdata$_wrap_update_extra_cmt$catch$4 000000018001bb40     lines.obj
 0004:00000b4c       $pdata$_wrap_update_extra_cmt$catch$3 000000018001bb4c     lines.obj
 0004:00000b58       $pdata$_wrap_update_extra_cmt$catch$2 000000018001bb58     lines.obj
 0004:00000b64       $pdata$_wrap_update_extra_cmt$catch$1 000000018001bb64     lines.obj
 0004:00000b70       $pdata$_wrap_update_extra_cmt$catch$0 000000018001bb70     lines.obj
 0004:00000b7c       $pdata$_wrap_del_extra_cmt 000000018001bb7c     lines.obj
 0004:00000b88       $pdata$_wrap_del_extra_cmt$catch$5 000000018001bb88     lines.obj
 0004:00000b94       $pdata$_wrap_del_extra_cmt$catch$4 000000018001bb94     lines.obj
 0004:00000ba0       $pdata$_wrap_del_extra_cmt$catch$3 000000018001bba0     lines.obj
 0004:00000bac       $pdata$_wrap_del_extra_cmt$catch$2 000000018001bbac     lines.obj
 0004:00000bb8       $pdata$_wrap_del_extra_cmt$catch$1 000000018001bbb8     lines.obj
 0004:00000bc4       $pdata$_wrap_del_extra_cmt$catch$0 000000018001bbc4     lines.obj
 0004:00000bd0       $pdata$_wrap_get_extra_cmt 000000018001bbd0     lines.obj
 0004:00000bdc       $pdata$_wrap_get_extra_cmt$catch$8 000000018001bbdc     lines.obj
 0004:00000be8       $pdata$_wrap_get_extra_cmt$catch$7 000000018001bbe8     lines.obj
 0004:00000bf4       $pdata$_wrap_get_extra_cmt$catch$6 000000018001bbf4     lines.obj
 0004:00000c00       $pdata$_wrap_get_extra_cmt$catch$5 000000018001bc00     lines.obj
 0004:00000c0c       $pdata$_wrap_get_extra_cmt$catch$4 000000018001bc0c     lines.obj
 0004:00000c18       $pdata$_wrap_get_extra_cmt$catch$3 000000018001bc18     lines.obj
 0004:00000c24       $pdata$_wrap_delete_extra_cmts 000000018001bc24     lines.obj
 0004:00000c30       $pdata$_wrap_delete_extra_cmts$catch$5 000000018001bc30     lines.obj
 0004:00000c3c       $pdata$_wrap_delete_extra_cmts$catch$4 000000018001bc3c     lines.obj
 0004:00000c48       $pdata$_wrap_delete_extra_cmts$catch$3 000000018001bc48     lines.obj
 0004:00000c54       $pdata$_wrap_delete_extra_cmts$catch$2 000000018001bc54     lines.obj
 0004:00000c60       $pdata$_wrap_delete_extra_cmts$catch$1 000000018001bc60     lines.obj
 0004:00000c6c       $pdata$_wrap_delete_extra_cmts$catch$0 000000018001bc6c     lines.obj
 0004:00000c78       $pdata$_wrap_create_encoding_helper 000000018001bc78     lines.obj
 0004:00000c84       $pdata$_wrap_create_encoding_helper$catch$5 000000018001bc84     lines.obj
 0004:00000c90       $pdata$_wrap_create_encoding_helper$catch$4 000000018001bc90     lines.obj
 0004:00000c9c       $pdata$_wrap_create_encoding_helper$catch$3 000000018001bc9c     lines.obj
 0004:00000ca8       $pdata$_wrap_create_encoding_helper$catch$2 000000018001bca8     lines.obj
 0004:00000cb4       $pdata$_wrap_create_encoding_helper$catch$1 000000018001bcb4     lines.obj
 0004:00000cc0       $pdata$_wrap_create_encoding_helper$catch$0 000000018001bcc0     lines.obj
 0004:00000ccc       $pdata$_wrap_tag_remove    000000018001bccc     lines.obj
 0004:00000cd8       $pdata$_wrap_tag_remove$catch$7 000000018001bcd8     lines.obj
 0004:00000ce4       $pdata$_wrap_tag_remove$catch$6 000000018001bce4     lines.obj
 0004:00000cf0       $pdata$_wrap_tag_remove$catch$5 000000018001bcf0     lines.obj
 0004:00000cfc       $pdata$_wrap_tag_remove$catch$4 000000018001bcfc     lines.obj
 0004:00000d08       $pdata$_wrap_tag_remove$catch$3 000000018001bd08     lines.obj
 0004:00000d14       $pdata$_wrap_tag_remove$catch$2 000000018001bd14     lines.obj
 0004:00000d20       $pdata$_wrap_set_user_defined_prefix 000000018001bd20     lines.obj
 0004:00000d2c       $pdata$_wrap_set_user_defined_prefix$catch$5 000000018001bd2c     lines.obj
 0004:00000d38       $pdata$_wrap_set_user_defined_prefix$catch$4 000000018001bd38     lines.obj
 0004:00000d44       $pdata$_wrap_set_user_defined_prefix$catch$3 000000018001bd44     lines.obj
 0004:00000d50       $pdata$_wrap_set_user_defined_prefix$catch$2 000000018001bd50     lines.obj
 0004:00000d5c       $pdata$_wrap_set_user_defined_prefix$catch$1 000000018001bd5c     lines.obj
 0004:00000d68       $pdata$_wrap_set_user_defined_prefix$catch$0 000000018001bd68     lines.obj
 0004:00000d74       $pdata$_wrap_tag_addr      000000018001bd74     lines.obj
 0004:00000d80       $pdata$_wrap_tag_addr$catch$7 000000018001bd80     lines.obj
 0004:00000d8c       $pdata$_wrap_tag_addr$catch$6 000000018001bd8c     lines.obj
 0004:00000d98       $pdata$_wrap_tag_addr$catch$5 000000018001bd98     lines.obj
 0004:00000da4       $pdata$_wrap_tag_addr$catch$4 000000018001bda4     lines.obj
 0004:00000db0       $pdata$_wrap_tag_addr$catch$3 000000018001bdb0     lines.obj
 0004:00000dbc       $pdata$_wrap_tag_addr$catch$2 000000018001bdbc     lines.obj
 0004:00000dc8       $pdata$_wrap_tag_skipcode  000000018001bdc8     lines.obj
 0004:00000dd4       $pdata$_wrap_tag_skipcode$catch$5 000000018001bdd4     lines.obj
 0004:00000de0       $pdata$_wrap_tag_skipcode$catch$4 000000018001bde0     lines.obj
 0004:00000dec       $pdata$_wrap_tag_skipcode$catch$3 000000018001bdec     lines.obj
 0004:00000df8       $pdata$_wrap_tag_skipcode$catch$2 000000018001bdf8     lines.obj
 0004:00000e04       $pdata$_wrap_tag_skipcode$catch$1 000000018001be04     lines.obj
 0004:00000e10       $pdata$_wrap_tag_skipcode$catch$0 000000018001be10     lines.obj
 0004:00000e1c       $pdata$_wrap_tag_skipcodes 000000018001be1c     lines.obj
 0004:00000e28       $pdata$_wrap_tag_skipcodes$catch$5 000000018001be28     lines.obj
 0004:00000e34       $pdata$_wrap_tag_skipcodes$catch$4 000000018001be34     lines.obj
 0004:00000e40       $pdata$_wrap_tag_skipcodes$catch$3 000000018001be40     lines.obj
 0004:00000e4c       $pdata$_wrap_tag_skipcodes$catch$2 000000018001be4c     lines.obj
 0004:00000e58       $pdata$_wrap_tag_skipcodes$catch$1 000000018001be58     lines.obj
 0004:00000e64       $pdata$_wrap_tag_skipcodes$catch$0 000000018001be64     lines.obj
 0004:00000e70       $pdata$_wrap_tag_advance   000000018001be70     lines.obj
 0004:00000e7c       $pdata$_wrap_tag_advance$catch$5 000000018001be7c     lines.obj
 0004:00000e88       $pdata$_wrap_tag_advance$catch$4 000000018001be88     lines.obj
 0004:00000e94       $pdata$_wrap_tag_advance$catch$3 000000018001be94     lines.obj
 0004:00000ea0       $pdata$_wrap_tag_advance$catch$2 000000018001bea0     lines.obj
 0004:00000eac       $pdata$_wrap_tag_advance$catch$1 000000018001beac     lines.obj
 0004:00000eb8       $pdata$_wrap_tag_advance$catch$0 000000018001beb8     lines.obj
 0004:00000ec4       $pdata$_wrap_generate_disassembly 000000018001bec4     lines.obj
 0004:00000ed0       $pdata$_wrap_generate_disassembly$catch$0 000000018001bed0     lines.obj
 0004:00000edc       $pdata$_wrap_generate_disassembly$catch$1 000000018001bedc     lines.obj
 0004:00000ee8       $pdata$_wrap_generate_disassembly$catch$2 000000018001bee8     lines.obj
 0004:00000ef4       $pdata$_wrap_generate_disassembly$catch$3 000000018001bef4     lines.obj
 0004:00000f00       $pdata$_wrap_generate_disassembly$catch$4 000000018001bf00     lines.obj
 0004:00000f0c       $pdata$_wrap_generate_disassembly$catch$5 000000018001bf0c     lines.obj
 0004:00000f18       $pdata$SWIG_InitializeModule 000000018001bf18     lines.obj
 0004:00000f24       $pdata$1$SWIG_InitializeModule 000000018001bf24     lines.obj
 0004:00000f30       $pdata$4$SWIG_InitializeModule 000000018001bf30     lines.obj
 0004:00000f3c       $pdata$5$SWIG_InitializeModule 000000018001bf3c     lines.obj
 0004:00000f48       $pdata$6$SWIG_InitializeModule 000000018001bf48     lines.obj
 0004:00000f54       $pdata$swig_varlink_str    000000018001bf54     lines.obj
 0004:00000f60       $pdata$1$swig_varlink_str  000000018001bf60     lines.obj
 0004:00000f6c       $pdata$2$swig_varlink_str  000000018001bf6c     lines.obj
 0004:00000f78       $pdata$swig_varlink_dealloc 000000018001bf78     lines.obj
 0004:00000f84       $pdata$0$swig_varlink_dealloc 000000018001bf84     lines.obj
 0004:00000f90       $pdata$1$swig_varlink_dealloc 000000018001bf90     lines.obj
 0004:00000f9c       $pdata$swig_varlink_getattr 000000018001bf9c     lines.obj
 0004:00000fa8       $pdata$swig_varlink_setattr 000000018001bfa8     lines.obj
 0004:00000fb4       $pdata$SWIG_Python_FixMethods 000000018001bfb4     lines.obj
 0004:00000fc0       $pdata$4$SWIG_Python_FixMethods 000000018001bfc0     lines.obj
 0004:00000fcc       $pdata$5$SWIG_Python_FixMethods 000000018001bfcc     lines.obj
 0004:00000fd8       $pdata$PyInit__ida_lines   000000018001bfd8     lines.obj
 0004:00000fe4       $pdata$2$PyInit__ida_lines 000000018001bfe4     lines.obj
 0004:00000ff0       $pdata$3$PyInit__ida_lines 000000018001bff0     lines.obj
 0004:00000ffc       $pdata$??2@YAPEAX_K@Z      000000018001bffc     MSVCRT:new_scalar.obj
 0004:00001008       $pdata$_Init_thread_header 000000018001c008     MSVCRT:thread_safe_statics.obj
 0004:00001014       $pdata$_Init_thread_footer 000000018001c014     MSVCRT:thread_safe_statics.obj
 0004:00001020       $pdata$_Init_thread_wait   000000018001c020     MSVCRT:thread_safe_statics.obj
 0004:0000102c       $pdata$_Init_thread_notify 000000018001c02c     MSVCRT:thread_safe_statics.obj
 0004:00001038       $pdata$?__scrt_uninitialize_thread_safe_statics@@YAXXZ 000000018001c038     MSVCRT:thread_safe_statics.obj
 0004:00001044       $pdata$?__scrt_initialize_thread_safe_statics@@YAHXZ 000000018001c044     MSVCRT:thread_safe_statics.obj
 0004:00001050       $pdata$__GSHandlerCheckCommon 000000018001c050     MSVCRT:gshandler.obj
 0004:0000105c       $pdata$__GSHandlerCheck    000000018001c05c     MSVCRT:gshandler.obj
 0004:00001068       $pdata$__GSHandlerCheck_EH 000000018001c068     MSVCRT:gshandlereh.obj
 0004:00001080       $pdata$??_Gtype_info@@UEAAPEAXI@Z 000000018001c080     MSVCRT:std_type_info_static.obj
 0004:0000108c       $pdata$?dllmain_crt_process_attach@@YAHQEAUHINSTANCE__@@QEAX@Z 000000018001c08c     MSVCRT:dll_dllmain.obj
 0004:00001098       $pdata$?fin$0@?0??dllmain_crt_process_attach@@YAHQEAUHINSTANCE__@@QEAX@Z@4HA 000000018001c098     MSVCRT:dll_dllmain.obj
 0004:000010a4       $pdata$?dllmain_crt_process_detach@@YAH_N@Z 000000018001c0a4     MSVCRT:dll_dllmain.obj
 0004:000010b0       $pdata$?fin$0@?0??dllmain_crt_process_detach@@YAH_N@Z@4HA 000000018001c0b0     MSVCRT:dll_dllmain.obj
 0004:000010bc       $pdata$?dllmain_crt_dispatch@@YAHQEAUHINSTANCE__@@KQEAX@Z 000000018001c0bc     MSVCRT:dll_dllmain.obj
 0004:000010c8       $pdata$?dllmain_dispatch@@YAHQEAUHINSTANCE__@@KQEAX@Z 000000018001c0c8     MSVCRT:dll_dllmain.obj
 0004:000010d4       $pdata$?filt$0@?0??dllmain_dispatch@@YAHQEAUHINSTANCE__@@KQEAX@Z@4HA 000000018001c0d4     MSVCRT:dll_dllmain.obj
 0004:000010e0       $pdata$_DllMainCRTStartup  000000018001c0e0     MSVCRT:dll_dllmain.obj
 0004:000010ec       $pdata$??0exception@std@@QEAA@AEBV01@@Z 000000018001c0ec     MSVCRT:throw_bad_alloc.obj
 0004:000010f8       $pdata$??_Gexception@std@@UEAAPEAXI@Z 000000018001c0f8     MSVCRT:throw_bad_alloc.obj
 0004:000010f8       $pdata$??_Gbad_alloc@std@@UEAAPEAXI@Z 000000018001c0f8     MSVCRT:throw_bad_alloc.obj
 0004:000010f8       $pdata$??_Gbad_array_new_length@std@@UEAAPEAXI@Z 000000018001c0f8     MSVCRT:throw_bad_alloc.obj
 0004:00001104       $pdata$??0bad_alloc@std@@QEAA@AEBV01@@Z 000000018001c104     MSVCRT:throw_bad_alloc.obj
 0004:00001110       $pdata$??0bad_array_new_length@std@@QEAA@AEBV01@@Z 000000018001c110     MSVCRT:throw_bad_alloc.obj
 0004:0000111c       $pdata$?__scrt_throw_std_bad_alloc@@YAXXZ 000000018001c11c     MSVCRT:throw_bad_alloc.obj
 0004:00001128       $pdata$?__scrt_throw_std_bad_array_new_length@@YAXXZ 000000018001c128     MSVCRT:throw_bad_alloc.obj
 0004:00001134       $pdata$atexit              000000018001c134     MSVCRT:utility.obj
 0004:00001140       $pdata$_onexit             000000018001c140     MSVCRT:utility.obj
 0004:0000114c       $pdata$__scrt_is_nonwritable_in_current_image 000000018001c14c     MSVCRT:utility.obj
 0004:00001158       $pdata$__scrt_is_nonwritable_in_current_image$filt$0 000000018001c158     MSVCRT:utility.obj
 0004:00001164       $pdata$__scrt_acquire_startup_lock 000000018001c164     MSVCRT:utility.obj
 0004:00001170       $pdata$__scrt_release_startup_lock 000000018001c170     MSVCRT:utility.obj
 0004:0000117c       $pdata$__scrt_initialize_crt 000000018001c17c     MSVCRT:utility.obj
 0004:00001188       $pdata$__scrt_uninitialize_crt 000000018001c188     MSVCRT:utility.obj
 0004:00001194       $pdata$__scrt_initialize_onexit_tables 000000018001c194     MSVCRT:utility.obj
 0004:000011a0       $pdata$__scrt_dllmain_exception_filter 000000018001c1a0     MSVCRT:utility.obj
 0004:000011ac       $pdata$__scrt_dllmain_before_initialize_c 000000018001c1ac     MSVCRT:utility.obj
 0004:000011b8       $pdata$__scrt_dllmain_after_initialize_c 000000018001c1b8     MSVCRT:utility.obj
 0004:000011c4       $pdata$__scrt_dllmain_uninitialize_c 000000018001c1c4     MSVCRT:utility.obj
 0004:000011d0       $pdata$__scrt_dllmain_uninitialize_critical 000000018001c1d0     MSVCRT:utility.obj
 0004:000011dc       $pdata$__scrt_dllmain_crt_thread_attach 000000018001c1dc     MSVCRT:utility.obj
 0004:000011e8       $pdata$__scrt_dllmain_crt_thread_detach 000000018001c1e8     MSVCRT:utility.obj
 0004:000011f4       $pdata$__scrt_fastfail     000000018001c1f4     MSVCRT:utility_desktop.obj
 0004:00001200       $pdata$__report_gsfailure  000000018001c200     MSVCRT:gs_report.obj
 0004:0000120c       $pdata$capture_previous_context 000000018001c20c     MSVCRT:gs_report.obj
 0004:00001218       $pdata$__raise_securityfailure 000000018001c218     MSVCRT:gs_report.obj
 0004:00001224       $pdata$__security_init_cookie 000000018001c224     MSVCRT:gs_support.obj
 0004:00001230       $pdata$DllMain             000000018001c230     MSVCRT:dll_dllmain_stub.obj
 0004:0000123c       $pdata$__scrt_initialize_default_local_stdio_options 000000018001c23c     MSVCRT:default_local_stdio_options.obj
 0004:00001248       $pdata$_RTC_Initialize     000000018001c248     MSVCRT:initsect.obj
 0004:00001254       $pdata$_RTC_Terminate      000000018001c254     MSVCRT:initsect.obj
 0004:00001260       $pdata$__isa_available_init 000000018001c260     MSVCRT:cpu_disp.obj
