 _ida_funcs

 Timestamp is 5e3da086 (Fri Feb  7 17:38:14 2020)

 Preferred load address is 0000000180000000

 Start         Length     Name                   Class
 0001:00000000 00017450H .text$mn                CODE
 0001:00017450 00000020H .text$mn$00             CODE
 0001:00017470 0000ae73H .text$x                 CODE
 0002:00000000 000006a8H .idata$5                DATA
 0002:000006a8 00000010H .00cfg                  DATA
 0002:000006b8 00000008H .CRT$XCA                DATA
 0002:000006c0 00000008H .CRT$XCZ                DATA
 0002:000006c8 00000008H .CRT$XIA                DATA
 0002:000006d0 00000008H .CRT$XIC                DATA
 0002:000006d8 00000008H .CRT$XIZ                DATA
 0002:000006e0 00000008H .CRT$XLA                DATA
 0002:000006e8 00000008H .CRT$XLZ                DATA
 0002:000006f0 00000008H .CRT$XPA                DATA
 0002:000006f8 00000008H .CRT$XPZ                DATA
 0002:00000700 00000008H .CRT$XTA                DATA
 0002:00000708 00000008H .CRT$XTZ                DATA
 0002:00000710 00000000H .gfids$y                DATA
 0002:00000710 0000cad0H .rdata                  DATA
 0002:0000d1e0 00000028H .rdata$T                DATA
 0002:0000d208 000002fcH .rdata$r                DATA
 0002:0000d504 00000314H .rdata$zzzdbg           DATA
 0002:0000d818 00000008H .rtc$IAA                DATA
 0002:0000d820 00000008H .rtc$IZZ                DATA
 0002:0000d828 00000008H .rtc$TAA                DATA
 0002:0000d830 00000008H .rtc$TZZ                DATA
 0002:0000d838 00000004H .tls                    DATA
 0002:0000d83c 00000004H .tls$                   DATA
 0002:0000d840 00000010H .tls$ZZZ                DATA
 0002:0000d850 00008ae8H .xdata                  DATA
 0002:00016338 00000188H .xdata$x                DATA
 0002:000164c0 00000054H .edata                  DATA
 0002:00016514 000000b4H .idata$2                DATA
 0002:000165c8 00000018H .idata$3                DATA
 0002:000165e0 000006a8H .idata$4                DATA
 0002:00016c88 000010c4H .idata$6                DATA
 0003:00000000 000047c8H .data                   DATA
 0003:000047c8 00000148H .data$r                 DATA
 0003:00004910 00000998H .bss                    DATA
 0004:00000000 00003cf0H .pdata                  DATA

  Address         Publics by Value              Rva+Base               Lib:Object

 0000:00000000       __volatile_metadata        0000000000000000     <absolute>
 0000:00000000       __guard_iat_count          0000000000000000     <absolute>
 0000:00000000       __hybrid_code_map          0000000000000000     <absolute>
 0000:00000000       __guard_iat_table          0000000000000000     <absolute>
 0000:00000000       ___safe_se_handler_count   0000000000000000     <absolute>
 0000:00000000       __hybrid_code_map_count    0000000000000000     <absolute>
 0000:00000000       __dynamic_value_reloc_table 0000000000000000     <absolute>
 0000:00000000       __guard_fids_count         0000000000000000     <absolute>
 0000:00000000       __enclave_config           0000000000000000     <absolute>
 0000:00000000       ___safe_se_handler_table   0000000000000000     <absolute>
 0000:00000000       __guard_fids_table         0000000000000000     <absolute>
 0000:00000000       __guard_longjmp_table      0000000000000000     <absolute>
 0000:00000000       __hybrid_auxiliary_iat     0000000000000000     <absolute>
 0000:00000000       __guard_longjmp_count      0000000000000000     <absolute>
 0000:00000100       __guard_flags              0000000000000100     <absolute>
 0000:00000000       __ImageBase                0000000180000000     <linker-defined>
 0001:00013120       ??0exception@std@@QEAA@AEBV01@@Z 0000000180014120 f i funcs.obj
 0001:00013160       ??0logic_error@std@@QEAA@AEBV01@@Z 0000000180014160 f i funcs.obj
 0001:000131a0       ??0out_of_range@std@@QEAA@AEBV01@@Z 00000001800141a0 f i funcs.obj
 0001:000131e0       ??0out_of_range@std@@QEAA@PEBD@Z 00000001800141e0 f i funcs.obj
 0001:00013230       ??1?$SwigValueWrapper@U?$dynamic_wrapped_array_t@Urange_t@@@@@@QEAA@XZ 0000000180014230 f i funcs.obj
 0001:00013230       ??1?$SwigValueWrapper@U?$dynamic_wrapped_array_t@Ustkpnt_t@@@@@@QEAA@XZ 0000000180014230 f i funcs.obj
 0001:00013230       ??1?$SwigValueWrapper@U?$dynamic_wrapped_array_t@Uregvar_t@@@@@@QEAA@XZ 0000000180014230 f i funcs.obj
 0001:00013240       ??1?$qvector@I@@QEAA@XZ    0000000180014240 f i funcs.obj
 0001:00013240       ??1?$_qstring@D@@QEAA@XZ   0000000180014240 f i funcs.obj
 0001:00013250       ??1bad_array_new_length@std@@UEAA@XZ 0000000180014250 f i MSVCRT:throw_bad_alloc.obj
 0001:00013250       ??1out_of_range@std@@UEAA@XZ 0000000180014250 f i funcs.obj
 0001:00013250       ??1bad_alloc@std@@UEAA@XZ  0000000180014250 f i MSVCRT:throw_bad_alloc.obj
 0001:00013270       ??_Gbad_alloc@std@@UEAAPEAXI@Z 0000000180014270 f i MSVCRT:throw_bad_alloc.obj
 0001:00013270       ??_Gbad_array_new_length@std@@UEAAPEAXI@Z 0000000180014270 f i MSVCRT:throw_bad_alloc.obj
 0001:00013270       ??_Elogic_error@std@@UEAAPEAXI@Z 0000000180014270 f i funcs.obj
 0001:00013270       ??_Gexception@std@@UEAAPEAXI@Z 0000000180014270 f i funcs.obj
 0001:00013270       ??_Ebad_alloc@std@@UEAAPEAXI@Z 0000000180014270 f i MSVCRT:throw_bad_alloc.obj
 0001:00013270       ??_Eexception@std@@UEAAPEAXI@Z 0000000180014270 f i funcs.obj
 0001:00013270       ??_Ebad_array_new_length@std@@UEAAPEAXI@Z 0000000180014270 f i MSVCRT:throw_bad_alloc.obj
 0001:00013270       ??_Gout_of_range@std@@UEAAPEAXI@Z 0000000180014270 f i funcs.obj
 0001:00013270       ??_Glogic_error@std@@UEAAPEAXI@Z 0000000180014270 f i funcs.obj
 0001:00013270       ??_Eout_of_range@std@@UEAAPEAXI@Z 0000000180014270 f i funcs.obj
 0001:00013890       __scrt_stub_for_acrt_thread_attach 0000000180014890 f i MSVCRT:ucrt_stubs.obj
 0001:00013890       __vcrt_thread_detach       0000000180014890 f i MSVCRT:ucrt_stubs.obj
 0001:00013890       __acrt_uninitialize_critical 0000000180014890 f i MSVCRT:ucrt_stubs.obj
 0001:00013890       __acrt_uninitialize        0000000180014890 f i MSVCRT:ucrt_stubs.obj
 0001:00013890       __scrt_stub_for_acrt_uninitialize_critical 0000000180014890 f i MSVCRT:ucrt_stubs.obj
 0001:00013890       __vcrt_initialize          0000000180014890 f i MSVCRT:ucrt_stubs.obj
 0001:00013890       __acrt_initialize          0000000180014890 f i MSVCRT:ucrt_stubs.obj
 0001:00013890       __vcrt_uninitialize        0000000180014890 f i MSVCRT:ucrt_stubs.obj
 0001:00013890       __vcrt_thread_attach       0000000180014890 f i MSVCRT:ucrt_stubs.obj
 0001:00013890       __acrt_thread_attach       0000000180014890 f i MSVCRT:ucrt_stubs.obj
 0001:00013890       __scrt_stub_for_acrt_initialize 0000000180014890 f i MSVCRT:ucrt_stubs.obj
 0001:00013890       __acrt_thread_detach       0000000180014890 f i MSVCRT:ucrt_stubs.obj
 0001:00013890       ?f_any@@YA_NIPEAX@Z        0000000180014890 f i funcs.obj
 0001:00013890       __vcrt_uninitialize_critical 0000000180014890 f i MSVCRT:ucrt_stubs.obj
 0001:00013890       __scrt_stub_for_acrt_thread_detach 0000000180014890 f i MSVCRT:ucrt_stubs.obj
 0001:00013890       __scrt_stub_for_acrt_uninitialize 0000000180014890 f i MSVCRT:ucrt_stubs.obj
 0001:000138a0       ?f_is_code@@YA_NIPEAX@Z    00000001800148a0 f i funcs.obj
 0001:000138b0       ?f_is_data@@YA_NIPEAX@Z    00000001800148b0 f i funcs.obj
 0001:000138c0       ?f_is_head@@YA_NIPEAX@Z    00000001800148c0 f i funcs.obj
 0001:000138d0       ?f_is_not_tail@@YA_NIPEAX@Z 00000001800148d0 f i funcs.obj
 0001:000138e0       ?set_range@func_tail_iterator_t@@QEAA_NII@Z 00000001800148e0 f i funcs.obj
 0001:00013940       ?sprnt@?$_qstring@D@@QEAAAEAV1@PEBDZZ 0000000180014940 f i funcs.obj
 0001:00013a00       ?what@exception@std@@UEBAPEBDXZ 0000000180014a00 f i funcs.obj
 0001:00013a20       PyInit__ida_funcs          0000000180014a20 f   funcs.obj
 0001:00015890       __local_stdio_printf_options 0000000180016890 f i funcs.obj
 0001:00015ec0       printf                     0000000180016ec0 f i funcs.obj
 0001:00015f15       qfree                      0000000180016f15 f   ida:ida.dll
 0001:00015f1b       qvsnprintf                 0000000180016f1b f   ida:ida.dll
 0001:00015f21       qvector_reserve            0000000180016f21 f   ida:ida.dll
 0001:00015f27       is_main_thread             0000000180016f27 f   ida:ida.dll
 0001:00015f2d       lock_func_range            0000000180016f2d f   ida:ida.dll
 0001:00015f33       is_func_locked             0000000180016f33 f   ida:ida.dll
 0001:00015f39       get_func                   0000000180016f39 f   ida:ida.dll
 0001:00015f3f       get_func_chunknum          0000000180016f3f f   ida:ida.dll
 0001:00015f45       getn_func                  0000000180016f45 f   ida:ida.dll
 0001:00015f4b       get_func_qty               0000000180016f4b f   ida:ida.dll
 0001:00015f51       get_func_num               0000000180016f51 f   ida:ida.dll
 0001:00015f57       get_prev_func              0000000180016f57 f   ida:ida.dll
 0001:00015f5d       get_next_func              0000000180016f5d f   ida:ida.dll
 0001:00015f63       get_func_ranges            0000000180016f63 f   ida:ida.dll
 0001:00015f69       get_func_cmt               0000000180016f69 f   ida:ida.dll
 0001:00015f6f       set_func_cmt               0000000180016f6f f   ida:ida.dll
 0001:00015f75       update_func                0000000180016f75 f   ida:ida.dll
 0001:00015f7b       add_func_ex                0000000180016f7b f   ida:ida.dll
 0001:00015f81       del_func                   0000000180016f81 f   ida:ida.dll
 0001:00015f87       set_func_start             0000000180016f87 f   ida:ida.dll
 0001:00015f8d       set_func_end               0000000180016f8d f   ida:ida.dll
 0001:00015f93       reanalyze_function         0000000180016f93 f   ida:ida.dll
 0001:00015f99       find_func_bounds           0000000180016f99 f   ida:ida.dll
 0001:00015f9f       get_func_name              0000000180016f9f f   ida:ida.dll
 0001:00015fa5       calc_func_size             0000000180016fa5 f   ida:ida.dll
 0001:00015fab       get_func_bitness           0000000180016fab f   ida:ida.dll
 0001:00015fb1       set_visible_func           0000000180016fb1 f   ida:ida.dll
 0001:00015fb7       set_func_name_if_jumpfunc  0000000180016fb7 f   ida:ida.dll
 0001:00015fbd       calc_thunk_func_target     0000000180016fbd f   ida:ida.dll
 0001:00015fc3       func_does_return           0000000180016fc3 f   ida:ida.dll
 0001:00015fc9       reanalyze_noret_flag       0000000180016fc9 f   ida:ida.dll
 0001:00015fcf       set_noret_insn             0000000180016fcf f   ida:ida.dll
 0001:00015fd5       get_fchunk                 0000000180016fd5 f   ida:ida.dll
 0001:00015fdb       getn_fchunk                0000000180016fdb f   ida:ida.dll
 0001:00015fe1       get_fchunk_qty             0000000180016fe1 f   ida:ida.dll
 0001:00015fe7       get_fchunk_num             0000000180016fe7 f   ida:ida.dll
 0001:00015fed       get_prev_fchunk            0000000180016fed f   ida:ida.dll
 0001:00015ff3       get_next_fchunk            0000000180016ff3 f   ida:ida.dll
 0001:00015ff9       append_func_tail           0000000180016ff9 f   ida:ida.dll
 0001:00015fff       remove_func_tail           0000000180016fff f   ida:ida.dll
 0001:00016005       set_tail_owner             0000000180017005 f   ida:ida.dll
 0001:0001600b       func_tail_iterator_set     000000018001700b f   ida:ida.dll
 0001:00016011       func_tail_iterator_set_ea  0000000180017011 f   ida:ida.dll
 0001:00016017       func_parent_iterator_set   0000000180017017 f   ida:ida.dll
 0001:0001601d       func_item_iterator_next    000000018001701d f   ida:ida.dll
 0001:00016023       func_item_iterator_prev    0000000180017023 f   ida:ida.dll
 0001:00016029       func_item_iterator_decode_prev_insn 0000000180017029 f   ida:ida.dll
 0001:0001602f       func_item_iterator_decode_preceding_insn 000000018001702f f   ida:ida.dll
 0001:00016035       get_prev_func_addr         0000000180017035 f   ida:ida.dll
 0001:0001603b       get_next_func_addr         000000018001703b f   ida:ida.dll
 0001:00016041       read_regargs               0000000180017041 f   ida:ida.dll
 0001:00016047       add_regarg                 0000000180017047 f   ida:ida.dll
 0001:0001604d       plan_to_apply_idasgn       000000018001704d f   ida:ida.dll
 0001:00016053       apply_idasgn_to            0000000180017053 f   ida:ida.dll
 0001:00016059       get_idasgn_qty             0000000180017059 f   ida:ida.dll
 0001:0001605f       get_current_idasgn         000000018001705f f   ida:ida.dll
 0001:00016065       calc_idasgn_state          0000000180017065 f   ida:ida.dll
 0001:0001606b       del_idasgn                 000000018001706b f   ida:ida.dll
 0001:00016071       get_idasgn_desc            0000000180017071 f   ida:ida.dll
 0001:00016077       get_idasgn_title           0000000180017077 f   ida:ida.dll
 0001:0001607d       apply_startup_sig          000000018001707d f   ida:ida.dll
 0001:00016083       try_to_add_libfunc         0000000180017083 f   ida:ida.dll
 0001:00016089       find_regvar                0000000180017089 f   ida:ida.dll
 0001:0001608f       PyW_GetNumber              000000018001708f f   python:python.dll
 0001:00016095       PyW_PyListToEaVec          0000000180017095 f   python:python.dll
 0001:0001609c       ??2@YAPEAX_K@Z             000000018001709c f   MSVCRT:new_scalar.obj
 0001:000160d8       ??_V@YAXPEAX@Z             00000001800170d8 f   MSVCRT:delete_array.obj
 0001:000160d8       ??3@YAXPEAX_K@Z            00000001800170d8 f   MSVCRT:delete_scalar_size.obj
 0001:000160e0       ??_U@YAPEAX_K@Z            00000001800170e0 f   MSVCRT:new_array.obj
 0001:00016270       _Init_thread_footer        0000000180017270 f   MSVCRT:thread_safe_statics.obj
 0001:000162d0       _Init_thread_header        00000001800172d0 f   MSVCRT:thread_safe_statics.obj
 0001:00016338       _Init_thread_notify        0000000180017338 f   MSVCRT:thread_safe_statics.obj
 0001:00016388       _Init_thread_wait          0000000180017388 f   MSVCRT:thread_safe_statics.obj
 0001:00016400       __GSHandlerCheck           0000000180017400 f   MSVCRT:gshandler.obj
 0001:00016420       __GSHandlerCheckCommon     0000000180017420 f   MSVCRT:gshandler.obj
 0001:0001647c       __GSHandlerCheck_EH        000000018001747c f   MSVCRT:gshandlereh.obj
 0001:00016510       __security_check_cookie    0000000180017510 f   MSVCRT:amdsecgs.obj
 0001:00016534       ??_Etype_info@@UEAAPEAXI@Z 0000000180017534 f i MSVCRT:std_type_info_static.obj
 0001:00016534       ??_Gtype_info@@UEAAPEAXI@Z 0000000180017534 f i MSVCRT:std_type_info_static.obj
 0001:00016890       _DllMainCRTStartup         0000000180017890 f   MSVCRT:dll_dllmain.obj
 0001:000168d0       ??0bad_alloc@std@@QEAA@AEBV01@@Z 00000001800178d0 f i MSVCRT:throw_bad_alloc.obj
 0001:00016910       ??0bad_alloc@std@@QEAA@XZ  0000000180017910 f i MSVCRT:throw_bad_alloc.obj
 0001:00016930       ??0bad_array_new_length@std@@QEAA@AEBV01@@Z 0000000180017930 f i MSVCRT:throw_bad_alloc.obj
 0001:00016970       ??0bad_array_new_length@std@@QEAA@XZ 0000000180017970 f i MSVCRT:throw_bad_alloc.obj
 0001:00016990       ?__scrt_throw_std_bad_alloc@@YAXXZ 0000000180017990 f   MSVCRT:throw_bad_alloc.obj
 0001:000169b0       ?__scrt_throw_std_bad_array_new_length@@YAXXZ 00000001800179b0 f   MSVCRT:throw_bad_alloc.obj
 0001:000169d0       ??3@YAXPEAX@Z              00000001800179d0 f   MSVCRT:delete_scalar.obj
 0001:000169d8       __scrt_acquire_startup_lock 00000001800179d8 f   MSVCRT:utility.obj
 0001:00016a14       __scrt_dllmain_after_initialize_c 0000000180017a14 f   MSVCRT:utility.obj
 0001:00016a48       __scrt_dllmain_before_initialize_c 0000000180017a48 f   MSVCRT:utility.obj
 0001:00016a60       __scrt_dllmain_crt_thread_attach 0000000180017a60 f   MSVCRT:utility.obj
 0001:00016a88       __scrt_dllmain_crt_thread_detach 0000000180017a88 f   MSVCRT:utility.obj
 0001:00016aa0       __scrt_dllmain_exception_filter 0000000180017aa0 f   MSVCRT:utility.obj
 0001:00016b00       __scrt_dllmain_uninitialize_c 0000000180017b00 f   MSVCRT:utility.obj
 0001:00016b30       __scrt_dllmain_uninitialize_critical 0000000180017b30 f   MSVCRT:utility.obj
 0001:00016b44       __scrt_initialize_crt      0000000180017b44 f   MSVCRT:utility.obj
 0001:00016b90       __scrt_initialize_onexit_tables 0000000180017b90 f   MSVCRT:utility.obj
 0001:00016c68       __scrt_is_nonwritable_in_current_image 0000000180017c68 f   MSVCRT:utility.obj
 0001:00016d04       __scrt_release_startup_lock 0000000180017d04 f   MSVCRT:utility.obj
 0001:00016d28       __scrt_uninitialize_crt    0000000180017d28 f   MSVCRT:utility.obj
 0001:00016d54       _onexit                    0000000180017d54 f   MSVCRT:utility.obj
 0001:00016da4       atexit                     0000000180017da4 f   MSVCRT:utility.obj
 0001:00016dbc       __crt_debugger_hook        0000000180017dbc f   MSVCRT:utility_desktop.obj
 0001:00016dc4       __scrt_fastfail            0000000180017dc4 f   MSVCRT:utility_desktop.obj
 0001:00016f10       _guard_check_icall_nop     0000000180017f10 f i MSVCRT:guard_support.obj
 0001:00016f14       __raise_securityfailure    0000000180017f14 f   MSVCRT:gs_report.obj
 0001:00016f48       __report_gsfailure         0000000180017f48 f   MSVCRT:gs_report.obj
 0001:00017090       __security_init_cookie     0000000180018090 f   MSVCRT:gs_support.obj
 0001:0001713c       DllMain                    000000018001813c f   MSVCRT:dll_dllmain_stub.obj
 0001:00017160       ?__scrt_initialize_type_info@@YAXXZ 0000000180018160 f   MSVCRT:tncleanup.obj
 0001:00017170       ?__scrt_uninitialize_type_info@@YAXXZ 0000000180018170 f   MSVCRT:tncleanup.obj
 0001:0001717c       __local_stdio_scanf_options 000000018001817c f i MSVCRT:default_local_stdio_options.obj
 0001:00017184       __scrt_initialize_default_local_stdio_options 0000000180018184 f   MSVCRT:default_local_stdio_options.obj
 0001:000171a0       __scrt_get_dyn_tls_init_callback 00000001800181a0 f   MSVCRT:dyn_tls_init.obj
 0001:000171a8       _RTC_Initialize            00000001800181a8 f   MSVCRT:initsect.obj
 0001:000171e4       _RTC_Terminate             00000001800181e4 f   MSVCRT:initsect.obj
 0001:00017220       __isa_available_init       0000000180018220 f   MSVCRT:cpu_disp.obj
 0001:0001739c       _get_startup_argv_mode     000000018001839c f   MSVCRT:argv_mode.obj
 0001:000173a4       __scrt_is_ucrt_dll_in_use  00000001800183a4 f   MSVCRT:ucrt_detection.obj
 0001:000173b0       IsProcessorFeaturePresent  00000001800183b0 f   kernel32:KERNEL32.dll
 0001:000173b6       strstr                     00000001800183b6 f   vcruntime:VCRUNTIME140.dll
 0001:000173bc       __std_exception_copy       00000001800183bc f   vcruntime:VCRUNTIME140.dll
 0001:000173c2       __std_exception_destroy    00000001800183c2 f   vcruntime:VCRUNTIME140.dll
 0001:000173c8       _CxxThrowException         00000001800183c8 f   vcruntime:VCRUNTIME140.dll
 0001:000173ce       __CxxFrameHandler3         00000001800183ce f   vcruntime:VCRUNTIME140.dll
 0001:000173d4       memcpy                     00000001800183d4 f   vcruntime:VCRUNTIME140.dll
 0001:000173da       memset                     00000001800183da f   vcruntime:VCRUNTIME140.dll
 0001:000173e0       __std_terminate            00000001800183e0 f   vcruntime:VCRUNTIME140.dll
 0001:000173e6       __C_specific_handler       00000001800183e6 f   vcruntime:VCRUNTIME140.dll
 0001:000173ec       __std_type_info_destroy_list 00000001800183ec f   vcruntime:VCRUNTIME140.dll
 0001:000173f2       free                       00000001800183f2 f   ucrt:api-ms-win-crt-heap-l1-1-0.dll
 0001:000173f8       malloc                     00000001800183f8 f   ucrt:api-ms-win-crt-heap-l1-1-0.dll
 0001:000173fe       _callnewh                  00000001800183fe f   ucrt:api-ms-win-crt-heap-l1-1-0.dll
 0001:00017404       _initterm                  0000000180018404 f   ucrt:api-ms-win-crt-runtime-l1-1-0.dll
 0001:0001740a       _initterm_e                000000018001840a f   ucrt:api-ms-win-crt-runtime-l1-1-0.dll
 0001:00017410       _seh_filter_dll            0000000180018410 f   ucrt:api-ms-win-crt-runtime-l1-1-0.dll
 0001:00017416       _configure_narrow_argv     0000000180018416 f   ucrt:api-ms-win-crt-runtime-l1-1-0.dll
 0001:0001741c       _initialize_narrow_environment 000000018001841c f   ucrt:api-ms-win-crt-runtime-l1-1-0.dll
 0001:00017422       _initialize_onexit_table   0000000180018422 f   ucrt:api-ms-win-crt-runtime-l1-1-0.dll
 0001:00017428       _register_onexit_function  0000000180018428 f   ucrt:api-ms-win-crt-runtime-l1-1-0.dll
 0001:0001742e       _execute_onexit_table      000000018001842e f   ucrt:api-ms-win-crt-runtime-l1-1-0.dll
 0001:00017434       _crt_atexit                0000000180018434 f   ucrt:api-ms-win-crt-runtime-l1-1-0.dll
 0001:0001743a       _cexit                     000000018001843a f   ucrt:api-ms-win-crt-runtime-l1-1-0.dll
 0001:00017440       __scrt_stub_for_is_c_termination_complete 0000000180018440 f   MSVCRT:ucrt_stubs.obj
 0001:00017440       _is_c_termination_complete 0000000180018440 f   MSVCRT:ucrt_stubs.obj
 0001:00017460       _guard_dispatch_icall_nop  0000000180018460 f   MSVCRT:guard_dispatch.obj
 0002:00000000       __imp_CloseHandle          0000000180024000     kernel32:KERNEL32.dll
 0002:00000008       __imp_EnterCriticalSection 0000000180024008     kernel32:KERNEL32.dll
 0002:00000010       __imp_LeaveCriticalSection 0000000180024010     kernel32:KERNEL32.dll
 0002:00000018       __imp_InitializeCriticalSectionAndSpinCount 0000000180024018     kernel32:KERNEL32.dll
 0002:00000020       __imp_DeleteCriticalSection 0000000180024020     kernel32:KERNEL32.dll
 0002:00000028       __imp_SetEvent             0000000180024028     kernel32:KERNEL32.dll
 0002:00000030       __imp_ResetEvent           0000000180024030     kernel32:KERNEL32.dll
 0002:00000038       __imp_WaitForSingleObjectEx 0000000180024038     kernel32:KERNEL32.dll
 0002:00000040       __imp_CreateEventW         0000000180024040     kernel32:KERNEL32.dll
 0002:00000048       __imp_GetModuleHandleW     0000000180024048     kernel32:KERNEL32.dll
 0002:00000050       __imp_GetProcAddress       0000000180024050     kernel32:KERNEL32.dll
 0002:00000058       __imp_RtlCaptureContext    0000000180024058     kernel32:KERNEL32.dll
 0002:00000060       __imp_RtlLookupFunctionEntry 0000000180024060     kernel32:KERNEL32.dll
 0002:00000068       __imp_RtlVirtualUnwind     0000000180024068     kernel32:KERNEL32.dll
 0002:00000070       __imp_IsDebuggerPresent    0000000180024070     kernel32:KERNEL32.dll
 0002:00000078       __imp_UnhandledExceptionFilter 0000000180024078     kernel32:KERNEL32.dll
 0002:00000080       __imp_SetUnhandledExceptionFilter 0000000180024080     kernel32:KERNEL32.dll
 0002:00000088       __imp_IsProcessorFeaturePresent 0000000180024088     kernel32:KERNEL32.dll
 0002:00000090       __imp_GetCurrentProcess    0000000180024090     kernel32:KERNEL32.dll
 0002:00000098       __imp_TerminateProcess     0000000180024098     kernel32:KERNEL32.dll
 0002:000000a0       __imp_QueryPerformanceCounter 00000001800240a0     kernel32:KERNEL32.dll
 0002:000000a8       __imp_GetCurrentProcessId  00000001800240a8     kernel32:KERNEL32.dll
 0002:000000b0       __imp_GetCurrentThreadId   00000001800240b0     kernel32:KERNEL32.dll
 0002:000000b8       __imp_GetSystemTimeAsFileTime 00000001800240b8     kernel32:KERNEL32.dll
 0002:000000c0       __imp_DisableThreadLibraryCalls 00000001800240c0     kernel32:KERNEL32.dll
 0002:000000c8       __imp_InitializeSListHead  00000001800240c8     kernel32:KERNEL32.dll
 0002:000000d0       \177KERNEL32_NULL_THUNK_DATA 00000001800240d0     kernel32:KERNEL32.dll
 0002:000000d8       __imp_strstr               00000001800240d8     vcruntime:VCRUNTIME140.dll
 0002:000000e0       __imp___std_exception_copy 00000001800240e0     vcruntime:VCRUNTIME140.dll
 0002:000000e8       __imp___std_exception_destroy 00000001800240e8     vcruntime:VCRUNTIME140.dll
 0002:000000f0       __imp__CxxThrowException   00000001800240f0     vcruntime:VCRUNTIME140.dll
 0002:000000f8       __imp___CxxFrameHandler3   00000001800240f8     vcruntime:VCRUNTIME140.dll
 0002:00000100       __imp_memcpy               0000000180024100     vcruntime:VCRUNTIME140.dll
 0002:00000108       __imp_memset               0000000180024108     vcruntime:VCRUNTIME140.dll
 0002:00000110       __imp___std_terminate      0000000180024110     vcruntime:VCRUNTIME140.dll
 0002:00000118       __imp___C_specific_handler 0000000180024118     vcruntime:VCRUNTIME140.dll
 0002:00000120       __imp___std_type_info_destroy_list 0000000180024120     vcruntime:VCRUNTIME140.dll
 0002:00000128       \177VCRUNTIME140_NULL_THUNK_DATA 0000000180024128     vcruntime:VCRUNTIME140.dll
 0002:00000130       __imp_malloc               0000000180024130     ucrt:api-ms-win-crt-heap-l1-1-0.dll
 0002:00000138       __imp__callnewh            0000000180024138     ucrt:api-ms-win-crt-heap-l1-1-0.dll
 0002:00000140       __imp_free                 0000000180024140     ucrt:api-ms-win-crt-heap-l1-1-0.dll
 0002:00000148       \177api-ms-win-crt-heap-l1-1-0_NULL_THUNK_DATA 0000000180024148     ucrt:api-ms-win-crt-heap-l1-1-0.dll
 0002:00000150       __imp__initterm_e          0000000180024150     ucrt:api-ms-win-crt-runtime-l1-1-0.dll
 0002:00000158       __imp__seh_filter_dll      0000000180024158     ucrt:api-ms-win-crt-runtime-l1-1-0.dll
 0002:00000160       __imp__configure_narrow_argv 0000000180024160     ucrt:api-ms-win-crt-runtime-l1-1-0.dll
 0002:00000168       __imp__initterm            0000000180024168     ucrt:api-ms-win-crt-runtime-l1-1-0.dll
 0002:00000170       __imp__initialize_onexit_table 0000000180024170     ucrt:api-ms-win-crt-runtime-l1-1-0.dll
 0002:00000178       __imp__register_onexit_function 0000000180024178     ucrt:api-ms-win-crt-runtime-l1-1-0.dll
 0002:00000180       __imp__execute_onexit_table 0000000180024180     ucrt:api-ms-win-crt-runtime-l1-1-0.dll
 0002:00000188       __imp__crt_atexit          0000000180024188     ucrt:api-ms-win-crt-runtime-l1-1-0.dll
 0002:00000190       __imp__cexit               0000000180024190     ucrt:api-ms-win-crt-runtime-l1-1-0.dll
 0002:00000198       __imp__initialize_narrow_environment 0000000180024198     ucrt:api-ms-win-crt-runtime-l1-1-0.dll
 0002:000001a0       \177api-ms-win-crt-runtime-l1-1-0_NULL_THUNK_DATA 00000001800241a0     ucrt:api-ms-win-crt-runtime-l1-1-0.dll
 0002:000001a8       __imp___acrt_iob_func      00000001800241a8     ucrt:api-ms-win-crt-stdio-l1-1-0.dll
 0002:000001b0       __imp___stdio_common_vfprintf 00000001800241b0     ucrt:api-ms-win-crt-stdio-l1-1-0.dll
 0002:000001b8       \177api-ms-win-crt-stdio-l1-1-0_NULL_THUNK_DATA 00000001800241b8     ucrt:api-ms-win-crt-stdio-l1-1-0.dll
 0002:000001c0       __imp_strncmp              00000001800241c0     ucrt:api-ms-win-crt-string-l1-1-0.dll
 0002:000001c8       \177api-ms-win-crt-string-l1-1-0_NULL_THUNK_DATA 00000001800241c8     ucrt:api-ms-win-crt-string-l1-1-0.dll
 0002:000001d0       __imp_get_current_idasgn   00000001800241d0     ida:ida.dll
 0002:000001d8       __imp_calc_idasgn_state    00000001800241d8     ida:ida.dll
 0002:000001e0       __imp_find_regvar          00000001800241e0     ida:ida.dll
 0002:000001e8       __imp_try_to_add_libfunc   00000001800241e8     ida:ida.dll
 0002:000001f0       __imp_get_idasgn_qty       00000001800241f0     ida:ida.dll
 0002:000001f8       __imp_apply_idasgn_to      00000001800241f8     ida:ida.dll
 0002:00000200       __imp_plan_to_apply_idasgn 0000000180024200     ida:ida.dll
 0002:00000208       __imp_add_regarg           0000000180024208     ida:ida.dll
 0002:00000210       __imp_apply_startup_sig    0000000180024210     ida:ida.dll
 0002:00000218       __imp_get_next_func_addr   0000000180024218     ida:ida.dll
 0002:00000220       __imp_get_prev_func_addr   0000000180024220     ida:ida.dll
 0002:00000228       __imp_func_item_iterator_decode_preceding_insn 0000000180024228     ida:ida.dll
 0002:00000230       __imp_func_item_iterator_decode_prev_insn 0000000180024230     ida:ida.dll
 0002:00000238       __imp_func_item_iterator_prev 0000000180024238     ida:ida.dll
 0002:00000240       __imp_func_item_iterator_next 0000000180024240     ida:ida.dll
 0002:00000248       __imp_func_parent_iterator_set 0000000180024248     ida:ida.dll
 0002:00000250       __imp_func_tail_iterator_set_ea 0000000180024250     ida:ida.dll
 0002:00000258       __imp_func_tail_iterator_set 0000000180024258     ida:ida.dll
 0002:00000260       __imp_set_tail_owner       0000000180024260     ida:ida.dll
 0002:00000268       __imp_get_idasgn_desc      0000000180024268     ida:ida.dll
 0002:00000270       __imp_get_idasgn_title     0000000180024270     ida:ida.dll
 0002:00000278       __imp_read_regargs         0000000180024278     ida:ida.dll
 0002:00000280       __imp_del_idasgn           0000000180024280     ida:ida.dll
 0002:00000288       __imp_remove_func_tail     0000000180024288     ida:ida.dll
 0002:00000290       __imp_append_func_tail     0000000180024290     ida:ida.dll
 0002:00000298       __imp_get_next_fchunk      0000000180024298     ida:ida.dll
 0002:000002a0       __imp_get_prev_fchunk      00000001800242a0     ida:ida.dll
 0002:000002a8       __imp_get_fchunk_num       00000001800242a8     ida:ida.dll
 0002:000002b0       __imp_get_fchunk_qty       00000001800242b0     ida:ida.dll
 0002:000002b8       __imp_getn_fchunk          00000001800242b8     ida:ida.dll
 0002:000002c0       __imp_get_fchunk           00000001800242c0     ida:ida.dll
 0002:000002c8       __imp_set_noret_insn       00000001800242c8     ida:ida.dll
 0002:000002d0       __imp_reanalyze_noret_flag 00000001800242d0     ida:ida.dll
 0002:000002d8       __imp_func_does_return     00000001800242d8     ida:ida.dll
 0002:000002e0       __imp_calc_thunk_func_target 00000001800242e0     ida:ida.dll
 0002:000002e8       __imp_set_func_name_if_jumpfunc 00000001800242e8     ida:ida.dll
 0002:000002f0       __imp_set_visible_func     00000001800242f0     ida:ida.dll
 0002:000002f8       __imp_get_func_bitness     00000001800242f8     ida:ida.dll
 0002:00000300       __imp_calc_func_size       0000000180024300     ida:ida.dll
 0002:00000308       __imp_get_func_name        0000000180024308     ida:ida.dll
 0002:00000310       __imp_find_func_bounds     0000000180024310     ida:ida.dll
 0002:00000318       __imp_reanalyze_function   0000000180024318     ida:ida.dll
 0002:00000320       __imp_set_func_end         0000000180024320     ida:ida.dll
 0002:00000328       __imp_set_func_start       0000000180024328     ida:ida.dll
 0002:00000330       __imp_del_func             0000000180024330     ida:ida.dll
 0002:00000338       __imp_add_func_ex          0000000180024338     ida:ida.dll
 0002:00000340       __imp_qfree                0000000180024340     ida:ida.dll
 0002:00000348       __imp_update_func          0000000180024348     ida:ida.dll
 0002:00000350       __imp_set_func_cmt         0000000180024350     ida:ida.dll
 0002:00000358       __imp_get_func_cmt         0000000180024358     ida:ida.dll
 0002:00000360       __imp_get_func_ranges      0000000180024360     ida:ida.dll
 0002:00000368       __imp_get_next_func        0000000180024368     ida:ida.dll
 0002:00000370       __imp_get_prev_func        0000000180024370     ida:ida.dll
 0002:00000378       __imp_get_func_num         0000000180024378     ida:ida.dll
 0002:00000380       __imp_get_func_qty         0000000180024380     ida:ida.dll
 0002:00000388       __imp_getn_func            0000000180024388     ida:ida.dll
 0002:00000390       __imp_get_func_chunknum    0000000180024390     ida:ida.dll
 0002:00000398       __imp_get_func             0000000180024398     ida:ida.dll
 0002:000003a0       __imp_is_func_locked       00000001800243a0     ida:ida.dll
 0002:000003a8       __imp_lock_func_range      00000001800243a8     ida:ida.dll
 0002:000003b0       __imp_is_main_thread       00000001800243b0     ida:ida.dll
 0002:000003b8       __imp_qvector_reserve      00000001800243b8     ida:ida.dll
 0002:000003c0       __imp_qvsnprintf           00000001800243c0     ida:ida.dll
 0002:000003c8       __imp_inf                  00000001800243c8     ida:ida.dll
 0002:000003d0       \177ida_NULL_THUNK_DATA    00000001800243d0     ida:ida.dll
 0002:000003d8       __imp_PyW_GetNumber        00000001800243d8     python:python.dll
 0002:000003e0       __imp_PyW_PyListToEaVec    00000001800243e0     python:python.dll
 0002:000003e8       \177python_NULL_THUNK_DATA 00000001800243e8     python:python.dll
 0002:000003f0       __imp_PyObject_Call        00000001800243f0     python38:python38.dll
 0002:000003f8       __imp_PyObject_CallFunctionObjArgs 00000001800243f8     python38:python38.dll
 0002:00000400       __imp_PySequence_Check     0000000180024400     python38:python38.dll
 0002:00000408       __imp_PyObject_IsInstance  0000000180024408     python38:python38.dll
 0002:00000410       __imp_PyType_Type          0000000180024410     python38:python38.dll
 0002:00000418       __imp__Py_NoneStruct       0000000180024418     python38:python38.dll
 0002:00000420       __imp__Py_NotImplementedStruct 0000000180024420     python38:python38.dll
 0002:00000428       __imp_PyBool_Type          0000000180024428     python38:python38.dll
 0002:00000430       __imp_PyCFunction_Type     0000000180024430     python38:python38.dll
 0002:00000438       __imp_PyImport_AddModule   0000000180024438     python38:python38.dll
 0002:00000440       __imp_PyExc_IndexError     0000000180024440     python38:python38.dll
 0002:00000448       __imp_PyExc_MemoryError    0000000180024448     python38:python38.dll
 0002:00000450       __imp_PyExc_OverflowError  0000000180024450     python38:python38.dll
 0002:00000458       __imp_PyExc_RuntimeError   0000000180024458     python38:python38.dll
 0002:00000460       __imp_PyExc_SyntaxError    0000000180024460     python38:python38.dll
 0002:00000468       __imp_PyExc_SystemError    0000000180024468     python38:python38.dll
 0002:00000470       __imp_PyExc_TypeError      0000000180024470     python38:python38.dll
 0002:00000478       __imp_PyExc_ValueError     0000000180024478     python38:python38.dll
 0002:00000480       __imp_PyExc_ZeroDivisionError 0000000180024480     python38:python38.dll
 0002:00000488       __imp_PyExc_IOError        0000000180024488     python38:python38.dll
 0002:00000490       __imp_PyEval_InitThreads   0000000180024490     python38:python38.dll
 0002:00000498       __imp_PyModule_Create2     0000000180024498     python38:python38.dll
 0002:000004a0       __imp_PyExc_AttributeError 00000001800244a0     python38:python38.dll
 0002:000004a8       __imp_PyModule_AddObject   00000001800244a8     python38:python38.dll
 0002:000004b0       __imp_Py_BuildValue        00000001800244b0     python38:python38.dll
 0002:000004b8       __imp_PyArg_UnpackTuple    00000001800244b8     python38:python38.dll
 0002:000004c0       __imp_PyGILState_Release   00000001800244c0     python38:python38.dll
 0002:000004c8       __imp_PyGILState_Ensure    00000001800244c8     python38:python38.dll
 0002:000004d0       __imp_PyErr_WriteUnraisable 00000001800244d0     python38:python38.dll
 0002:000004d8       __imp_PyErr_Format         00000001800244d8     python38:python38.dll
 0002:000004e0       __imp_PyErr_GivenExceptionMatches 00000001800244e0     python38:python38.dll
 0002:000004e8       __imp_PyErr_Restore        00000001800244e8     python38:python38.dll
 0002:000004f0       __imp_PyErr_Fetch          00000001800244f0     python38:python38.dll
 0002:000004f8       __imp_PyErr_Clear          00000001800244f8     python38:python38.dll
 0002:00000500       __imp_PyErr_Occurred       0000000180024500     python38:python38.dll
 0002:00000508       __imp_PyErr_SetString      0000000180024508     python38:python38.dll
 0002:00000510       __imp_PyErr_SetObject      0000000180024510     python38:python38.dll
 0002:00000518       __imp_PyCapsule_Import     0000000180024518     python38:python38.dll
 0002:00000520       __imp_PyCapsule_GetPointer 0000000180024520     python38:python38.dll
 0002:00000528       __imp_PyCapsule_New        0000000180024528     python38:python38.dll
 0002:00000530       __imp_PyModule_GetDict     0000000180024530     python38:python38.dll
 0002:00000538       __imp_PyCFunction_GetSelf  0000000180024538     python38:python38.dll
 0002:00000540       __imp_PyCFunction_GetFunction 0000000180024540     python38:python38.dll
 0002:00000548       __imp_PyDict_SetItemString 0000000180024548     python38:python38.dll
 0002:00000550       __imp_PyDict_SetItem       0000000180024550     python38:python38.dll
 0002:00000558       __imp_PyDict_GetItem       0000000180024558     python38:python38.dll
 0002:00000560       __imp_PyDict_New           0000000180024560     python38:python38.dll
 0002:00000568       __imp_PyList_Append        0000000180024568     python38:python38.dll
 0002:00000570       __imp_PyList_SetItem       0000000180024570     python38:python38.dll
 0002:00000578       __imp_PyList_New           0000000180024578     python38:python38.dll
 0002:00000580       __imp_PyTuple_SetItem      0000000180024580     python38:python38.dll
 0002:00000588       __imp_PyTuple_GetItem      0000000180024588     python38:python38.dll
 0002:00000590       __imp_PyTuple_Size         0000000180024590     python38:python38.dll
 0002:00000598       __imp_PyTuple_New          0000000180024598     python38:python38.dll
 0002:000005a0       __imp_PyBool_FromLong      00000001800245a0     python38:python38.dll
 0002:000005a8       __imp_PyLong_AsUnsignedLongLong 00000001800245a8     python38:python38.dll
 0002:000005b0       __imp_PyLong_FromUnsignedLongLong 00000001800245b0     python38:python38.dll
 0002:000005b8       __imp_PyLong_FromLongLong  00000001800245b8     python38:python38.dll
 0002:000005c0       __imp_PyLong_FromVoidPtr   00000001800245c0     python38:python38.dll
 0002:000005c8       __imp_PyLong_AsUnsignedLong 00000001800245c8     python38:python38.dll
 0002:000005d0       __imp_PyLong_AsLong        00000001800245d0     python38:python38.dll
 0002:000005d8       __imp_PyLong_FromSize_t    00000001800245d8     python38:python38.dll
 0002:000005e0       __imp_PyLong_FromUnsignedLong 00000001800245e0     python38:python38.dll
 0002:000005e8       __imp_PyLong_FromLong      00000001800245e8     python38:python38.dll
 0002:000005f0       __imp_PyUnicode_CompareWithASCIIString 00000001800245f0     python38:python38.dll
 0002:000005f8       __imp_PyUnicode_Concat     00000001800245f8     python38:python38.dll
 0002:00000600       __imp_PyUnicode_AsUTF8String 0000000180024600     python38:python38.dll
 0002:00000608       __imp_PyUnicode_DecodeUTF8 0000000180024608     python38:python38.dll
 0002:00000610       __imp_PyUnicode_FromFormat 0000000180024610     python38:python38.dll
 0002:00000618       __imp_PyUnicode_FromString 0000000180024618     python38:python38.dll
 0002:00000620       __imp_PyUnicode_FromStringAndSize 0000000180024620     python38:python38.dll
 0002:00000628       __imp_PyBytes_AsStringAndSize 0000000180024628     python38:python38.dll
 0002:00000630       __imp__PyObject_New        0000000180024630     python38:python38.dll
 0002:00000638       __imp_PyObject_Free        0000000180024638     python38:python38.dll
 0002:00000640       __imp_Py_DecRef            0000000180024640     python38:python38.dll
 0002:00000648       __imp__Py_Dealloc          0000000180024648     python38:python38.dll
 0002:00000650       __imp_PyObject_IsTrue      0000000180024650     python38:python38.dll
 0002:00000658       __imp_PyObject_GenericGetAttr 0000000180024658     python38:python38.dll
 0002:00000660       __imp_PyObject_SetAttr     0000000180024660     python38:python38.dll
 0002:00000668       __imp_PyObject_GetAttr     0000000180024668     python38:python38.dll
 0002:00000670       __imp_PyObject_GetAttrString 0000000180024670     python38:python38.dll
 0002:00000678       __imp_PyType_Modified      0000000180024678     python38:python38.dll
 0002:00000680       __imp_PyType_GetFlags      0000000180024680     python38:python38.dll
 0002:00000688       __imp_PyType_GetSlot       0000000180024688     python38:python38.dll
 0002:00000690       __imp_PyType_FromSpec      0000000180024690     python38:python38.dll
 0002:00000698       __imp_PyCFunction_GetFlags 0000000180024698     python38:python38.dll
 0002:000006a0       \177python38_NULL_THUNK_DATA 00000001800246a0     python38:python38.dll
 0002:000006a8       __guard_check_icall_fptr   00000001800246a8     MSVCRT:guard_support.obj
 0002:000006b0       __guard_dispatch_icall_fptr 00000001800246b0     MSVCRT:guard_support.obj
 0002:000006b8       __xc_a                     00000001800246b8     MSVCRT:initializers.obj
 0002:000006c0       __xc_z                     00000001800246c0     MSVCRT:initializers.obj
 0002:000006c8       __xi_a                     00000001800246c8     MSVCRT:initializers.obj
 0002:000006d8       __xi_z                     00000001800246d8     MSVCRT:initializers.obj
 0002:000006e0       __xl_a                     00000001800246e0     MSVCRT:tlssup.obj
 0002:000006e8       __xl_z                     00000001800246e8     MSVCRT:tlssup.obj
 0002:000006f0       __xp_a                     00000001800246f0     MSVCRT:initializers.obj
 0002:000006f8       __xp_z                     00000001800246f8     MSVCRT:initializers.obj
 0002:00000700       __xt_a                     0000000180024700     MSVCRT:initializers.obj
 0002:00000708       __xt_z                     0000000180024708     MSVCRT:initializers.obj
 0002:00000710       ??_C@_0BD@HPFOMLCC@func_t_llabels_set@ 0000000180024710     funcs.obj
 0002:00000728       ??_C@_0BF@ONENOCDF@func_t_regargqty_set@ 0000000180024728     funcs.obj
 0002:00000740       ??_C@_0BD@KBNAOLAP@func_t_regargs_set@ 0000000180024740     funcs.obj
 0002:00000758       ??_C@_0BD@GIJAEIFP@func_t_tailqty_set@ 0000000180024758     funcs.obj
 0002:00000770       ??_C@_0BB@IGMHLGDI@func_t_tails_set@ 0000000180024770     funcs.obj
 0002:00000788       ??_C@_0BB@NCFCGILD@func_t_owner_set@ 0000000180024788     funcs.obj
 0002:000007a0       ??_C@_0BC@MCHLJJGM@func_t_refqty_set@ 00000001800247a0     funcs.obj
 0002:000007b8       ??_C@_0BE@OLLDMELH@func_t_referers_set@ 00000001800247b8     funcs.obj
 0002:000007d0       ??_C@_0L@CJHLNCHM@new_func_t@ 00000001800247d0     funcs.obj
 0002:000007e0       ??_C@_0BA@BHPCCADO@lock_func_range@ 00000001800247e0     funcs.obj
 0002:000007f0       ??_C@_0BC@GLOOGCD@get_func_chunknum@ 00000001800247f0     funcs.obj
 0002:00000808       ??_C@_0O@DOPCECKI@func_contains@ 0000000180024808     funcs.obj
 0002:00000818       ??_C@_0N@LOKLNIFG@is_same_func@ 0000000180024818     funcs.obj
 0002:00000828       ??_C@_0N@GPPLDCJB@get_func_qty@ 0000000180024828     funcs.obj
 0002:00000838       ??_C@_0BA@GHACIDCO@get_func_ranges@ 0000000180024838     funcs.obj
 0002:00000848       ??_C@_0N@DDLCELDH@get_func_cmt@ 0000000180024848     funcs.obj
 0002:00000858       ??_C@_0N@EHAMIHHL@set_func_cmt@ 0000000180024858     funcs.obj
 0002:00000868       ??_C@_08MCGEAOCO@add_func@ 0000000180024868     funcs.obj
 0002:00000878       ??_C@_0P@KKNAKBLL@set_func_start@ 0000000180024878     funcs.obj
 0002:00000888       ??_C@_0N@CKODHEKP@set_func_end@ 0000000180024888     funcs.obj
 0002:00000898       ??_C@_0BD@GMPILOOM@reanalyze_function@ 0000000180024898     funcs.obj
 0002:000008b0       ??_C@_0BB@DIGNMLGJ@find_func_bounds@ 00000001800248b0     funcs.obj
 0002:000008c8       ??_C@_0BB@MNMMCMLD@set_visible_func@ 00000001800248c8     funcs.obj
 0002:000008e0       ??_C@_0BK@FBCHFPKM@set_func_name_if_jumpfunc@ 00000001800248e0     funcs.obj
 0002:00000900       ??_C@_0P@GACMJCJP@set_noret_insn@ 0000000180024900     funcs.obj
 0002:00000910       ??_C@_0P@DBAKIOHL@get_fchunk_qty@ 0000000180024910     funcs.obj
 0002:00000920       ??_C@_0BB@MCLMBMJG@append_func_tail@ 0000000180024920     funcs.obj
 0002:00000938       ??_C@_0BB@FPDDDOH@remove_func_tail@ 0000000180024938     funcs.obj
 0002:00000950       ??_C@_0P@OLKKDIFD@set_tail_owner@ 0000000180024950     funcs.obj
 0002:00000960       ??_C@_0BH@KNODJKIA@func_tail_iterator_set@ 0000000180024960     funcs.obj
 0002:00000978       ??_C@_0BK@PCAMIGKG@func_tail_iterator_set_ea@ 0000000180024978     funcs.obj
 0002:00000998       ??_C@_0BJ@GEONODJP@func_parent_iterator_set@ 0000000180024998     funcs.obj
 0002:000009b8       ??_C@_0BI@OCGMBJBF@func_item_iterator_next@ 00000001800249b8     funcs.obj
 0002:000009d0       ??_C@_0BI@NGLKANHB@func_item_iterator_prev@ 00000001800249d0     funcs.obj
 0002:000009e8       ??_C@_0CE@KKLDNEGB@func_item_iterator_decode_prev_@ 00000001800249e8     funcs.obj
 0002:00000a10       ??_C@_0CJ@DMJJNFDD@func_item_iterator_decode_prece@ 0000000180024a10     funcs.obj
 0002:00000a3c       ??_C@_05BFPNFOPC@f_any@    0000000180024a3c     funcs.obj
 0002:00000a48       ??_C@_0BJ@MFOINDHM@new_func_tail_iterator_t@ 0000000180024a48     funcs.obj
 0002:00000a68       ??_C@_0BJ@EFFFFCON@func_tail_iterator_t_set@ 0000000180024a68     funcs.obj
 0002:00000a88       ??_C@_0BM@JDCCJFMC@func_tail_iterator_t_set_ea@ 0000000180024a88     funcs.obj
 0002:00000aa8       ??_C@_0BP@NLEFINFC@func_tail_iterator_t_set_range@ 0000000180024aa8     funcs.obj
 0002:00000ac8       ??_C@_0BJ@KKADMGNH@new_func_item_iterator_t@ 0000000180024ac8     funcs.obj
 0002:00000ae8       ??_C@_0BJ@KFFFPLJM@func_item_iterator_t_set@ 0000000180024ae8     funcs.obj
 0002:00000b08       ??_C@_0BP@MPOOHOHB@func_item_iterator_t_set_range@ 0000000180024b08     funcs.obj
 0002:00000b28       ??_C@_0BK@CDCFJMDB@func_item_iterator_t_next@ 0000000180024b28     funcs.obj
 0002:00000b48       ??_C@_0BK@BHPDIIFF@func_item_iterator_t_prev@ 0000000180024b48     funcs.obj
 0002:00000b68       ??_C@_0CG@HKCBJGFK@func_item_iterator_t_decode_pre@ 0000000180024b68     funcs.obj
 0002:00000b90       ??_C@_0CL@KENKGFJD@func_item_iterator_t_decode_pre@ 0000000180024b90     funcs.obj
 0002:00000bbc       ??_C@_03BHDOPPEK@own@      0000000180024bbc     funcs.obj
 0002:00000bc0       ??_C@_06EFGGFDFD@disown@   0000000180024bc0     funcs.obj
 0002:00000bc8       ??_C@_0CC@CFIMIIPD@releases?5ownership?5of?5the?5point@ 0000000180024bc8     funcs.obj
 0002:00000bf0       ??_C@_07MEFPPMEF@acquire@  0000000180024bf0     funcs.obj
 0002:00000bf8       ??_C@_0CC@BAIBAPCI@acquires?5ownership?5of?5the?5point@ 0000000180024bf8     funcs.obj
 0002:00000c20       ??_C@_0CG@GKPKGEFE@returns?1sets?5ownership?5of?5the?5p@ 0000000180024c20     funcs.obj
 0002:00000c48       ??_C@_06PCICMFGG@append@   0000000180024c48     funcs.obj
 0002:00000c50       ??_C@_0BO@NCOOMDHM@appends?5another?5?8this?8?5object@ 0000000180024c50     funcs.obj
 0002:00000c70       ??_C@_04CJGEDOF@next@      0000000180024c70     funcs.obj
 0002:00000c78       ??_C@_0BP@IMIAEPNG@returns?5the?5next?5?8this?8?5object@ 0000000180024c78     funcs.obj
 0002:00000c98       ??_C@_08HJPCHLLJ@__repr__@ 0000000180024c98     funcs.obj
 0002:00000ca8       ??_C@_0BO@PNCCHPAD@returns?5object?5representation@ 0000000180024ca8     funcs.obj
 0002:00000cc8       ??_C@_0BL@EDDPKJMI@new_func_parent_iterator_t@ 0000000180024cc8     funcs.obj
 0002:00000ce8       ??_C@_0BL@KBNGFMOF@func_parent_iterator_t_set@ 0000000180024ce8     funcs.obj
 0002:00000d08       ??_C@_0CB@GBMBJNEG@func_parent_iterator_t_reset_fn@ 0000000180024d08     funcs.obj
 0002:00000d30       ??_C@_0BD@MOCAOLBC@get_prev_func_addr@ 0000000180024d30     funcs.obj
 0002:00000d48       ??_C@_0BD@HLFOKCLP@get_next_func_addr@ 0000000180024d48     funcs.obj
 0002:00000d60       ??_C@_0L@KGCILHKN@add_regarg@ 0000000180024d60     funcs.obj
 0002:00000d70       ??_C@_0BA@FCAOPLCI@apply_idasgn_to@ 0000000180024d70     funcs.obj
 0002:00000d80       ??_C@_0P@OPLHAKHI@get_idasgn_qty@ 0000000180024d80     funcs.obj
 0002:00000d90       ??_C@_0BD@FALMBPNH@get_current_idasgn@ 0000000180024d90     funcs.obj
 0002:00000da8       ??_C@_0BC@IIODLAMH@apply_startup_sig@ 0000000180024da8     funcs.obj
 0002:00000dc0       ??_C@_0BD@ICPDFLOF@get_fchunk_referer@ 0000000180024dc0     funcs.obj
 0002:00000dd8       ??_C@_0BG@POLKPLCH@stkpnt_array_data_get@ 0000000180024dd8     funcs.obj
 0002:00000df0       ??_C@_0CK@DOIECJCJ@stkpnt_array_data_get?$CIself?$CJ?5?9?$DO?5@ 0000000180024df0     funcs.obj
 0002:00000e20       ??_C@_0BH@LFIMAEIA@stkpnt_array_count_get@ 0000000180024e20     funcs.obj
 0002:00000e38       ??_C@_0CH@EFNBDGNP@stkpnt_array_count_get?$CIself?$CJ?5?9?$DO@ 0000000180024e38     funcs.obj
 0002:00000e60       ??_C@_0DA@ELFELDKC@new_stkpnt_array?$CI_data?0?5_count?$CJ@ 0000000180024e60     funcs.obj
 0002:00000e90       ??_C@_0BF@EEDAKGDK@stkpnt_array___len__@ 0000000180024e90     funcs.obj
 0002:00000ea8       ??_C@_0CF@LHBLOBDN@stkpnt_array___len__?$CIself?$CJ?5?9?$DO?5s@ 0000000180024ea8     funcs.obj
 0002:00000ed0       ??_C@_0DG@CCCDHIIA@stkpnt_array___getitem__?$CIself?0?5@ 0000000180024ed0     funcs.obj
 0002:00000f08       ??_C@_0CF@GACELJFD@stkpnt_array___setitem__?$CIself?0?5@ 0000000180024f08     funcs.obj
 0002:00000f30       ??_C@_0BE@EJEBBPDN@delete_stkpnt_array@ 0000000180024f30     funcs.obj
 0002:00000f48       ??_C@_0BK@FPGNANFM@delete_stkpnt_array?$CIself?$CJ@ 0000000180024f48     funcs.obj
 0002:00000f68       ??_C@_0BK@JCAAFOAE@stkpnt_array_swigregister@ 0000000180024f68     funcs.obj
 0002:00000f88       ??_C@_0BG@GOMAJOI@stkpnt_array_swiginit@ 0000000180024f88     funcs.obj
 0002:00000fa0       ??_C@_0BG@CCANCLAN@regvar_array_data_get@ 0000000180024fa0     funcs.obj
 0002:00000fb8       ??_C@_0CK@OHLNNNOC@regvar_array_data_get?$CIself?$CJ?5?9?$DO?5@ 0000000180024fb8     funcs.obj
 0002:00000fe8       ??_C@_0BH@GOOLHKIG@regvar_array_count_get@ 0000000180024fe8     funcs.obj
 0002:00001000       ??_C@_0CH@FKFGBFMO@regvar_array_count_get?$CIself?$CJ?5?9?$DO@ 0000000180025000     funcs.obj
 0002:00001028       ??_C@_0DA@NJIKFCBL@new_regvar_array?$CI_data?0?5_count?$CJ@ 0000000180025028     funcs.obj
 0002:00001058       ??_C@_0BF@CFONEDBE@regvar_array___len__@ 0000000180025058     funcs.obj
 0002:00001070       ??_C@_0CF@HPHPDAMH@regvar_array___len__?$CIself?$CJ?5?9?$DO?5s@ 0000000180025070     funcs.obj
 0002:00001098       ??_C@_0DG@HHLJMGCN@regvar_array___getitem__?$CIself?0?5@ 0000000180025098     funcs.obj
 0002:000010d0       ??_C@_0CF@KIEAGIKJ@regvar_array___setitem__?$CIself?0?5@ 00000001800250d0     funcs.obj
 0002:000010f8       ??_C@_0BE@BNLIEDPN@delete_regvar_array@ 00000001800250f8     funcs.obj
 0002:00001110       ??_C@_0BK@CDLNOOGD@delete_regvar_array?$CIself?$CJ@ 0000000180025110     funcs.obj
 0002:00001130       ??_C@_0BK@PEOHICOO@regvar_array_swigregister@ 0000000180025130     funcs.obj
 0002:00001150       ??_C@_0BG@NKFLNJMC@regvar_array_swiginit@ 0000000180025150     funcs.obj
 0002:00001168       ??_C@_0BF@ILCKBLPO@range_array_data_get@ 0000000180025168     funcs.obj
 0002:00001180       ??_C@_0CG@CCJOCKPD@range_array_data_get?$CIself?$CJ?5?9?$DO?5r@ 0000000180025180     funcs.obj
 0002:000011a8       ??_C@_0BG@EKPGPOBA@range_array_count_get@ 00000001800251a8     funcs.obj
 0002:000011c0       ??_C@_0CG@NFGJFHMM@range_array_count_get?$CIself?$CJ?5?9?$DO?5@ 00000001800251c0     funcs.obj
 0002:000011e8       ??_C@_0CO@CKDPHBBN@new_range_array?$CI_data?0?5_count?$CJ?5@ 00000001800251e8     funcs.obj
 0002:00001218       ??_C@_0BE@LOHDODPI@range_array___len__@ 0000000180025218     funcs.obj
 0002:00001230       ??_C@_0CE@KGFNPHDJ@range_array___len__?$CIself?$CJ?5?9?$DO?5si@ 0000000180025230     funcs.obj
 0002:00001258       ??_C@_0CM@BFMBLJJA@range_array___getitem__?$CIself?0?5i@ 0000000180025258     funcs.obj
 0002:00001288       ??_C@_0CE@HBGCKPFH@range_array___setitem__?$CIself?0?5i@ 0000000180025288     funcs.obj
 0002:000012b0       ??_C@_0BD@HOJGAGKL@delete_range_array@ 00000001800252b0     funcs.obj
 0002:000012c8       ??_C@_0BJ@GDAFHPME@delete_range_array?$CIself?$CJ@ 00000001800252c8     funcs.obj
 0002:000012e8       ??_C@_0BJ@DBJAHHBO@range_array_swigregister@ 00000001800252e8     funcs.obj
 0002:00001308       ??_C@_0BF@HDHMOJDB@range_array_swiginit@ 0000000180025308     funcs.obj
 0002:00001320       ??_C@_0BM@CHDKINMD@regarg_t_reg_set?$CIself?0?5reg?$CJ@ 0000000180025320     funcs.obj
 0002:00001340       ??_C@_0BB@JPHACPK@regarg_t_reg_get@ 0000000180025340     funcs.obj
 0002:00001358       ??_C@_0BO@JGBJEAAB@regarg_t_reg_get?$CIself?$CJ?5?9?$DO?5int@ 0000000180025358     funcs.obj
 0002:00001378       ??_C@_0BO@BCDAGJBN@regarg_t_type_set?$CIself?0?5type?$CJ@ 0000000180025378     funcs.obj
 0002:00001398       ??_C@_0BC@GPBIHJBM@regarg_t_type_get@ 0000000180025398     funcs.obj
 0002:000013b0       ??_C@_0CE@BFHNIHM@regarg_t_type_get?$CIself?$CJ?5?9?$DO?5type@ 00000001800253b0     funcs.obj
 0002:000013d8       ??_C@_0BO@JBDINHKE@regarg_t_name_set?$CIself?0?5name?$CJ@ 00000001800253d8     funcs.obj
 0002:000013f8       ??_C@_0BC@PPKBGGGD@regarg_t_name_get@ 00000001800253f8     funcs.obj
 0002:00001410       ??_C@_0CC@BDLIDAEL@regarg_t_name_get?$CIself?$CJ?5?9?$DO?5char@ 0000000180025410     funcs.obj
 0002:00001438       ??_C@_0BL@ONHPAPMP@new_regarg_t?$CI?$CJ?5?9?$DO?5regarg_t@ 0000000180025438     funcs.obj
 0002:00001458       ??_C@_0BA@LGBOOGMN@delete_regarg_t@ 0000000180025458     funcs.obj
 0002:00001468       ??_C@_0BG@CCCNANHA@delete_regarg_t?$CIself?$CJ@ 0000000180025468     funcs.obj
 0002:00001480       ??_C@_0BG@ELIDHNND@regarg_t_swigregister@ 0000000180025480     funcs.obj
 0002:00001498       ??_C@_0BC@PLAOIFDJ@regarg_t_swiginit@ 0000000180025498     funcs.obj
 0002:000014b0       ??_C@_0BO@HJPKPEFG@func_t_flags_set?$CIself?0?5flags?$CJ@ 00000001800254b0     funcs.obj
 0002:000014d0       ??_C@_0BB@FKEKIPDN@func_t_flags_get@ 00000001800254d0     funcs.obj
 0002:000014e8       ??_C@_0CB@GLIGHICF@func_t_flags_get?$CIself?$CJ?5?9?$DO?5uint6@ 00000001800254e8     funcs.obj
 0002:00001510       ??_C@_0O@PPAJFAJG@func_t_is_far@ 0000000180025510     funcs.obj
 0002:00001520       ??_C@_0BM@GCPCBLID@func_t_is_far?$CIself?$CJ?5?9?$DO?5bool@ 0000000180025520     funcs.obj
 0002:00001540       ??_C@_0BD@JOLNGKNC@func_t_does_return@ 0000000180025540     funcs.obj
 0002:00001558       ??_C@_0CB@OBHDMDAD@func_t_does_return?$CIself?$CJ?5?9?$DO?5boo@ 0000000180025558     funcs.obj
 0002:00001580       ??_C@_0BD@MLBIEHFO@func_t_analyzed_sp@ 0000000180025580     funcs.obj
 0002:00001598       ??_C@_0CB@FFBLCECJ@func_t_analyzed_sp?$CIself?$CJ?5?9?$DO?5boo@ 0000000180025598     funcs.obj
 0002:000015c0       ??_C@_0BM@LFFGJLEJ@func_t_need_prolog_analysis@ 00000001800255c0     funcs.obj
 0002:000015e0       ??_C@_0CK@BADIAEAD@func_t_need_prolog_analysis?$CIsel@ 00000001800255e0     funcs.obj
 0002:00001610       ??_C@_0BO@IMPOAOPN@func_t_frame_set?$CIself?0?5frame?$CJ@ 0000000180025610     funcs.obj
 0002:00001630       ??_C@_0BB@EPLHKIBG@func_t_frame_get@ 0000000180025630     funcs.obj
 0002:00001648       ??_C@_0CB@BAGKMHBB@func_t_frame_get?$CIself?$CJ?5?9?$DO?5uval_@ 0000000180025648     funcs.obj
 0002:00001670       ??_C@_0CA@OEMKPMPB@func_t_frsize_set?$CIself?0?5frsize?$CJ@ 0000000180025670     funcs.obj
 0002:00001690       ??_C@_0BC@KLHPOAGB@func_t_frsize_get@ 0000000180025690     funcs.obj
 0002:000016a8       ??_C@_0CD@GHPLMECG@func_t_frsize_get?$CIself?$CJ?5?9?$DO?5asiz@ 00000001800256a8     funcs.obj
 0002:000016d0       ??_C@_0CA@KJPPGHEO@func_t_frregs_set?$CIself?0?5frregs?$CJ@ 00000001800256d0     funcs.obj
 0002:000016f0       ??_C@_0BC@DICNPNOF@func_t_frregs_get@ 00000001800256f0     funcs.obj
 0002:00001708       ??_C@_0CC@IIKLINOB@func_t_frregs_get?$CIself?$CJ?5?9?$DO?5usho@ 0000000180025708     funcs.obj
 0002:00001730       ??_C@_0CC@OBPINLGI@func_t_argsize_set?$CIself?0?5argsiz@ 0000000180025730     funcs.obj
 0002:00001758       ??_C@_0BD@PCIBJOIB@func_t_argsize_get@ 0000000180025758     funcs.obj
 0002:00001770       ??_C@_0CE@HNIDBLMN@func_t_argsize_get?$CIself?$CJ?5?9?$DO?5asi@ 0000000180025770     funcs.obj
 0002:00001798       ??_C@_0BK@EJFGMJMB@func_t_fpd_set?$CIself?0?5fpd?$CJ@ 0000000180025798     funcs.obj
 0002:000017b8       ??_C@_0P@EEIGEMFC@func_t_fpd_get@ 00000001800257b8     funcs.obj
 0002:000017c8       ??_C@_0CA@IGOAJICB@func_t_fpd_get?$CIself?$CJ?5?9?$DO?5asize_t@ 00000001800257c8     funcs.obj
 0002:000017e8       ??_C@_0BO@NBAPBBII@func_t_color_set?$CIself?0?5color?$CJ@ 00000001800257e8     funcs.obj
 0002:00001808       ??_C@_0BB@OGFIPAKP@func_t_color_get@ 0000000180025808     funcs.obj
 0002:00001820       ??_C@_0CE@CKNOACKA@func_t_color_get?$CIself?$CJ?5?9?$DO?5bgcol@ 0000000180025820     funcs.obj
 0002:00001848       ??_C@_0CA@DHIIALLO@func_t_pntqty_set?$CIself?0?5pntqty?$CJ@ 0000000180025848     funcs.obj
 0002:00001868       ??_C@_0BC@DPLKHBGF@func_t_pntqty_get@ 0000000180025868     funcs.obj
 0002:00001880       ??_C@_0CC@FPDFENOL@func_t_pntqty_get?$CIself?$CJ?5?9?$DO?5uint@ 0000000180025880     funcs.obj
 0002:000018a8       ??_C@_0CA@PICJINPP@func_t_points_set?$CIself?0?5points?$CJ@ 00000001800258a8     funcs.obj
 0002:000018c8       ??_C@_0BC@IJPHLPJM@func_t_points_get@ 00000001800258c8     funcs.obj
 0002:000018e0       ??_C@_0CG@DEFNOFCK@func_t_points_get?$CIself?$CJ?5?9?$DO?5stkp@ 00000001800258e0     funcs.obj
 0002:00001908       ??_C@_0CG@NPJDIPIN@func_t_regvarqty_set?$CIself?0?5regv@ 0000000180025908     funcs.obj
 0002:00001930       ??_C@_0BF@JPDFMOGA@func_t_regvarqty_get@ 0000000180025930     funcs.obj
 0002:00001948       ??_C@_0CC@NIPFFNGE@func_t_regvarqty_get?$CIself?$CJ?5?9?$DO?5i@ 0000000180025948     funcs.obj
 0002:00001970       ??_C@_0CC@MMBIJPAN@func_t_regvars_set?$CIself?0?5regvar@ 0000000180025970     funcs.obj
 0002:00001998       ??_C@_0BD@HBNIIBNO@func_t_regvars_get@ 0000000180025998     funcs.obj
 0002:000019b0       ??_C@_0CH@PAGJGCBE@func_t_regvars_get?$CIself?$CJ?5?9?$DO?5reg@ 00000001800259b0     funcs.obj
 0002:000019d8       ??_C@_0CG@PHEDLFD@func_t_llabelqty_set?$CIself?0?5llab@ 00000001800259d8     funcs.obj
 0002:00001a00       ??_C@_0BF@CJHCIGFE@func_t_llabelqty_get@ 0000000180025a00     funcs.obj
 0002:00001a18       ??_C@_0CC@FFMBOMMB@func_t_llabelqty_get?$CIself?$CJ?5?9?$DO?5i@ 0000000180025a18     funcs.obj
 0002:00001a40       ??_C@_0CC@IELAFPLL@func_t_llabels_set?$CIself?0?5llabel@ 0000000180025a40     funcs.obj
 0002:00001a68       ??_C@_0BD@KACFALOK@func_t_llabels_get@ 0000000180025a68     funcs.obj
 0002:00001a80       ??_C@_0CH@GMCDFOD@func_t_llabels_get?$CIself?$CJ?5?9?$DO?5lla@ 0000000180025a80     funcs.obj
 0002:00001aa8       ??_C@_0CG@DJKNGNOA@func_t_regargqty_set?$CIself?0?5rega@ 0000000180025aa8     funcs.obj
 0002:00001ad0       ??_C@_0BF@DCDGCCPN@func_t_regargqty_get@ 0000000180025ad0     funcs.obj
 0002:00001ae8       ??_C@_0CC@DGPBHNO@func_t_regargqty_get?$CIself?$CJ?5?9?$DO?5i@ 0000000180025ae8     funcs.obj
 0002:00001b10       ??_C@_0CC@EJNGKNGL@func_t_regargs_set?$CIself?0?5regarg@ 0000000180025b10     funcs.obj
 0002:00001b38       ??_C@_0BD@HOKLCLMH@func_t_regargs_get@ 0000000180025b38     funcs.obj
 0002:00001b50       ??_C@_0CF@EANEKECM@func_t_regargs_get?$CIself?$CJ?5?9?$DO?5reg@ 0000000180025b50     funcs.obj
 0002:00001b78       ??_C@_0CC@JGNDJABG@func_t_tailqty_set?$CIself?0?5tailqt@ 0000000180025b78     funcs.obj
 0002:00001ba0       ??_C@_0BD@LHOLIIJH@func_t_tailqty_get@ 0000000180025ba0     funcs.obj
 0002:00001bb8       ??_C@_0CA@GBOFJACG@func_t_tailqty_get?$CIself?$CJ?5?9?$DO?5int@ 0000000180025bb8     funcs.obj
 0002:00001bd8       ??_C@_0BO@NLPKLAME@func_t_tails_set?$CIself?0?5tails?$CJ@ 0000000180025bd8     funcs.obj
 0002:00001bf8       ??_C@_0BB@FJLMHGPA@func_t_tails_get@ 0000000180025bf8     funcs.obj
 0002:00001c10       ??_C@_0CC@DOLIEGGP@func_t_tails_get?$CIself?$CJ?5?9?$DO?5range@ 0000000180025c10     funcs.obj
 0002:00001c38       ??_C@_0BO@EPNHGHLJ@func_t_owner_set?$CIself?0?5owner?$CJ@ 0000000180025c38     funcs.obj
 0002:00001c58       ??_C@_0BB@NCJKIHL@func_t_owner_get@ 0000000180025c58     funcs.obj
 0002:00001c70       ??_C@_0BP@KHCKFCFC@func_t_owner_get?$CIself?$CJ?5?9?$DO?5ea_t@ 0000000180025c70     funcs.obj
 0002:00001c90       ??_C@_0CA@MPCFBNMH@func_t_refqty_set?$CIself?0?5refqty?$CJ@ 0000000180025c90     funcs.obj
 0002:00001cb0       ??_C@_0BC@BNAAFJKE@func_t_refqty_get@ 0000000180025cb0     funcs.obj
 0002:00001cc8       ??_C@_0BP@KGCBNGLP@func_t_refqty_get?$CIself?$CJ?5?9?$DO?5int@ 0000000180025cc8     funcs.obj
 0002:00001ce8       ??_C@_0CE@HAAINNFM@func_t_referers_set?$CIself?0?5refer@ 0000000180025ce8     funcs.obj
 0002:00001d10       ??_C@_0BE@DEMIAEHP@func_t_referers_get@ 0000000180025d10     funcs.obj
 0002:00001d28       ??_C@_0CE@BPAFGPNA@func_t_referers_get?$CIself?$CJ?5?9?$DO?5ea@ 0000000180025d28     funcs.obj
 0002:00001d50       ??_C@_0CK@DDOHMNMB@new_func_t?$CIstart?$DN0?0?5end?$DN0?0?5f?$DN0?$CJ@ 0000000180025d50     funcs.obj
 0002:00001d80       ??_C@_0BG@JLNICFLN@func_t___get_points__@ 0000000180025d80     funcs.obj
 0002:00001d98       ??_C@_0CM@DBNBMJHC@func_t___get_points__?$CIself?$CJ?5?9?$DO?5@ 0000000180025d98     funcs.obj
 0002:00001dc8       ??_C@_0BH@NMJHGGKJ@func_t___get_regvars__@ 0000000180025dc8     funcs.obj
 0002:00001de0       ??_C@_0CN@FBNADELF@func_t___get_regvars__?$CIself?$CJ?5?9?$DO@ 0000000180025de0     funcs.obj
 0002:00001e10       ??_C@_0BF@EFAGOAFP@func_t___get_tails__@ 0000000180025e10     funcs.obj
 0002:00001e28       ??_C@_0CK@FKBKOOKF@func_t___get_tails__?$CIself?$CJ?5?9?$DO?5r@ 0000000180025e28     funcs.obj
 0002:00001e58       ??_C@_0O@FBMJFFME@delete_func_t@ 0000000180025e58     funcs.obj
 0002:00001e68       ??_C@_0BE@EFGLGJHJ@delete_func_t?$CIself?$CJ@ 0000000180025e68     funcs.obj
 0002:00001e80       ??_C@_0BE@BJBMIFAE@func_t_swigregister@ 0000000180025e80     funcs.obj
 0002:00001e98       ??_C@_0BA@NHNBOJAC@func_t_swiginit@ 0000000180025e98     funcs.obj
 0002:00001ea8       ??_C@_0O@MBKJELHO@is_func_entry@ 0000000180025ea8     funcs.obj
 0002:00001eb8       ??_C@_0BL@DLOEIBON@is_func_entry?$CIpfn?$CJ?5?9?$DO?5bool@ 0000000180025eb8     funcs.obj
 0002:00001ed8       ??_C@_0N@CENDLNDO@is_func_tail@ 0000000180025ed8     funcs.obj
 0002:00001ee8       ??_C@_0BK@OAJPJHPA@is_func_tail?$CIpfn?$CJ?5?9?$DO?5bool@ 0000000180025ee8     funcs.obj
 0002:00001f08       ??_C@_0BL@HPBPODOP@lock_func_range?$CIpfn?0?5lock?$CJ@ 0000000180025f08     funcs.obj
 0002:00001f28       ??_C@_0O@OFEMNHKG@new_lock_func@ 0000000180025f28     funcs.obj
 0002:00001f38       ??_C@_0CB@CLBCKOLB@new_lock_func?$CI_pfn?$CJ?5?9?$DO?5lock_fun@ 0000000180025f38     funcs.obj
 0002:00001f60       ??_C@_0BB@HPKMKEFK@delete_lock_func@ 0000000180025f60     funcs.obj
 0002:00001f78       ??_C@_0BH@CJHIALHM@delete_lock_func?$CIself?$CJ@ 0000000180025f78     funcs.obj
 0002:00001f90       ??_C@_0BH@CPDICBMN@lock_func_swigregister@ 0000000180025f90     funcs.obj
 0002:00001fa8       ??_C@_0BD@JCJGEMBC@lock_func_swiginit@ 0000000180025fa8     funcs.obj
 0002:00001fc0       ??_C@_0P@CMEMEDG@is_func_locked@ 0000000180025fc0     funcs.obj
 0002:00001fd0       ??_C@_0BM@MGPBFNCH@is_func_locked?$CIpfn?$CJ?5?9?$DO?5bool@ 0000000180025fd0     funcs.obj
 0002:00001ff0       ??_C@_08BKAKOLPE@get_func@ 0000000180025ff0     funcs.obj
 0002:00002000       ??_C@_0BH@DFFAMJCF@get_func?$CIea?$CJ?5?9?$DO?5func_t@ 0000000180026000     funcs.obj
 0002:00002018       ??_C@_0CC@IEKANDFD@get_func_chunknum?$CIpfn?0?5ea?$CJ?5?9?$DO?5i@ 0000000180026018     funcs.obj
 0002:00002040       ??_C@_0BP@GDMFBDDE@func_contains?$CIpfn?0?5ea?$CJ?5?9?$DO?5bool@ 0000000180026040     funcs.obj
 0002:00002060       ??_C@_0BP@DIDKPKM@is_same_func?$CIea1?0?5ea2?$CJ?5?9?$DO?5bool@ 0000000180026060     funcs.obj
 0002:00002080       ??_C@_09HBPLFCJG@getn_func@ 0000000180026080     funcs.obj
 0002:00002090       ??_C@_0BH@OLAABING@getn_func?$CIn?$CJ?5?9?$DO?5func_t@ 0000000180026090     funcs.obj
 0002:000020a8       ??_C@_0BJ@MCAHLMOB@get_func_qty?$CI?$CJ?5?9?$DO?5size_t@ 00000001800260a8     funcs.obj
 0002:000020c8       ??_C@_0N@EIONMIDK@get_func_num@ 00000001800260c8     funcs.obj
 0002:000020d8       ??_C@_0BI@FIPMLPGB@get_func_num?$CIea?$CJ?5?9?$DO?5int@ 00000001800260d8     funcs.obj
 0002:000020f0       ??_C@_0O@JMPPMKNP@get_prev_func@ 00000001800260f0     funcs.obj
 0002:00002100       ??_C@_0BM@JKJOHOLI@get_prev_func?$CIea?$CJ?5?9?$DO?5func_t@ 0000000180026100     funcs.obj
 0002:00002120       ??_C@_0O@BNBIGBOP@get_next_func@ 0000000180026120     funcs.obj
 0002:00002130       ??_C@_0BM@EPPHOLHF@get_next_func?$CIea?$CJ?5?9?$DO?5func_t@ 0000000180026130     funcs.obj
 0002:00002150       ??_C@_0CF@OAOFEKEP@get_func_ranges?$CIranges?0?5pfn?$CJ?5?9?$DO@ 0000000180026150     funcs.obj
 0002:00002178       ??_C@_0CJ@EEHLBIEP@get_func_cmt?$CIpfn?0?5repeatable?$CJ?5?9@ 0000000180026178     funcs.obj
 0002:000021a8       ??_C@_0CL@GKMEBODJ@set_func_cmt?$CIpfn?0?5cmt?0?5repeatab@ 00000001800261a8     funcs.obj
 0002:000021d8       ??_C@_0M@BPLDOGGN@update_func@ 00000001800261d8     funcs.obj
 0002:000021e8       ??_C@_0BJ@NJPBNNLK@update_func?$CIpfn?$CJ?5?9?$DO?5bool@ 00000001800261e8     funcs.obj
 0002:00002208       ??_C@_0M@NMBLAGCG@add_func_ex@ 0000000180026208     funcs.obj
 0002:00002218       ??_C@_0BJ@BDBGBOPF@add_func_ex?$CIpfn?$CJ?5?9?$DO?5bool@ 0000000180026218     funcs.obj
 0002:00002238       ??_C@_0CD@BEJBMHPO@add_func?$CIea1?0?5ea2?$DNBADADDR?$CJ?5?9?$DO?5b@ 0000000180026238     funcs.obj
 0002:00002260       ??_C@_08HHLGAFJI@del_func@ 0000000180026260     funcs.obj
 0002:00002270       ??_C@_0BF@GCDGKKHD@del_func?$CIea?$CJ?5?9?$DO?5bool@ 0000000180026270     funcs.obj
 0002:00002288       ??_C@_0CE@KMEDDBAG@set_func_start?$CIea?0?5newstart?$CJ?5?9?$DO@ 0000000180026288     funcs.obj
 0002:000022b0       ??_C@_0CB@DFHPPACD@set_func_end?$CIea?0?5newend?$CJ?5?9?$DO?5boo@ 00000001800262b0     funcs.obj
 0002:000022e0       ??_C@_0ED@OOPHPPIO@reanalyze_function?$CIpfn?0?5ea1?$DN0?0?5@ 00000001800262e0     funcs.obj
 0002:00002328       ??_C@_0CE@NKCNBEKM@find_func_bounds?$CInfn?0?5flags?$CJ?5?9?$DO@ 0000000180026328     funcs.obj
 0002:00002350       ??_C@_0O@BLFGLFA@get_func_name@ 0000000180026350     funcs.obj
 0002:00002360       ??_C@_0BN@LODGFGNN@get_func_name?$CIea?$CJ?5?9?$DO?5ssize_t@ 0000000180026360     funcs.obj
 0002:00002380       ??_C@_0P@BHOELFOO@calc_func_size@ 0000000180026380     funcs.obj
 0002:00002390       ??_C@_0BP@PDLCMFJC@calc_func_size?$CIpfn?$CJ?5?9?$DO?5asize_t@ 0000000180026390     funcs.obj
 0002:000023b0       ??_C@_0BB@DIKKBJLJ@get_func_bitness@ 00000001800263b0     funcs.obj
 0002:000023c8       ??_C@_0BN@GENMLFEH@get_func_bitness?$CIpfn?$CJ?5?9?$DO?5int@ 00000001800263c8     funcs.obj
 0002:000023e8       ??_C@_0O@OJOIDJG@get_func_bits@ 00000001800263e8     funcs.obj
 0002:000023f8       ??_C@_0BK@JPCMDAE@get_func_bits?$CIpfn?$CJ?5?9?$DO?5int@ 00000001800263f8     funcs.obj
 0002:00002418       ??_C@_0P@GFDLMKIH@get_func_bytes@ 0000000180026418     funcs.obj
 0002:00002428       ??_C@_0BL@KCANJLBB@get_func_bytes?$CIpfn?$CJ?5?9?$DO?5int@ 0000000180026428     funcs.obj
 0002:00002448       ??_C@_0BA@ODJFNPHO@is_visible_func@ 0000000180026448     funcs.obj
 0002:00002458       ??_C@_0BN@DNOFDCLI@is_visible_func?$CIpfn?$CJ?5?9?$DO?5bool@ 0000000180026458     funcs.obj
 0002:00002478       ??_C@_0BI@KGDJMFAA@is_finally_visible_func@ 0000000180026478     funcs.obj
 0002:00002490       ??_C@_0CF@BICMKDHK@is_finally_visible_func?$CIpfn?$CJ?5?9?$DO@ 0000000180026490     funcs.obj
 0002:000024b8       ??_C@_0BP@GFCAACDB@set_visible_func?$CIpfn?0?5visible?$CJ@ 00000001800264b8     funcs.obj
 0002:000024d8       ??_C@_0CP@JHKDELG@set_func_name_if_jumpfunc?$CIpfn?0?5@ 00000001800264d8     funcs.obj
 0002:00002508       ??_C@_0BH@EFJBDLII@calc_thunk_func_target@ 0000000180026508     funcs.obj
 0002:00002520       ??_C@_0CE@CMBNFDJP@calc_thunk_func_target?$CIpfn?$CJ?5?9?$DO?5@ 0000000180026520     funcs.obj
 0002:00002548       ??_C@_0BB@HDBNMCPB@func_does_return@ 0000000180026548     funcs.obj
 0002:00002560       ??_C@_0CB@PBNNECEG@func_does_return?$CIcallee?$CJ?5?9?$DO?5boo@ 0000000180026560     funcs.obj
 0002:00002588       ??_C@_0BF@MOFFBECI@reanalyze_noret_flag@ 0000000180026588     funcs.obj
 0002:000025a0       ??_C@_0CB@EBLCCICI@reanalyze_noret_flag?$CIea?$CJ?5?9?$DO?5boo@ 00000001800265a0     funcs.obj
 0002:000025c8       ??_C@_0CH@IFCPEDB@set_noret_insn?$CIinsn_ea?0?5noret?$CJ?5@ 00000001800265c8     funcs.obj
 0002:000025f0       ??_C@_0L@KMPFENGA@get_fchunk@ 00000001800265f0     funcs.obj
 0002:00002600       ??_C@_0BJ@PLOLOBCK@get_fchunk?$CIea?$CJ?5?9?$DO?5func_t@ 0000000180026600     funcs.obj
 0002:00002620       ??_C@_0M@EJIDCEJM@getn_fchunk@ 0000000180026620     funcs.obj
 0002:00002630       ??_C@_0BJ@CFONCLJO@getn_fchunk?$CIn?$CJ?5?9?$DO?5func_t@ 0000000180026630     funcs.obj
 0002:00002650       ??_C@_0BL@HACKMGGP@get_fchunk_qty?$CI?$CJ?5?9?$DO?5size_t@ 0000000180026650     funcs.obj
 0002:00002670       ??_C@_0P@BGBMHENA@get_fchunk_num@ 0000000180026670     funcs.obj
 0002:00002680       ??_C@_0BK@MIINBJNI@get_fchunk_num?$CIea?$CJ?5?9?$DO?5int@ 0000000180026680     funcs.obj
 0002:000026a0       ??_C@_0BA@JGOMCGKC@get_prev_fchunk@ 00000001800266a0     funcs.obj
 0002:000026b0       ??_C@_0BO@GKABJMJM@get_prev_fchunk?$CIea?$CJ?5?9?$DO?5func_t@ 00000001800266b0     funcs.obj
 0002:000026d0       ??_C@_0BA@IKOOLNG@get_next_fchunk@ 00000001800266d0     funcs.obj
 0002:000026e0       ??_C@_0BO@JEDAIHDN@get_next_fchunk?$CIea?$CJ?5?9?$DO?5func_t@ 00000001800266e0     funcs.obj
 0002:00002700       ??_C@_0CI@HNFBBFCG@append_func_tail?$CIpfn?0?5ea1?0?5ea2?$CJ@ 0000000180026700     funcs.obj
 0002:00002728       ??_C@_0CH@JALAHIFK@remove_func_tail?$CIpfn?0?5tail_ea?$CJ?5@ 0000000180026728     funcs.obj
 0002:00002750       ??_C@_0CI@HCJOPIII@set_tail_owner?$CIfnt?0?5func_start?$CJ@ 0000000180026750     funcs.obj
 0002:00002778       ??_C@_0CN@KBLGPGEK@func_tail_iterator_set?$CIfti?0?5pfn@ 0000000180026778     funcs.obj
 0002:000027a8       ??_C@_0CL@IDCHDNOF@func_tail_iterator_set_ea?$CIfti?0?5@ 00000001800267a8     funcs.obj
 0002:000027d8       ??_C@_0CL@NHMPADGO@func_parent_iterator_set?$CIfpi?0?5p@ 00000001800267d8     funcs.obj
 0002:00002808       ??_C@_0DA@EBIAMFPA@func_item_iterator_next?$CIfii?0?5te@ 0000000180026808     funcs.obj
 0002:00002838       ??_C@_0DA@GBNCDJPJ@func_item_iterator_prev?$CIfii?0?5te@ 0000000180026838     funcs.obj
 0002:00002868       ??_C@_0DG@ODBKNEJC@func_item_iterator_decode_prev_@ 0000000180026868     funcs.obj
 0002:000028a0       ??_C@_0EO@DHPHJLFA@func_item_iterator_decode_prece@ 00000001800268a0     funcs.obj
 0002:000028f0       ??_C@_0BK@OGCPKNBF@f_any?$CIarg1?0?5arg2?$CJ?5?9?$DO?5bool@ 00000001800268f0     funcs.obj
 0002:00002910       ??_C@_0FM@HNFJGJIG@?6func_tail_iterator_t?$CI?$CJ?6new_fun@ 0000000180026910     funcs.obj
 0002:00002970       ??_C@_0BM@NPDJDBJO@delete_func_tail_iterator_t@ 0000000180026970     funcs.obj
 0002:00002990       ??_C@_0CC@OJABLDEI@delete_func_tail_iterator_t?$CIsel@ 0000000180026990     funcs.obj
 0002:000029b8       ??_C@_0DJ@FCPMILMO@func_tail_iterator_t_set?$CIself?0?5@ 00000001800269b8     funcs.obj
 0002:000029f8       ??_C@_0CO@GFGLNDKG@func_tail_iterator_t_set_ea?$CIsel@ 00000001800269f8     funcs.obj
 0002:00002a28       ??_C@_0DH@LOBFBFPP@func_tail_iterator_t_set_range?$CI@ 0000000180026a28     funcs.obj
 0002:00002a60       ??_C@_0BL@OJAPANCF@func_tail_iterator_t_chunk@ 0000000180026a60     funcs.obj
 0002:00002a80       ??_C@_0CM@EMIJFGD@func_tail_iterator_t_chunk?$CIself@ 0000000180026a80     funcs.obj
 0002:00002ab0       ??_C@_0BL@MANBLDCC@func_tail_iterator_t_first@ 0000000180026ab0     funcs.obj
 0002:00002ad0       ??_C@_0CJ@KBIKFAIB@func_tail_iterator_t_first?$CIself@ 0000000180026ad0     funcs.obj
 0002:00002b00       ??_C@_0BK@PNDAPGOE@func_tail_iterator_t_last@ 0000000180026b00     funcs.obj
 0002:00002b20       ??_C@_0CI@LOOGIAA@func_tail_iterator_t_last?$CIself?$CJ@ 0000000180026b20     funcs.obj
 0002:00002b48       ??_C@_0BK@EMHNNDC@func_tail_iterator_t_next@ 0000000180026b48     funcs.obj
 0002:00002b68       ??_C@_0CI@MBHIKNON@func_tail_iterator_t_next?$CIself?$CJ@ 0000000180026b68     funcs.obj
 0002:00002b90       ??_C@_0BK@DABBMJFG@func_tail_iterator_t_prev@ 0000000180026b90     funcs.obj
 0002:00002bb0       ??_C@_0CI@LIFMJAB@func_tail_iterator_t_prev?$CIself?$CJ@ 0000000180026bb0     funcs.obj
 0002:00002bd8       ??_C@_0BK@GBMMADCJ@func_tail_iterator_t_main@ 0000000180026bd8     funcs.obj
 0002:00002bf8       ??_C@_0CI@OLOFCKMO@func_tail_iterator_t_main?$CIself?$CJ@ 0000000180026bf8     funcs.obj
 0002:00002c20       ??_C@_0CC@GKPGPMHA@func_tail_iterator_t_swigregist@ 0000000180026c20     funcs.obj
 0002:00002c48       ??_C@_0BO@DINBLOLH@func_tail_iterator_t_swiginit@ 0000000180026c48     funcs.obj
 0002:00002c70       ??_C@_0FM@EIFDLLD@?6func_item_iterator_t?$CI?$CJ?6new_fun@ 0000000180026c70     funcs.obj
 0002:00002cd0       ??_C@_0DJ@FGGHABBK@func_item_iterator_t_set?$CIself?0?5@ 0000000180026cd0     funcs.obj
 0002:00002d10       ??_C@_0DH@HNKFJEAP@func_item_iterator_t_set_range?$CI@ 0000000180026d10     funcs.obj
 0002:00002d48       ??_C@_0BL@FJPPAANJ@func_item_iterator_t_first@ 0000000180026d48     funcs.obj
 0002:00002d68       ??_C@_0CJ@MOCNFEAK@func_item_iterator_t_first?$CIself@ 0000000180026d68     funcs.obj
 0002:00002d98       ??_C@_0BK@NKNCLHOH@func_item_iterator_t_last@ 0000000180026d98     funcs.obj
 0002:00002db8       ??_C@_0CI@BMJNACNG@func_item_iterator_t_last?$CIself?$CJ@ 0000000180026db8     funcs.obj
 0002:00002de0       ??_C@_0BN@GELLJMOF@func_item_iterator_t_current@ 0000000180026de0     funcs.obj
 0002:00002e00       ??_C@_0CL@OFMNOHNL@func_item_iterator_t_current?$CIse@ 0000000180026e00     funcs.obj
 0002:00002e30       ??_C@_0BL@HACBLONO@func_item_iterator_t_chunk@ 0000000180026e30     funcs.obj
 0002:00002e50       ??_C@_0CM@MFHGJCCC@func_item_iterator_t_chunk?$CIself@ 0000000180026e50     funcs.obj
 0002:00002e80       ??_C@_0DC@JKAAINIL@func_item_iterator_t_next?$CIself?0@ 0000000180026e80     funcs.obj
 0002:00002eb8       ??_C@_0DC@LKFCHBIC@func_item_iterator_t_prev?$CIself?0@ 0000000180026eb8     funcs.obj
 0002:00002ef0       ??_C@_0BP@FEOBMAED@func_item_iterator_t_next_addr@ 0000000180026ef0     funcs.obj
 0002:00002f10       ??_C@_0CN@MKIBJKEG@func_item_iterator_t_next_addr?$CI@ 0000000180026f10     funcs.obj
 0002:00002f40       ??_C@_0BP@PLBOLCGL@func_item_iterator_t_next_head@ 0000000180026f40     funcs.obj
 0002:00002f60       ??_C@_0CN@LKIIAKIM@func_item_iterator_t_next_head?$CI@ 0000000180026f60     funcs.obj
 0002:00002f90       ??_C@_0BP@PMKDJALE@func_item_iterator_t_next_code@ 0000000180026f90     funcs.obj
 0002:00002fb0       ??_C@_0CN@FIDMCJDC@func_item_iterator_t_next_code?$CI@ 0000000180026fb0     funcs.obj
 0002:00002fe0       ??_C@_0BP@NGBGFNOD@func_item_iterator_t_next_data@ 0000000180026fe0     funcs.obj
 0002:00003000       ??_C@_0CN@MIEPGFAK@func_item_iterator_t_next_data?$CI@ 0000000180027000     funcs.obj
 0002:00003030       ??_C@_0CD@GMNEGNBP@func_item_iterator_t_next_not_t@ 0000000180027030     funcs.obj
 0002:00003058       ??_C@_0DB@INGECFCH@func_item_iterator_t_next_not_t@ 0000000180027058     funcs.obj
 0002:00003090       ??_C@_0BP@NFAGGLHD@func_item_iterator_t_prev_addr@ 0000000180027090     funcs.obj
 0002:000030b0       ??_C@_0CN@BPOIAPIL@func_item_iterator_t_prev_addr?$CI@ 00000001800270b0     funcs.obj
 0002:000030e0       ??_C@_0BP@HKPJBJFL@func_item_iterator_t_prev_head@ 00000001800270e0     funcs.obj
 0002:00003100       ??_C@_0CN@GPOBJPEB@func_item_iterator_t_prev_head?$CI@ 0000000180027100     funcs.obj
 0002:00003130       ??_C@_0BP@HNEEDLIE@func_item_iterator_t_prev_code@ 0000000180027130     funcs.obj
 0002:00003150       ??_C@_0CN@INFFLMPP@func_item_iterator_t_prev_code?$CI@ 0000000180027150     funcs.obj
 0002:00003180       ??_C@_0BP@FHPBPGND@func_item_iterator_t_prev_data@ 0000000180027180     funcs.obj
 0002:000031a0       ??_C@_0CN@BNCGPAMH@func_item_iterator_t_prev_data?$CI@ 00000001800271a0     funcs.obj
 0002:000031d0       ??_C@_0CD@MCFCPBKC@func_item_iterator_t_prev_not_t@ 00000001800271d0     funcs.obj
 0002:000031f8       ??_C@_0DB@LABNJPFC@func_item_iterator_t_prev_not_t@ 00000001800271f8     funcs.obj
 0002:00003230       ??_C@_0DJ@IBBDLDPO@func_item_iterator_t_decode_pre@ 0000000180027230     funcs.obj
 0002:00003270       ??_C@_0FB@CBGEFEJE@func_item_iterator_t_decode_pre@ 0000000180027270     funcs.obj
 0002:000032c8       ??_C@_0BM@LANCCEDF@delete_func_item_iterator_t@ 00000001800272c8     funcs.obj
 0002:000032e8       ??_C@_0CC@HACPAALD@delete_func_item_iterator_t?$CIsel@ 00000001800272e8     funcs.obj
 0002:00003310       ??_C@_0CC@COGIMMMD@func_item_iterator_t_swigregist@ 0000000180027310     funcs.obj
 0002:00003338       ??_C@_0BO@JCHONCKL@func_item_iterator_t_swiginit@ 0000000180027338     funcs.obj
 0002:00003360       ??_C@_0FG@NPKIDPGD@?6func_parent_iterator_t?$CI?$CJ?6new_f@ 0000000180027360     funcs.obj
 0002:000033b8       ??_C@_0BO@GBHDKBCD@delete_func_parent_iterator_t@ 00000001800273b8     funcs.obj
 0002:000033d8       ??_C@_0CE@KFDKPPLA@delete_func_parent_iterator_t?$CIs@ 00000001800273d8     funcs.obj
 0002:00003400       ??_C@_0CP@JAHPIAKN@func_parent_iterator_t_set?$CIself@ 0000000180027400     funcs.obj
 0002:00003430       ??_C@_0BO@PGEMIHJB@func_parent_iterator_t_parent@ 0000000180027430     funcs.obj
 0002:00003450       ??_C@_0CM@PEKOINPC@func_parent_iterator_t_parent?$CIs@ 0000000180027450     funcs.obj
 0002:00003480       ??_C@_0BN@OPLAPAKO@func_parent_iterator_t_first@ 0000000180027480     funcs.obj
 0002:000034a0       ??_C@_0CL@KONIIIFN@func_parent_iterator_t_first?$CIse@ 00000001800274a0     funcs.obj
 0002:000034d0       ??_C@_0BM@PDAPPNNI@func_parent_iterator_t_last@ 00000001800274d0     funcs.obj
 0002:000034f0       ??_C@_0CK@FJMPIAEJ@func_parent_iterator_t_last?$CIsel@ 00000001800274f0     funcs.obj
 0002:00003520       ??_C@_0BM@KPINGAO@func_parent_iterator_t_next@ 0000000180027520     funcs.obj
 0002:00003540       ??_C@_0CK@JDFJEFKE@func_parent_iterator_t_next?$CIsel@ 0000000180027540     funcs.obj
 0002:00003570       ??_C@_0BM@DOCOMCGK@func_parent_iterator_t_prev@ 0000000180027570     funcs.obj
 0002:00003590       ??_C@_0CK@FJKECBEI@func_parent_iterator_t_prev?$CIsel@ 0000000180027590     funcs.obj
 0002:000035c0       ??_C@_0CN@CILJBKBA@func_parent_iterator_t_reset_fn@ 00000001800275c0     funcs.obj
 0002:000035f0       ??_C@_0CE@PAIPOFKB@func_parent_iterator_t_swigregi@ 00000001800275f0     funcs.obj
 0002:00003618       ??_C@_0CA@DBBPBBHE@func_parent_iterator_t_swiginit@ 0000000180027618     funcs.obj
 0002:00003638       ??_C@_0CE@LBCFBLAA@get_prev_func_addr?$CIpfn?0?5ea?$CJ?5?9?$DO?5@ 0000000180027638     funcs.obj
 0002:00003660       ??_C@_0CE@IDJILOMG@get_next_func_addr?$CIpfn?0?5ea?$CJ?5?9?$DO?5@ 0000000180027660     funcs.obj
[...]
 0004:00003300       $pdata$_wrap_func_parent_iterator_t_last 0000000180045300     funcs.obj
 0004:0000330c       $pdata$_wrap_func_parent_iterator_t_last$catch$5 000000018004530c     funcs.obj
 0004:00003318       $pdata$_wrap_func_parent_iterator_t_last$catch$4 0000000180045318     funcs.obj
 0004:00003324       $pdata$_wrap_func_parent_iterator_t_last$catch$3 0000000180045324     funcs.obj
 0004:00003330       $pdata$_wrap_func_parent_iterator_t_last$catch$2 0000000180045330     funcs.obj
 0004:0000333c       $pdata$_wrap_func_parent_iterator_t_last$catch$1 000000018004533c     funcs.obj
 0004:00003348       $pdata$_wrap_func_parent_iterator_t_last$catch$0 0000000180045348     funcs.obj
 0004:00003354       $pdata$_wrap_func_parent_iterator_t_next 0000000180045354     funcs.obj
 0004:00003360       $pdata$_wrap_func_parent_iterator_t_next$catch$5 0000000180045360     funcs.obj
 0004:0000336c       $pdata$_wrap_func_parent_iterator_t_next$catch$4 000000018004536c     funcs.obj
 0004:00003378       $pdata$_wrap_func_parent_iterator_t_next$catch$3 0000000180045378     funcs.obj
 0004:00003384       $pdata$_wrap_func_parent_iterator_t_next$catch$2 0000000180045384     funcs.obj
 0004:00003390       $pdata$_wrap_func_parent_iterator_t_next$catch$1 0000000180045390     funcs.obj
 0004:0000339c       $pdata$_wrap_func_parent_iterator_t_next$catch$0 000000018004539c     funcs.obj
 0004:000033a8       $pdata$_wrap_func_parent_iterator_t_prev 00000001800453a8     funcs.obj
 0004:000033b4       $pdata$_wrap_func_parent_iterator_t_prev$catch$5 00000001800453b4     funcs.obj
 0004:000033c0       $pdata$_wrap_func_parent_iterator_t_prev$catch$4 00000001800453c0     funcs.obj
 0004:000033cc       $pdata$_wrap_func_parent_iterator_t_prev$catch$3 00000001800453cc     funcs.obj
 0004:000033d8       $pdata$_wrap_func_parent_iterator_t_prev$catch$2 00000001800453d8     funcs.obj
 0004:000033e4       $pdata$_wrap_func_parent_iterator_t_prev$catch$1 00000001800453e4     funcs.obj
 0004:000033f0       $pdata$_wrap_func_parent_iterator_t_prev$catch$0 00000001800453f0     funcs.obj
 0004:000033fc       $pdata$_wrap_func_parent_iterator_t_reset_fnt 00000001800453fc     funcs.obj
 0004:00003408       $pdata$_wrap_func_parent_iterator_t_reset_fnt$catch$5 0000000180045408     funcs.obj
 0004:00003414       $pdata$_wrap_func_parent_iterator_t_reset_fnt$catch$4 0000000180045414     funcs.obj
 0004:00003420       $pdata$_wrap_func_parent_iterator_t_reset_fnt$catch$3 0000000180045420     funcs.obj
 0004:0000342c       $pdata$_wrap_func_parent_iterator_t_reset_fnt$catch$2 000000018004542c     funcs.obj
 0004:00003438       $pdata$_wrap_func_parent_iterator_t_reset_fnt$catch$1 0000000180045438     funcs.obj
 0004:00003444       $pdata$_wrap_func_parent_iterator_t_reset_fnt$catch$0 0000000180045444     funcs.obj
 0004:00003450       $pdata$func_parent_iterator_t_swigregister 0000000180045450     funcs.obj
 0004:0000345c       $pdata$_wrap_get_prev_func_addr 000000018004545c     funcs.obj
 0004:00003468       $pdata$_wrap_get_prev_func_addr$catch$5 0000000180045468     funcs.obj
 0004:00003474       $pdata$_wrap_get_prev_func_addr$catch$4 0000000180045474     funcs.obj
 0004:00003480       $pdata$_wrap_get_prev_func_addr$catch$3 0000000180045480     funcs.obj
 0004:0000348c       $pdata$_wrap_get_prev_func_addr$catch$2 000000018004548c     funcs.obj
 0004:00003498       $pdata$_wrap_get_prev_func_addr$catch$1 0000000180045498     funcs.obj
 0004:000034a4       $pdata$_wrap_get_prev_func_addr$catch$0 00000001800454a4     funcs.obj
 0004:000034b0       $pdata$_wrap_get_next_func_addr 00000001800454b0     funcs.obj
 0004:000034bc       $pdata$_wrap_get_next_func_addr$catch$5 00000001800454bc     funcs.obj
 0004:000034c8       $pdata$_wrap_get_next_func_addr$catch$4 00000001800454c8     funcs.obj
 0004:000034d4       $pdata$_wrap_get_next_func_addr$catch$3 00000001800454d4     funcs.obj
 0004:000034e0       $pdata$_wrap_get_next_func_addr$catch$2 00000001800454e0     funcs.obj
 0004:000034ec       $pdata$_wrap_get_next_func_addr$catch$1 00000001800454ec     funcs.obj
 0004:000034f8       $pdata$_wrap_get_next_func_addr$catch$0 00000001800454f8     funcs.obj
 0004:00003504       $pdata$_wrap_read_regargs  0000000180045504     funcs.obj
 0004:00003510       $pdata$_wrap_read_regargs$catch$5 0000000180045510     funcs.obj
 0004:0000351c       $pdata$_wrap_read_regargs$catch$4 000000018004551c     funcs.obj
 0004:00003528       $pdata$_wrap_read_regargs$catch$3 0000000180045528     funcs.obj
 0004:00003534       $pdata$_wrap_read_regargs$catch$2 0000000180045534     funcs.obj
 0004:00003540       $pdata$_wrap_read_regargs$catch$1 0000000180045540     funcs.obj
 0004:0000354c       $pdata$_wrap_read_regargs$catch$0 000000018004554c     funcs.obj
 0004:00003558       $pdata$_wrap_add_regarg    0000000180045558     funcs.obj
 0004:00003564       $pdata$_wrap_add_regarg$catch$5 0000000180045564     funcs.obj
 0004:00003570       $pdata$_wrap_add_regarg$catch$4 0000000180045570     funcs.obj
 0004:0000357c       $pdata$_wrap_add_regarg$catch$3 000000018004557c     funcs.obj
 0004:00003588       $pdata$_wrap_add_regarg$catch$2 0000000180045588     funcs.obj
 0004:00003594       $pdata$_wrap_add_regarg$catch$1 0000000180045594     funcs.obj
 0004:000035a0       $pdata$_wrap_add_regarg$catch$0 00000001800455a0     funcs.obj
 0004:000035ac       $pdata$_wrap_plan_to_apply_idasgn 00000001800455ac     funcs.obj
 0004:000035b8       $pdata$_wrap_plan_to_apply_idasgn$catch$5 00000001800455b8     funcs.obj
 0004:000035c4       $pdata$_wrap_plan_to_apply_idasgn$catch$4 00000001800455c4     funcs.obj
 0004:000035d0       $pdata$_wrap_plan_to_apply_idasgn$catch$3 00000001800455d0     funcs.obj
 0004:000035dc       $pdata$_wrap_plan_to_apply_idasgn$catch$2 00000001800455dc     funcs.obj
 0004:000035e8       $pdata$_wrap_plan_to_apply_idasgn$catch$1 00000001800455e8     funcs.obj
 0004:000035f4       $pdata$_wrap_plan_to_apply_idasgn$catch$0 00000001800455f4     funcs.obj
 0004:00003600       $pdata$_wrap_apply_idasgn_to 0000000180045600     funcs.obj
 0004:0000360c       $pdata$_wrap_apply_idasgn_to$catch$5 000000018004560c     funcs.obj
 0004:00003618       $pdata$_wrap_apply_idasgn_to$catch$4 0000000180045618     funcs.obj
 0004:00003624       $pdata$_wrap_apply_idasgn_to$catch$3 0000000180045624     funcs.obj
 0004:00003630       $pdata$_wrap_apply_idasgn_to$catch$2 0000000180045630     funcs.obj
 0004:0000363c       $pdata$_wrap_apply_idasgn_to$catch$1 000000018004563c     funcs.obj
 0004:00003648       $pdata$_wrap_apply_idasgn_to$catch$0 0000000180045648     funcs.obj
 0004:00003654       $pdata$_wrap_get_idasgn_qty 0000000180045654     funcs.obj
 0004:00003660       $pdata$_wrap_get_idasgn_qty$catch$5 0000000180045660     funcs.obj
 0004:0000366c       $pdata$_wrap_get_idasgn_qty$catch$4 000000018004566c     funcs.obj
 0004:00003678       $pdata$_wrap_get_idasgn_qty$catch$3 0000000180045678     funcs.obj
 0004:00003684       $pdata$_wrap_get_idasgn_qty$catch$2 0000000180045684     funcs.obj
 0004:00003690       $pdata$_wrap_get_idasgn_qty$catch$1 0000000180045690     funcs.obj
 0004:0000369c       $pdata$_wrap_get_idasgn_qty$catch$0 000000018004569c     funcs.obj
 0004:000036a8       $pdata$_wrap_get_current_idasgn 00000001800456a8     funcs.obj
 0004:000036b4       $pdata$_wrap_get_current_idasgn$catch$5 00000001800456b4     funcs.obj
 0004:000036c0       $pdata$_wrap_get_current_idasgn$catch$4 00000001800456c0     funcs.obj
 0004:000036cc       $pdata$_wrap_get_current_idasgn$catch$3 00000001800456cc     funcs.obj
 0004:000036d8       $pdata$_wrap_get_current_idasgn$catch$2 00000001800456d8     funcs.obj
 0004:000036e4       $pdata$_wrap_get_current_idasgn$catch$1 00000001800456e4     funcs.obj
 0004:000036f0       $pdata$_wrap_get_current_idasgn$catch$0 00000001800456f0     funcs.obj
 0004:000036fc       $pdata$_wrap_calc_idasgn_state 00000001800456fc     funcs.obj
 0004:00003708       $pdata$_wrap_calc_idasgn_state$catch$5 0000000180045708     funcs.obj
 0004:00003714       $pdata$_wrap_calc_idasgn_state$catch$4 0000000180045714     funcs.obj
 0004:00003720       $pdata$_wrap_calc_idasgn_state$catch$3 0000000180045720     funcs.obj
 0004:0000372c       $pdata$_wrap_calc_idasgn_state$catch$2 000000018004572c     funcs.obj
 0004:00003738       $pdata$_wrap_calc_idasgn_state$catch$1 0000000180045738     funcs.obj
 0004:00003744       $pdata$_wrap_calc_idasgn_state$catch$0 0000000180045744     funcs.obj
 0004:00003750       $pdata$_wrap_del_idasgn    0000000180045750     funcs.obj
 0004:0000375c       $pdata$_wrap_del_idasgn$catch$5 000000018004575c     funcs.obj
 0004:00003768       $pdata$_wrap_del_idasgn$catch$4 0000000180045768     funcs.obj
 0004:00003774       $pdata$_wrap_del_idasgn$catch$3 0000000180045774     funcs.obj
 0004:00003780       $pdata$_wrap_del_idasgn$catch$2 0000000180045780     funcs.obj
 0004:0000378c       $pdata$_wrap_del_idasgn$catch$1 000000018004578c     funcs.obj
 0004:00003798       $pdata$_wrap_del_idasgn$catch$0 0000000180045798     funcs.obj
 0004:000037a4       $pdata$_wrap_get_idasgn_title 00000001800457a4     funcs.obj
 0004:000037b0       $pdata$_wrap_get_idasgn_title$catch$8 00000001800457b0     funcs.obj
 0004:000037bc       $pdata$_wrap_get_idasgn_title$catch$7 00000001800457bc     funcs.obj
 0004:000037c8       $pdata$_wrap_get_idasgn_title$catch$6 00000001800457c8     funcs.obj
 0004:000037d4       $pdata$_wrap_get_idasgn_title$catch$5 00000001800457d4     funcs.obj
 0004:000037e0       $pdata$_wrap_get_idasgn_title$catch$4 00000001800457e0     funcs.obj
 0004:000037ec       $pdata$_wrap_get_idasgn_title$catch$3 00000001800457ec     funcs.obj
 0004:000037f8       $pdata$_wrap_apply_startup_sig 00000001800457f8     funcs.obj
 0004:00003804       $pdata$_wrap_apply_startup_sig$catch$5 0000000180045804     funcs.obj
 0004:00003810       $pdata$_wrap_apply_startup_sig$catch$4 0000000180045810     funcs.obj
 0004:0000381c       $pdata$_wrap_apply_startup_sig$catch$3 000000018004581c     funcs.obj
 0004:00003828       $pdata$_wrap_apply_startup_sig$catch$2 0000000180045828     funcs.obj
 0004:00003834       $pdata$_wrap_apply_startup_sig$catch$1 0000000180045834     funcs.obj
 0004:00003840       $pdata$_wrap_apply_startup_sig$catch$0 0000000180045840     funcs.obj
 0004:0000384c       $pdata$_wrap_try_to_add_libfunc 000000018004584c     funcs.obj
 0004:00003858       $pdata$_wrap_try_to_add_libfunc$catch$5 0000000180045858     funcs.obj
 0004:00003864       $pdata$_wrap_try_to_add_libfunc$catch$4 0000000180045864     funcs.obj
 0004:00003870       $pdata$_wrap_try_to_add_libfunc$catch$3 0000000180045870     funcs.obj
 0004:0000387c       $pdata$_wrap_try_to_add_libfunc$catch$2 000000018004587c     funcs.obj
 0004:00003888       $pdata$_wrap_try_to_add_libfunc$catch$1 0000000180045888     funcs.obj
 0004:00003894       $pdata$_wrap_try_to_add_libfunc$catch$0 0000000180045894     funcs.obj
 0004:000038a0       $pdata$_wrap_get_fchunk_referer 00000001800458a0     funcs.obj
 0004:000038ac       $pdata$_wrap_get_fchunk_referer$catch$5 00000001800458ac     funcs.obj
 0004:000038b8       $pdata$_wrap_get_fchunk_referer$catch$4 00000001800458b8     funcs.obj
 0004:000038c4       $pdata$_wrap_get_fchunk_referer$catch$3 00000001800458c4     funcs.obj
 0004:000038d0       $pdata$_wrap_get_fchunk_referer$catch$2 00000001800458d0     funcs.obj
 0004:000038dc       $pdata$_wrap_get_fchunk_referer$catch$1 00000001800458dc     funcs.obj
 0004:000038e8       $pdata$_wrap_get_fchunk_referer$catch$0 00000001800458e8     funcs.obj
 0004:000038f4       $pdata$_wrap_get_idasgn_desc 00000001800458f4     funcs.obj
 0004:00003900       $pdata$_wrap_get_idasgn_desc$catch$11 0000000180045900     funcs.obj
 0004:0000390c       $pdata$_wrap_get_idasgn_desc$catch$10 000000018004590c     funcs.obj
 0004:00003918       $pdata$_wrap_get_idasgn_desc$catch$9 0000000180045918     funcs.obj
 0004:00003924       $pdata$_wrap_get_idasgn_desc$catch$8 0000000180045924     funcs.obj
 0004:00003930       $pdata$_wrap_get_idasgn_desc$catch$7 0000000180045930     funcs.obj
 0004:0000393c       $pdata$_wrap_get_idasgn_desc$catch$6 000000018004593c     funcs.obj
 0004:00003948       $pdata$_wrap_get_idasgn_desc_with_matches 0000000180045948     funcs.obj
 0004:00003954       $pdata$_wrap_get_idasgn_desc_with_matches$catch$11 0000000180045954     funcs.obj
 0004:00003960       $pdata$_wrap_get_idasgn_desc_with_matches$catch$10 0000000180045960     funcs.obj
 0004:0000396c       $pdata$_wrap_get_idasgn_desc_with_matches$catch$9 000000018004596c     funcs.obj
 0004:00003978       $pdata$_wrap_get_idasgn_desc_with_matches$catch$8 0000000180045978     funcs.obj
 0004:00003984       $pdata$_wrap_get_idasgn_desc_with_matches$catch$7 0000000180045984     funcs.obj
 0004:00003990       $pdata$_wrap_get_idasgn_desc_with_matches$catch$6 0000000180045990     funcs.obj
 0004:0000399c       $pdata$_wrap_func_t__from_ptrval__ 000000018004599c     funcs.obj
 0004:000039a8       $pdata$_wrap_func_t__from_ptrval__$catch$5 00000001800459a8     funcs.obj
 0004:000039b4       $pdata$_wrap_func_t__from_ptrval__$catch$4 00000001800459b4     funcs.obj
 0004:000039c0       $pdata$_wrap_func_t__from_ptrval__$catch$3 00000001800459c0     funcs.obj
 0004:000039cc       $pdata$_wrap_func_t__from_ptrval__$catch$2 00000001800459cc     funcs.obj
 0004:000039d8       $pdata$_wrap_func_t__from_ptrval__$catch$1 00000001800459d8     funcs.obj
 0004:000039e4       $pdata$_wrap_func_t__from_ptrval__$catch$0 00000001800459e4     funcs.obj
 0004:000039f0       $pdata$SWIG_InitializeModule 00000001800459f0     funcs.obj
 0004:000039fc       $pdata$1$SWIG_InitializeModule 00000001800459fc     funcs.obj
 0004:00003a08       $pdata$4$SWIG_InitializeModule 0000000180045a08     funcs.obj
 0004:00003a14       $pdata$5$SWIG_InitializeModule 0000000180045a14     funcs.obj
 0004:00003a20       $pdata$6$SWIG_InitializeModule 0000000180045a20     funcs.obj
 0004:00003a2c       $pdata$SWIG_Python_FixMethods 0000000180045a2c     funcs.obj
 0004:00003a38       $pdata$4$SWIG_Python_FixMethods 0000000180045a38     funcs.obj
 0004:00003a44       $pdata$5$SWIG_Python_FixMethods 0000000180045a44     funcs.obj
 0004:00003a50       $pdata$PyInit__ida_funcs   0000000180045a50     funcs.obj
 0004:00003a5c       $pdata$1$PyInit__ida_funcs 0000000180045a5c     funcs.obj
 0004:00003a68       $pdata$2$PyInit__ida_funcs 0000000180045a68     funcs.obj
 0004:00003a74       $pdata$3$PyInit__ida_funcs 0000000180045a74     funcs.obj
 0004:00003a80       $pdata$4$PyInit__ida_funcs 0000000180045a80     funcs.obj
 0004:00003a8c       $pdata$??2@YAPEAX_K@Z      0000000180045a8c     MSVCRT:new_scalar.obj
 0004:00003a98       $pdata$_Init_thread_header 0000000180045a98     MSVCRT:thread_safe_statics.obj
 0004:00003aa4       $pdata$_Init_thread_footer 0000000180045aa4     MSVCRT:thread_safe_statics.obj
 0004:00003ab0       $pdata$_Init_thread_wait   0000000180045ab0     MSVCRT:thread_safe_statics.obj
 0004:00003abc       $pdata$_Init_thread_notify 0000000180045abc     MSVCRT:thread_safe_statics.obj
 0004:00003ac8       $pdata$?__scrt_uninitialize_thread_safe_statics@@YAXXZ 0000000180045ac8     MSVCRT:thread_safe_statics.obj
 0004:00003ad4       $pdata$?__scrt_initialize_thread_safe_statics@@YAHXZ 0000000180045ad4     MSVCRT:thread_safe_statics.obj
 0004:00003ae0       $pdata$__GSHandlerCheckCommon 0000000180045ae0     MSVCRT:gshandler.obj
 0004:00003aec       $pdata$__GSHandlerCheck    0000000180045aec     MSVCRT:gshandler.obj
 0004:00003af8       $pdata$__GSHandlerCheck_EH 0000000180045af8     MSVCRT:gshandlereh.obj
 0004:00003b10       $pdata$??_Gtype_info@@UEAAPEAXI@Z 0000000180045b10     MSVCRT:std_type_info_static.obj
 0004:00003b1c       $pdata$?dllmain_crt_process_attach@@YAHQEAUHINSTANCE__@@QEAX@Z 0000000180045b1c     MSVCRT:dll_dllmain.obj
 0004:00003b28       $pdata$?fin$0@?0??dllmain_crt_process_attach@@YAHQEAUHINSTANCE__@@QEAX@Z@4HA 0000000180045b28     MSVCRT:dll_dllmain.obj
 0004:00003b34       $pdata$?dllmain_crt_process_detach@@YAH_N@Z 0000000180045b34     MSVCRT:dll_dllmain.obj
 0004:00003b40       $pdata$?fin$0@?0??dllmain_crt_process_detach@@YAH_N@Z@4HA 0000000180045b40     MSVCRT:dll_dllmain.obj
 0004:00003b4c       $pdata$?dllmain_crt_dispatch@@YAHQEAUHINSTANCE__@@KQEAX@Z 0000000180045b4c     MSVCRT:dll_dllmain.obj
 0004:00003b58       $pdata$?dllmain_dispatch@@YAHQEAUHINSTANCE__@@KQEAX@Z 0000000180045b58     MSVCRT:dll_dllmain.obj
 0004:00003b64       $pdata$?filt$0@?0??dllmain_dispatch@@YAHQEAUHINSTANCE__@@KQEAX@Z@4HA 0000000180045b64     MSVCRT:dll_dllmain.obj
 0004:00003b70       $pdata$_DllMainCRTStartup  0000000180045b70     MSVCRT:dll_dllmain.obj
 0004:00003b7c       $pdata$??0bad_alloc@std@@QEAA@AEBV01@@Z 0000000180045b7c     MSVCRT:throw_bad_alloc.obj
 0004:00003b88       $pdata$??0bad_array_new_length@std@@QEAA@AEBV01@@Z 0000000180045b88     MSVCRT:throw_bad_alloc.obj
 0004:00003b94       $pdata$?__scrt_throw_std_bad_alloc@@YAXXZ 0000000180045b94     MSVCRT:throw_bad_alloc.obj
 0004:00003ba0       $pdata$?__scrt_throw_std_bad_array_new_length@@YAXXZ 0000000180045ba0     MSVCRT:throw_bad_alloc.obj
 0004:00003bac       $pdata$atexit              0000000180045bac     MSVCRT:utility.obj
 0004:00003bb8       $pdata$_onexit             0000000180045bb8     MSVCRT:utility.obj
 0004:00003bc4       $pdata$__scrt_is_nonwritable_in_current_image 0000000180045bc4     MSVCRT:utility.obj
 0004:00003bd0       $pdata$__scrt_is_nonwritable_in_current_image$filt$0 0000000180045bd0     MSVCRT:utility.obj
 0004:00003bdc       $pdata$__scrt_acquire_startup_lock 0000000180045bdc     MSVCRT:utility.obj
 0004:00003be8       $pdata$__scrt_release_startup_lock 0000000180045be8     MSVCRT:utility.obj
 0004:00003bf4       $pdata$__scrt_initialize_crt 0000000180045bf4     MSVCRT:utility.obj
 0004:00003c00       $pdata$__scrt_uninitialize_crt 0000000180045c00     MSVCRT:utility.obj
 0004:00003c0c       $pdata$__scrt_initialize_onexit_tables 0000000180045c0c     MSVCRT:utility.obj
 0004:00003c18       $pdata$__scrt_dllmain_exception_filter 0000000180045c18     MSVCRT:utility.obj
 0004:00003c24       $pdata$__scrt_dllmain_before_initialize_c 0000000180045c24     MSVCRT:utility.obj
 0004:00003c30       $pdata$__scrt_dllmain_after_initialize_c 0000000180045c30     MSVCRT:utility.obj
 0004:00003c3c       $pdata$__scrt_dllmain_uninitialize_c 0000000180045c3c     MSVCRT:utility.obj
 0004:00003c48       $pdata$__scrt_dllmain_uninitialize_critical 0000000180045c48     MSVCRT:utility.obj
 0004:00003c54       $pdata$__scrt_dllmain_crt_thread_attach 0000000180045c54     MSVCRT:utility.obj
 0004:00003c60       $pdata$__scrt_dllmain_crt_thread_detach 0000000180045c60     MSVCRT:utility.obj
 0004:00003c6c       $pdata$__scrt_fastfail     0000000180045c6c     MSVCRT:utility_desktop.obj
 0004:00003c78       $pdata$__report_gsfailure  0000000180045c78     MSVCRT:gs_report.obj
 0004:00003c84       $pdata$capture_previous_context 0000000180045c84     MSVCRT:gs_report.obj
 0004:00003c90       $pdata$__raise_securityfailure 0000000180045c90     MSVCRT:gs_report.obj
 0004:00003c9c       $pdata$__security_init_cookie 0000000180045c9c     MSVCRT:gs_support.obj
 0004:00003ca8       $pdata$DllMain             0000000180045ca8     MSVCRT:dll_dllmain_stub.obj
 0004:00003cb4       $pdata$__scrt_initialize_default_local_stdio_options 0000000180045cb4     MSVCRT:default_local_stdio_options.obj
 0004:00003cc0       $pdata$_RTC_Initialize     0000000180045cc0     MSVCRT:initsect.obj
 0004:00003ccc       $pdata$_RTC_Terminate      0000000180045ccc     MSVCRT:initsect.obj
 0004:00003cd8       $pdata$__isa_available_init 0000000180045cd8     MSVCRT:cpu_disp.obj
