 _ida_segment

 Timestamp is 5e3da0b5 (Fri Feb  7 17:39:01 2020)

 Preferred load address is 0000000180000000

 Start         Length     Name                   Class
 0001:00000000 0000e090H .text$mn                CODE
 0001:0000e090 00000020H .text$mn$00             CODE
 0001:0000e0b0 00006dd3H .text$x                 CODE
 0002:00000000 00000678H .idata$5                DATA
 0002:00000678 00000010H .00cfg                  DATA
 0002:00000688 00000008H .CRT$XCA                DATA
 0002:00000690 00000008H .CRT$XCZ                DATA
 0002:00000698 00000008H .CRT$XIA                DATA
 0002:000006a0 00000008H .CRT$XIC                DATA
 0002:000006a8 00000008H .CRT$XIZ                DATA
 0002:000006b0 00000008H .CRT$XLA                DATA
 0002:000006b8 00000008H .CRT$XLZ                DATA
 0002:000006c0 00000008H .CRT$XPA                DATA
 0002:000006c8 00000008H .CRT$XPZ                DATA
 0002:000006d0 00000008H .CRT$XTA                DATA
 0002:000006d8 00000008H .CRT$XTZ                DATA
 0002:000006e0 00000000H .gfids$y                DATA
 0002:000006e0 000082b0H .rdata                  DATA
 0002:00008990 00000028H .rdata$T                DATA
 0002:000089b8 000001f4H .rdata$r                DATA
 0002:00008bac 00000314H .rdata$zzzdbg           DATA
 0002:00008ec0 00000008H .rtc$IAA                DATA
 0002:00008ec8 00000008H .rtc$IZZ                DATA
 0002:00008ed0 00000008H .rtc$TAA                DATA
 0002:00008ed8 00000008H .rtc$TZZ                DATA
 0002:00008ee0 00000004H .tls                    DATA
 0002:00008ee4 00000004H .tls$                   DATA
 0002:00008ee8 00000008H .tls$ZZZ                DATA
 0002:00008ef0 000055f0H .xdata                  DATA
 0002:0000e4e0 000000f0H .xdata$x                DATA
 0002:0000e5d0 00000058H .edata                  DATA
 0002:0000e628 000000b4H .idata$2                DATA
 0002:0000e6dc 00000014H .idata$3                DATA
 0002:0000e6f0 00000678H .idata$4                DATA
 0002:0000ed68 00000fdaH .idata$6                DATA
 0003:00000000 00003568H .data                   DATA
 0003:00003568 00000128H .data$r                 DATA
 0003:00003690 00000928H .bss                    DATA
 0004:00000000 00002724H .pdata                  DATA

  Address         Publics by Value              Rva+Base               Lib:Object

 0000:00000000       __guard_longjmp_table      0000000000000000     <absolute>
 0000:00000000       __enclave_config           0000000000000000     <absolute>
 0000:00000000       __guard_longjmp_count      0000000000000000     <absolute>
 0000:00000000       __volatile_metadata        0000000000000000     <absolute>
 0000:00000000       __guard_iat_table          0000000000000000     <absolute>
 0000:00000000       ___safe_se_handler_count   0000000000000000     <absolute>
 0000:00000000       ___safe_se_handler_table   0000000000000000     <absolute>
 0000:00000000       __guard_fids_count         0000000000000000     <absolute>
 0000:00000000       __dynamic_value_reloc_table 0000000000000000     <absolute>
 0000:00000000       __hybrid_code_map_count    0000000000000000     <absolute>
 0000:00000000       __guard_fids_table         0000000000000000     <absolute>
 0000:00000000       __guard_iat_count          0000000000000000     <absolute>
 0000:00000000       __hybrid_code_map          0000000000000000     <absolute>
 0000:00000000       __hybrid_auxiliary_iat     0000000000000000     <absolute>
 0000:00000100       __guard_flags              0000000000000100     <absolute>
 0000:00000000       __ImageBase                0000000180000000     <linker-defined>
 0001:0000aa80       ??1?$_qstring@D@@QEAA@XZ   000000018000ba80 f i segment.obj
 0001:0000aa80       ??1?$qvector@I@@QEAA@XZ    000000018000ba80 f i segment.obj
 0001:0000af00       ?sprnt@?$_qstring@D@@QEAAAEAV1@PEBDZZ 000000018000bf00 f i segment.obj
 0001:0000afc0       PyInit__ida_segment        000000018000bfc0 f   segment.obj
 0001:0000ca40       __local_stdio_printf_options 000000018000da40 f i segment.obj
 0001:0000ca50       printf                     000000018000da50 f i segment.obj
 0001:0000caa5       qfree                      000000018000daa5 f   ida:ida.dll
 0001:0000caab       qvsnprintf                 000000018000daab f   ida:ida.dll
 0001:0000cab1       qvector_reserve            000000018000dab1 f   ida:ida.dll
 0001:0000cab7       is_main_thread             000000018000dab7 f   ida:ida.dll
 0001:0000cabd       set_visible_segm           000000018000dabd f   ida:ida.dll
 0001:0000cac3       is_spec_segm               000000018000dac3 f   ida:ida.dll
 0001:0000cac9       is_spec_ea                 000000018000dac9 f   ida:ida.dll
 0001:0000cacf       lock_segm                  000000018000dacf f   ida:ida.dll
 0001:0000cad5       is_segm_locked             000000018000dad5 f   ida:ida.dll
 0001:0000cadb       getn_selector              000000018000dadb f   ida:ida.dll
 0001:0000cae1       get_selector_qty           000000018000dae1 f   ida:ida.dll
 0001:0000cae7       setup_selector             000000018000dae7 f   ida:ida.dll
 0001:0000caed       allocate_selector          000000018000daed f   ida:ida.dll
 0001:0000caf3       find_free_selector         000000018000daf3 f   ida:ida.dll
 0001:0000caf9       set_selector               000000018000daf9 f   ida:ida.dll
 0001:0000caff       del_selector               000000018000daff f   ida:ida.dll
 0001:0000cb05       sel2para                   000000018000db05 f   ida:ida.dll
 0001:0000cb0b       find_selector              000000018000db0b f   ida:ida.dll
 0001:0000cb11       get_segm_by_sel            000000018000db11 f   ida:ida.dll
 0001:0000cb17       add_segm_ex                000000018000db17 f   ida:ida.dll
 0001:0000cb1d       add_segm                   000000018000db1d f   ida:ida.dll
 0001:0000cb23       del_segm                   000000018000db23 f   ida:ida.dll
 0001:0000cb29       get_segm_qty               000000018000db29 f   ida:ida.dll
 0001:0000cb2f       getseg                     000000018000db2f f   ida:ida.dll
 0001:0000cb35       getnseg                    000000018000db35 f   ida:ida.dll
 0001:0000cb3b       get_segm_num               000000018000db3b f   ida:ida.dll
 0001:0000cb41       get_next_seg               000000018000db41 f   ida:ida.dll
 0001:0000cb47       get_prev_seg               000000018000db47 f   ida:ida.dll
 0001:0000cb4d       get_first_seg              000000018000db4d f   ida:ida.dll
 0001:0000cb53       get_last_seg               000000018000db53 f   ida:ida.dll
 0001:0000cb59       get_segm_by_name           000000018000db59 f   ida:ida.dll
 0001:0000cb5f       set_segm_end               000000018000db5f f   ida:ida.dll
 0001:0000cb65       set_segm_start             000000018000db65 f   ida:ida.dll
 0001:0000cb6b       move_segm_start            000000018000db6b f   ida:ida.dll
 0001:0000cb71       move_segm                  000000018000db71 f   ida:ida.dll
 0001:0000cb77       rebase_program             000000018000db77 f   ida:ida.dll
 0001:0000cb7d       change_segment_status      000000018000db7d f   ida:ida.dll
 0001:0000cb83       take_memory_snapshot       000000018000db83 f   ida:ida.dll
 0001:0000cb89       is_miniidb                 000000018000db89 f   ida:ida.dll
 0001:0000cb8f       set_segm_base              000000018000db8f f   ida:ida.dll
 0001:0000cb95       set_group_selector         000000018000db95 f   ida:ida.dll
 0001:0000cb9b       get_group_selector         000000018000db9b f   ida:ida.dll
 0001:0000cba1       add_segment_translation    000000018000dba1 f   ida:ida.dll
 0001:0000cba7       set_segment_translations   000000018000dba7 f   ida:ida.dll
 0001:0000cbad       del_segment_translations   000000018000dbad f   ida:ida.dll
 0001:0000cbb3       get_segment_translations   000000018000dbb3 f   ida:ida.dll
 0001:0000cbb9       get_segment_cmt            000000018000dbb9 f   ida:ida.dll
 0001:0000cbbf       set_segment_cmt            000000018000dbbf f   ida:ida.dll
 0001:0000cbc5       std_out_segm_footer        000000018000dbc5 f   ida:ida.dll
 0001:0000cbcb       set_segm_name              000000018000dbcb f   ida:ida.dll
 0001:0000cbd1       get_segm_name              000000018000dbd1 f   ida:ida.dll
 0001:0000cbd7       get_segm_class             000000018000dbd7 f   ida:ida.dll
 0001:0000cbdd       set_segm_class             000000018000dbdd f   ida:ida.dll
 0001:0000cbe3       segtype                    000000018000dbe3 f   ida:ida.dll
 0001:0000cbe9       get_segment_alignment      000000018000dbe9 f   ida:ida.dll
 0001:0000cbef       get_segment_combination    000000018000dbef f   ida:ida.dll
 0001:0000cbf5       get_segm_para              000000018000dbf5 f   ida:ida.dll
 0001:0000cbfb       get_segm_base              000000018000dbfb f   ida:ida.dll
 0001:0000cc01       set_segm_addressing        000000018000dc01 f   ida:ida.dll
 0001:0000cc07       update_segm                000000018000dc07 f   ida:ida.dll
 0001:0000cc0d       segm_adjust_diff           000000018000dc0d f   ida:ida.dll
 0001:0000cc13       segm_adjust_ea             000000018000dc13 f   ida:ida.dll
 0001:0000cc19       PyW_GetNumber              000000018000dc19 f   python:python.dll
 0001:0000cc1f       PyW_PyListToEaVec          000000018000dc1f f   python:python.dll
 0001:0000cc28       ??2@YAPEAX_K@Z             000000018000dc28 f   MSVCRT:new_scalar.obj
 0001:0000cc64       ??_V@YAXPEAX@Z             000000018000dc64 f   MSVCRT:delete_array.obj
 0001:0000cc64       ??3@YAXPEAX_K@Z            000000018000dc64 f   MSVCRT:delete_scalar_size.obj
 0001:0000cc6c       ??_U@YAPEAX_K@Z            000000018000dc6c f   MSVCRT:new_array.obj
 0001:0000cdfc       _Init_thread_footer        000000018000ddfc f   MSVCRT:thread_safe_statics.obj
 0001:0000ce5c       _Init_thread_header        000000018000de5c f   MSVCRT:thread_safe_statics.obj
 0001:0000cec4       _Init_thread_notify        000000018000dec4 f   MSVCRT:thread_safe_statics.obj
 0001:0000cf14       _Init_thread_wait          000000018000df14 f   MSVCRT:thread_safe_statics.obj
 0001:0000cf8c       __GSHandlerCheck           000000018000df8c f   MSVCRT:gshandler.obj
 0001:0000cfac       __GSHandlerCheckCommon     000000018000dfac f   MSVCRT:gshandler.obj
 0001:0000d008       __GSHandlerCheck_EH        000000018000e008 f   MSVCRT:gshandlereh.obj
 0001:0000d0a0       __security_check_cookie    000000018000e0a0 f   MSVCRT:amdsecgs.obj
 0001:0000d0c4       ??_Gtype_info@@UEAAPEAXI@Z 000000018000e0c4 f i MSVCRT:std_type_info_static.obj
 0001:0000d0c4       ??_Etype_info@@UEAAPEAXI@Z 000000018000e0c4 f i MSVCRT:std_type_info_static.obj
 0001:0000d420       _DllMainCRTStartup         000000018000e420 f   MSVCRT:dll_dllmain.obj
 0001:0000d460       ??0bad_alloc@std@@QEAA@AEBV01@@Z 000000018000e460 f i MSVCRT:throw_bad_alloc.obj
 0001:0000d4a0       ??0bad_alloc@std@@QEAA@XZ  000000018000e4a0 f i MSVCRT:throw_bad_alloc.obj
 0001:0000d4c0       ??0bad_array_new_length@std@@QEAA@AEBV01@@Z 000000018000e4c0 f i MSVCRT:throw_bad_alloc.obj
 0001:0000d500       ??0bad_array_new_length@std@@QEAA@XZ 000000018000e500 f i MSVCRT:throw_bad_alloc.obj
 0001:0000d520       ??0exception@std@@QEAA@AEBV01@@Z 000000018000e520 f i MSVCRT:throw_bad_alloc.obj
 0001:0000d558       ??1bad_array_new_length@std@@UEAA@XZ 000000018000e558 f i MSVCRT:throw_bad_alloc.obj
 0001:0000d558       ??1bad_alloc@std@@UEAA@XZ  000000018000e558 f i MSVCRT:throw_bad_alloc.obj
 0001:0000d56c       ??_Ebad_array_new_length@std@@UEAAPEAXI@Z 000000018000e56c f i MSVCRT:throw_bad_alloc.obj
 0001:0000d56c       ??_Eexception@std@@UEAAPEAXI@Z 000000018000e56c f i MSVCRT:throw_bad_alloc.obj
 0001:0000d56c       ??_Gbad_alloc@std@@UEAAPEAXI@Z 000000018000e56c f i MSVCRT:throw_bad_alloc.obj
 0001:0000d56c       ??_Gexception@std@@UEAAPEAXI@Z 000000018000e56c f i MSVCRT:throw_bad_alloc.obj
 0001:0000d56c       ??_Ebad_alloc@std@@UEAAPEAXI@Z 000000018000e56c f i MSVCRT:throw_bad_alloc.obj
 0001:0000d56c       ??_Gbad_array_new_length@std@@UEAAPEAXI@Z 000000018000e56c f i MSVCRT:throw_bad_alloc.obj
 0001:0000d5b0       ?__scrt_throw_std_bad_alloc@@YAXXZ 000000018000e5b0 f   MSVCRT:throw_bad_alloc.obj
 0001:0000d5d0       ?__scrt_throw_std_bad_array_new_length@@YAXXZ 000000018000e5d0 f   MSVCRT:throw_bad_alloc.obj
 0001:0000d5f0       ?what@exception@std@@UEBAPEBDXZ 000000018000e5f0 f i MSVCRT:throw_bad_alloc.obj
 0001:0000d604       ??3@YAXPEAX@Z              000000018000e604 f   MSVCRT:delete_scalar.obj
 0001:0000d60c       __scrt_acquire_startup_lock 000000018000e60c f   MSVCRT:utility.obj
 0001:0000d648       __scrt_dllmain_after_initialize_c 000000018000e648 f   MSVCRT:utility.obj
 0001:0000d67c       __scrt_dllmain_before_initialize_c 000000018000e67c f   MSVCRT:utility.obj
 0001:0000d694       __scrt_dllmain_crt_thread_attach 000000018000e694 f   MSVCRT:utility.obj
 0001:0000d6bc       __scrt_dllmain_crt_thread_detach 000000018000e6bc f   MSVCRT:utility.obj
 0001:0000d6d4       __scrt_dllmain_exception_filter 000000018000e6d4 f   MSVCRT:utility.obj
 0001:0000d734       __scrt_dllmain_uninitialize_c 000000018000e734 f   MSVCRT:utility.obj
 0001:0000d764       __scrt_dllmain_uninitialize_critical 000000018000e764 f   MSVCRT:utility.obj
 0001:0000d778       __scrt_initialize_crt      000000018000e778 f   MSVCRT:utility.obj
 0001:0000d7c4       __scrt_initialize_onexit_tables 000000018000e7c4 f   MSVCRT:utility.obj
 0001:0000d89c       __scrt_is_nonwritable_in_current_image 000000018000e89c f   MSVCRT:utility.obj
 0001:0000d938       __scrt_release_startup_lock 000000018000e938 f   MSVCRT:utility.obj
 0001:0000d95c       __scrt_uninitialize_crt    000000018000e95c f   MSVCRT:utility.obj
 0001:0000d988       _onexit                    000000018000e988 f   MSVCRT:utility.obj
 0001:0000d9d8       atexit                     000000018000e9d8 f   MSVCRT:utility.obj
 0001:0000d9f0       __crt_debugger_hook        000000018000e9f0 f   MSVCRT:utility_desktop.obj
 0001:0000d9f8       __scrt_fastfail            000000018000e9f8 f   MSVCRT:utility_desktop.obj
 0001:0000db44       _guard_check_icall_nop     000000018000eb44 f i MSVCRT:guard_support.obj
 0001:0000db48       __raise_securityfailure    000000018000eb48 f   MSVCRT:gs_report.obj
 0001:0000db7c       __report_gsfailure         000000018000eb7c f   MSVCRT:gs_report.obj
 0001:0000dcc4       __security_init_cookie     000000018000ecc4 f   MSVCRT:gs_support.obj
 0001:0000dd70       DllMain                    000000018000ed70 f   MSVCRT:dll_dllmain_stub.obj
 0001:0000dd94       ?__scrt_initialize_type_info@@YAXXZ 000000018000ed94 f   MSVCRT:tncleanup.obj
 0001:0000dda4       ?__scrt_uninitialize_type_info@@YAXXZ 000000018000eda4 f   MSVCRT:tncleanup.obj
 0001:0000ddb0       __local_stdio_scanf_options 000000018000edb0 f i MSVCRT:default_local_stdio_options.obj
 0001:0000ddb8       __scrt_initialize_default_local_stdio_options 000000018000edb8 f   MSVCRT:default_local_stdio_options.obj
 0001:0000ddd4       __scrt_get_dyn_tls_init_callback 000000018000edd4 f   MSVCRT:dyn_tls_init.obj
 0001:0000dddc       _RTC_Initialize            000000018000eddc f   MSVCRT:initsect.obj
 0001:0000de18       _RTC_Terminate             000000018000ee18 f   MSVCRT:initsect.obj
 0001:0000de54       __isa_available_init       000000018000ee54 f   MSVCRT:cpu_disp.obj
 0001:0000dfd0       _get_startup_argv_mode     000000018000efd0 f   MSVCRT:argv_mode.obj
 0001:0000dfd8       __scrt_is_ucrt_dll_in_use  000000018000efd8 f   MSVCRT:ucrt_detection.obj
 0001:0000dff0       IsProcessorFeaturePresent  000000018000eff0 f   kernel32:KERNEL32.dll
 0001:0000dff6       strstr                     000000018000eff6 f   vcruntime:VCRUNTIME140.dll
 0001:0000dffc       __CxxFrameHandler3         000000018000effc f   vcruntime:VCRUNTIME140.dll
 0001:0000e002       memcpy                     000000018000f002 f   vcruntime:VCRUNTIME140.dll
 0001:0000e008       memset                     000000018000f008 f   vcruntime:VCRUNTIME140.dll
 0001:0000e00e       __std_terminate            000000018000f00e f   vcruntime:VCRUNTIME140.dll
 0001:0000e014       __C_specific_handler       000000018000f014 f   vcruntime:VCRUNTIME140.dll
 0001:0000e01a       __std_exception_copy       000000018000f01a f   vcruntime:VCRUNTIME140.dll
 0001:0000e020       __std_exception_destroy    000000018000f020 f   vcruntime:VCRUNTIME140.dll
 0001:0000e026       _CxxThrowException         000000018000f026 f   vcruntime:VCRUNTIME140.dll
 0001:0000e02c       __std_type_info_destroy_list 000000018000f02c f   vcruntime:VCRUNTIME140.dll
 0001:0000e032       free                       000000018000f032 f   ucrt:api-ms-win-crt-heap-l1-1-0.dll
 0001:0000e038       malloc                     000000018000f038 f   ucrt:api-ms-win-crt-heap-l1-1-0.dll
 0001:0000e03e       _callnewh                  000000018000f03e f   ucrt:api-ms-win-crt-heap-l1-1-0.dll
 0001:0000e044       _initterm                  000000018000f044 f   ucrt:api-ms-win-crt-runtime-l1-1-0.dll
 0001:0000e04a       _initterm_e                000000018000f04a f   ucrt:api-ms-win-crt-runtime-l1-1-0.dll
 0001:0000e050       _seh_filter_dll            000000018000f050 f   ucrt:api-ms-win-crt-runtime-l1-1-0.dll
 0001:0000e056       _configure_narrow_argv     000000018000f056 f   ucrt:api-ms-win-crt-runtime-l1-1-0.dll
 0001:0000e05c       _initialize_narrow_environment 000000018000f05c f   ucrt:api-ms-win-crt-runtime-l1-1-0.dll
 0001:0000e062       _initialize_onexit_table   000000018000f062 f   ucrt:api-ms-win-crt-runtime-l1-1-0.dll
 0001:0000e068       _register_onexit_function  000000018000f068 f   ucrt:api-ms-win-crt-runtime-l1-1-0.dll
 0001:0000e06e       _execute_onexit_table      000000018000f06e f   ucrt:api-ms-win-crt-runtime-l1-1-0.dll
 0001:0000e074       _crt_atexit                000000018000f074 f   ucrt:api-ms-win-crt-runtime-l1-1-0.dll
 0001:0000e07a       _cexit                     000000018000f07a f   ucrt:api-ms-win-crt-runtime-l1-1-0.dll
 0001:0000e080       __vcrt_initialize          000000018000f080 f   MSVCRT:ucrt_stubs.obj
 0001:0000e080       __scrt_stub_for_acrt_thread_attach 000000018000f080 f   MSVCRT:ucrt_stubs.obj
 0001:0000e080       __scrt_stub_for_acrt_thread_detach 000000018000f080 f   MSVCRT:ucrt_stubs.obj
 0001:0000e080       __acrt_uninitialize_critical 000000018000f080 f   MSVCRT:ucrt_stubs.obj
 0001:0000e080       __acrt_thread_detach       000000018000f080 f   MSVCRT:ucrt_stubs.obj
 0001:0000e080       __vcrt_thread_detach       000000018000f080 f   MSVCRT:ucrt_stubs.obj
 0001:0000e080       __scrt_stub_for_acrt_initialize 000000018000f080 f   MSVCRT:ucrt_stubs.obj
 0001:0000e080       __scrt_stub_for_acrt_uninitialize 000000018000f080 f   MSVCRT:ucrt_stubs.obj
 0001:0000e080       __vcrt_uninitialize_critical 000000018000f080 f   MSVCRT:ucrt_stubs.obj
 0001:0000e080       __acrt_uninitialize        000000018000f080 f   MSVCRT:ucrt_stubs.obj
 0001:0000e080       __acrt_thread_attach       000000018000f080 f   MSVCRT:ucrt_stubs.obj
 0001:0000e080       __scrt_stub_for_acrt_uninitialize_critical 000000018000f080 f   MSVCRT:ucrt_stubs.obj
 0001:0000e080       __vcrt_uninitialize        000000018000f080 f   MSVCRT:ucrt_stubs.obj
 0001:0000e080       __acrt_initialize          000000018000f080 f   MSVCRT:ucrt_stubs.obj
 0001:0000e080       __vcrt_thread_attach       000000018000f080 f   MSVCRT:ucrt_stubs.obj
 0001:0000e084       __scrt_stub_for_is_c_termination_complete 000000018000f084 f   MSVCRT:ucrt_stubs.obj
 0001:0000e084       _is_c_termination_complete 000000018000f084 f   MSVCRT:ucrt_stubs.obj
 0001:0000e0a0       _guard_dispatch_icall_nop  000000018000f0a0 f   MSVCRT:guard_dispatch.obj
 0002:00000000       __imp_CloseHandle          0000000180016000     kernel32:KERNEL32.dll
 0002:00000008       __imp_EnterCriticalSection 0000000180016008     kernel32:KERNEL32.dll
 0002:00000010       __imp_LeaveCriticalSection 0000000180016010     kernel32:KERNEL32.dll
 0002:00000018       __imp_InitializeCriticalSectionAndSpinCount 0000000180016018     kernel32:KERNEL32.dll
 0002:00000020       __imp_DeleteCriticalSection 0000000180016020     kernel32:KERNEL32.dll
 0002:00000028       __imp_SetEvent             0000000180016028     kernel32:KERNEL32.dll
 0002:00000030       __imp_ResetEvent           0000000180016030     kernel32:KERNEL32.dll
 0002:00000038       __imp_WaitForSingleObjectEx 0000000180016038     kernel32:KERNEL32.dll
 0002:00000040       __imp_CreateEventW         0000000180016040     kernel32:KERNEL32.dll
 0002:00000048       __imp_GetModuleHandleW     0000000180016048     kernel32:KERNEL32.dll
 0002:00000050       __imp_GetProcAddress       0000000180016050     kernel32:KERNEL32.dll
 0002:00000058       __imp_RtlCaptureContext    0000000180016058     kernel32:KERNEL32.dll
 0002:00000060       __imp_RtlLookupFunctionEntry 0000000180016060     kernel32:KERNEL32.dll
 0002:00000068       __imp_RtlVirtualUnwind     0000000180016068     kernel32:KERNEL32.dll
 0002:00000070       __imp_IsDebuggerPresent    0000000180016070     kernel32:KERNEL32.dll
 0002:00000078       __imp_UnhandledExceptionFilter 0000000180016078     kernel32:KERNEL32.dll
 0002:00000080       __imp_SetUnhandledExceptionFilter 0000000180016080     kernel32:KERNEL32.dll
 0002:00000088       __imp_IsProcessorFeaturePresent 0000000180016088     kernel32:KERNEL32.dll
 0002:00000090       __imp_GetCurrentProcess    0000000180016090     kernel32:KERNEL32.dll
 0002:00000098       __imp_TerminateProcess     0000000180016098     kernel32:KERNEL32.dll
 0002:000000a0       __imp_QueryPerformanceCounter 00000001800160a0     kernel32:KERNEL32.dll
 0002:000000a8       __imp_GetCurrentProcessId  00000001800160a8     kernel32:KERNEL32.dll
 0002:000000b0       __imp_GetCurrentThreadId   00000001800160b0     kernel32:KERNEL32.dll
 0002:000000b8       __imp_GetSystemTimeAsFileTime 00000001800160b8     kernel32:KERNEL32.dll
 0002:000000c0       __imp_DisableThreadLibraryCalls 00000001800160c0     kernel32:KERNEL32.dll
 0002:000000c8       __imp_InitializeSListHead  00000001800160c8     kernel32:KERNEL32.dll
 0002:000000d0       \177KERNEL32_NULL_THUNK_DATA 00000001800160d0     kernel32:KERNEL32.dll
 0002:000000d8       __imp_strstr               00000001800160d8     vcruntime:VCRUNTIME140.dll
 0002:000000e0       __imp___CxxFrameHandler3   00000001800160e0     vcruntime:VCRUNTIME140.dll
 0002:000000e8       __imp_memcpy               00000001800160e8     vcruntime:VCRUNTIME140.dll
 0002:000000f0       __imp_memset               00000001800160f0     vcruntime:VCRUNTIME140.dll
 0002:000000f8       __imp___std_terminate      00000001800160f8     vcruntime:VCRUNTIME140.dll
 0002:00000100       __imp___C_specific_handler 0000000180016100     vcruntime:VCRUNTIME140.dll
 0002:00000108       __imp___std_exception_copy 0000000180016108     vcruntime:VCRUNTIME140.dll
 0002:00000110       __imp___std_exception_destroy 0000000180016110     vcruntime:VCRUNTIME140.dll
 0002:00000118       __imp__CxxThrowException   0000000180016118     vcruntime:VCRUNTIME140.dll
 0002:00000120       __imp___std_type_info_destroy_list 0000000180016120     vcruntime:VCRUNTIME140.dll
 0002:00000128       \177VCRUNTIME140_NULL_THUNK_DATA 0000000180016128     vcruntime:VCRUNTIME140.dll
 0002:00000130       __imp_malloc               0000000180016130     ucrt:api-ms-win-crt-heap-l1-1-0.dll
 0002:00000138       __imp__callnewh            0000000180016138     ucrt:api-ms-win-crt-heap-l1-1-0.dll
 0002:00000140       __imp_free                 0000000180016140     ucrt:api-ms-win-crt-heap-l1-1-0.dll
 0002:00000148       \177api-ms-win-crt-heap-l1-1-0_NULL_THUNK_DATA 0000000180016148     ucrt:api-ms-win-crt-heap-l1-1-0.dll
 0002:00000150       __imp__initialize_onexit_table 0000000180016150     ucrt:api-ms-win-crt-runtime-l1-1-0.dll
 0002:00000158       __imp__cexit               0000000180016158     ucrt:api-ms-win-crt-runtime-l1-1-0.dll
 0002:00000160       __imp__initterm            0000000180016160     ucrt:api-ms-win-crt-runtime-l1-1-0.dll
 0002:00000168       __imp__initterm_e          0000000180016168     ucrt:api-ms-win-crt-runtime-l1-1-0.dll
 0002:00000170       __imp__seh_filter_dll      0000000180016170     ucrt:api-ms-win-crt-runtime-l1-1-0.dll
 0002:00000178       __imp__configure_narrow_argv 0000000180016178     ucrt:api-ms-win-crt-runtime-l1-1-0.dll
 0002:00000180       __imp__initialize_narrow_environment 0000000180016180     ucrt:api-ms-win-crt-runtime-l1-1-0.dll
 0002:00000188       __imp__register_onexit_function 0000000180016188     ucrt:api-ms-win-crt-runtime-l1-1-0.dll
 0002:00000190       __imp__execute_onexit_table 0000000180016190     ucrt:api-ms-win-crt-runtime-l1-1-0.dll
 0002:00000198       __imp__crt_atexit          0000000180016198     ucrt:api-ms-win-crt-runtime-l1-1-0.dll
 0002:000001a0       \177api-ms-win-crt-runtime-l1-1-0_NULL_THUNK_DATA 00000001800161a0     ucrt:api-ms-win-crt-runtime-l1-1-0.dll
 0002:000001a8       __imp___stdio_common_vfprintf 00000001800161a8     ucrt:api-ms-win-crt-stdio-l1-1-0.dll
 0002:000001b0       __imp___acrt_iob_func      00000001800161b0     ucrt:api-ms-win-crt-stdio-l1-1-0.dll
 0002:000001b8       \177api-ms-win-crt-stdio-l1-1-0_NULL_THUNK_DATA 00000001800161b8     ucrt:api-ms-win-crt-stdio-l1-1-0.dll
 0002:000001c0       __imp_strncmp              00000001800161c0     ucrt:api-ms-win-crt-string-l1-1-0.dll
 0002:000001c8       \177api-ms-win-crt-string-l1-1-0_NULL_THUNK_DATA 00000001800161c8     ucrt:api-ms-win-crt-string-l1-1-0.dll
 0002:000001d0       __imp_set_segment_translations 00000001800161d0     ida:ida.dll
 0002:000001d8       __imp_set_segm_addressing  00000001800161d8     ida:ida.dll
 0002:000001e0       __imp_inf                  00000001800161e0     ida:ida.dll
 0002:000001e8       __imp_get_segm_base        00000001800161e8     ida:ida.dll
 0002:000001f0       __imp_get_segm_para        00000001800161f0     ida:ida.dll
 0002:000001f8       __imp_get_segment_combination 00000001800161f8     ida:ida.dll
 0002:00000200       __imp_get_segment_alignment 0000000180016200     ida:ida.dll
 0002:00000208       __imp_segtype              0000000180016208     ida:ida.dll
 0002:00000210       __imp_segm_adjust_ea       0000000180016210     ida:ida.dll
 0002:00000218       __imp_get_segm_class       0000000180016218     ida:ida.dll
 0002:00000220       __imp_get_segm_name        0000000180016220     ida:ida.dll
 0002:00000228       __imp_set_segm_name        0000000180016228     ida:ida.dll
 0002:00000230       __imp_std_out_segm_footer  0000000180016230     ida:ida.dll
 0002:00000238       __imp_set_segment_cmt      0000000180016238     ida:ida.dll
 0002:00000240       __imp_get_segment_cmt      0000000180016240     ida:ida.dll
 0002:00000248       __imp_add_segment_translation 0000000180016248     ida:ida.dll
 0002:00000250       __imp_get_group_selector   0000000180016250     ida:ida.dll
 0002:00000258       __imp_set_group_selector   0000000180016258     ida:ida.dll
 0002:00000260       __imp_segm_adjust_diff     0000000180016260     ida:ida.dll
 0002:00000268       __imp_set_segm_class       0000000180016268     ida:ida.dll
 0002:00000270       __imp_get_segment_translations 0000000180016270     ida:ida.dll
 0002:00000278       __imp_update_segm          0000000180016278     ida:ida.dll
 0002:00000280       __imp_set_segm_base        0000000180016280     ida:ida.dll
 0002:00000288       __imp_is_miniidb           0000000180016288     ida:ida.dll
 0002:00000290       __imp_take_memory_snapshot 0000000180016290     ida:ida.dll
 0002:00000298       __imp_change_segment_status 0000000180016298     ida:ida.dll
 0002:000002a0       __imp_rebase_program       00000001800162a0     ida:ida.dll
 0002:000002a8       __imp_move_segm            00000001800162a8     ida:ida.dll
 0002:000002b0       __imp_move_segm_start      00000001800162b0     ida:ida.dll
 0002:000002b8       __imp_set_segm_start       00000001800162b8     ida:ida.dll
 0002:000002c0       __imp_set_segm_end         00000001800162c0     ida:ida.dll
 0002:000002c8       __imp_get_segm_by_name     00000001800162c8     ida:ida.dll
 0002:000002d0       __imp_get_last_seg         00000001800162d0     ida:ida.dll
 0002:000002d8       __imp_get_first_seg        00000001800162d8     ida:ida.dll
 0002:000002e0       __imp_get_prev_seg         00000001800162e0     ida:ida.dll
 0002:000002e8       __imp_get_next_seg         00000001800162e8     ida:ida.dll
 0002:000002f0       __imp_get_segm_num         00000001800162f0     ida:ida.dll
 0002:000002f8       __imp_getnseg              00000001800162f8     ida:ida.dll
 0002:00000300       __imp_getseg               0000000180016300     ida:ida.dll
 0002:00000308       __imp_get_segm_qty         0000000180016308     ida:ida.dll
 0002:00000310       __imp_del_segm             0000000180016310     ida:ida.dll
 0002:00000318       __imp_add_segm             0000000180016318     ida:ida.dll
 0002:00000320       __imp_add_segm_ex          0000000180016320     ida:ida.dll
 0002:00000328       __imp_qfree                0000000180016328     ida:ida.dll
 0002:00000330       __imp_get_segm_by_sel      0000000180016330     ida:ida.dll
 0002:00000338       __imp_find_selector        0000000180016338     ida:ida.dll
 0002:00000340       __imp_sel2para             0000000180016340     ida:ida.dll
 0002:00000348       __imp_del_selector         0000000180016348     ida:ida.dll
 0002:00000350       __imp_set_selector         0000000180016350     ida:ida.dll
 0002:00000358       __imp_find_free_selector   0000000180016358     ida:ida.dll
 0002:00000360       __imp_allocate_selector    0000000180016360     ida:ida.dll
 0002:00000368       __imp_setup_selector       0000000180016368     ida:ida.dll
 0002:00000370       __imp_get_selector_qty     0000000180016370     ida:ida.dll
 0002:00000378       __imp_getn_selector        0000000180016378     ida:ida.dll
 0002:00000380       __imp_is_segm_locked       0000000180016380     ida:ida.dll
 0002:00000388       __imp_lock_segm            0000000180016388     ida:ida.dll
 0002:00000390       __imp_is_spec_ea           0000000180016390     ida:ida.dll
 0002:00000398       __imp_is_spec_segm         0000000180016398     ida:ida.dll
 0002:000003a0       __imp_set_visible_segm     00000001800163a0     ida:ida.dll
 0002:000003a8       __imp_is_main_thread       00000001800163a8     ida:ida.dll
 0002:000003b0       __imp_qvector_reserve      00000001800163b0     ida:ida.dll
 0002:000003b8       __imp_qvsnprintf           00000001800163b8     ida:ida.dll
 0002:000003c0       __imp_del_segment_translations 00000001800163c0     ida:ida.dll
 0002:000003c8       \177ida_NULL_THUNK_DATA    00000001800163c8     ida:ida.dll
 0002:000003d0       __imp_PyW_GetNumber        00000001800163d0     python:python.dll
 0002:000003d8       __imp_PyW_PyListToEaVec    00000001800163d8     python:python.dll
 0002:000003e0       \177python_NULL_THUNK_DATA 00000001800163e0     python:python.dll
 0002:000003e8       __imp_PyObject_IsInstance  00000001800163e8     python38:python38.dll
 0002:000003f0       __imp_PyType_Type          00000001800163f0     python38:python38.dll
 0002:000003f8       __imp__Py_NoneStruct       00000001800163f8     python38:python38.dll
 0002:00000400       __imp__Py_NotImplementedStruct 0000000180016400     python38:python38.dll
 0002:00000408       __imp_PyBool_Type          0000000180016408     python38:python38.dll
 0002:00000410       __imp_PyExc_AttributeError 0000000180016410     python38:python38.dll
 0002:00000418       __imp_PyExc_IndexError     0000000180016418     python38:python38.dll
 0002:00000420       __imp_PySequence_Check     0000000180016420     python38:python38.dll
 0002:00000428       __imp_PyExc_OverflowError  0000000180016428     python38:python38.dll
 0002:00000430       __imp_PyExc_RuntimeError   0000000180016430     python38:python38.dll
 0002:00000438       __imp_PyExc_SyntaxError    0000000180016438     python38:python38.dll
 0002:00000440       __imp_PyExc_SystemError    0000000180016440     python38:python38.dll
 0002:00000448       __imp_PyExc_TypeError      0000000180016448     python38:python38.dll
 0002:00000450       __imp_PyExc_ValueError     0000000180016450     python38:python38.dll
 0002:00000458       __imp_PyExc_ZeroDivisionError 0000000180016458     python38:python38.dll
 0002:00000460       __imp_PyExc_IOError        0000000180016460     python38:python38.dll
 0002:00000468       __imp_PyObject_CallFunctionObjArgs 0000000180016468     python38:python38.dll
 0002:00000470       __imp_PyObject_Call        0000000180016470     python38:python38.dll
 0002:00000478       __imp_PyExc_MemoryError    0000000180016478     python38:python38.dll
 0002:00000480       __imp_PyImport_AddModule   0000000180016480     python38:python38.dll
 0002:00000488       __imp_PyEval_InitThreads   0000000180016488     python38:python38.dll
 0002:00000490       __imp_PyModule_Create2     0000000180016490     python38:python38.dll
 0002:00000498       __imp_PyModule_AddObject   0000000180016498     python38:python38.dll
 0002:000004a0       __imp_PyArg_UnpackTuple    00000001800164a0     python38:python38.dll
 0002:000004a8       __imp_PyGILState_Release   00000001800164a8     python38:python38.dll
 0002:000004b0       __imp_PyGILState_Ensure    00000001800164b0     python38:python38.dll
 0002:000004b8       __imp_PyErr_WriteUnraisable 00000001800164b8     python38:python38.dll
 0002:000004c0       __imp_PyErr_Format         00000001800164c0     python38:python38.dll
 0002:000004c8       __imp_PyErr_Restore        00000001800164c8     python38:python38.dll
 0002:000004d0       __imp_PyErr_Fetch          00000001800164d0     python38:python38.dll
 0002:000004d8       __imp_PyErr_Clear          00000001800164d8     python38:python38.dll
 0002:000004e0       __imp_PyErr_Occurred       00000001800164e0     python38:python38.dll
 0002:000004e8       __imp_PyErr_SetString      00000001800164e8     python38:python38.dll
 0002:000004f0       __imp_PyCapsule_Import     00000001800164f0     python38:python38.dll
 0002:000004f8       __imp_PyCapsule_GetPointer 00000001800164f8     python38:python38.dll
 0002:00000500       __imp_PyCapsule_New        0000000180016500     python38:python38.dll
 0002:00000508       __imp_PyModule_GetDict     0000000180016508     python38:python38.dll
 0002:00000510       __imp_PyCFunction_GetFlags 0000000180016510     python38:python38.dll
 0002:00000518       __imp_PyCFunction_GetSelf  0000000180016518     python38:python38.dll
 0002:00000520       __imp_PyDict_SetItemString 0000000180016520     python38:python38.dll
 0002:00000528       __imp_PyDict_SetItem       0000000180016528     python38:python38.dll
 0002:00000530       __imp_PyDict_GetItem       0000000180016530     python38:python38.dll
 0002:00000538       __imp_PyDict_New           0000000180016538     python38:python38.dll
 0002:00000540       __imp_PyList_Append        0000000180016540     python38:python38.dll
 0002:00000548       __imp_PyList_SetItem       0000000180016548     python38:python38.dll
 0002:00000550       __imp_PyList_New           0000000180016550     python38:python38.dll
 0002:00000558       __imp_PyTuple_SetItem      0000000180016558     python38:python38.dll
 0002:00000560       __imp_PyTuple_GetItem      0000000180016560     python38:python38.dll
 0002:00000568       __imp_PyTuple_Size         0000000180016568     python38:python38.dll
 0002:00000570       __imp_PyTuple_New          0000000180016570     python38:python38.dll
 0002:00000578       __imp_PyBool_FromLong      0000000180016578     python38:python38.dll
 0002:00000580       __imp_PyLong_AsUnsignedLongLong 0000000180016580     python38:python38.dll
 0002:00000588       __imp_PyLong_FromUnsignedLongLong 0000000180016588     python38:python38.dll
 0002:00000590       __imp_PyLong_FromLongLong  0000000180016590     python38:python38.dll
 0002:00000598       __imp_PyLong_FromVoidPtr   0000000180016598     python38:python38.dll
 0002:000005a0       __imp_PyLong_AsUnsignedLong 00000001800165a0     python38:python38.dll
 0002:000005a8       __imp_PyLong_AsLong        00000001800165a8     python38:python38.dll
 0002:000005b0       __imp_PyLong_FromSize_t    00000001800165b0     python38:python38.dll
 0002:000005b8       __imp_PyLong_FromLong      00000001800165b8     python38:python38.dll
 0002:000005c0       __imp_PyUnicode_CompareWithASCIIString 00000001800165c0     python38:python38.dll
 0002:000005c8       __imp_PyUnicode_Concat     00000001800165c8     python38:python38.dll
 0002:000005d0       __imp_PyUnicode_AsUTF8String 00000001800165d0     python38:python38.dll
 0002:000005d8       __imp_PyUnicode_DecodeUTF8 00000001800165d8     python38:python38.dll
 0002:000005e0       __imp_PyUnicode_FromFormat 00000001800165e0     python38:python38.dll
 0002:000005e8       __imp_PyUnicode_FromString 00000001800165e8     python38:python38.dll
 0002:000005f0       __imp_PyUnicode_FromStringAndSize 00000001800165f0     python38:python38.dll
 0002:000005f8       __imp_PyBytes_AsStringAndSize 00000001800165f8     python38:python38.dll
 0002:00000600       __imp__PyObject_New        0000000180016600     python38:python38.dll
 0002:00000608       __imp_PyObject_Free        0000000180016608     python38:python38.dll
 0002:00000610       __imp_Py_DecRef            0000000180016610     python38:python38.dll
 0002:00000618       __imp__Py_Dealloc          0000000180016618     python38:python38.dll
 0002:00000620       __imp_PyObject_IsTrue      0000000180016620     python38:python38.dll
 0002:00000628       __imp_PyObject_GenericGetAttr 0000000180016628     python38:python38.dll
 0002:00000630       __imp_PyObject_SetAttr     0000000180016630     python38:python38.dll
 0002:00000638       __imp_PyObject_GetAttr     0000000180016638     python38:python38.dll
 0002:00000640       __imp_PyObject_GetAttrString 0000000180016640     python38:python38.dll
 0002:00000648       __imp_PyType_Modified      0000000180016648     python38:python38.dll
 0002:00000650       __imp_PyType_GetFlags      0000000180016650     python38:python38.dll
 0002:00000658       __imp_PyType_GetSlot       0000000180016658     python38:python38.dll
 0002:00000660       __imp_PyType_FromSpec      0000000180016660     python38:python38.dll
 0002:00000668       __imp_PyCFunction_GetFunction 0000000180016668     python38:python38.dll
 0002:00000670       \177python38_NULL_THUNK_DATA 0000000180016670     python38:python38.dll
 0002:00000678       __guard_check_icall_fptr   0000000180016678     MSVCRT:guard_support.obj
 0002:00000680       __guard_dispatch_icall_fptr 0000000180016680     MSVCRT:guard_support.obj
 0002:00000688       __xc_a                     0000000180016688     MSVCRT:initializers.obj
 0002:00000690       __xc_z                     0000000180016690     MSVCRT:initializers.obj
 0002:00000698       __xi_a                     0000000180016698     MSVCRT:initializers.obj
 0002:000006a8       __xi_z                     00000001800166a8     MSVCRT:initializers.obj
 0002:000006b0       __xl_a                     00000001800166b0     MSVCRT:tlssup.obj
 0002:000006b8       __xl_z                     00000001800166b8     MSVCRT:tlssup.obj
 0002:000006c0       __xp_a                     00000001800166c0     MSVCRT:initializers.obj
 0002:000006c8       __xp_z                     00000001800166c8     MSVCRT:initializers.obj
 0002:000006d0       __xt_a                     00000001800166d0     MSVCRT:initializers.obj
 0002:000006d8       __xt_z                     00000001800166d8     MSVCRT:initializers.obj
 0002:000006e0       ??_C@_08KLCPFHEC@add_segm@ 00000001800166e0     segment.obj
 0002:000006f0       ??_C@_08BOPNFMPE@del_segm@ 00000001800166f0     segment.obj
 0002:00000700       ??_C@_0N@FKIFCACH@get_segm_qty@ 0000000180016700     segment.obj
 0002:00000710       ??_C@_0O@DAJEKKHC@get_first_seg@ 0000000180016710     segment.obj
 0002:00000720       ??_C@_0N@HJFCHGOA@get_last_seg@ 0000000180016720     segment.obj
 0002:00000730       ??_C@_0N@BPJNGGBJ@set_segm_end@ 0000000180016730     segment.obj
 0002:00000740       ??_C@_0P@OLPGOMLD@set_segm_start@ 0000000180016740     segment.obj
 0002:00000750       ??_C@_0BA@JCEADLJM@move_segm_start@ 0000000180016750     segment.obj
 0002:00000760       ??_C@_09NKJOECCK@move_segm@ 0000000180016760     segment.obj
 0002:00000770       ??_C@_0BG@FGPJFDLP@change_segment_status@ 0000000180016770     segment.obj
 0002:00000788       ??_C@_0L@KCFDEDII@is_miniidb@ 0000000180016788     segment.obj
 0002:00000798       ??_C@_0O@IPNENDPH@set_segm_base@ 0000000180016798     segment.obj
 0002:000007a8       ??_C@_0BD@HMHPPBHK@set_group_selector@ 00000001800167a8     segment.obj
 0002:000007c0       ??_C@_0BI@PINDMKBE@add_segment_translation@ 00000001800167c0     segment.obj
 0002:000007d8       ??_C@_0BJ@FGBGMPNK@set_segment_translations@ 00000001800167d8     segment.obj
 0002:000007f8       ??_C@_0BJ@PFLMKCEP@get_segment_translations@ 00000001800167f8     segment.obj
 0002:00000818       ??_C@_0BA@NMIBMGGI@get_segment_cmt@ 0000000180016818     segment.obj
 0002:00000828       ??_C@_0BA@OOJHLEHB@set_segment_cmt@ 0000000180016828     segment.obj
 0002:00000838       ??_C@_0BE@ODPAKOII@std_out_segm_footer@ 0000000180016838     segment.obj
 0002:00000850       ??_C@_0O@FMJMLAIM@set_segm_name@ 0000000180016850     segment.obj
 0002:00000860       ??_C@_0O@CDICADPL@get_segm_name@ 0000000180016860     segment.obj
 0002:00000870       ??_C@_0P@PGDDMOJL@set_segm_class@ 0000000180016870     segment.obj
 0002:00000880       ??_C@_0BE@IABIMBGF@set_segm_addressing@ 0000000180016880     segment.obj
 0002:00000898       ??_C@_0BB@DDIOIBML@segm_adjust_diff@ 0000000180016898     segment.obj
 0002:000008b0       ??_C@_0P@PJOJLMCL@segm_adjust_ea@ 00000001800168b0     segment.obj
 0002:000008c0       ??_C@_09FDHJJKIM@get_defsr@ 00000001800168c0     segment.obj
 0002:000008d0       ??_C@_09HNDMLLBO@set_defsr@ 00000001800168d0     segment.obj
 0002:000008e0       ??_C@_0P@PDFCNGNI@rebase_program@ 00000001800168e0     segment.obj
 0002:000008f0       ??_C@_0BN@LILFGKOC@new_segment_t?$CI?$CJ?5?9?$DO?5segment_t@ 00000001800168f0     segment.obj
 0002:00000910       ??_C@_0BP@NJKGPKKD@segment_t_name_set?$CIself?0?5name?$CJ@ 0000000180016910     segment.obj
 0002:00000930       ??_C@_0BD@LJNODJHP@segment_t_name_get@ 0000000180016930     segment.obj
 0002:00000948       ??_C@_0CD@NPLOAGHD@segment_t_name_get?$CIself?$CJ?5?9?$DO?5uva@ 0000000180016948     segment.obj
 0002:00000970       ??_C@_0CD@BDFPHMLM@segment_t_sclass_set?$CIself?0?5scla@ 0000000180016970     segment.obj
 0002:00000998       ??_C@_0BF@DJCMOJKN@segment_t_sclass_get@ 0000000180016998     segment.obj
 0002:000009b0       ??_C@_0CF@CELMKPBE@segment_t_sclass_get?$CIself?$CJ?5?9?$DO?5u@ 00000001800169b0     segment.obj
 0002:000009d8       ??_C@_0CF@DKHMKJBF@segment_t_orgbase_set?$CIself?0?5org@ 00000001800169d8     segment.obj
 0002:00000a00       ??_C@_0BG@PJMJNDBM@segment_t_orgbase_get@ 0000000180016a00     segment.obj
 0002:00000a18       ??_C@_0CG@BKHDPAEP@segment_t_orgbase_get?$CIself?$CJ?5?9?$DO?5@ 0000000180016a18     segment.obj
 0002:00000a40       ??_C@_0CB@DHGGKCIK@segment_t_align_set?$CIself?0?5align@ 0000000180016a40     segment.obj
 0002:00000a68       ??_C@_0BE@HBFLILOM@segment_t_align_get@ 0000000180016a68     segment.obj
 0002:00000a80       ??_C@_0CD@ENMFMJNB@segment_t_align_get?$CIself?$CJ?5?9?$DO?5uc@ 0000000180016a80     segment.obj
 0002:00000aa8       ??_C@_0BP@IPEAIOMJ@segment_t_comb_set?$CIself?0?5comb?$CJ@ 0000000180016aa8     segment.obj
 0002:00000ac8       ??_C@_0BD@EABOPMKC@segment_t_comb_get@ 0000000180016ac8     segment.obj
 0002:00000ae0       ??_C@_0CC@MKMBOLIP@segment_t_comb_get?$CIself?$CJ?5?9?$DO?5uch@ 0000000180016ae0     segment.obj
 0002:00000b08       ??_C@_0BP@ICNJNPDE@segment_t_perm_set?$CIself?0?5perm?$CJ@ 0000000180016b08     segment.obj
 0002:00000b28       ??_C@_0BD@CEFDMACM@segment_t_perm_get@ 0000000180016b28     segment.obj
 0002:00000b40       ??_C@_0CC@DJODHAHK@segment_t_perm_get?$CIself?$CJ?5?9?$DO?5uch@ 0000000180016b40     segment.obj
 0002:00000b68       ??_C@_0CF@INCKOEMC@segment_t_bitness_set?$CIself?0?5bit@ 0000000180016b68     segment.obj
 0002:00000b90       ??_C@_0BG@JBNJLHPO@segment_t_bitness_get@ 0000000180016b90     segment.obj
 0002:00000ba8       ??_C@_0CF@KIKBKBCC@segment_t_bitness_get?$CIself?$CJ?5?9?$DO?5@ 0000000180016ba8     segment.obj
 0002:00000bd0       ??_C@_0BA@LDJNCFD@segment_t_use32@ 0000000180016bd0     segment.obj
 0002:00000be0       ??_C@_0BO@MJJONPEL@segment_t_use32?$CIself?$CJ?5?9?$DO?5bool@ 0000000180016be0     segment.obj
 0002:00000c00       ??_C@_0BA@FLKILHDO@segment_t_use64@ 0000000180016c00     segment.obj
 0002:00000c10       ??_C@_0BO@GOKBFKCD@segment_t_use64?$CIself?$CJ?5?9?$DO?5bool@ 0000000180016c10     segment.obj
 0002:00000c30       ??_C@_0BA@BIJPHGFF@segment_t_abits@ 0000000180016c30     segment.obj
 0002:00000c40       ??_C@_0BN@KHEKNMPG@segment_t_abits?$CIself?$CJ?5?9?$DO?5int@ 0000000180016c40     segment.obj
 0002:00000c60       ??_C@_0BB@GHEAFIHI@segment_t_abytes@ 0000000180016c60     segment.obj
 0002:00000c78       ??_C@_0BO@DJPNDNPD@segment_t_abytes?$CIself?$CJ?5?9?$DO?5int@ 0000000180016c78     segment.obj
 0002:00000c98       ??_C@_0CB@KBGNNNAL@segment_t_flags_set?$CIself?0?5flags@ 0000000180016c98     segment.obj
 0002:00000cc0       ??_C@_0BE@PPCKJKGF@segment_t_flags_get@ 0000000180016cc0     segment.obj
 0002:00000cd8       ??_C@_0CE@IDADCMI@segment_t_flags_get?$CIself?$CJ?5?9?$DO?5us@ 0000000180016cd8     segment.obj
 0002:00000d00       ??_C@_0BB@GJPONJPD@segment_t_comorg@ 0000000180016d00     segment.obj
 0002:00000d18       ??_C@_0BP@EMMEOJLE@segment_t_comorg?$CIself?$CJ?5?9?$DO?5bool@ 0000000180016d18     segment.obj
 0002:00000d38       ??_C@_0BF@MGHEFBIM@segment_t_set_comorg@ 0000000180016d38     segment.obj
 0002:00000d50       ??_C@_0BL@EEKEHPIK@segment_t_set_comorg?$CIself?$CJ@ 0000000180016d50     segment.obj
 0002:00000d70       ??_C@_0BF@OHINMHAH@segment_t_clr_comorg@ 0000000180016d70     segment.obj
 0002:00000d88       ??_C@_0BL@KMHEDMNL@segment_t_clr_comorg?$CIself?$CJ@ 0000000180016d88     segment.obj
 0002:00000da8       ??_C@_0BA@GFLNGEJA@segment_t_ob_ok@ 0000000180016da8     segment.obj
 0002:00000db8       ??_C@_0BO@BBKABMMH@segment_t_ob_ok?$CIself?$CJ?5?9?$DO?5bool@ 0000000180016db8     segment.obj
 0002:00000dd8       ??_C@_0BE@OFCOFHDJ@segment_t_set_ob_ok@ 0000000180016dd8     segment.obj
 0002:00000df0       ??_C@_0BK@BPFIBPJD@segment_t_set_ob_ok?$CIself?$CJ@ 0000000180016df0     segment.obj
 0002:00000e10       ??_C@_0BE@KIEMGJAN@segment_t_clr_ob_ok@ 0000000180016e10     segment.obj
 0002:00000e28       ??_C@_0BK@HHMPHNNE@segment_t_clr_ob_ok?$CIself?$CJ@ 0000000180016e28     segment.obj
 0002:00000e48       ??_C@_0BK@JBAMGMAE@segment_t_is_visible_segm@ 0000000180016e48     segment.obj
 0002:00000e68       ??_C@_0CI@GBJPJCFK@segment_t_is_visible_segm?$CIself?$CJ@ 0000000180016e68     segment.obj
 0002:00000e90       ??_C@_0CK@FJNLKOPI@segment_t_set_visible_segm?$CIself@ 0000000180016e90     segment.obj
 0002:00000ec0       ??_C@_0CK@PPMDPEIB@segment_t_set_debugger_segm?$CIsel@ 0000000180016ec0     segment.obj
 0002:00000ef0       ??_C@_0BJ@JHGAMLBE@segment_t_is_loader_segm@ 0000000180016ef0     segment.obj
 0002:00000f10       ??_C@_0CH@KMKHCNEG@segment_t_is_loader_segm?$CIself?$CJ?5@ 0000000180016f10     segment.obj
 0002:00000f38       ??_C@_0CI@OKBOAIJM@segment_t_set_loader_segm?$CIself?0@ 0000000180016f38     segment.obj
 0002:00000f60       ??_C@_0BM@BLCMHFBB@segment_t_is_hidden_segtype@ 0000000180016f60     segment.obj
 0002:00000f80       ??_C@_0CK@DNGDNKIK@segment_t_is_hidden_segtype?$CIsel@ 0000000180016f80     segment.obj
 0002:00000fb0       ??_C@_0CJ@CMMGCNDO@segment_t_set_hidden_segtype?$CIse@ 0000000180016fb0     segment.obj
 0002:00000fe0       ??_C@_0BJ@HGMJKIOP@segment_t_is_header_segm@ 0000000180016fe0     segment.obj
 0002:00001000       ??_C@_0CH@DKFOAOHC@segment_t_is_header_segm?$CIself?$CJ?5@ 0000000180017000     segment.obj
 0002:00001028       ??_C@_0CE@HAJPHNGM@segment_t_set_header_segm?$CIself?0@ 0000000180017028     segment.obj
 0002:00001050       ??_C@_0BN@LGLFPDGO@segment_t_sel_set?$CIself?0?5sel?$CJ@ 0000000180017050     segment.obj
 0002:00001070       ??_C@_0BC@LJHLJHAI@segment_t_sel_get@ 0000000180017070     segment.obj
 0002:00001088       ??_C@_0CB@MMEFLPEG@segment_t_sel_get?$CIself?$CJ?5?9?$DO?5sel_@ 0000000180017088     segment.obj
 0002:000010b0       ??_C@_0CB@COLHDMFA@segment_t_defsr_set?$CIself?0?5defsr@ 00000001800170b0     segment.obj
 0002:000010d8       ??_C@_0BE@FHEJOGC@segment_t_defsr_get@ 00000001800170d8     segment.obj
 0002:000010f0       ??_C@_0CI@OKPMJLPH@segment_t_defsr_get?$CIself?$CJ?5?9?$DO?5se@ 00000001800170f0     segment.obj
 0002:00001118       ??_C@_0BP@FKKOEEBK@segment_t_type_set?$CIself?0?5type?$CJ@ 0000000180017118     segment.obj
 0002:00001138       ??_C@_0BD@CJGHCGAA@segment_t_type_get@ 0000000180017138     segment.obj
 0002:00001150       ??_C@_0CC@FKNAEKCK@segment_t_type_get?$CIself?$CJ?5?9?$DO?5uch@ 0000000180017150     segment.obj
 0002:00001178       ??_C@_0CB@JJIDINF@segment_t_color_set?$CIself?0?5color@ 0000000180017178     segment.obj
 0002:000011a0       ??_C@_0BE@EDDIOFPH@segment_t_color_get@ 00000001800171a0     segment.obj
 0002:000011b8       ??_C@_0CH@PFBCOJGJ@segment_t_color_get?$CIself?$CJ?5?9?$DO?5bg@ 00000001800171b8     segment.obj
 0002:000011e0       ??_C@_0BB@EEAEMLDL@segment_t_update@ 00000001800171e0     segment.obj
 0002:000011f8       ??_C@_0BP@IKLODIKF@segment_t_update?$CIself?$CJ?5?9?$DO?5bool@ 00000001800171f8     segment.obj
 0002:00001218       ??_C@_0CH@HEDAOIIA@segment_t_start_ea_set?$CIself?0?5st@ 0000000180017218     segment.obj
 0002:00001240       ??_C@_0BH@BHCDMHF@segment_t_start_ea_get@ 0000000180017240     segment.obj
 0002:00001258       ??_C@_0CF@PPJGICEM@segment_t_start_ea_get?$CIself?$CJ?5?9?$DO@ 0000000180017258     segment.obj
 0002:00001280       ??_C@_0CD@CEJOHPKO@segment_t_end_ea_set?$CIself?0?5end_@ 0000000180017280     segment.obj
 0002:000012a8       ??_C@_0BF@OLBOIFKG@segment_t_end_ea_get@ 00000001800172a8     segment.obj
 0002:000012c0       ??_C@_0CD@OPMLJLJC@segment_t_end_ea_get?$CIself?$CJ?5?9?$DO?5e@ 00000001800172c0     segment.obj
 0002:000012e8       ??_C@_0BB@NGLKMMDP@delete_segment_t@ 00000001800172e8     segment.obj
 0002:00001300       ??_C@_0BH@HLNIMHLF@delete_segment_t?$CIself?$CJ@ 0000000180017300     segment.obj
 0002:00001318       ??_C@_0BH@BLEHNOF@segment_t_swigregister@ 0000000180017318     segment.obj
 0002:00001330       ??_C@_0BD@LNHBNKCF@segment_t_swiginit@ 0000000180017330     segment.obj
 0002:00001348       ??_C@_0BA@IKNOIGBC@is_visible_segm@ 0000000180017348     segment.obj
 0002:00001358       ??_C@_0BL@NMAMPDMI@is_visible_segm?$CIs?$CJ?5?9?$DO?5bool@ 0000000180017358     segment.obj
 0002:00001378       ??_C@_0BI@MPHCJMGM@is_finally_visible_segm@ 0000000180017378     segment.obj
 0002:00001390       ??_C@_0CD@CDDJCGGN@is_finally_visible_segm?$CIs?$CJ?5?9?$DO?5b@ 0000000180017390     segment.obj
 0002:000013b8       ??_C@_0BN@EDIACPLF@set_visible_segm?$CIs?0?5visible?$CJ@ 00000001800173b8     segment.obj
 0002:000013d8       ??_C@_0N@NMGOPJIH@is_spec_segm@ 00000001800173d8     segment.obj
 0002:000013e8       ??_C@_0BP@JEOPPMPD@is_spec_segm?$CIseg_type?$CJ?5?9?$DO?5bool@ 00000001800173e8     segment.obj
 0002:00001408       ??_C@_0L@OGPMMPGH@is_spec_ea@ 0000000180017408     segment.obj
 0002:00001418       ??_C@_0BH@EDFPGOPG@is_spec_ea?$CIea?$CJ?5?9?$DO?5bool@ 0000000180017418     segment.obj
 0002:00001430       ??_C@_0BG@EDCKODMF@lock_segm?$CIsegm?0?5lock?$CJ@ 0000000180017430     segment.obj
 0002:00001448       ??_C@_0BB@KCLOGOJF@new_lock_segment@ 0000000180017448     segment.obj
 0002:00001460       ??_C@_0CI@BOHPMOKL@new_lock_segment?$CI_segm?$CJ?5?9?$DO?5lock@ 0000000180017460     segment.obj
 0002:00001488       ??_C@_0BE@LKHICMPG@delete_lock_segment@ 0000000180017488     segment.obj
 0002:000014a0       ??_C@_0BK@PIGCFLNP@delete_lock_segment?$CIself?$CJ@ 00000001800174a0     segment.obj
 0002:000014c0       ??_C@_0BK@KDMFPDOM@lock_segment_swigregister@ 00000001800174c0     segment.obj
 0002:000014e0       ??_C@_0BG@JJMBELNF@lock_segment_swiginit@ 00000001800174e0     segment.obj
 0002:000014f8       ??_C@_0P@MFOGKEJ@is_segm_locked@ 00000001800174f8     segment.obj
 0002:00001508       ??_C@_0BN@KHEJJBKH@is_segm_locked?$CIsegm?$CJ?5?9?$DO?5bool@ 0000000180017508     segment.obj
 0002:00001528       ??_C@_0O@JIDOFEGE@getn_selector@ 0000000180017528     segment.obj
 0002:00001538       ??_C@_0BJ@PALFAKHN@getn_selector?$CIn?$CJ?5?9?$DO?5bool@ 0000000180017538     segment.obj
 0002:00001558       ??_C@_0BK@JNEKLHEO@get_selector_qty?$CI?$CJ?5?9?$DO?5int@ 0000000180017558     segment.obj
 0002:00001578       ??_C@_0P@GGKNIGMB@setup_selector@ 0000000180017578     segment.obj
 0002:00001588       ??_C@_0CB@NIDCNBKG@setup_selector?$CIsegbase?$CJ?5?9?$DO?5sel_@ 0000000180017588     segment.obj
 0002:000015b0       ??_C@_0BC@LCBLBJPI@allocate_selector@ 00000001800175b0     segment.obj
 0002:000015c8       ??_C@_0CE@IMJNPMDK@allocate_selector?$CIsegbase?$CJ?5?9?$DO?5s@ 00000001800175c8     segment.obj
 0002:000015f0       ??_C@_0BO@IBNEGEAF@find_free_selector?$CI?$CJ?5?9?$DO?5sel_t@ 00000001800175f0     segment.obj
 0002:00001610       ??_C@_0CJ@FGMLKLKM@set_selector?$CIselector?0?5paragrap@ 0000000180017610     segment.obj
 0002:00001640       ??_C@_0N@LNKGIPBP@del_selector@ 0000000180017640     segment.obj
 0002:00001650       ??_C@_0BH@NJJCGILP@del_selector?$CIselector?$CJ@ 0000000180017650     segment.obj
 0002:00001668       ??_C@_08BMKMKMNI@sel2para@ 0000000180017668     segment.obj
 0002:00001678       ??_C@_0BL@IBLGKFMK@sel2para?$CIselector?$CJ?5?9?$DO?5ea_t@ 0000000180017678     segment.obj
 0002:00001694       ??_C@_06NDDAINJF@sel2ea@   0000000180017694     segment.obj
 0002:000016a0       ??_C@_0BJ@KMJJKLAB@sel2ea?$CIselector?$CJ?5?9?$DO?5ea_t@ 00000001800176a0     segment.obj
 0002:000016c0       ??_C@_0O@JLALFBPA@find_selector@ 00000001800176c0     segment.obj
 0002:000016d0       ??_C@_0BN@DPDNFJDD@find_selector?$CIbase?$CJ?5?9?$DO?5sel_t@ 00000001800176d0     segment.obj
 0002:000016f0       ??_C@_0BA@GPKDGOAJ@get_segm_by_sel@ 00000001800176f0     segment.obj
 0002:00001700       ??_C@_0CH@EMGOMDHO@get_segm_by_sel?$CIselector?$CJ?5?9?$DO?5se@ 0000000180017700     segment.obj
 0002:00001728       ??_C@_0CM@KCHKICLJ@add_segm_ex?$CIs?0?5name?0?5sclass?0?5fl@ 0000000180017728     segment.obj
 0002:00001758       ??_C@_0DK@IOBNINIC@add_segm?$CIpara?0?5start?0?5end?0?5name@ 0000000180017758     segment.obj
 0002:00001798       ??_C@_0BM@HHLCNBGA@del_segm?$CIea?0?5flags?$CJ?5?9?$DO?5bool@ 0000000180017798     segment.obj
 0002:000017b8       ??_C@_0BG@PNJMIFKG@get_segm_qty?$CI?$CJ?5?9?$DO?5int@ 00000001800177b8     segment.obj
 0002:000017d0       ??_C@_06GFMDHBNF@getseg@   00000001800177d0     segment.obj
 0002:000017d8       ??_C@_0BI@IDCEJDNP@getseg?$CIea?$CJ?5?9?$DO?5segment_t@ 00000001800177d8     segment.obj
 0002:000017f0       ??_C@_07DCOGJHFE@getnseg@  00000001800177f0     segment.obj
 0002:000017f8       ??_C@_0BI@PNKAEKLF@getnseg?$CIn?$CJ?5?9?$DO?5segment_t@ 00000001800177f8     segment.obj
 0002:00001810       ??_C@_0N@HNJDNKIM@get_segm_num@ 0000000180017810     segment.obj
 0002:00001820       ??_C@_0BI@DJNFBPCK@get_segm_num?$CIea?$CJ?5?9?$DO?5int@ 0000000180017820     segment.obj
 0002:00001838       ??_C@_0N@NBOJAEGG@get_next_seg@ 0000000180017838     segment.obj
 0002:00001848       ??_C@_0BO@CIDMKBPO@get_next_seg?$CIea?$CJ?5?9?$DO?5segment_t@ 0000000180017848     segment.obj
 0002:00001868       ??_C@_0N@IIFEPJLC@get_prev_seg@ 0000000180017868     segment.obj
 0002:00001878       ??_C@_0BO@NGANLKFP@get_prev_seg?$CIea?$CJ?5?9?$DO?5segment_t@ 0000000180017878     segment.obj
 0002:00001898       ??_C@_0BN@KHDOMGBI@get_first_seg?$CI?$CJ?5?9?$DO?5segment_t@ 0000000180017898     segment.obj
 0002:000018b8       ??_C@_0BM@JLBIELCP@get_last_seg?$CI?$CJ?5?9?$DO?5segment_t@ 00000001800178b8     segment.obj
 0002:000018d8       ??_C@_0BB@HHOJCKHL@get_segm_by_name@ 00000001800178d8     segment.obj
 0002:000018f0       ??_C@_0CE@HEKDBPDE@get_segm_by_name?$CIname?$CJ?5?9?$DO?5segme@ 00000001800178f0     segment.obj
 0002:00001918       ??_C@_0CI@BDGFMFDN@set_segm_end?$CIea?0?5newend?0?5flags?$CJ@ 0000000180017918     segment.obj
 0002:00001940       ??_C@_0CM@INBJGAGG@set_segm_start?$CIea?0?5newstart?0?5fl@ 0000000180017940     segment.obj
 0002:00001970       ??_C@_0CM@HHHPFGCB@move_segm_start?$CIea?0?5newstart?0?5m@ 0000000180017970     segment.obj
 0002:000019a0       ??_C@_0CB@DGDLPDPL@move_segm?$CIs?0?5to?0?5flags?$DN0?$CJ?5?9?$DO?5in@ 00000001800179a0     segment.obj
 0002:000019c8       ??_C@_0CN@OGAOINOI@change_segment_status?$CIs?0?5is_deb@ 00000001800179c8     segment.obj
 0002:000019f8       ??_C@_0BF@LEPAPAMI@take_memory_snapshot@ 00000001800179f8     segment.obj
 0002:00001a10       ??_C@_0CP@CANJNJOP@take_memory_snapshot?$CIonly_loade@ 0000000180017a10     segment.obj
 0002:00001a40       ??_C@_0BF@IDEBEDAO@is_miniidb?$CI?$CJ?5?9?$DO?5bool@ 0000000180017a40     segment.obj
 0002:00001a58       ??_C@_0CC@KAIIFDNG@set_segm_base?$CIs?0?5newbase?$CJ?5?9?$DO?5bo@ 0000000180017a58     segment.obj
 0002:00001a80       ??_C@_0CE@IKHHBOFK@set_group_selector?$CIgrp?0?5sel?$CJ?5?9?$DO@ 0000000180017a80     segment.obj
 0002:00001aa8       ??_C@_0BD@IGFFMHJC@get_group_selector@ 0000000180017aa8     segment.obj
 0002:00001ac0       ??_C@_0CE@MAKLMFAC@get_group_selector?$CIgrpsel?$CJ?5?9?$DO?5s@ 0000000180017ac0     segment.obj
 0002:00001ae8       ??_C@_0DF@PCJACLIB@add_segment_translation?$CIsegstar@ 0000000180017ae8     segment.obj
 0002:00001b20       ??_C@_0DF@HBCLJLKG@set_segment_translations?$CIsegsta@ 0000000180017b20     segment.obj
 0002:00001b58       ??_C@_0BJ@MBJKNBHG@del_segment_translations@ 0000000180017b58     segment.obj
 0002:00001b78       ??_C@_0CD@POBDENAP@del_segment_translations?$CIsegsta@ 0000000180017b78     segment.obj
 0002:00001ba0       ??_C@_0DI@LJPJLAMC@get_segment_translations?$CItransm@ 0000000180017ba0     segment.obj
 0002:00001bd8       ??_C@_0CK@HHHNBHFK@get_segment_cmt?$CIs?0?5repeatable?$CJ?5@ 0000000180017bd8     segment.obj
 0002:00001c08       ??_C@_0CE@NCIJAAON@set_segment_cmt?$CIs?0?5cmt?0?5repeata@ 0000000180017c08     segment.obj
 0002:00001c30       ??_C@_0BO@HEAHPIOI@std_out_segm_footer?$CIctx?0?5seg?$CJ@ 0000000180017c30     segment.obj
 0002:00001c50       ??_C@_0CH@JHJGDHO@set_segm_name?$CIs?0?5name?0?5flags?$DN0?$CJ@ 0000000180017c50     segment.obj
 0002:00001c78       ??_C@_0CF@EHNAPPEJ@get_segm_name?$CIs?0?5flags?$DN0?$CJ?5?9?$DO?5ss@ 0000000180017c78     segment.obj
 0002:00001ca0       ??_C@_0BG@IMMGDBHG@get_visible_segm_name@ 0000000180017ca0     segment.obj
 0002:00001cb8       ??_C@_0CE@NPGDCBM@get_visible_segm_name?$CIs?$CJ?5?9?$DO?5ssi@ 0000000180017cb8     segment.obj
 0002:00001ce0       ??_C@_0P@DICNDELH@get_segm_class@ 0000000180017ce0     segment.obj
 0002:00001cf0       ??_C@_0BN@JJEJNCIN@get_segm_class?$CIs?$CJ?5?9?$DO?5ssize_t@ 0000000180017cf0     segment.obj
 0002:00001d10       ??_C@_0CK@FNLADCCI@set_segm_class?$CIs?0?5sclass?0?5flags@ 0000000180017d10     segment.obj
 0002:00001d40       ??_C@_07CCGDLEOO@segtype@  0000000180017d40     segment.obj
 0002:00001d48       ??_C@_0BF@EOCEMGLH@segtype?$CIea?$CJ?5?9?$DO?5uchar@ 0000000180017d48     segment.obj
 0002:00001d60       ??_C@_0BG@LPBLJPJG@get_segment_alignment@ 0000000180017d60     segment.obj
 0002:00001d78       ??_C@_0CN@MDMKAMBO@get_segment_alignment?$CIalign?$CJ?5?9?$DO@ 0000000180017d78     segment.obj
 0002:00001da8       ??_C@_0BI@OBGEJKDO@get_segment_combination@ 0000000180017da8     segment.obj
 0002:00001dc0       ??_C@_0CO@NMLHKODD@get_segment_combination?$CIcomb?$CJ?5?9@ 0000000180017dc0     segment.obj
 0002:00001df0       ??_C@_0O@IPEEALFB@get_segm_para@ 0000000180017df0     segment.obj
 0002:00001e00       ??_C@_0BJ@GDIJBOLJ@get_segm_para?$CIs?$CJ?5?9?$DO?5ea_t@ 0000000180017e00     segment.obj
 0002:00001e20       ??_C@_0O@PAMKGAIA@get_segm_base@ 0000000180017e20     segment.obj
 0002:00001e30       ??_C@_0BJ@FPLIIOKE@get_segm_base?$CIs?$CJ?5?9?$DO?5ea_t@ 0000000180017e30     segment.obj
 0002:00001e50       ??_C@_0CI@MHFCALEF@set_segm_addressing?$CIs?0?5bitness?$CJ@ 0000000180017e50     segment.obj
 0002:00001e78       ??_C@_0M@HGPILPAB@update_segm@ 0000000180017e78     segment.obj
 0002:00001e88       ??_C@_0BH@CGNBACNM@update_segm?$CIs?$CJ?5?9?$DO?5bool@ 0000000180017e88     segment.obj
 0002:00001ea0       ??_C@_0CG@BJAJKKCK@segm_adjust_diff?$CIs?0?5delta?$CJ?5?9?$DO?5a@ 0000000180017ea0     segment.obj
 0002:00001ec8       ??_C@_0BO@PAMBJMBL@segm_adjust_ea?$CIs?0?5ea?$CJ?5?9?$DO?5ea_t@ 0000000180017ec8     segment.obj
 0002:00001ee8       ??_C@_0BL@FEKANCIL@get_defsr?$CIs?0?5reg?$CJ?5?9?$DO?5sel_t@ 0000000180017ee8     segment.obj
 0002:00001f08       ??_C@_0BJ@MPFLHJHN@set_defsr?$CIs?0?5reg?0?5value?$CJ@ 0000000180017f08     segment.obj
 0002:00001f28       ??_C@_0CE@KLEMHFN@rebase_program?$CIdelta?0?5flags?$CJ?5?9?$DO@ 0000000180017f28     segment.obj
 0002:00001f50       ??_C@_0BE@LADBKDLC@_p__qstringT_char_t@ 0000000180017f50     segment.obj
 0002:00001f68       ??_C@_0BN@OHJFNODI@_qstring?$DM?5char?5?$DO?5?$CK?$HMqstring?5?$CK@ 0000000180017f68     segment.obj
 0002:00001f88       ??_C@_0BN@OGMFMNEO@_p__qstringT_unsigned_char_t@ 0000000180017f88     segment.obj
 0002:00001fa8       ??_C@_0CE@FCOOCMMP@qtype?5?$CK?$HM_qstring?$DM?5unsigned?5char@ 0000000180017fa8     segment.obj
 0002:00001fd0       ??_C@_0BO@NPELMEMN@_p__qstringT_unsigned_short_t@ 0000000180017fd0     segment.obj
 0002:00001ff0       ??_C@_0CI@MOGIECDE@_qstring?$DM?5unsigned?5short?5?$DO?5?$CK?$HMqw@ 0000000180017ff0     segment.obj
 0002:00002018       ??_C@_0BF@FIODJLOI@_p_action_ctx_base_t@ 0000000180018018     segment.obj
 0002:00002030       ??_C@_0EE@ODNBPOJC@action_ctx_base_t?5?$CK?$HMaction_upda@ 0000000180018030     segment.obj
 0002:00002078       ??_C@_0N@IODFCNBG@_p_biggest_t@ 0000000180018078     segment.obj
 0002:00002088       ??_C@_0M@LMODFOHJ@biggest_t?5?$CK@ 0000000180018088     segment.obj
 0002:00002098       ??_C@_0O@HOPHBKAL@char?5?$CK?$HMint8?5?$CK@ 0000000180018098     segment.obj
 0002:000020a8       ??_C@_0BC@KJKOCNNG@_p_const_iterator@ 00000001800180a8     segment.obj
 0002:000020c0       ??_C@_0BB@LAJPCFIO@const_iterator?5?$CK@ 00000001800180c0     segment.obj
 0002:000020d8       ??_C@_0CE@DHGPAIMI@_p_f_p_TWidget_int_int_p_void__@ 00000001800180d8     segment.obj
 0002:00002100       ??_C@_0DN@DFPOHMBA@custom_viewer_keydown_t?5?$CK?$HMbool?5@ 0000000180018100     segment.obj
 0002:00002140       ??_C@_0DF@PENMGFJK@_p_f_p_TWidget_int_p_view_mouse@ 0000000180018140     segment.obj
 0002:00002180       ??_C@_0FC@NPHKCCPL@void?5?$CI?$CK?$CJ?$CITWidget?5?$CK?0int?0view_mou@ 0000000180018180     segment.obj
 0002:000021d8       ??_C@_0CA@IGCEDJID@_p_f_p_TWidget_int_p_void__bool@ 00000001800181d8     segment.obj
 0002:00002200       ??_C@_0FC@PJNOFHGN@custom_viewer_click_t?5?$CK?$HMcustom_@ 0000000180018200     segment.obj
 0002:00002258       ??_C@_0CO@MIHLPJDD@_p_f_p_TWidget_p_lochist_entry_@ 0000000180018258     segment.obj
 0002:00002290       ??_C@_0EM@HBPJNBB@custom_viewer_adjust_place_t?5?$CK?$HM@ 0000000180018290     segment.obj
 0002:000022e0       ??_C@_0GM@LBGPKCPI@_p_f_p_TWidget_p_q_const__lochi@ 00000001800182e0     segment.obj
 0002:00002350       ??_C@_0IF@FKBGALIG@void?5?$CI?$CK?$CJ?$CITWidget?5?$CK?0lochist_entr@ 0000000180018350     segment.obj
 0002:000023e0       ??_C@_0FA@DFBJAGBE@_p_f_p_TWidget_p_q_const__lochi@ 00000001800183e0     segment.obj
 0002:00002430       ??_C@_0GI@FMPBFLEM@custom_viewer_can_navigate_t?5?$CK?$HM@ 0000000180018430     segment.obj
 0002:00002498       ??_C@_0DH@JJEDBLDE@_p_f_p_TWidget_p_q_const__place@ 0000000180018498     segment.obj
 0002:000024d0       ??_C@_0EP@PJDAMEBK@code_viewer_lines_click_t?5?$CK?$HMvoi@ 00000001800184d0     segment.obj
 0002:00002520       ??_C@_0DE@PBNPHPNC@_p_f_p_TWidget_p_q_const__place@ 0000000180018520     segment.obj
 0002:00002560       ??_C@_0EL@JKPIBDKO@code_viewer_lines_icon_t?5?$CK?$HMint?5@ 0000000180018560     segment.obj
 0002:000025b0       ??_C@_0EB@FDCGDBJI@_p_f_p_TWidget_p_q_const__place@ 00000001800185b0     segment.obj
 0002:00002600       ??_C@_0FN@GGLCMJJK@custom_viewer_get_place_xcoord_@ 0000000180018600     segment.obj
 0002:00002660       ??_C@_0DO@KLDLOPHE@_p_f_p_TWidget_p_q_const__place@ 0000000180018660     segment.obj
 0002:000026a0       ??_C@_0FI@GOMHMLF@code_viewer_lines_linenum_t?5?$CK?$HMb@ 00000001800186a0     segment.obj
 0002:000026f8       ??_C@_0BL@BMEJNHDD@_p_f_p_TWidget_p_void__int@ 00000001800186f8     segment.obj
 0002:00002718       ??_C@_0DB@GMPMLKDG@custom_viewer_help_t?5?$CK?$HMint?5?$CI?$CK?$CJ?$CI@ 0000000180018718     segment.obj
 0002:00002750       ??_C@_0BM@PAKPNBHH@_p_f_p_TWidget_p_void__void@ 0000000180018750     segment.obj
 0002:00002770       ??_C@_0GE@BLLNJKNN@custom_viewer_popup_t?5?$CK?$HMcustom_@ 0000000180018770     segment.obj
 0002:000027d8       ??_C@_0DM@PKHFKJJF@_p_f_p_chooser_multi_t_p_sizeve@ 00000001800187d8     segment.obj
 0002:00002820       ??_C@_0FA@INGPHNGB@chooser_base_t?3?3cbres_t?5?$CI?$CK?$CJ?$CIcho@ 0000000180018820     segment.obj
 0002:00002870       ??_C@_0CN@LJCPBILN@_p_f_p_chooser_t_ssize_t__choos@ 0000000180018870     segment.obj
 0002:000028a0       ??_C@_0DL@IKAMODJA@chooser_t?3?3cbret_t?5?$CI?$CK?$CJ?$CIchooser_@ 00000001800188a0     segment.obj
 0002:000028e0       ??_C@_0EC@GIKOMIMG@_p_f_p_lochist_entry_t_r_q_cons@ 00000001800188e0     segment.obj
 0002:00002930       ??_C@_0FE@OJIOMBOE@bool?5?$CI?$CK?$CJ?$CIlochist_entry_t?5?$CK?0loch@ 0000000180018930     segment.obj
 0002:00002988       ??_C@_0CC@HPECDOJE@_p_f_p_q_const__char_p_void__vo@ 0000000180018988     segment.obj
 0002:000029b0       ??_C@_0DA@LKJNDOAC@void?5?$CI?$CK?$CJ?$CIchar?5const?5?$CK?0void?5?$CK?$CJ?$HMs@ 00000001800189b0     segment.obj
 0002:000029e0       ??_C@_0GC@HKCHLFJ@_p_f_p_q_const__char_r_q_const_@ 00000001800189e0     segment.obj
 0002:00002a50       ??_C@_0GE@CDAMLIPA@h2ti_type_cb?5?$CK?$HMint?5?$CI?$CK?$CJ?$CIchar?5con@ 0000000180018a50     segment.obj
 0002:00002ab8       ??_C@_0CB@PLKCNJF@_p_f_p_q_const__char_v_______in@ 0000000180018ab8     segment.obj
 0002:00002ae0       ??_C@_0CG@EHKOJEHN@int?5?$CI?$CK?$CJ?$CIchar?5const?5?$CK?0?4?4?4?$CJ?$HMprint@ 0000000180018ae0     segment.obj
 0002:00002b08       ??_C@_0CB@PPFKEDBB@_p_f_p_void_int_va_list__ssize_@ 0000000180018b08     segment.obj
 0002:00002b30       ??_C@_0CM@ODIKDJIA@ssize_t?5?$CI?$CK?$CJ?$CIvoid?5?$CK?0int?0va_list?$CJ@ 0000000180018b30     segment.obj
 0002:00002b60       ??_C@_0CJ@KNMLBMOG@_p_f_r_q_const__insn_t_p_int_p_@ 0000000180018b60     segment.obj
 0002:00002b90       ??_C@_0DI@CGFAFNOI@bool?5?$CI?$CK?$CJ?$CIinsn_t?5const?5?$CG?0int?5?$CK?0i@ 0000000180018b90     segment.obj
 0002:00002bd0       ??_C@_0FA@JJBGCIIH@_p_f_r_q_const__insn_t_r_q_cons@ 0000000180018bd0     segment.obj
 0002:00002c20       ??_C@_0FE@IBKJNBMI@bool?5?$CI?$CK?$CJ?$CIinsn_t?5const?5?$CG?0op_t?5co@ 0000000180018c20     segment.obj
 0002:00002c78       ??_C@_0BI@PGCOIKGG@_p_f_unsigned_int__bool@ 0000000180018c78     segment.obj
 0002:00002c90       ??_C@_0DN@OGOBIPP@bool?5?$CI?$CK?$CJ?$CIunsigned?5int?$CJ?$HMhas_dela@ 0000000180018c90     segment.obj
 0002:00002cd0       ??_C@_0DL@FFEHDPON@_p_f_unsigned_int_p_q_const__ch@ 0000000180018cd0     segment.obj
 0002:00002d10       ??_C@_0EK@MACPDLHN@int?5?$CI?$CK?$CJ?$CIunsigned?5int?0char?5const@ 0000000180018d10     segment.obj
 0002:00002d60       ??_C@_0BP@HNIFGGKH@_p_f_unsigned_int_p_void__bool@ 0000000180018d60     segment.obj
 0002:00002d80       ??_C@_0CI@PMEGIBIK@testf_t?5?$CK?$HMbool?5?$CI?$CK?$CJ?$CIunsigned?5int@ 0000000180018d80     segment.obj
 0002:00002da8       ??_C@_0DB@CEAPILAH@_p_f_unsigned_int_r_q_const__ti@ 0000000180018da8     segment.obj
 0002:00002de0       ??_C@_0EH@MLDNCCKC@local_tinfo_predicate_t?5?$CK?$HMint?5?$CI@ 0000000180018de0     segment.obj
 0002:00002e28       ??_C@_0CN@BPIIPJKN@_p_f_unsigned_int_unsigned_int_@ 0000000180018e28     segment.obj
 0002:00002e58       ??_C@_0DO@CKIBBIPB@unsigned?5int?5?$CI?$CK?$CJ?$CIunsigned?5int?0u@ 0000000180018e58     segment.obj
 0002:00002e98       ??_C@_06EJFLAOFF@_p_int@   0000000180018e98     segment.obj
 0002:00002ea0       ??_C@_0IG@FDKJDHEK@adiff_t?5?$CK?$HMint?5?$CK?$HMint32?5?$CK?$HMsval_t?5@ 0000000180018ea0     segment.obj
 0002:00002f28       ??_C@_0M@CFMLOKJJ@_p_iterator@ 0000000180018f28     segment.obj
 0002:00002f38       ??_C@_0L@IIMCJLIP@iterator?5?$CK@ 0000000180018f38     segment.obj
 0002:00002f48       ??_C@_0O@HDLJBJJF@_p_location_t@ 0000000180018f48     segment.obj
 0002:00002f58       ??_C@_0N@ONMECIKA@location_t?5?$CK@ 0000000180018f58     segment.obj
 0002:00002f68       ??_C@_0BA@CLIBILDA@_p_lock_segment@ 0000000180018f68     segment.obj
 0002:00002f78       ??_C@_0P@CJEOIIF@lock_segment?5?$CK@ 0000000180018f78     segment.obj
 0002:00002f88       ??_C@_0N@HIKGEFDH@_p_long_long@ 0000000180018f88     segment.obj
 0002:00002f98       ??_C@_0BP@FECEFBLL@int64?5?$CK?$HMlonglong?5?$CK?$HMlong?5long?5?$CK@ 0000000180018f98     segment.obj
 0002:00002fb8       ??_C@_0M@DLPDAJF@_p_outctx_t@ 0000000180018fb8     segment.obj
 0002:00002fc8       ??_C@_0L@ECHBMJDN@outctx_t?5?$CK@ 0000000180018fc8     segment.obj
 0002:00002fd8       ??_C@_0CJ@KBPLCHCN@_p_qvectorT__qstringT_unsigned_@ 0000000180018fd8     segment.obj
 0002:00003008       ??_C@_0DF@GOALPBDM@qvector?$DM?5_qstring?$DM?5unsigned?5sho@ 0000000180019008     segment.obj
 0002:00003040       ??_C@_0BH@EHIHPDFP@_p_qvectorT_argloc_t_t@ 0000000180019040     segment.obj
 0002:00003058       ??_C@_0CC@PMMGEEHP@qvector?$DM?5argloc_t?5?$DO?5?$CK?$HMarglocs_t@ 0000000180019058     segment.obj
 0002:00003080       ??_C@_0BD@IFPOLGLB@_p_qvectorT_bool_t@ 0000000180019080     segment.obj
 0002:00003098       ??_C@_0BO@JEOEHDBE@boolvec_t?5?$CK?$HMqvector?$DM?5bool?5?$DO?5?$CK@ 0000000180019098     segment.obj
 0002:000030b8       ??_C@_0BO@BMBALGLA@_p_qvectorT_channel_redir_t_t@ 00000001800190b8     segment.obj
 0002:000030d8       ??_C@_0DA@DFOFPPPA@qvector?$DM?5channel_redir_t?5?$DO?5?$CK?$HMch@ 00000001800190d8     segment.obj
 0002:00003108       ??_C@_0CA@KLOIFAIM@_p_qvectorT_compiled_binpat_t_t@ 0000000180019108     segment.obj
 0002:00003128       ??_C@_0DH@JJMOBCIB@compiled_binpat_vec_t?5?$CK?$HMqvector@ 0000000180019128     segment.obj
 0002:00003160       ??_C@_0BI@HPPPANA@_p_qvectorT_funcarg_t_t@ 0000000180019160     segment.obj
 0002:00003178       ??_C@_0CG@BKJABKPP@funcargvec_t?5?$CK?$HMqvector?$DM?5funcarg@ 0000000180019178     segment.obj
 0002:000031a0       ??_C@_0BC@EMAMHDDK@_p_qvectorT_int_t@ 00000001800191a0     segment.obj
 0002:000031b8       ??_C@_0CI@OEOLBAGE@svalvec_t?5?$CK?$HMintvec_t?5?$CK?$HMqvector?$DM@ 00000001800191b8     segment.obj
 0002:000031e0       ??_C@_0BG@NGNJJEPD@_p_qvectorT_range_t_t@ 00000001800191e0     segment.obj
 0002:000031f8       ??_C@_0CH@CMPFLCHN@rangevec_base_t?5?$CK?$HMqvector?$DM?5rang@ 00000001800191f8     segment.obj
 0002:00003220       ??_C@_0O@CNCDMPHD@_p_rangevec_t@ 0000000180019220     segment.obj
 0002:00003230       ??_C@_0CB@DLEFICAI@_p_qvectorT_rangeset_t_const_p_@ 0000000180019230     segment.obj
 0002:00003258       ??_C@_0DF@CPGECBJE@rangeset_crefvec_t?5?$CK?$HMqvector?$DM?5r@ 0000000180019258     segment.obj
 0002:00003290       ??_C@_0BJ@CBEEABAG@_p_qvectorT_rangeset_t_t@ 0000000180019290     segment.obj
 0002:000032b0       ??_C@_0CN@NEPIOIFG@qvector?$DM?5rangeset_t?5?$DO?5?$CK?$HMarray_o@ 00000001800192b0     segment.obj
 0002:000032e0       ??_C@_0BN@HCIAELAH@_p_qvectorT_refinfo_desc_t_t@ 00000001800192e0     segment.obj
 0002:00003300       ??_C@_0DB@OEPGJFJL@refinfo_desc_vec_t?5?$CK?$HMqvector?$DM?5r@ 0000000180019300     segment.obj
 0002:00003338       ??_C@_0BK@JBDFAIAF@_p_qvectorT_simd_info_t_t@ 0000000180019338     segment.obj
 0002:00003358       ??_C@_0CL@IAEHADMA@simd_info_vec_t?5?$CK?$HMqvector?$DM?5simd@ 0000000180019358     segment.obj
 0002:00003388       ??_C@_0BL@JOHIOMBL@_p_qvectorT_simpleline_t_t@ 0000000180019388     segment.obj
 0002:000033a8       ??_C@_0CF@LMLHENLN@strvec_t?5?$CK?$HMqvector?$DM?5simpleline_@ 00000001800193a8     segment.obj
 0002:000033d0       ??_C@_0BF@JMFCGENF@_p_qvectorT_size_t_t@ 00000001800193d0     segment.obj
 0002:000033e8       ??_C@_0CA@PKGFIBKP@sizevec_t?5?$CK?$HMqvector?$DM?5size_t?5?$DO?5?$CK@ 00000001800193e8     segment.obj
 0002:00003408       ??_C@_0BG@GHPDGOHO@_p_qvectorT_tinfo_t_t@ 0000000180019408     segment.obj
 0002:00003420       ??_C@_0CC@CEHAEEKI@tinfovec_t?5?$CK?$HMqvector?$DM?5tinfo_t?5?$DO@ 0000000180019420     segment.obj
 0002:00003448       ??_C@_0BK@KGMCEJE@_p_qvectorT_type_attr_t_t@ 0000000180019448     segment.obj
 0002:00003468       ??_C@_0CI@PENEDOEG@type_attrs_t?5?$CK?$HMqvector?$DM?5type_at@ 0000000180019468     segment.obj
 0002:00003490       ??_C@_0BL@MFAEBBAF@_p_qvectorT_udt_member_t_t@ 0000000180019490     segment.obj
 0002:000034b0       ??_C@_0CL@HFANAPIM@udtmembervec_t?5?$CK?$HMqvector?$DM?5udt_m@ 00000001800194b0     segment.obj
 0002:000034e0       ??_C@_0BM@DFOCNGNJ@_p_qvectorT_unsigned_char_t@ 00000001800194e0     segment.obj
 0002:00003500       ??_C@_0CH@MCODNJGI@qvector?$DM?5unsigned?5char?5?$DO?5?$CK?$HMcomp@ 0000000180019500     segment.obj
 0002:00003528       ??_C@_0M@BEMIELHM@_p_relobj_t@ 0000000180019528     segment.obj
 0002:00003538       ??_C@_0N@OAHCDFLH@_p_bytevec_t@ 0000000180019538     segment.obj
 0002:00003548       ??_C@_0BA@KOPDLMDG@_p_reloc_info_t@ 0000000180019548     segment.obj
 0002:00003558       ??_C@_0BL@POPMPLM@_p_qvectorT_unsigned_int_t@ 0000000180019558     segment.obj
 0002:00003578       ??_C@_0DL@HDEADPMO@eavec_t?5?$CK?$HMordvec_t?5?$CK?$HMuvalvec_t?5@ 0000000180019578     segment.obj
 0002:000035b8       ??_C@_0L@NOIPKKEL@_p_range_t@ 00000001800195b8     segment.obj
 0002:000035c8       ??_C@_09HPKAOMNJ@range_t?5?$CK@ 00000001800195c8     segment.obj
 0002:000035d8       ??_C@_0N@JMGNDIKJ@_p_segment_t@ 00000001800195d8     segment.obj
 0002:000035e8       ??_C@_0M@LCGDBKLN@segment_t?5?$CK@ 00000001800195e8     segment.obj
 0002:000035f8       ??_C@_08JGEHMJEC@_p_short@ 00000001800195f8     segment.obj
 0002:00003608       ??_C@_0BA@BBDCPKKI@int16?5?$CK?$HMshort?5?$CK@ 0000000180019608     segment.obj
 0002:00003618       ??_C@_0P@IHEJCACJ@_p_signed_char@ 0000000180019618     segment.obj
 0002:00003628       ??_C@_0BG@CGJIOBCI@signed?5char?5?$CK?$HMsint8?5?$CK@ 0000000180019628     segment.obj
 0002:00003640       ??_C@_0BB@JEMKPEPB@_p_unsigned_char@ 0000000180019640     segment.obj
 0002:00003660       ??_C@_0HI@NBHOBBOJ@uchar?5?$CK?$HMunsigned?5char?5?$CK?$HMcm_t?5?$CK?$HM@ 0000000180019660     segment.obj
 0002:000036d8       ??_C@_0BA@EMEBBPFL@_p_unsigned_int@ 00000001800196d8     segment.obj
 0002:000036f0       ??_C@_0JE@GCFOGLMK@bgcolor_t?5?$CK?$HMenum_t?5?$CK?$HMtid_t?5?$CK?$HMbm@ 00000001800196f0     segment.obj
 0002:00003788       ??_C@_0BG@CGEDOPGF@_p_unsigned_long_long@ 0000000180019788     segment.obj
 0002:000037a0       ??_C@_0CK@FCLCDGJM@uint64?5?$CK?$HMulonglong?5?$CK?$HMunsigned?5l@ 00000001800197a0     segment.obj
 0002:000037d0       ??_C@_0BC@GCHEMBCE@_p_unsigned_short@ 00000001800197d0     segment.obj
 0002:000037e8       ??_C@_0CP@HNCAPCKA@uint16?5?$CK?$HMunsigned?5short?5?$CK?$HMushor@ 00000001800197e8     segment.obj
 0002:00003818       ??_C@_0O@KPNNNNNL@_p_value_type@ 0000000180019818     segment.obj
 0002:00003828       ??_C@_0N@BPDHJAOG@value_type?5?$CK@ 0000000180019828     segment.obj
 0002:00003838       ??_C@_03BHDOPPEK@own@      0000000180019838     segment.obj
 0002:0000383c       ??_C@_06EFGGFDFD@disown@   000000018001983c     segment.obj
 0002:00003848       ??_C@_0CC@CFIMIIPD@releases?5ownership?5of?5the?5point@ 0000000180019848     segment.obj
 0002:00003870       ??_C@_07MEFPPMEF@acquire@  0000000180019870     segment.obj
 0002:00003878       ??_C@_0CC@BAIBAPCI@acquires?5ownership?5of?5the?5point@ 0000000180019878     segment.obj
 0002:000038a0       ??_C@_0CG@GKPKGEFE@returns?1sets?5ownership?5of?5the?5p@ 00000001800198a0     segment.obj
 0002:000038c8       ??_C@_06PCICMFGG@append@   00000001800198c8     segment.obj
 0002:000038d0       ??_C@_0BO@NCOOMDHM@appends?5another?5?8this?8?5object@ 00000001800198d0     segment.obj
 0002:000038f0       ??_C@_04CJGEDOF@next@      00000001800198f0     segment.obj
 0002:000038f8       ??_C@_0BP@IMIAEPNG@returns?5the?5next?5?8this?8?5object@ 00000001800198f8     segment.obj
 0002:00003918       ??_C@_08HJPCHLLJ@__repr__@ 0000000180019918     segment.obj
 0002:00003928       ??_C@_0BO@PNCCHPAD@returns?5object?5representation@ 0000000180019928     segment.obj
 0002:00003948       ??_C@_07HDHHMDOH@_p_char@  0000000180019948     segment.obj
 0002:00003950       ??_C@_0O@EMFKLPMD@new_segment_t@ 0000000180019950     segment.obj
 0002:00003960       ??_C@_0BD@GGKFPJLH@segment_t_name_set@ 0000000180019960     segment.obj
 0002:00003978       ??_C@_0BF@OGFHCJGF@segment_t_sclass_set@ 0000000180019978     segment.obj
 0002:00003990       ??_C@_0BG@CGLCBDNE@segment_t_orgbase_set@ 0000000180019990     segment.obj
 0002:000039a8       ??_C@_0BE@KOCAELCE@segment_t_align_set@ 00000001800199a8     segment.obj
 0002:000039c0       ??_C@_0BD@JPGFDMGK@segment_t_comb_set@ 00000001800199c0     segment.obj
 0002:000039d8       ??_C@_0BD@PLCIAAOE@segment_t_perm_set@ 00000001800199d8     segment.obj
 0002:000039f0       ??_C@_0BG@EOKCHHDG@segment_t_bitness_set@ 00000001800199f0     segment.obj
 0002:00003a08       ??_C@_0BE@CAFBFKKN@segment_t_flags_set@ 0000000180019a08     segment.obj
 0002:00003a20       ??_C@_0BL@FAEIBCGE@segment_t_set_visible_segm@ 0000000180019a20     segment.obj
 0002:00003a40       ??_C@_0BM@EGKNKJOL@segment_t_set_debugger_segm@ 0000000180019a40     segment.obj
 0002:00003a60       ??_C@_0BK@LCADAACK@segment_t_set_loader_segm@ 0000000180019a60     segment.obj
 0002:00003a80       ??_C@_0BN@MJGMIDMJ@segment_t_set_hidden_segtype@ 0000000180019a80     segment.obj
 0002:00003aa0       ??_C@_0BK@FDKKGDNB@segment_t_set_header_segm@ 0000000180019aa0     segment.obj
 0002:00003ac0       ??_C@_0BC@GGAAFHMA@segment_t_sel_set@ 0000000180019ac0     segment.obj
 0002:00003ad8       ??_C@_0BE@NKAPFOKK@segment_t_defsr_set@ 0000000180019ad8     segment.obj
 0002:00003af0       ??_C@_0BD@PGBMOGMI@segment_t_type_set@ 0000000180019af0     segment.obj
 0002:00003b08       ??_C@_0BE@JMEDCFDP@segment_t_color_set@ 0000000180019b08     segment.obj
 0002:00003b20       ??_C@_0BH@NOAJPMLN@segment_t_start_ea_set@ 0000000180019b20     segment.obj
 0002:00003b38       ??_C@_0BF@DEGFEFGO@segment_t_end_ea_set@ 0000000180019b38     segment.obj
 0002:00003b50       ??_C@_0BB@KEIHHFNP@set_visible_segm@ 0000000180019b50     segment.obj
[...]
 0004:00001d40       $pdata$_wrap_get_segment_translations$catch$5 000000018002bd40     segment.obj
 0004:00001d4c       $pdata$_wrap_get_segment_translations$catch$4 000000018002bd4c     segment.obj
 0004:00001d58       $pdata$_wrap_get_segment_translations$catch$3 000000018002bd58     segment.obj
 0004:00001d64       $pdata$_wrap_get_segment_translations$catch$2 000000018002bd64     segment.obj
 0004:00001d70       $pdata$_wrap_get_segment_translations$catch$1 000000018002bd70     segment.obj
 0004:00001d7c       $pdata$_wrap_get_segment_cmt 000000018002bd7c     segment.obj
 0004:00001d88       $pdata$_wrap_get_segment_cmt$catch$8 000000018002bd88     segment.obj
 0004:00001d94       $pdata$_wrap_get_segment_cmt$catch$7 000000018002bd94     segment.obj
 0004:00001da0       $pdata$_wrap_get_segment_cmt$catch$6 000000018002bda0     segment.obj
 0004:00001dac       $pdata$_wrap_get_segment_cmt$catch$5 000000018002bdac     segment.obj
 0004:00001db8       $pdata$_wrap_get_segment_cmt$catch$4 000000018002bdb8     segment.obj
 0004:00001dc4       $pdata$_wrap_get_segment_cmt$catch$3 000000018002bdc4     segment.obj
 0004:00001dd0       $pdata$_wrap_set_segment_cmt 000000018002bdd0     segment.obj
 0004:00001ddc       $pdata$_wrap_set_segment_cmt$catch$5 000000018002bddc     segment.obj
 0004:00001de8       $pdata$_wrap_set_segment_cmt$catch$4 000000018002bde8     segment.obj
 0004:00001df4       $pdata$_wrap_set_segment_cmt$catch$3 000000018002bdf4     segment.obj
 0004:00001e00       $pdata$_wrap_set_segment_cmt$catch$2 000000018002be00     segment.obj
 0004:00001e0c       $pdata$_wrap_set_segment_cmt$catch$1 000000018002be0c     segment.obj
 0004:00001e18       $pdata$_wrap_set_segment_cmt$catch$0 000000018002be18     segment.obj
 0004:00001e24       $pdata$_wrap_std_out_segm_footer 000000018002be24     segment.obj
 0004:00001e30       $pdata$_wrap_std_out_segm_footer$catch$5 000000018002be30     segment.obj
 0004:00001e3c       $pdata$_wrap_std_out_segm_footer$catch$4 000000018002be3c     segment.obj
 0004:00001e48       $pdata$_wrap_std_out_segm_footer$catch$3 000000018002be48     segment.obj
 0004:00001e54       $pdata$_wrap_std_out_segm_footer$catch$2 000000018002be54     segment.obj
 0004:00001e60       $pdata$_wrap_std_out_segm_footer$catch$1 000000018002be60     segment.obj
 0004:00001e6c       $pdata$_wrap_std_out_segm_footer$catch$0 000000018002be6c     segment.obj
 0004:00001e78       $pdata$_wrap_set_segm_name 000000018002be78     segment.obj
 0004:00001e84       $pdata$_wrap_set_segm_name$catch$5 000000018002be84     segment.obj
 0004:00001e90       $pdata$_wrap_set_segm_name$catch$4 000000018002be90     segment.obj
 0004:00001e9c       $pdata$_wrap_set_segm_name$catch$3 000000018002be9c     segment.obj
 0004:00001ea8       $pdata$_wrap_set_segm_name$catch$2 000000018002bea8     segment.obj
 0004:00001eb4       $pdata$_wrap_set_segm_name$catch$1 000000018002beb4     segment.obj
 0004:00001ec0       $pdata$_wrap_set_segm_name$catch$0 000000018002bec0     segment.obj
 0004:00001ecc       $pdata$_wrap_get_segm_name 000000018002becc     segment.obj
 0004:00001ed8       $pdata$_wrap_get_segm_name$catch$8 000000018002bed8     segment.obj
 0004:00001ee4       $pdata$_wrap_get_segm_name$catch$7 000000018002bee4     segment.obj
 0004:00001ef0       $pdata$_wrap_get_segm_name$catch$6 000000018002bef0     segment.obj
 0004:00001efc       $pdata$_wrap_get_segm_name$catch$5 000000018002befc     segment.obj
 0004:00001f08       $pdata$_wrap_get_segm_name$catch$4 000000018002bf08     segment.obj
 0004:00001f14       $pdata$_wrap_get_segm_name$catch$3 000000018002bf14     segment.obj
 0004:00001f20       $pdata$_wrap_get_visible_segm_name 000000018002bf20     segment.obj
 0004:00001f2c       $pdata$_wrap_get_visible_segm_name$catch$8 000000018002bf2c     segment.obj
 0004:00001f38       $pdata$_wrap_get_visible_segm_name$catch$7 000000018002bf38     segment.obj
 0004:00001f44       $pdata$_wrap_get_visible_segm_name$catch$6 000000018002bf44     segment.obj
 0004:00001f50       $pdata$_wrap_get_visible_segm_name$catch$5 000000018002bf50     segment.obj
 0004:00001f5c       $pdata$_wrap_get_visible_segm_name$catch$4 000000018002bf5c     segment.obj
 0004:00001f68       $pdata$_wrap_get_visible_segm_name$catch$3 000000018002bf68     segment.obj
 0004:00001f74       $pdata$_wrap_get_segm_class 000000018002bf74     segment.obj
 0004:00001f80       $pdata$_wrap_get_segm_class$catch$8 000000018002bf80     segment.obj
 0004:00001f8c       $pdata$_wrap_get_segm_class$catch$7 000000018002bf8c     segment.obj
 0004:00001f98       $pdata$_wrap_get_segm_class$catch$6 000000018002bf98     segment.obj
 0004:00001fa4       $pdata$_wrap_get_segm_class$catch$5 000000018002bfa4     segment.obj
 0004:00001fb0       $pdata$_wrap_get_segm_class$catch$4 000000018002bfb0     segment.obj
 0004:00001fbc       $pdata$_wrap_get_segm_class$catch$3 000000018002bfbc     segment.obj
 0004:00001fc8       $pdata$_wrap_set_segm_class 000000018002bfc8     segment.obj
 0004:00001fd4       $pdata$_wrap_set_segm_class$catch$5 000000018002bfd4     segment.obj
 0004:00001fe0       $pdata$_wrap_set_segm_class$catch$4 000000018002bfe0     segment.obj
 0004:00001fec       $pdata$_wrap_set_segm_class$catch$3 000000018002bfec     segment.obj
 0004:00001ff8       $pdata$_wrap_set_segm_class$catch$2 000000018002bff8     segment.obj
 0004:00002004       $pdata$_wrap_set_segm_class$catch$1 000000018002c004     segment.obj
 0004:00002010       $pdata$_wrap_set_segm_class$catch$0 000000018002c010     segment.obj
 0004:0000201c       $pdata$_wrap_segtype       000000018002c01c     segment.obj
 0004:00002028       $pdata$_wrap_segtype$catch$5 000000018002c028     segment.obj
 0004:00002034       $pdata$_wrap_segtype$catch$4 000000018002c034     segment.obj
 0004:00002040       $pdata$_wrap_segtype$catch$3 000000018002c040     segment.obj
 0004:0000204c       $pdata$_wrap_segtype$catch$2 000000018002c04c     segment.obj
 0004:00002058       $pdata$_wrap_segtype$catch$1 000000018002c058     segment.obj
 0004:00002064       $pdata$_wrap_segtype$catch$0 000000018002c064     segment.obj
 0004:00002070       $pdata$_wrap_get_segment_alignment 000000018002c070     segment.obj
 0004:0000207c       $pdata$_wrap_get_segment_alignment$catch$5 000000018002c07c     segment.obj
 0004:00002088       $pdata$_wrap_get_segment_alignment$catch$4 000000018002c088     segment.obj
 0004:00002094       $pdata$_wrap_get_segment_alignment$catch$3 000000018002c094     segment.obj
 0004:000020a0       $pdata$_wrap_get_segment_alignment$catch$2 000000018002c0a0     segment.obj
 0004:000020ac       $pdata$_wrap_get_segment_alignment$catch$1 000000018002c0ac     segment.obj
 0004:000020b8       $pdata$_wrap_get_segment_alignment$catch$0 000000018002c0b8     segment.obj
 0004:000020c4       $pdata$_wrap_get_segment_combination 000000018002c0c4     segment.obj
 0004:000020d0       $pdata$_wrap_get_segment_combination$catch$5 000000018002c0d0     segment.obj
 0004:000020dc       $pdata$_wrap_get_segment_combination$catch$4 000000018002c0dc     segment.obj
 0004:000020e8       $pdata$_wrap_get_segment_combination$catch$3 000000018002c0e8     segment.obj
 0004:000020f4       $pdata$_wrap_get_segment_combination$catch$2 000000018002c0f4     segment.obj
 0004:00002100       $pdata$_wrap_get_segment_combination$catch$1 000000018002c100     segment.obj
 0004:0000210c       $pdata$_wrap_get_segment_combination$catch$0 000000018002c10c     segment.obj
 0004:00002118       $pdata$_wrap_get_segm_para 000000018002c118     segment.obj
 0004:00002124       $pdata$_wrap_get_segm_para$catch$5 000000018002c124     segment.obj
 0004:00002130       $pdata$_wrap_get_segm_para$catch$4 000000018002c130     segment.obj
 0004:0000213c       $pdata$_wrap_get_segm_para$catch$3 000000018002c13c     segment.obj
 0004:00002148       $pdata$_wrap_get_segm_para$catch$2 000000018002c148     segment.obj
 0004:00002154       $pdata$_wrap_get_segm_para$catch$1 000000018002c154     segment.obj
 0004:00002160       $pdata$_wrap_get_segm_para$catch$0 000000018002c160     segment.obj
 0004:0000216c       $pdata$_wrap_get_segm_base 000000018002c16c     segment.obj
 0004:00002178       $pdata$_wrap_get_segm_base$catch$5 000000018002c178     segment.obj
 0004:00002184       $pdata$_wrap_get_segm_base$catch$4 000000018002c184     segment.obj
 0004:00002190       $pdata$_wrap_get_segm_base$catch$3 000000018002c190     segment.obj
 0004:0000219c       $pdata$_wrap_get_segm_base$catch$2 000000018002c19c     segment.obj
 0004:000021a8       $pdata$_wrap_get_segm_base$catch$1 000000018002c1a8     segment.obj
 0004:000021b4       $pdata$_wrap_get_segm_base$catch$0 000000018002c1b4     segment.obj
 0004:000021c0       $pdata$_wrap_set_segm_addressing 000000018002c1c0     segment.obj
 0004:000021cc       $pdata$_wrap_set_segm_addressing$catch$5 000000018002c1cc     segment.obj
 0004:000021d8       $pdata$_wrap_set_segm_addressing$catch$4 000000018002c1d8     segment.obj
 0004:000021e4       $pdata$_wrap_set_segm_addressing$catch$3 000000018002c1e4     segment.obj
 0004:000021f0       $pdata$_wrap_set_segm_addressing$catch$2 000000018002c1f0     segment.obj
 0004:000021fc       $pdata$_wrap_set_segm_addressing$catch$1 000000018002c1fc     segment.obj
 0004:00002208       $pdata$_wrap_set_segm_addressing$catch$0 000000018002c208     segment.obj
 0004:00002214       $pdata$_wrap_update_segm   000000018002c214     segment.obj
 0004:00002220       $pdata$_wrap_update_segm$catch$5 000000018002c220     segment.obj
 0004:0000222c       $pdata$_wrap_update_segm$catch$4 000000018002c22c     segment.obj
 0004:00002238       $pdata$_wrap_update_segm$catch$3 000000018002c238     segment.obj
 0004:00002244       $pdata$_wrap_update_segm$catch$2 000000018002c244     segment.obj
 0004:00002250       $pdata$_wrap_update_segm$catch$1 000000018002c250     segment.obj
 0004:0000225c       $pdata$_wrap_update_segm$catch$0 000000018002c25c     segment.obj
 0004:00002268       $pdata$_wrap_segm_adjust_diff 000000018002c268     segment.obj
 0004:00002274       $pdata$_wrap_segm_adjust_diff$catch$5 000000018002c274     segment.obj
 0004:00002280       $pdata$_wrap_segm_adjust_diff$catch$4 000000018002c280     segment.obj
 0004:0000228c       $pdata$_wrap_segm_adjust_diff$catch$3 000000018002c28c     segment.obj
 0004:00002298       $pdata$_wrap_segm_adjust_diff$catch$2 000000018002c298     segment.obj
 0004:000022a4       $pdata$_wrap_segm_adjust_diff$catch$1 000000018002c2a4     segment.obj
 0004:000022b0       $pdata$_wrap_segm_adjust_diff$catch$0 000000018002c2b0     segment.obj
 0004:000022bc       $pdata$_wrap_segm_adjust_ea 000000018002c2bc     segment.obj
 0004:000022c8       $pdata$_wrap_segm_adjust_ea$catch$5 000000018002c2c8     segment.obj
 0004:000022d4       $pdata$_wrap_segm_adjust_ea$catch$4 000000018002c2d4     segment.obj
 0004:000022e0       $pdata$_wrap_segm_adjust_ea$catch$3 000000018002c2e0     segment.obj
 0004:000022ec       $pdata$_wrap_segm_adjust_ea$catch$2 000000018002c2ec     segment.obj
 0004:000022f8       $pdata$_wrap_segm_adjust_ea$catch$1 000000018002c2f8     segment.obj
 0004:00002304       $pdata$_wrap_segm_adjust_ea$catch$0 000000018002c304     segment.obj
 0004:00002310       $pdata$_wrap_get_defsr     000000018002c310     segment.obj
 0004:0000231c       $pdata$_wrap_get_defsr$catch$5 000000018002c31c     segment.obj
 0004:00002328       $pdata$_wrap_get_defsr$catch$4 000000018002c328     segment.obj
 0004:00002334       $pdata$_wrap_get_defsr$catch$3 000000018002c334     segment.obj
 0004:00002340       $pdata$_wrap_get_defsr$catch$2 000000018002c340     segment.obj
 0004:0000234c       $pdata$_wrap_get_defsr$catch$1 000000018002c34c     segment.obj
 0004:00002358       $pdata$_wrap_get_defsr$catch$0 000000018002c358     segment.obj
 0004:00002364       $pdata$_wrap_set_defsr     000000018002c364     segment.obj
 0004:00002370       $pdata$_wrap_set_defsr$catch$5 000000018002c370     segment.obj
 0004:0000237c       $pdata$_wrap_set_defsr$catch$4 000000018002c37c     segment.obj
 0004:00002388       $pdata$_wrap_set_defsr$catch$3 000000018002c388     segment.obj
 0004:00002394       $pdata$_wrap_set_defsr$catch$2 000000018002c394     segment.obj
 0004:000023a0       $pdata$_wrap_set_defsr$catch$1 000000018002c3a0     segment.obj
 0004:000023ac       $pdata$_wrap_set_defsr$catch$0 000000018002c3ac     segment.obj
 0004:000023b8       $pdata$_wrap_rebase_program 000000018002c3b8     segment.obj
 0004:000023c4       $pdata$_wrap_rebase_program$catch$5 000000018002c3c4     segment.obj
 0004:000023d0       $pdata$_wrap_rebase_program$catch$4 000000018002c3d0     segment.obj
 0004:000023dc       $pdata$_wrap_rebase_program$catch$3 000000018002c3dc     segment.obj
 0004:000023e8       $pdata$_wrap_rebase_program$catch$2 000000018002c3e8     segment.obj
 0004:000023f4       $pdata$_wrap_rebase_program$catch$1 000000018002c3f4     segment.obj
 0004:00002400       $pdata$_wrap_rebase_program$catch$0 000000018002c400     segment.obj
 0004:0000240c       $pdata$SWIG_InitializeModule 000000018002c40c     segment.obj
 0004:00002418       $pdata$1$SWIG_InitializeModule 000000018002c418     segment.obj
 0004:00002424       $pdata$4$SWIG_InitializeModule 000000018002c424     segment.obj
 0004:00002430       $pdata$5$SWIG_InitializeModule 000000018002c430     segment.obj
 0004:0000243c       $pdata$6$SWIG_InitializeModule 000000018002c43c     segment.obj
 0004:00002448       $pdata$SWIG_Python_FixMethods 000000018002c448     segment.obj
 0004:00002454       $pdata$4$SWIG_Python_FixMethods 000000018002c454     segment.obj
 0004:00002460       $pdata$5$SWIG_Python_FixMethods 000000018002c460     segment.obj
 0004:0000246c       $pdata$PyInit__ida_segment 000000018002c46c     segment.obj
 0004:00002478       $pdata$1$PyInit__ida_segment 000000018002c478     segment.obj
 0004:00002484       $pdata$2$PyInit__ida_segment 000000018002c484     segment.obj
 0004:00002490       $pdata$3$PyInit__ida_segment 000000018002c490     segment.obj
 0004:0000249c       $pdata$4$PyInit__ida_segment 000000018002c49c     segment.obj
 0004:000024a8       $pdata$??2@YAPEAX_K@Z      000000018002c4a8     MSVCRT:new_scalar.obj
 0004:000024b4       $pdata$_Init_thread_header 000000018002c4b4     MSVCRT:thread_safe_statics.obj
 0004:000024c0       $pdata$_Init_thread_footer 000000018002c4c0     MSVCRT:thread_safe_statics.obj
 0004:000024cc       $pdata$_Init_thread_wait   000000018002c4cc     MSVCRT:thread_safe_statics.obj
 0004:000024d8       $pdata$_Init_thread_notify 000000018002c4d8     MSVCRT:thread_safe_statics.obj
 0004:000024e4       $pdata$?__scrt_uninitialize_thread_safe_statics@@YAXXZ 000000018002c4e4     MSVCRT:thread_safe_statics.obj
 0004:000024f0       $pdata$?__scrt_initialize_thread_safe_statics@@YAHXZ 000000018002c4f0     MSVCRT:thread_safe_statics.obj
 0004:000024fc       $pdata$__GSHandlerCheckCommon 000000018002c4fc     MSVCRT:gshandler.obj
 0004:00002508       $pdata$__GSHandlerCheck    000000018002c508     MSVCRT:gshandler.obj
 0004:00002514       $pdata$__GSHandlerCheck_EH 000000018002c514     MSVCRT:gshandlereh.obj
 0004:0000252c       $pdata$??_Gtype_info@@UEAAPEAXI@Z 000000018002c52c     MSVCRT:std_type_info_static.obj
 0004:00002538       $pdata$?dllmain_crt_process_attach@@YAHQEAUHINSTANCE__@@QEAX@Z 000000018002c538     MSVCRT:dll_dllmain.obj
 0004:00002544       $pdata$?fin$0@?0??dllmain_crt_process_attach@@YAHQEAUHINSTANCE__@@QEAX@Z@4HA 000000018002c544     MSVCRT:dll_dllmain.obj
 0004:00002550       $pdata$?dllmain_crt_process_detach@@YAH_N@Z 000000018002c550     MSVCRT:dll_dllmain.obj
 0004:0000255c       $pdata$?fin$0@?0??dllmain_crt_process_detach@@YAH_N@Z@4HA 000000018002c55c     MSVCRT:dll_dllmain.obj
 0004:00002568       $pdata$?dllmain_crt_dispatch@@YAHQEAUHINSTANCE__@@KQEAX@Z 000000018002c568     MSVCRT:dll_dllmain.obj
 0004:00002574       $pdata$?dllmain_dispatch@@YAHQEAUHINSTANCE__@@KQEAX@Z 000000018002c574     MSVCRT:dll_dllmain.obj
 0004:00002580       $pdata$?filt$0@?0??dllmain_dispatch@@YAHQEAUHINSTANCE__@@KQEAX@Z@4HA 000000018002c580     MSVCRT:dll_dllmain.obj
 0004:0000258c       $pdata$_DllMainCRTStartup  000000018002c58c     MSVCRT:dll_dllmain.obj
 0004:00002598       $pdata$??0exception@std@@QEAA@AEBV01@@Z 000000018002c598     MSVCRT:throw_bad_alloc.obj
 0004:000025a4       $pdata$??_Gexception@std@@UEAAPEAXI@Z 000000018002c5a4     MSVCRT:throw_bad_alloc.obj
 0004:000025a4       $pdata$??_Gbad_alloc@std@@UEAAPEAXI@Z 000000018002c5a4     MSVCRT:throw_bad_alloc.obj
 0004:000025a4       $pdata$??_Gbad_array_new_length@std@@UEAAPEAXI@Z 000000018002c5a4     MSVCRT:throw_bad_alloc.obj
 0004:000025b0       $pdata$??0bad_alloc@std@@QEAA@AEBV01@@Z 000000018002c5b0     MSVCRT:throw_bad_alloc.obj
 0004:000025bc       $pdata$??0bad_array_new_length@std@@QEAA@AEBV01@@Z 000000018002c5bc     MSVCRT:throw_bad_alloc.obj
 0004:000025c8       $pdata$?__scrt_throw_std_bad_alloc@@YAXXZ 000000018002c5c8     MSVCRT:throw_bad_alloc.obj
 0004:000025d4       $pdata$?__scrt_throw_std_bad_array_new_length@@YAXXZ 000000018002c5d4     MSVCRT:throw_bad_alloc.obj
 0004:000025e0       $pdata$atexit              000000018002c5e0     MSVCRT:utility.obj
 0004:000025ec       $pdata$_onexit             000000018002c5ec     MSVCRT:utility.obj
 0004:000025f8       $pdata$__scrt_is_nonwritable_in_current_image 000000018002c5f8     MSVCRT:utility.obj
 0004:00002604       $pdata$__scrt_is_nonwritable_in_current_image$filt$0 000000018002c604     MSVCRT:utility.obj
 0004:00002610       $pdata$__scrt_acquire_startup_lock 000000018002c610     MSVCRT:utility.obj
 0004:0000261c       $pdata$__scrt_release_startup_lock 000000018002c61c     MSVCRT:utility.obj
 0004:00002628       $pdata$__scrt_initialize_crt 000000018002c628     MSVCRT:utility.obj
 0004:00002634       $pdata$__scrt_uninitialize_crt 000000018002c634     MSVCRT:utility.obj
 0004:00002640       $pdata$__scrt_initialize_onexit_tables 000000018002c640     MSVCRT:utility.obj
 0004:0000264c       $pdata$__scrt_dllmain_exception_filter 000000018002c64c     MSVCRT:utility.obj
 0004:00002658       $pdata$__scrt_dllmain_before_initialize_c 000000018002c658     MSVCRT:utility.obj
 0004:00002664       $pdata$__scrt_dllmain_after_initialize_c 000000018002c664     MSVCRT:utility.obj
 0004:00002670       $pdata$__scrt_dllmain_uninitialize_c 000000018002c670     MSVCRT:utility.obj
 0004:0000267c       $pdata$__scrt_dllmain_uninitialize_critical 000000018002c67c     MSVCRT:utility.obj
 0004:00002688       $pdata$__scrt_dllmain_crt_thread_attach 000000018002c688     MSVCRT:utility.obj
 0004:00002694       $pdata$__scrt_dllmain_crt_thread_detach 000000018002c694     MSVCRT:utility.obj
 0004:000026a0       $pdata$__scrt_fastfail     000000018002c6a0     MSVCRT:utility_desktop.obj
 0004:000026ac       $pdata$__report_gsfailure  000000018002c6ac     MSVCRT:gs_report.obj
 0004:000026b8       $pdata$capture_previous_context 000000018002c6b8     MSVCRT:gs_report.obj
 0004:000026c4       $pdata$__raise_securityfailure 000000018002c6c4     MSVCRT:gs_report.obj
 0004:000026d0       $pdata$__security_init_cookie 000000018002c6d0     MSVCRT:gs_support.obj
 0004:000026dc       $pdata$DllMain             000000018002c6dc     MSVCRT:dll_dllmain_stub.obj
 0004:000026e8       $pdata$__scrt_initialize_default_local_stdio_options 000000018002c6e8     MSVCRT:default_local_stdio_options.obj
 0004:000026f4       $pdata$_RTC_Initialize     000000018002c6f4     MSVCRT:initsect.obj
 0004:00002700       $pdata$_RTC_Terminate      000000018002c700     MSVCRT:initsect.obj
 0004:0000270c       $pdata$__isa_available_init 000000018002c70c     MSVCRT:cpu_disp.obj
