 _ida_strlist

 Timestamp is 5e3da0b8 (Fri Feb  7 17:39:04 2020)

 Preferred load address is 0000000180000000

 Start         Length     Name                   Class
 0001:00000000 000058b0H .text$mn                CODE
 0001:000058b0 00000020H .text$mn$00             CODE
 0001:000058d0 00001113H .text$x                 CODE
 0002:00000000 000004a8H .idata$5                DATA
 0002:000004a8 00000010H .00cfg                  DATA
 0002:000004b8 00000008H .CRT$XCA                DATA
 0002:000004c0 00000008H .CRT$XCZ                DATA
 0002:000004c8 00000008H .CRT$XIA                DATA
 0002:000004d0 00000008H .CRT$XIC                DATA
 0002:000004d8 00000008H .CRT$XIZ                DATA
 0002:000004e0 00000008H .CRT$XLA                DATA
 0002:000004e8 00000008H .CRT$XLZ                DATA
 0002:000004f0 00000008H .CRT$XPA                DATA
 0002:000004f8 00000008H .CRT$XPZ                DATA
 0002:00000500 00000008H .CRT$XTA                DATA
 0002:00000508 00000008H .CRT$XTZ                DATA
 0002:00000510 00000000H .gfids$y                DATA
 0002:00000510 00003670H .rdata                  DATA
 0002:00003b80 00000028H .rdata$T                DATA
 0002:00003ba8 000001f4H .rdata$r                DATA
 0002:00003d9c 00000314H .rdata$zzzdbg           DATA
 0002:000040b0 00000008H .rtc$IAA                DATA
 0002:000040b8 00000008H .rtc$IZZ                DATA
 0002:000040c0 00000008H .rtc$TAA                DATA
 0002:000040c8 00000008H .rtc$TZZ                DATA
 0002:000040d0 00000004H .tls                    DATA
 0002:000040d4 00000004H .tls$                   DATA
 0002:000040d8 00000008H .tls$ZZZ                DATA
 0002:000040e0 00001300H .xdata                  DATA
 0002:000053e0 000000f0H .xdata$x                DATA
 0002:000054d0 00000058H .edata                  DATA
 0002:00005528 000000b4H .idata$2                DATA
 0002:000055dc 00000014H .idata$3                DATA
 0002:000055f0 000004a8H .idata$4                DATA
 0002:00005a98 00000bc2H .idata$6                DATA
 0003:00000000 00002808H .data                   DATA
 0003:00002808 00000128H .data$r                 DATA
 0003:00002930 00000908H .bss                    DATA
 0004:00000000 00000be8H .pdata                  DATA

  Address         Publics by Value              Rva+Base               Lib:Object

 0000:00000000       __guard_longjmp_count      0000000000000000     <absolute>
 0000:00000000       __guard_fids_count         0000000000000000     <absolute>
 0000:00000000       __hybrid_code_map_count    0000000000000000     <absolute>
 0000:00000000       __hybrid_code_map          0000000000000000     <absolute>
 0000:00000000       __dynamic_value_reloc_table 0000000000000000     <absolute>
 0000:00000000       __guard_iat_count          0000000000000000     <absolute>
 0000:00000000       __enclave_config           0000000000000000     <absolute>
 0000:00000000       __guard_longjmp_table      0000000000000000     <absolute>
 0000:00000000       __volatile_metadata        0000000000000000     <absolute>
 0000:00000000       ___safe_se_handler_table   0000000000000000     <absolute>
 0000:00000000       __guard_fids_table         0000000000000000     <absolute>
 0000:00000000       ___safe_se_handler_count   0000000000000000     <absolute>
 0000:00000000       __guard_iat_table          0000000000000000     <absolute>
 0000:00000000       __hybrid_auxiliary_iat     0000000000000000     <absolute>
 0000:00000100       __guard_flags              0000000000000100     <absolute>
 0000:00000000       __ImageBase                0000000180000000     <linker-defined>
 0001:00002850       ?sprnt@?$_qstring@D@@QEAAAEAV1@PEBDZZ 0000000180003850 f i strlist.obj
 0001:00002b30       PyInit__ida_strlist        0000000180003b30 f   strlist.obj
 0001:00004300       __local_stdio_printf_options 0000000180005300 f i strlist.obj
 0001:00004440       printf                     0000000180005440 f i strlist.obj
 0001:00004495       interr                     0000000180005495 f   ida:ida.dll
 0001:0000449b       qfree                      000000018000549b f   ida:ida.dll
 0001:000044a1       qvsnprintf                 00000001800054a1 f   ida:ida.dll
 0001:000044a7       qvector_reserve            00000001800054a7 f   ida:ida.dll
 0001:000044ad       is_main_thread             00000001800054ad f   ida:ida.dll
 0001:000044b3       get_strlist_options        00000001800054b3 f   ida:ida.dll
 0001:000044b9       build_strlist              00000001800054b9 f   ida:ida.dll
 0001:000044bf       clear_strlist              00000001800054bf f   ida:ida.dll
 0001:000044c5       get_strlist_qty            00000001800054c5 f   ida:ida.dll
 0001:000044cb       get_strlist_item           00000001800054cb f   ida:ida.dll
 0001:000044d1       PyW_GetNumber              00000001800054d1 f   python:python.dll
 0001:000044d8       ??2@YAPEAX_K@Z             00000001800054d8 f   MSVCRT:new_scalar.obj
 0001:00004514       ??3@YAXPEAX_K@Z            0000000180005514 f   MSVCRT:delete_scalar_size.obj
 0001:000046a4       _Init_thread_footer        00000001800056a4 f   MSVCRT:thread_safe_statics.obj
 0001:00004704       _Init_thread_header        0000000180005704 f   MSVCRT:thread_safe_statics.obj
 0001:0000476c       _Init_thread_notify        000000018000576c f   MSVCRT:thread_safe_statics.obj
 0001:000047bc       _Init_thread_wait          00000001800057bc f   MSVCRT:thread_safe_statics.obj
 0001:00004834       __GSHandlerCheck           0000000180005834 f   MSVCRT:gshandler.obj
 0001:00004854       __GSHandlerCheckCommon     0000000180005854 f   MSVCRT:gshandler.obj
 0001:000048c0       __security_check_cookie    00000001800058c0 f   MSVCRT:amdsecgs.obj
 0001:000048e4       ??_Gtype_info@@UEAAPEAXI@Z 00000001800058e4 f i MSVCRT:std_type_info_static.obj
 0001:000048e4       ??_Etype_info@@UEAAPEAXI@Z 00000001800058e4 f i MSVCRT:std_type_info_static.obj
 0001:00004c40       _DllMainCRTStartup         0000000180005c40 f   MSVCRT:dll_dllmain.obj
 0001:00004c80       ??0bad_alloc@std@@QEAA@AEBV01@@Z 0000000180005c80 f i MSVCRT:throw_bad_alloc.obj
 0001:00004cc0       ??0bad_alloc@std@@QEAA@XZ  0000000180005cc0 f i MSVCRT:throw_bad_alloc.obj
 0001:00004ce0       ??0bad_array_new_length@std@@QEAA@AEBV01@@Z 0000000180005ce0 f i MSVCRT:throw_bad_alloc.obj
 0001:00004d20       ??0bad_array_new_length@std@@QEAA@XZ 0000000180005d20 f i MSVCRT:throw_bad_alloc.obj
 0001:00004d40       ??0exception@std@@QEAA@AEBV01@@Z 0000000180005d40 f i MSVCRT:throw_bad_alloc.obj
 0001:00004d78       ??1bad_array_new_length@std@@UEAA@XZ 0000000180005d78 f i MSVCRT:throw_bad_alloc.obj
 0001:00004d78       ??1bad_alloc@std@@UEAA@XZ  0000000180005d78 f i MSVCRT:throw_bad_alloc.obj
 0001:00004d8c       ??_Gbad_alloc@std@@UEAAPEAXI@Z 0000000180005d8c f i MSVCRT:throw_bad_alloc.obj
 0001:00004d8c       ??_Eexception@std@@UEAAPEAXI@Z 0000000180005d8c f i MSVCRT:throw_bad_alloc.obj
 0001:00004d8c       ??_Ebad_array_new_length@std@@UEAAPEAXI@Z 0000000180005d8c f i MSVCRT:throw_bad_alloc.obj
 0001:00004d8c       ??_Gbad_array_new_length@std@@UEAAPEAXI@Z 0000000180005d8c f i MSVCRT:throw_bad_alloc.obj
 0001:00004d8c       ??_Ebad_alloc@std@@UEAAPEAXI@Z 0000000180005d8c f i MSVCRT:throw_bad_alloc.obj
 0001:00004d8c       ??_Gexception@std@@UEAAPEAXI@Z 0000000180005d8c f i MSVCRT:throw_bad_alloc.obj
 0001:00004dd0       ?__scrt_throw_std_bad_alloc@@YAXXZ 0000000180005dd0 f   MSVCRT:throw_bad_alloc.obj
 0001:00004df0       ?__scrt_throw_std_bad_array_new_length@@YAXXZ 0000000180005df0 f   MSVCRT:throw_bad_alloc.obj
 0001:00004e10       ?what@exception@std@@UEBAPEBDXZ 0000000180005e10 f i MSVCRT:throw_bad_alloc.obj
 0001:00004e24       ??3@YAXPEAX@Z              0000000180005e24 f   MSVCRT:delete_scalar.obj
 0001:00004e2c       __scrt_acquire_startup_lock 0000000180005e2c f   MSVCRT:utility.obj
 0001:00004e68       __scrt_dllmain_after_initialize_c 0000000180005e68 f   MSVCRT:utility.obj
 0001:00004e9c       __scrt_dllmain_before_initialize_c 0000000180005e9c f   MSVCRT:utility.obj
 0001:00004eb4       __scrt_dllmain_crt_thread_attach 0000000180005eb4 f   MSVCRT:utility.obj
 0001:00004edc       __scrt_dllmain_crt_thread_detach 0000000180005edc f   MSVCRT:utility.obj
 0001:00004ef4       __scrt_dllmain_exception_filter 0000000180005ef4 f   MSVCRT:utility.obj
 0001:00004f54       __scrt_dllmain_uninitialize_c 0000000180005f54 f   MSVCRT:utility.obj
 0001:00004f84       __scrt_dllmain_uninitialize_critical 0000000180005f84 f   MSVCRT:utility.obj
 0001:00004f98       __scrt_initialize_crt      0000000180005f98 f   MSVCRT:utility.obj
 0001:00004fe4       __scrt_initialize_onexit_tables 0000000180005fe4 f   MSVCRT:utility.obj
 0001:000050bc       __scrt_is_nonwritable_in_current_image 00000001800060bc f   MSVCRT:utility.obj
 0001:00005158       __scrt_release_startup_lock 0000000180006158 f   MSVCRT:utility.obj
 0001:0000517c       __scrt_uninitialize_crt    000000018000617c f   MSVCRT:utility.obj
 0001:000051a8       _onexit                    00000001800061a8 f   MSVCRT:utility.obj
 0001:000051f8       atexit                     00000001800061f8 f   MSVCRT:utility.obj
 0001:00005210       __crt_debugger_hook        0000000180006210 f   MSVCRT:utility_desktop.obj
 0001:00005218       __scrt_fastfail            0000000180006218 f   MSVCRT:utility_desktop.obj
 0001:00005364       _guard_check_icall_nop     0000000180006364 f i MSVCRT:guard_support.obj
 0001:00005368       __raise_securityfailure    0000000180006368 f   MSVCRT:gs_report.obj
 0001:0000539c       __report_gsfailure         000000018000639c f   MSVCRT:gs_report.obj
 0001:000054e4       __security_init_cookie     00000001800064e4 f   MSVCRT:gs_support.obj
 0001:00005590       DllMain                    0000000180006590 f   MSVCRT:dll_dllmain_stub.obj
 0001:000055b4       ?__scrt_initialize_type_info@@YAXXZ 00000001800065b4 f   MSVCRT:tncleanup.obj
 0001:000055c4       ?__scrt_uninitialize_type_info@@YAXXZ 00000001800065c4 f   MSVCRT:tncleanup.obj
 0001:000055d0       __local_stdio_scanf_options 00000001800065d0 f i MSVCRT:default_local_stdio_options.obj
 0001:000055d8       __scrt_initialize_default_local_stdio_options 00000001800065d8 f   MSVCRT:default_local_stdio_options.obj
 0001:000055f4       __scrt_get_dyn_tls_init_callback 00000001800065f4 f   MSVCRT:dyn_tls_init.obj
 0001:000055fc       _RTC_Initialize            00000001800065fc f   MSVCRT:initsect.obj
 0001:00005638       _RTC_Terminate             0000000180006638 f   MSVCRT:initsect.obj
 0001:00005674       __isa_available_init       0000000180006674 f   MSVCRT:cpu_disp.obj
 0001:000057f0       _get_startup_argv_mode     00000001800067f0 f   MSVCRT:argv_mode.obj
 0001:000057f8       __scrt_is_ucrt_dll_in_use  00000001800067f8 f   MSVCRT:ucrt_detection.obj
 0001:00005810       IsProcessorFeaturePresent  0000000180006810 f   kernel32:KERNEL32.dll
 0001:00005816       strstr                     0000000180006816 f   vcruntime:VCRUNTIME140.dll
 0001:0000581c       __CxxFrameHandler3         000000018000681c f   vcruntime:VCRUNTIME140.dll
 0001:00005822       memcpy                     0000000180006822 f   vcruntime:VCRUNTIME140.dll
 0001:00005828       memset                     0000000180006828 f   vcruntime:VCRUNTIME140.dll
 0001:0000582e       __std_terminate            000000018000682e f   vcruntime:VCRUNTIME140.dll
 0001:00005834       __C_specific_handler       0000000180006834 f   vcruntime:VCRUNTIME140.dll
 0001:0000583a       __std_exception_copy       000000018000683a f   vcruntime:VCRUNTIME140.dll
 0001:00005840       __std_exception_destroy    0000000180006840 f   vcruntime:VCRUNTIME140.dll
 0001:00005846       _CxxThrowException         0000000180006846 f   vcruntime:VCRUNTIME140.dll
 0001:0000584c       __std_type_info_destroy_list 000000018000684c f   vcruntime:VCRUNTIME140.dll
 0001:00005852       free                       0000000180006852 f   ucrt:api-ms-win-crt-heap-l1-1-0.dll
 0001:00005858       malloc                     0000000180006858 f   ucrt:api-ms-win-crt-heap-l1-1-0.dll
 0001:0000585e       _callnewh                  000000018000685e f   ucrt:api-ms-win-crt-heap-l1-1-0.dll
 0001:00005864       _initterm                  0000000180006864 f   ucrt:api-ms-win-crt-runtime-l1-1-0.dll
 0001:0000586a       _initterm_e                000000018000686a f   ucrt:api-ms-win-crt-runtime-l1-1-0.dll
 0001:00005870       _seh_filter_dll            0000000180006870 f   ucrt:api-ms-win-crt-runtime-l1-1-0.dll
 0001:00005876       _configure_narrow_argv     0000000180006876 f   ucrt:api-ms-win-crt-runtime-l1-1-0.dll
 0001:0000587c       _initialize_narrow_environment 000000018000687c f   ucrt:api-ms-win-crt-runtime-l1-1-0.dll
 0001:00005882       _initialize_onexit_table   0000000180006882 f   ucrt:api-ms-win-crt-runtime-l1-1-0.dll
 0001:00005888       _register_onexit_function  0000000180006888 f   ucrt:api-ms-win-crt-runtime-l1-1-0.dll
 0001:0000588e       _execute_onexit_table      000000018000688e f   ucrt:api-ms-win-crt-runtime-l1-1-0.dll
 0001:00005894       _crt_atexit                0000000180006894 f   ucrt:api-ms-win-crt-runtime-l1-1-0.dll
 0001:0000589a       _cexit                     000000018000689a f   ucrt:api-ms-win-crt-runtime-l1-1-0.dll
 0001:000058a0       __vcrt_initialize          00000001800068a0 f   MSVCRT:ucrt_stubs.obj
 0001:000058a0       __vcrt_thread_detach       00000001800068a0 f   MSVCRT:ucrt_stubs.obj
 0001:000058a0       __scrt_stub_for_acrt_initialize 00000001800068a0 f   MSVCRT:ucrt_stubs.obj
 0001:000058a0       __acrt_uninitialize_critical 00000001800068a0 f   MSVCRT:ucrt_stubs.obj
 0001:000058a0       __vcrt_uninitialize_critical 00000001800068a0 f   MSVCRT:ucrt_stubs.obj
 0001:000058a0       __scrt_stub_for_acrt_uninitialize_critical 00000001800068a0 f   MSVCRT:ucrt_stubs.obj
 0001:000058a0       __vcrt_thread_attach       00000001800068a0 f   MSVCRT:ucrt_stubs.obj
 0001:000058a0       __vcrt_uninitialize        00000001800068a0 f   MSVCRT:ucrt_stubs.obj
 0001:000058a0       __scrt_stub_for_acrt_thread_attach 00000001800068a0 f   MSVCRT:ucrt_stubs.obj
 0001:000058a0       __scrt_stub_for_acrt_uninitialize 00000001800068a0 f   MSVCRT:ucrt_stubs.obj
 0001:000058a0       __acrt_uninitialize        00000001800068a0 f   MSVCRT:ucrt_stubs.obj
 0001:000058a0       __scrt_stub_for_acrt_thread_detach 00000001800068a0 f   MSVCRT:ucrt_stubs.obj
 0001:000058a0       __acrt_initialize          00000001800068a0 f   MSVCRT:ucrt_stubs.obj
 0001:000058a0       __acrt_thread_detach       00000001800068a0 f   MSVCRT:ucrt_stubs.obj
 0001:000058a0       __acrt_thread_attach       00000001800068a0 f   MSVCRT:ucrt_stubs.obj
 0001:000058a4       _is_c_termination_complete 00000001800068a4 f   MSVCRT:ucrt_stubs.obj
 0001:000058a4       __scrt_stub_for_is_c_termination_complete 00000001800068a4 f   MSVCRT:ucrt_stubs.obj
 0001:000058c0       _guard_dispatch_icall_nop  00000001800068c0 f   MSVCRT:guard_dispatch.obj
 0002:00000000       __imp_CloseHandle          0000000180008000     kernel32:KERNEL32.dll
 0002:00000008       __imp_EnterCriticalSection 0000000180008008     kernel32:KERNEL32.dll
 0002:00000010       __imp_LeaveCriticalSection 0000000180008010     kernel32:KERNEL32.dll
 0002:00000018       __imp_InitializeCriticalSectionAndSpinCount 0000000180008018     kernel32:KERNEL32.dll
 0002:00000020       __imp_DeleteCriticalSection 0000000180008020     kernel32:KERNEL32.dll
 0002:00000028       __imp_SetEvent             0000000180008028     kernel32:KERNEL32.dll
 0002:00000030       __imp_ResetEvent           0000000180008030     kernel32:KERNEL32.dll
 0002:00000038       __imp_WaitForSingleObjectEx 0000000180008038     kernel32:KERNEL32.dll
 0002:00000040       __imp_CreateEventW         0000000180008040     kernel32:KERNEL32.dll
 0002:00000048       __imp_GetModuleHandleW     0000000180008048     kernel32:KERNEL32.dll
 0002:00000050       __imp_GetProcAddress       0000000180008050     kernel32:KERNEL32.dll
 0002:00000058       __imp_RtlCaptureContext    0000000180008058     kernel32:KERNEL32.dll
 0002:00000060       __imp_RtlLookupFunctionEntry 0000000180008060     kernel32:KERNEL32.dll
 0002:00000068       __imp_RtlVirtualUnwind     0000000180008068     kernel32:KERNEL32.dll
 0002:00000070       __imp_IsDebuggerPresent    0000000180008070     kernel32:KERNEL32.dll
 0002:00000078       __imp_UnhandledExceptionFilter 0000000180008078     kernel32:KERNEL32.dll
 0002:00000080       __imp_SetUnhandledExceptionFilter 0000000180008080     kernel32:KERNEL32.dll
 0002:00000088       __imp_IsProcessorFeaturePresent 0000000180008088     kernel32:KERNEL32.dll
 0002:00000090       __imp_GetCurrentProcess    0000000180008090     kernel32:KERNEL32.dll
 0002:00000098       __imp_TerminateProcess     0000000180008098     kernel32:KERNEL32.dll
 0002:000000a0       __imp_QueryPerformanceCounter 00000001800080a0     kernel32:KERNEL32.dll
 0002:000000a8       __imp_GetCurrentProcessId  00000001800080a8     kernel32:KERNEL32.dll
 0002:000000b0       __imp_GetCurrentThreadId   00000001800080b0     kernel32:KERNEL32.dll
 0002:000000b8       __imp_GetSystemTimeAsFileTime 00000001800080b8     kernel32:KERNEL32.dll
 0002:000000c0       __imp_DisableThreadLibraryCalls 00000001800080c0     kernel32:KERNEL32.dll
 0002:000000c8       __imp_InitializeSListHead  00000001800080c8     kernel32:KERNEL32.dll
 0002:000000d0       \177KERNEL32_NULL_THUNK_DATA 00000001800080d0     kernel32:KERNEL32.dll
 0002:000000d8       __imp_strstr               00000001800080d8     vcruntime:VCRUNTIME140.dll
 0002:000000e0       __imp___CxxFrameHandler3   00000001800080e0     vcruntime:VCRUNTIME140.dll
 0002:000000e8       __imp_memcpy               00000001800080e8     vcruntime:VCRUNTIME140.dll
 0002:000000f0       __imp_memset               00000001800080f0     vcruntime:VCRUNTIME140.dll
 0002:000000f8       __imp___std_terminate      00000001800080f8     vcruntime:VCRUNTIME140.dll
 0002:00000100       __imp___std_type_info_destroy_list 0000000180008100     vcruntime:VCRUNTIME140.dll
 0002:00000108       __imp__CxxThrowException   0000000180008108     vcruntime:VCRUNTIME140.dll
 0002:00000110       __imp___std_exception_destroy 0000000180008110     vcruntime:VCRUNTIME140.dll
 0002:00000118       __imp___std_exception_copy 0000000180008118     vcruntime:VCRUNTIME140.dll
 0002:00000120       __imp___C_specific_handler 0000000180008120     vcruntime:VCRUNTIME140.dll
 0002:00000128       \177VCRUNTIME140_NULL_THUNK_DATA 0000000180008128     vcruntime:VCRUNTIME140.dll
 0002:00000130       __imp__callnewh            0000000180008130     ucrt:api-ms-win-crt-heap-l1-1-0.dll
 0002:00000138       __imp_malloc               0000000180008138     ucrt:api-ms-win-crt-heap-l1-1-0.dll
 0002:00000140       __imp_free                 0000000180008140     ucrt:api-ms-win-crt-heap-l1-1-0.dll
 0002:00000148       \177api-ms-win-crt-heap-l1-1-0_NULL_THUNK_DATA 0000000180008148     ucrt:api-ms-win-crt-heap-l1-1-0.dll
 0002:00000150       __imp__cexit               0000000180008150     ucrt:api-ms-win-crt-runtime-l1-1-0.dll
 0002:00000158       __imp__initterm            0000000180008158     ucrt:api-ms-win-crt-runtime-l1-1-0.dll
 0002:00000160       __imp__initterm_e          0000000180008160     ucrt:api-ms-win-crt-runtime-l1-1-0.dll
 0002:00000168       __imp__seh_filter_dll      0000000180008168     ucrt:api-ms-win-crt-runtime-l1-1-0.dll
 0002:00000170       __imp__configure_narrow_argv 0000000180008170     ucrt:api-ms-win-crt-runtime-l1-1-0.dll
 0002:00000178       __imp__initialize_narrow_environment 0000000180008178     ucrt:api-ms-win-crt-runtime-l1-1-0.dll
 0002:00000180       __imp__initialize_onexit_table 0000000180008180     ucrt:api-ms-win-crt-runtime-l1-1-0.dll
 0002:00000188       __imp__register_onexit_function 0000000180008188     ucrt:api-ms-win-crt-runtime-l1-1-0.dll
 0002:00000190       __imp__execute_onexit_table 0000000180008190     ucrt:api-ms-win-crt-runtime-l1-1-0.dll
 0002:00000198       __imp__crt_atexit          0000000180008198     ucrt:api-ms-win-crt-runtime-l1-1-0.dll
 0002:000001a0       \177api-ms-win-crt-runtime-l1-1-0_NULL_THUNK_DATA 00000001800081a0     ucrt:api-ms-win-crt-runtime-l1-1-0.dll
 0002:000001a8       __imp___stdio_common_vfprintf 00000001800081a8     ucrt:api-ms-win-crt-stdio-l1-1-0.dll
 0002:000001b0       __imp___acrt_iob_func      00000001800081b0     ucrt:api-ms-win-crt-stdio-l1-1-0.dll
 0002:000001b8       \177api-ms-win-crt-stdio-l1-1-0_NULL_THUNK_DATA 00000001800081b8     ucrt:api-ms-win-crt-stdio-l1-1-0.dll
 0002:000001c0       __imp_strncmp              00000001800081c0     ucrt:api-ms-win-crt-string-l1-1-0.dll
 0002:000001c8       \177api-ms-win-crt-string-l1-1-0_NULL_THUNK_DATA 00000001800081c8     ucrt:api-ms-win-crt-string-l1-1-0.dll
 0002:000001d0       __imp_get_strlist_item     00000001800081d0     ida:ida.dll
 0002:000001d8       __imp_under_debugger       00000001800081d8     ida:ida.dll
 0002:000001e0       __imp_clear_strlist        00000001800081e0     ida:ida.dll
 0002:000001e8       __imp_build_strlist        00000001800081e8     ida:ida.dll
 0002:000001f0       __imp_get_strlist_options  00000001800081f0     ida:ida.dll
 0002:000001f8       __imp_is_main_thread       00000001800081f8     ida:ida.dll
 0002:00000200       __imp_qvector_reserve      0000000180008200     ida:ida.dll
 0002:00000208       __imp_qvsnprintf           0000000180008208     ida:ida.dll
 0002:00000210       __imp_qfree                0000000180008210     ida:ida.dll
 0002:00000218       __imp_get_strlist_qty      0000000180008218     ida:ida.dll
 0002:00000220       __imp_interr               0000000180008220     ida:ida.dll
 0002:00000228       \177ida_NULL_THUNK_DATA    0000000180008228     ida:ida.dll
 0002:00000230       __imp_PyW_GetNumber        0000000180008230     python:python.dll
 0002:00000238       \177python_NULL_THUNK_DATA 0000000180008238     python:python.dll
 0002:00000240       __imp_PyObject_IsInstance  0000000180008240     python38:python38.dll
 0002:00000248       __imp_PyExc_AttributeError 0000000180008248     python38:python38.dll
 0002:00000250       __imp_PyExc_IndexError     0000000180008250     python38:python38.dll
 0002:00000258       __imp_PyExc_MemoryError    0000000180008258     python38:python38.dll
 0002:00000260       __imp_PyExc_OverflowError  0000000180008260     python38:python38.dll
 0002:00000268       __imp__Py_NotImplementedStruct 0000000180008268     python38:python38.dll
 0002:00000270       __imp_PyExc_SyntaxError    0000000180008270     python38:python38.dll
 0002:00000278       __imp_PyExc_SystemError    0000000180008278     python38:python38.dll
 0002:00000280       __imp_PyExc_TypeError      0000000180008280     python38:python38.dll
 0002:00000288       __imp_PyExc_ValueError     0000000180008288     python38:python38.dll
 0002:00000290       __imp_PyExc_ZeroDivisionError 0000000180008290     python38:python38.dll
 0002:00000298       __imp_PyExc_IOError        0000000180008298     python38:python38.dll
 0002:000002a0       __imp__Py_NoneStruct       00000001800082a0     python38:python38.dll
 0002:000002a8       __imp_PyExc_RuntimeError   00000001800082a8     python38:python38.dll
 0002:000002b0       __imp_PyType_Type          00000001800082b0     python38:python38.dll
 0002:000002b8       __imp_PySequence_GetItem   00000001800082b8     python38:python38.dll
 0002:000002c0       __imp_PySequence_Size      00000001800082c0     python38:python38.dll
 0002:000002c8       __imp_PySequence_Check     00000001800082c8     python38:python38.dll
 0002:000002d0       __imp_PyObject_CallFunctionObjArgs 00000001800082d0     python38:python38.dll
 0002:000002d8       __imp_PyObject_Call        00000001800082d8     python38:python38.dll
 0002:000002e0       __imp_PyImport_AddModule   00000001800082e0     python38:python38.dll
 0002:000002e8       __imp_PyEval_InitThreads   00000001800082e8     python38:python38.dll
 0002:000002f0       __imp_PyModule_Create2     00000001800082f0     python38:python38.dll
 0002:000002f8       __imp_PyModule_AddObject   00000001800082f8     python38:python38.dll
 0002:00000300       __imp_PyArg_UnpackTuple    0000000180008300     python38:python38.dll
 0002:00000308       __imp_PyGILState_Release   0000000180008308     python38:python38.dll
 0002:00000310       __imp_PyGILState_Ensure    0000000180008310     python38:python38.dll
 0002:00000318       __imp_PyErr_WriteUnraisable 0000000180008318     python38:python38.dll
 0002:00000320       __imp_PyErr_Format         0000000180008320     python38:python38.dll
 0002:00000328       __imp_PyErr_GivenExceptionMatches 0000000180008328     python38:python38.dll
 0002:00000330       __imp_PyErr_Restore        0000000180008330     python38:python38.dll
 0002:00000338       __imp_PyErr_Fetch          0000000180008338     python38:python38.dll
 0002:00000340       __imp_PyErr_Clear          0000000180008340     python38:python38.dll
 0002:00000348       __imp_PyErr_Occurred       0000000180008348     python38:python38.dll
 0002:00000350       __imp_PyErr_SetString      0000000180008350     python38:python38.dll
 0002:00000358       __imp_PyCapsule_Import     0000000180008358     python38:python38.dll
 0002:00000360       __imp_PyCapsule_GetPointer 0000000180008360     python38:python38.dll
 0002:00000368       __imp_PyCapsule_New        0000000180008368     python38:python38.dll
 0002:00000370       __imp_PyModule_GetDict     0000000180008370     python38:python38.dll
 0002:00000378       __imp_PyCFunction_GetFlags 0000000180008378     python38:python38.dll
 0002:00000380       __imp_PyCFunction_GetSelf  0000000180008380     python38:python38.dll
 0002:00000388       __imp_PyCFunction_GetFunction 0000000180008388     python38:python38.dll
 0002:00000390       __imp_PyDict_SetItemString 0000000180008390     python38:python38.dll
 0002:00000398       __imp_PyDict_SetItem       0000000180008398     python38:python38.dll
 0002:000003a0       __imp_PyDict_New           00000001800083a0     python38:python38.dll
 0002:000003a8       __imp_PyList_SetItem       00000001800083a8     python38:python38.dll
 0002:000003b0       __imp_PyList_New           00000001800083b0     python38:python38.dll
 0002:000003b8       __imp_PyTuple_SetItem      00000001800083b8     python38:python38.dll
 0002:000003c0       __imp_PyTuple_GetItem      00000001800083c0     python38:python38.dll
 0002:000003c8       __imp_PyTuple_Size         00000001800083c8     python38:python38.dll
 0002:000003d0       __imp_PyTuple_New          00000001800083d0     python38:python38.dll
 0002:000003d8       __imp_PyBool_FromLong      00000001800083d8     python38:python38.dll
 0002:000003e0       __imp_PyLong_AsUnsignedLongLong 00000001800083e0     python38:python38.dll
 0002:000003e8       __imp_PyLong_FromUnsignedLongLong 00000001800083e8     python38:python38.dll
 0002:000003f0       __imp_PyLong_FromVoidPtr   00000001800083f0     python38:python38.dll
 0002:000003f8       __imp_PyLong_AsUnsignedLong 00000001800083f8     python38:python38.dll
 0002:00000400       __imp_PyLong_AsLong        0000000180008400     python38:python38.dll
 0002:00000408       __imp_PyLong_FromLong      0000000180008408     python38:python38.dll
 0002:00000410       __imp_PyUnicode_CompareWithASCIIString 0000000180008410     python38:python38.dll
 0002:00000418       __imp_PyUnicode_Concat     0000000180008418     python38:python38.dll
 0002:00000420       __imp_PyUnicode_FromFormat 0000000180008420     python38:python38.dll
 0002:00000428       __imp_PyUnicode_FromString 0000000180008428     python38:python38.dll
 0002:00000430       __imp__PyObject_New        0000000180008430     python38:python38.dll
 0002:00000438       __imp_PyObject_Free        0000000180008438     python38:python38.dll
 0002:00000440       __imp_Py_DecRef            0000000180008440     python38:python38.dll
 0002:00000448       __imp__Py_Dealloc          0000000180008448     python38:python38.dll
 0002:00000450       __imp_PyObject_IsTrue      0000000180008450     python38:python38.dll
 0002:00000458       __imp_PyObject_GenericGetAttr 0000000180008458     python38:python38.dll
 0002:00000460       __imp_PyObject_SetAttr     0000000180008460     python38:python38.dll
 0002:00000468       __imp_PyObject_GetAttr     0000000180008468     python38:python38.dll
 0002:00000470       __imp_PyObject_GetAttrString 0000000180008470     python38:python38.dll
 0002:00000478       __imp_PyType_Modified      0000000180008478     python38:python38.dll
 0002:00000480       __imp_PyType_GetFlags      0000000180008480     python38:python38.dll
 0002:00000488       __imp_PyType_GetSlot       0000000180008488     python38:python38.dll
 0002:00000490       __imp_PyType_FromSpec      0000000180008490     python38:python38.dll
 0002:00000498       __imp__Py_TrueStruct       0000000180008498     python38:python38.dll
 0002:000004a0       \177python38_NULL_THUNK_DATA 00000001800084a0     python38:python38.dll
 0002:000004a8       __guard_check_icall_fptr   00000001800084a8     MSVCRT:guard_support.obj
 0002:000004b0       __guard_dispatch_icall_fptr 00000001800084b0     MSVCRT:guard_support.obj
 0002:000004b8       __xc_a                     00000001800084b8     MSVCRT:initializers.obj
 0002:000004c0       __xc_z                     00000001800084c0     MSVCRT:initializers.obj
 0002:000004c8       __xi_a                     00000001800084c8     MSVCRT:initializers.obj
 0002:000004d8       __xi_z                     00000001800084d8     MSVCRT:initializers.obj
 0002:000004e0       __xl_a                     00000001800084e0     MSVCRT:tlssup.obj
 0002:000004e8       __xl_z                     00000001800084e8     MSVCRT:tlssup.obj
 0002:000004f0       __xp_a                     00000001800084f0     MSVCRT:initializers.obj
 0002:000004f8       __xp_z                     00000001800084f8     MSVCRT:initializers.obj
 0002:00000500       __xt_a                     0000000180008500     MSVCRT:initializers.obj
 0002:00000508       __xt_z                     0000000180008508     MSVCRT:initializers.obj
 0002:00000510       ??_C@_03BHDOPPEK@own@      0000000180008510     strlist.obj
 0002:00000514       ??_C@_06EFGGFDFD@disown@   0000000180008514     strlist.obj
 0002:00000520       ??_C@_0CC@CFIMIIPD@releases?5ownership?5of?5the?5point@ 0000000180008520     strlist.obj
 0002:00000548       ??_C@_07MEFPPMEF@acquire@  0000000180008548     strlist.obj
 0002:00000550       ??_C@_0CC@BAIBAPCI@acquires?5ownership?5of?5the?5point@ 0000000180008550     strlist.obj
 0002:00000578       ??_C@_0CG@GKPKGEFE@returns?1sets?5ownership?5of?5the?5p@ 0000000180008578     strlist.obj
 0002:000005a0       ??_C@_06PCICMFGG@append@   00000001800085a0     strlist.obj
 0002:000005a8       ??_C@_0BO@NCOOMDHM@appends?5another?5?8this?8?5object@ 00000001800085a8     strlist.obj
 0002:000005c8       ??_C@_04CJGEDOF@next@      00000001800085c8     strlist.obj
 0002:000005d0       ??_C@_0BP@IMIAEPNG@returns?5the?5next?5?8this?8?5object@ 00000001800085d0     strlist.obj
 0002:000005f0       ??_C@_08HJPCHLLJ@__repr__@ 00000001800085f0     strlist.obj
 0002:00000600       ??_C@_0BO@PNCCHPAD@returns?5object?5representation@ 0000000180008600     strlist.obj
 0002:00000620       ??_C@_0BC@EOODDAIL@new_strwinsetup_t@ 0000000180008620     strlist.obj
 0002:00000638       ??_C@_0BJ@JFINAHDL@strwinsetup_t_minlen_set@ 0000000180008638     strlist.obj
 0002:00000658       ??_C@_0DA@NCMGOKBL@strwinsetup_t_display_only_exis@ 0000000180008658     strlist.obj
 0002:00000688       ??_C@_0BM@CFOJECMN@strwinsetup_t_only_7bit_set@ 0000000180008688     strlist.obj
 0002:000006a8       ??_C@_0BP@HAKHHPCI@strwinsetup_t_ignore_heads_set@ 00000001800086a8     strlist.obj
 0002:000006c8       ??_C@_0BM@GECPPGFF@strwinsetup_t__set_strtypes@ 00000001800086c8     strlist.obj
 0002:000006e8       ??_C@_0BF@DEPGAGIH@string_info_t_ea_set@ 00000001800086e8     strlist.obj
 0002:00000700       ??_C@_0BJ@NHHHICMK@string_info_t_length_set@ 0000000180008700     strlist.obj
 0002:00000720       ??_C@_0BH@BGDHGGLH@string_info_t_type_set@ 0000000180008720     strlist.obj
 0002:00000738       ??_C@_0BC@BIBCOEGP@new_string_info_t@ 0000000180008738     strlist.obj
 0002:00000750       ??_C@_0BF@CCEPPNIG@string_info_t___lt__@ 0000000180008750     strlist.obj
 0002:00000768       ??_C@_0BE@IEKBNPLC@get_strlist_options@ 0000000180008768     strlist.obj
 0002:00000780       ??_C@_0O@FOEPMFP@build_strlist@ 0000000180008780     strlist.obj
 0002:00000790       ??_C@_0O@EPFHEADC@clear_strlist@ 0000000180008790     strlist.obj
 0002:000007a0       ??_C@_0BA@GIOKBCGL@get_strlist_qty@ 00000001800087a0     strlist.obj
 0002:000007b0       ??_C@_0BB@EPPHMBHP@get_strlist_item@ 00000001800087b0     strlist.obj
 0002:000007c8       ??_C@_0CF@MHMMKELI@new_strwinsetup_t?$CI?$CJ?5?9?$DO?5strwinse@ 00000001800087c8     strlist.obj
 0002:000007f0       ??_C@_0CH@HOIJGNBG@strwinsetup_t_minlen_set?$CIself?0?5@ 00000001800087f0     strlist.obj
 0002:00000818       ??_C@_0BJ@EKPGMHPD@strwinsetup_t_minlen_get@ 0000000180008818     strlist.obj
 0002:00000838       ??_C@_0CJ@LLHAGMKE@strwinsetup_t_minlen_get?$CIself?$CJ?5@ 0000000180008838     strlist.obj
 0002:00000870       ??_C@_0FF@MOMBAMEI@strwinsetup_t_display_only_exis@ 0000000180008870     strlist.obj
 0002:000008c8       ??_C@_0DA@NLNCKND@strwinsetup_t_display_only_exis@ 00000001800088c8     strlist.obj
 0002:000008f8       ??_C@_0DP@CJMODBDA@strwinsetup_t_display_only_exis@ 00000001800088f8     strlist.obj
 0002:00000938       ??_C@_0CN@GIGMHLJP@strwinsetup_t_only_7bit_set?$CIsel@ 0000000180008938     strlist.obj
 0002:00000968       ??_C@_0BM@PKJCICAF@strwinsetup_t_only_7bit_get@ 0000000180008968     strlist.obj
 0002:00000988       ??_C@_0CL@BCHPOBBM@strwinsetup_t_only_7bit_get?$CIsel@ 0000000180008988     strlist.obj
 0002:000009b8       ??_C@_0DD@IDCACLMJ@strwinsetup_t_ignore_heads_set?$CI@ 00000001800089b8     strlist.obj
 0002:000009f0       ??_C@_0BP@KPNMLPOA@strwinsetup_t_ignore_heads_get@ 00000001800089f0     strlist.obj
 0002:00000a10       ??_C@_0CO@NCNOGOCH@strwinsetup_t_ignore_heads_get?$CI@ 0000000180008a10     strlist.obj
 0002:00000a40       ??_C@_0BN@LIFNNDCP@strwinsetup_t_is_initialized@ 0000000180008a40     strlist.obj
 0002:00000a60       ??_C@_0CL@DJKPGLFD@strwinsetup_t_is_initialized?$CIse@ 0000000180008a60     strlist.obj
 0002:00000a90       ??_C@_0BM@BAJBDKBJ@strwinsetup_t__get_strtypes@ 0000000180008a90     strlist.obj
 0002:00000ab0       ??_C@_0DA@KGHGKFFL@strwinsetup_t__get_strtypes?$CIsel@ 0000000180008ab0     strlist.obj
 0002:00000ae0       ??_C@_0DG@FNFDJFNN@strwinsetup_t__set_strtypes?$CIsel@ 0000000180008ae0     strlist.obj
 0002:00000b18       ??_C@_0BF@JKEAMGCL@delete_strwinsetup_t@ 0000000180008b18     strlist.obj
 0002:00000b30       ??_C@_0BL@DJHEBNPO@delete_strwinsetup_t?$CIself?$CJ@ 0000000180008b30     strlist.obj
 0002:00000b50       ??_C@_0BL@MIHKBMFB@strwinsetup_t_swigregister@ 0000000180008b50     strlist.obj
 0002:00000b70       ??_C@_0BH@KAAJCINM@strwinsetup_t_swiginit@ 0000000180008b70     strlist.obj
 0002:00000b88       ??_C@_0BP@PKBIHMDD@string_info_t_ea_set?$CIself?0?5ea?$CJ@ 0000000180008b88     strlist.obj
 0002:00000ba8       ??_C@_0BF@OLINMGEP@string_info_t_ea_get@ 0000000180008ba8     strlist.obj
 0002:00000bc0       ??_C@_0CD@FFDFKJJA@string_info_t_ea_get?$CIself?$CJ?5?9?$DO?5e@ 0000000180008bc0     strlist.obj
 0002:00000be8       ??_C@_0CH@IHLDPHCL@string_info_t_length_set?$CIself?0?5@ 0000000180008be8     strlist.obj
 0002:00000c10       ??_C@_0BJ@IAMECAC@string_info_t_length_get@ 0000000180008c10     strlist.obj
 0002:00000c30       ??_C@_0CG@KDMHPGBJ@string_info_t_length_get?$CIself?$CJ?5@ 0000000180008c30     strlist.obj
 0002:00000c58       ??_C@_0CD@PGBKBGMM@string_info_t_type_set?$CIself?0?5ty@ 0000000180008c58     strlist.obj
 0002:00000c80       ??_C@_0BH@MJEMKGHP@string_info_t_type_get@ 0000000180008c80     strlist.obj
 0002:00000c98       ??_C@_0CE@FELJKOAE@string_info_t_type_get?$CIself?$CJ?5?9?$DO@ 0000000180008c98     strlist.obj
 0002:00000cc0       ??_C@_0DK@EOJIIBCM@?6string_info_t?$CI?$CJ?6new_string_inf@ 0000000180008cc0     strlist.obj
 0002:00000d00       ??_C@_0CG@FJBADAAO@string_info_t___lt__?$CIself?0?5r?$CJ?5?9@ 0000000180008d00     strlist.obj
 0002:00000d28       ??_C@_0BF@MMLBBCMP@delete_string_info_t@ 0000000180008d28     strlist.obj
 0002:00000d40       ??_C@_0BL@JODPLODD@delete_string_info_t?$CIself?$CJ@ 0000000180008d40     strlist.obj
 0002:00000d60       ??_C@_0BL@FKHMJLO@string_info_t_swigregister@ 0000000180008d60     strlist.obj
 0002:00000d80       ??_C@_0BH@FNFKFKFK@string_info_t_swiginit@ 0000000180008d80     strlist.obj
 0002:00000d98       ??_C@_0CH@JMNMKKND@get_strlist_options?$CI?$CJ?5?9?$DO?5strwin@ 0000000180008d98     strlist.obj
 0002:00000dc0       ??_C@_0BA@PLDAHCPL@build_strlist?$CI?$CJ@ 0000000180008dc0     strlist.obj
 0002:00000dd0       ??_C@_0BA@OJLENCAF@clear_strlist?$CI?$CJ@ 0000000180008dd0     strlist.obj
 0002:00000de0       ??_C@_0BM@EGCMLCFM@get_strlist_qty?$CI?$CJ?5?9?$DO?5size_t@ 0000000180008de0     strlist.obj
 0002:00000e00       ??_C@_0CA@OMJEEKJB@get_strlist_item?$CIsi?0?5n?$CJ?5?9?$DO?5bool@ 0000000180008e00     strlist.obj
 0002:00000e20       ??_C@_0BE@LADBKDLC@_p__qstringT_char_t@ 0000000180008e20     strlist.obj
 0002:00000e38       ??_C@_0BN@OHJFNODI@_qstring?$DM?5char?5?$DO?5?$CK?$HMqstring?5?$CK@ 0000000180008e38     strlist.obj
 0002:00000e58       ??_C@_0BN@OGMFMNEO@_p__qstringT_unsigned_char_t@ 0000000180008e58     strlist.obj
 0002:00000e78       ??_C@_0CE@FCOOCMMP@qtype?5?$CK?$HM_qstring?$DM?5unsigned?5char@ 0000000180008e78     strlist.obj
 0002:00000ea0       ??_C@_0BO@NPELMEMN@_p__qstringT_unsigned_short_t@ 0000000180008ea0     strlist.obj
 0002:00000ec0       ??_C@_0CI@MOGIECDE@_qstring?$DM?5unsigned?5short?5?$DO?5?$CK?$HMqw@ 0000000180008ec0     strlist.obj
 0002:00000ee8       ??_C@_0BF@FIODJLOI@_p_action_ctx_base_t@ 0000000180008ee8     strlist.obj
 0002:00000f00       ??_C@_0EE@ODNBPOJC@action_ctx_base_t?5?$CK?$HMaction_upda@ 0000000180008f00     strlist.obj
 0002:00000f48       ??_C@_0N@IODFCNBG@_p_biggest_t@ 0000000180008f48     strlist.obj
 0002:00000f58       ??_C@_0M@LMODFOHJ@biggest_t?5?$CK@ 0000000180008f58     strlist.obj
 0002:00000f68       ??_C@_07HDHHMDOH@_p_char@  0000000180008f68     strlist.obj
 0002:00000f70       ??_C@_0O@HOPHBKAL@char?5?$CK?$HMint8?5?$CK@ 0000000180008f70     strlist.obj
 0002:00000f80       ??_C@_0BC@KJKOCNNG@_p_const_iterator@ 0000000180008f80     strlist.obj
 0002:00000f98       ??_C@_0BB@LAJPCFIO@const_iterator?5?$CK@ 0000000180008f98     strlist.obj
 0002:00000fb0       ??_C@_0CE@DHGPAIMI@_p_f_p_TWidget_int_int_p_void__@ 0000000180008fb0     strlist.obj
 0002:00000fd8       ??_C@_0DN@DFPOHMBA@custom_viewer_keydown_t?5?$CK?$HMbool?5@ 0000000180008fd8     strlist.obj
 0002:00001018       ??_C@_0DF@PENMGFJK@_p_f_p_TWidget_int_p_view_mouse@ 0000000180009018     strlist.obj
 0002:00001050       ??_C@_0FC@NPHKCCPL@void?5?$CI?$CK?$CJ?$CITWidget?5?$CK?0int?0view_mou@ 0000000180009050     strlist.obj
 0002:000010a8       ??_C@_0CA@IGCEDJID@_p_f_p_TWidget_int_p_void__bool@ 00000001800090a8     strlist.obj
 0002:000010d0       ??_C@_0FC@PJNOFHGN@custom_viewer_click_t?5?$CK?$HMcustom_@ 00000001800090d0     strlist.obj
 0002:00001128       ??_C@_0CO@MIHLPJDD@_p_f_p_TWidget_p_lochist_entry_@ 0000000180009128     strlist.obj
 0002:00001160       ??_C@_0EM@HBPJNBB@custom_viewer_adjust_place_t?5?$CK?$HM@ 0000000180009160     strlist.obj
 0002:000011b0       ??_C@_0GM@LBGPKCPI@_p_f_p_TWidget_p_q_const__lochi@ 00000001800091b0     strlist.obj
 0002:00001220       ??_C@_0IF@FKBGALIG@void?5?$CI?$CK?$CJ?$CITWidget?5?$CK?0lochist_entr@ 0000000180009220     strlist.obj
 0002:000012b0       ??_C@_0FA@DFBJAGBE@_p_f_p_TWidget_p_q_const__lochi@ 00000001800092b0     strlist.obj
 0002:00001300       ??_C@_0GI@FMPBFLEM@custom_viewer_can_navigate_t?5?$CK?$HM@ 0000000180009300     strlist.obj
 0002:00001368       ??_C@_0DH@JJEDBLDE@_p_f_p_TWidget_p_q_const__place@ 0000000180009368     strlist.obj
 0002:000013a0       ??_C@_0EP@PJDAMEBK@code_viewer_lines_click_t?5?$CK?$HMvoi@ 00000001800093a0     strlist.obj
 0002:000013f0       ??_C@_0DE@PBNPHPNC@_p_f_p_TWidget_p_q_const__place@ 00000001800093f0     strlist.obj
 0002:00001430       ??_C@_0EL@JKPIBDKO@code_viewer_lines_icon_t?5?$CK?$HMint?5@ 0000000180009430     strlist.obj
 0002:00001480       ??_C@_0EB@FDCGDBJI@_p_f_p_TWidget_p_q_const__place@ 0000000180009480     strlist.obj
 0002:000014d0       ??_C@_0FN@GGLCMJJK@custom_viewer_get_place_xcoord_@ 00000001800094d0     strlist.obj
 0002:00001530       ??_C@_0DO@KLDLOPHE@_p_f_p_TWidget_p_q_const__place@ 0000000180009530     strlist.obj
 0002:00001570       ??_C@_0FI@GOMHMLF@code_viewer_lines_linenum_t?5?$CK?$HMb@ 0000000180009570     strlist.obj
 0002:000015c8       ??_C@_0BL@BMEJNHDD@_p_f_p_TWidget_p_void__int@ 00000001800095c8     strlist.obj
 0002:000015e8       ??_C@_0DB@GMPMLKDG@custom_viewer_help_t?5?$CK?$HMint?5?$CI?$CK?$CJ?$CI@ 00000001800095e8     strlist.obj
 0002:00001620       ??_C@_0BM@PAKPNBHH@_p_f_p_TWidget_p_void__void@ 0000000180009620     strlist.obj
 0002:00001640       ??_C@_0GE@BLLNJKNN@custom_viewer_popup_t?5?$CK?$HMcustom_@ 0000000180009640     strlist.obj
 0002:000016a8       ??_C@_0DM@PKHFKJJF@_p_f_p_chooser_multi_t_p_sizeve@ 00000001800096a8     strlist.obj
 0002:000016f0       ??_C@_0FA@INGPHNGB@chooser_base_t?3?3cbres_t?5?$CI?$CK?$CJ?$CIcho@ 00000001800096f0     strlist.obj
 0002:00001740       ??_C@_0CN@LJCPBILN@_p_f_p_chooser_t_ssize_t__choos@ 0000000180009740     strlist.obj
 0002:00001770       ??_C@_0DL@IKAMODJA@chooser_t?3?3cbret_t?5?$CI?$CK?$CJ?$CIchooser_@ 0000000180009770     strlist.obj
 0002:000017b0       ??_C@_0EC@GIKOMIMG@_p_f_p_lochist_entry_t_r_q_cons@ 00000001800097b0     strlist.obj
 0002:00001800       ??_C@_0FE@OJIOMBOE@bool?5?$CI?$CK?$CJ?$CIlochist_entry_t?5?$CK?0loch@ 0000000180009800     strlist.obj
 0002:00001858       ??_C@_0CC@HPECDOJE@_p_f_p_q_const__char_p_void__vo@ 0000000180009858     strlist.obj
 0002:00001880       ??_C@_0DA@LKJNDOAC@void?5?$CI?$CK?$CJ?$CIchar?5const?5?$CK?0void?5?$CK?$CJ?$HMs@ 0000000180009880     strlist.obj
 0002:000018b0       ??_C@_0GC@HKCHLFJ@_p_f_p_q_const__char_r_q_const_@ 00000001800098b0     strlist.obj
 0002:00001920       ??_C@_0GE@CDAMLIPA@h2ti_type_cb?5?$CK?$HMint?5?$CI?$CK?$CJ?$CIchar?5con@ 0000000180009920     strlist.obj
 0002:00001988       ??_C@_0CB@PLKCNJF@_p_f_p_q_const__char_v_______in@ 0000000180009988     strlist.obj
 0002:000019b0       ??_C@_0CG@EHKOJEHN@int?5?$CI?$CK?$CJ?$CIchar?5const?5?$CK?0?4?4?4?$CJ?$HMprint@ 00000001800099b0     strlist.obj
 0002:000019d8       ??_C@_0CB@PPFKEDBB@_p_f_p_void_int_va_list__ssize_@ 00000001800099d8     strlist.obj
 0002:00001a00       ??_C@_0CM@ODIKDJIA@ssize_t?5?$CI?$CK?$CJ?$CIvoid?5?$CK?0int?0va_list?$CJ@ 0000000180009a00     strlist.obj
 0002:00001a30       ??_C@_0CJ@KNMLBMOG@_p_f_r_q_const__insn_t_p_int_p_@ 0000000180009a30     strlist.obj
 0002:00001a60       ??_C@_0DI@CGFAFNOI@bool?5?$CI?$CK?$CJ?$CIinsn_t?5const?5?$CG?0int?5?$CK?0i@ 0000000180009a60     strlist.obj
 0002:00001aa0       ??_C@_0FA@JJBGCIIH@_p_f_r_q_const__insn_t_r_q_cons@ 0000000180009aa0     strlist.obj
 0002:00001af0       ??_C@_0FE@IBKJNBMI@bool?5?$CI?$CK?$CJ?$CIinsn_t?5const?5?$CG?0op_t?5co@ 0000000180009af0     strlist.obj
 0002:00001b48       ??_C@_0BI@PGCOIKGG@_p_f_unsigned_int__bool@ 0000000180009b48     strlist.obj
 0002:00001b60       ??_C@_0DN@OGOBIPP@bool?5?$CI?$CK?$CJ?$CIunsigned?5int?$CJ?$HMhas_dela@ 0000000180009b60     strlist.obj
 0002:00001ba0       ??_C@_0DL@FFEHDPON@_p_f_unsigned_int_p_q_const__ch@ 0000000180009ba0     strlist.obj
 0002:00001be0       ??_C@_0EK@MACPDLHN@int?5?$CI?$CK?$CJ?$CIunsigned?5int?0char?5const@ 0000000180009be0     strlist.obj
 0002:00001c30       ??_C@_0BP@HNIFGGKH@_p_f_unsigned_int_p_void__bool@ 0000000180009c30     strlist.obj
 0002:00001c50       ??_C@_0CI@PMEGIBIK@testf_t?5?$CK?$HMbool?5?$CI?$CK?$CJ?$CIunsigned?5int@ 0000000180009c50     strlist.obj
 0002:00001c78       ??_C@_0DB@CEAPILAH@_p_f_unsigned_int_r_q_const__ti@ 0000000180009c78     strlist.obj
 0002:00001cb0       ??_C@_0EH@MLDNCCKC@local_tinfo_predicate_t?5?$CK?$HMint?5?$CI@ 0000000180009cb0     strlist.obj
 0002:00001cf8       ??_C@_0CN@BPIIPJKN@_p_f_unsigned_int_unsigned_int_@ 0000000180009cf8     strlist.obj
 0002:00001d28       ??_C@_0DO@CKIBBIPB@unsigned?5int?5?$CI?$CK?$CJ?$CIunsigned?5int?0u@ 0000000180009d28     strlist.obj
 0002:00001d68       ??_C@_06EJFLAOFF@_p_int@   0000000180009d68     strlist.obj
 0002:00001d70       ??_C@_0IG@FDKJDHEK@adiff_t?5?$CK?$HMint?5?$CK?$HMint32?5?$CK?$HMsval_t?5@ 0000000180009d70     strlist.obj
 0002:00001df8       ??_C@_0M@CFMLOKJJ@_p_iterator@ 0000000180009df8     strlist.obj
 0002:00001e08       ??_C@_0L@IIMCJLIP@iterator?5?$CK@ 0000000180009e08     strlist.obj
 0002:00001e18       ??_C@_0O@HDLJBJJF@_p_location_t@ 0000000180009e18     strlist.obj
 0002:00001e28       ??_C@_0N@ONMECIKA@location_t?5?$CK@ 0000000180009e28     strlist.obj
 0002:00001e38       ??_C@_0N@HIKGEFDH@_p_long_long@ 0000000180009e38     strlist.obj
 0002:00001e48       ??_C@_0BP@FECEFBLL@int64?5?$CK?$HMlonglong?5?$CK?$HMlong?5long?5?$CK@ 0000000180009e48     strlist.obj
 0002:00001e68       ??_C@_0CJ@KBPLCHCN@_p_qvectorT__qstringT_unsigned_@ 0000000180009e68     strlist.obj
 0002:00001e98       ??_C@_0DF@GOALPBDM@qvector?$DM?5_qstring?$DM?5unsigned?5sho@ 0000000180009e98     strlist.obj
 0002:00001ed0       ??_C@_0BH@EHIHPDFP@_p_qvectorT_argloc_t_t@ 0000000180009ed0     strlist.obj
 0002:00001ee8       ??_C@_0CC@PMMGEEHP@qvector?$DM?5argloc_t?5?$DO?5?$CK?$HMarglocs_t@ 0000000180009ee8     strlist.obj
 0002:00001f10       ??_C@_0BD@IFPOLGLB@_p_qvectorT_bool_t@ 0000000180009f10     strlist.obj
 0002:00001f28       ??_C@_0BO@JEOEHDBE@boolvec_t?5?$CK?$HMqvector?$DM?5bool?5?$DO?5?$CK@ 0000000180009f28     strlist.obj
 0002:00001f48       ??_C@_0BO@BMBALGLA@_p_qvectorT_channel_redir_t_t@ 0000000180009f48     strlist.obj
 0002:00001f68       ??_C@_0DA@DFOFPPPA@qvector?$DM?5channel_redir_t?5?$DO?5?$CK?$HMch@ 0000000180009f68     strlist.obj
 0002:00001f98       ??_C@_0CA@KLOIFAIM@_p_qvectorT_compiled_binpat_t_t@ 0000000180009f98     strlist.obj
 0002:00001fb8       ??_C@_0DH@JJMOBCIB@compiled_binpat_vec_t?5?$CK?$HMqvector@ 0000000180009fb8     strlist.obj
 0002:00001ff0       ??_C@_0BI@HPPPANA@_p_qvectorT_funcarg_t_t@ 0000000180009ff0     strlist.obj
 0002:00002008       ??_C@_0CG@BKJABKPP@funcargvec_t?5?$CK?$HMqvector?$DM?5funcarg@ 000000018000a008     strlist.obj
 0002:00002030       ??_C@_0BC@EMAMHDDK@_p_qvectorT_int_t@ 000000018000a030     strlist.obj
 0002:00002048       ??_C@_0CI@OEOLBAGE@svalvec_t?5?$CK?$HMintvec_t?5?$CK?$HMqvector?$DM@ 000000018000a048     strlist.obj
 0002:00002070       ??_C@_0BG@NGNJJEPD@_p_qvectorT_range_t_t@ 000000018000a070     strlist.obj
 0002:00002088       ??_C@_0CH@CMPFLCHN@rangevec_base_t?5?$CK?$HMqvector?$DM?5rang@ 000000018000a088     strlist.obj
 0002:000020b0       ??_C@_0CB@DLEFICAI@_p_qvectorT_rangeset_t_const_p_@ 000000018000a0b0     strlist.obj
 0002:000020d8       ??_C@_0DF@CPGECBJE@rangeset_crefvec_t?5?$CK?$HMqvector?$DM?5r@ 000000018000a0d8     strlist.obj
 0002:00002110       ??_C@_0BJ@CBEEABAG@_p_qvectorT_rangeset_t_t@ 000000018000a110     strlist.obj
 0002:00002130       ??_C@_0CN@NEPIOIFG@qvector?$DM?5rangeset_t?5?$DO?5?$CK?$HMarray_o@ 000000018000a130     strlist.obj
 0002:00002160       ??_C@_0BN@HCIAELAH@_p_qvectorT_refinfo_desc_t_t@ 000000018000a160     strlist.obj
 0002:00002180       ??_C@_0DB@OEPGJFJL@refinfo_desc_vec_t?5?$CK?$HMqvector?$DM?5r@ 000000018000a180     strlist.obj
 0002:000021b8       ??_C@_0BK@JBDFAIAF@_p_qvectorT_simd_info_t_t@ 000000018000a1b8     strlist.obj
 0002:000021d8       ??_C@_0CL@IAEHADMA@simd_info_vec_t?5?$CK?$HMqvector?$DM?5simd@ 000000018000a1d8     strlist.obj
 0002:00002208       ??_C@_0BL@JOHIOMBL@_p_qvectorT_simpleline_t_t@ 000000018000a208     strlist.obj
 0002:00002228       ??_C@_0CF@LMLHENLN@strvec_t?5?$CK?$HMqvector?$DM?5simpleline_@ 000000018000a228     strlist.obj
 0002:00002250       ??_C@_0BF@JMFCGENF@_p_qvectorT_size_t_t@ 000000018000a250     strlist.obj
 0002:00002268       ??_C@_0CA@PKGFIBKP@sizevec_t?5?$CK?$HMqvector?$DM?5size_t?5?$DO?5?$CK@ 000000018000a268     strlist.obj
 0002:00002288       ??_C@_0BG@GHPDGOHO@_p_qvectorT_tinfo_t_t@ 000000018000a288     strlist.obj
 0002:000022a0       ??_C@_0CC@CEHAEEKI@tinfovec_t?5?$CK?$HMqvector?$DM?5tinfo_t?5?$DO@ 000000018000a2a0     strlist.obj
 0002:000022c8       ??_C@_0BK@KGMCEJE@_p_qvectorT_type_attr_t_t@ 000000018000a2c8     strlist.obj
 0002:000022e8       ??_C@_0CI@PENEDOEG@type_attrs_t?5?$CK?$HMqvector?$DM?5type_at@ 000000018000a2e8     strlist.obj
 0002:00002310       ??_C@_0BL@MFAEBBAF@_p_qvectorT_udt_member_t_t@ 000000018000a310     strlist.obj
 0002:00002330       ??_C@_0CL@HFANAPIM@udtmembervec_t?5?$CK?$HMqvector?$DM?5udt_m@ 000000018000a330     strlist.obj
 0002:00002360       ??_C@_0BM@DFOCNGNJ@_p_qvectorT_unsigned_char_t@ 000000018000a360     strlist.obj
 0002:00002380       ??_C@_0CH@MCODNJGI@qvector?$DM?5unsigned?5char?5?$DO?5?$CK?$HMcomp@ 000000018000a380     strlist.obj
 0002:000023a8       ??_C@_0M@BEMIELHM@_p_relobj_t@ 000000018000a3a8     strlist.obj
 0002:000023b8       ??_C@_0N@OAHCDFLH@_p_bytevec_t@ 000000018000a3b8     strlist.obj
 0002:000023c8       ??_C@_0BA@KOPDLMDG@_p_reloc_info_t@ 000000018000a3c8     strlist.obj
 0002:000023d8       ??_C@_0BL@POPMPLM@_p_qvectorT_unsigned_int_t@ 000000018000a3d8     strlist.obj
 0002:000023f8       ??_C@_0DL@HDEADPMO@eavec_t?5?$CK?$HMordvec_t?5?$CK?$HMuvalvec_t?5@ 000000018000a3f8     strlist.obj
 0002:00002438       ??_C@_08JGEHMJEC@_p_short@ 000000018000a438     strlist.obj
 0002:00002448       ??_C@_0BA@BBDCPKKI@int16?5?$CK?$HMshort?5?$CK@ 000000018000a448     strlist.obj
 0002:00002458       ??_C@_0P@IHEJCACJ@_p_signed_char@ 000000018000a458     strlist.obj
 0002:00002468       ??_C@_0BG@CGJIOBCI@signed?5char?5?$CK?$HMsint8?5?$CK@ 000000018000a468     strlist.obj
 0002:00002480       ??_C@_0BB@LOCHIMON@_p_string_info_t@ 000000018000a480     strlist.obj
 0002:00002498       ??_C@_0BA@DGGDOOIH@string_info_t?5?$CK@ 000000018000a498     strlist.obj
 0002:000024a8       ??_C@_0BB@OINGFIAJ@_p_strwinsetup_t@ 000000018000a4a8     strlist.obj
 0002:000024c0       ??_C@_0BA@INMPJIFD@strwinsetup_t?5?$CK@ 000000018000a4c0     strlist.obj
 0002:000024d0       ??_C@_0BB@JEMKPEPB@_p_unsigned_char@ 000000018000a4d0     strlist.obj
 0002:000024f0       ??_C@_0HI@NBHOBBOJ@uchar?5?$CK?$HMunsigned?5char?5?$CK?$HMcm_t?5?$CK?$HM@ 000000018000a4f0     strlist.obj
 0002:00002568       ??_C@_0BA@EMEBBPFL@_p_unsigned_int@ 000000018000a568     strlist.obj
 0002:00002580       ??_C@_0JE@GCFOGLMK@bgcolor_t?5?$CK?$HMenum_t?5?$CK?$HMtid_t?5?$CK?$HMbm@ 000000018000a580     strlist.obj
 0002:00002618       ??_C@_0BG@CGEDOPGF@_p_unsigned_long_long@ 000000018000a618     strlist.obj
 0002:00002630       ??_C@_0CK@FCLCDGJM@uint64?5?$CK?$HMulonglong?5?$CK?$HMunsigned?5l@ 000000018000a630     strlist.obj
 0002:00002660       ??_C@_0BC@GCHEMBCE@_p_unsigned_short@ 000000018000a660     strlist.obj
 0002:00002678       ??_C@_0CP@HNCAPCKA@uint16?5?$CK?$HMunsigned?5short?5?$CK?$HMushor@ 000000018000a678     strlist.obj
 0002:000028f0       ??_C@_0BO@CMHFAAKD@?$CFS?6Additional?5information?3?6?$CFs@ 000000018000a8f0     strlist.obj
 0002:0000290e       ??_C@_00CNPNBAHC@@         000000018000a90e     strlist.obj
 0002:00002910       ??_C@_09HJOCAFJB@at?5least?5@ 000000018000a910     strlist.obj
 0002:00002920       ??_C@_0CF@KFFOGCID@?$CFs?5expected?5?$CFs?$CFd?5arguments?0?5got@ 000000018000a920     strlist.obj
 0002:00002948       ??_C@_0CL@NPJGKHAI@UnpackTuple?$CI?$CJ?5argument?5list?5is?5@ 000000018000a948     strlist.obj
 0002:00002978       ??_C@_0CD@DMIOPJCG@?$CFs?5expected?5?$CFs?$CFd?5arguments?0?5got@ 000000018000a978     strlist.obj
 0002:000029a0       ??_C@_08KFLHMPAE@at?5most?5@ 000000018000a9a0     strlist.obj
 0002:000029b0       ??_C@_07MEBHOIG@__new__@   000000018000a9b0     strlist.obj
 0002:000029b8       ??_C@_0BB@LPCDDCDP@__swig_destroy__@ 000000018000a9b8     strlist.obj
 0002:000029d0       ??_C@_07CIFAGBMG@unknown@  000000018000a9d0     strlist.obj
 0002:000029d8       ??_C@_0CB@HIOLGNHE@?$DMSwig?5Object?5of?5type?5?8?$CFs?8?5at?5?$CFp@ 000000018000a9d8     strlist.obj
 0002:00002a00       ??_C@_08BHKDPDAA@__name__@ 000000018000aa00     strlist.obj
 0002:00002a10       ??_C@_0N@OEDBPMFH@SwigPyObject@ 000000018000aa10     strlist.obj
 0002:00002a20       ??_C@_0EH@KGGHIIII@swig?1python?5detected?5a?5memory?5l@ 000000018000aa20     strlist.obj
 0002:00002a68       ??_C@_0CF@NBDOMJMA@Attempt?5to?5append?5a?5non?5SwigPyO@ 000000018000aa68     strlist.obj
 0002:00002a90       ??_C@_0BG@BEMBDPAG@?$DMSwig?5Packed?5at?5?$CFs?$CFs?$DO@ 000000018000aa90     strlist.obj
 0002:00002aa8       ??_C@_0BB@KEMDDLH@?$DMSwig?5Packed?5?$CFs?$DO@ 000000018000aaa8     strlist.obj
 0002:00002abc       ??_C@_04HDOCAJNK@?$CFs?$CFs@ 000000018000aabc     strlist.obj
 0002:00002ac8       ??_C@_0N@FALDBJHP@SwigPyPacked@ 000000018000aac8     strlist.obj
 0002:00002ad8       ??_C@_04IIAJELJL@this@     000000018000aad8     strlist.obj
 0002:00002ae0       ??_C@_0L@GCGAIEDO@swig_ptr?3?5@ 000000018000aae0     strlist.obj
 0002:00002af0       ??_C@_08IBFKALI@__dict__@  000000018000aaf0     strlist.obj
 0002:00002b00       ??_C@_08DOBMGDEN@swiginit@ 000000018000ab00     strlist.obj
 0002:00002b10       ??_C@_0CO@FOLKHJOC@swig_runtime_data4?4type_pointer@ 000000018000ab10     strlist.obj
 0002:00002b40       ??_C@_0BD@BFIMCAOH@swig_runtime_data4@ 000000018000ab40     strlist.obj
 0002:00002b58       ??_C@_0BL@LFDLKGPB@type_pointer_capsuleidaapi@ 000000018000ab58     strlist.obj
 0002:00002b78       ??_C@_0BC@EOODALEL@Unknown?5exception@ 000000018000ab78     strlist.obj
 0002:00002b90       ??_C@_0BK@NPFFDHAP@Out?5of?5memory?5?$CIbad_alloc?$CJ@ 000000018000ab90     strlist.obj
 0002:00002bb0       ??_C@_0BCP@OKJACFO@Internal?5error?5?$CFd?5occurred?5when@ 000000018000abb0     strlist.obj
 0002:00002ce0       ??_C@_0DB@OCJMLGAO@Function?5can?5be?5called?5from?5the@ 000000018000ace0     strlist.obj
 0002:00002d18       ??_C@_0CB@EGLNLCBD@values?5must?5be?5between?50?5?$CG?50x10@ 000000018000ad18     strlist.obj
 0002:00002d40       ??_C@_0BE@HFGJMCJI@expected?5an?5integer@ 000000018000ad40     strlist.obj
 0002:00002d58       ??_C@_0BA@JDFPMAAC@expected?5a?5list@ 000000018000ad58     strlist.obj
 0002:00002d70       ??_C@_0EL@OECKFHIH@in?5method?5?8strwinsetup_t_minlen@ 000000018000ad70     strlist.obj
 0002:00002dc0       ??_C@_0EC@HNELHFFP@in?5method?5?8strwinsetup_t_minlen@ 000000018000adc0     strlist.obj
 0002:00002e10       ??_C@_0EL@IJANPABM@in?5method?5?8strwinsetup_t_minlen@ 000000018000ae10     strlist.obj
 0002:00002e60       ??_C@_0GC@OPDBOCOK@in?5method?5?8strwinsetup_t_displa@ 000000018000ae60     strlist.obj
 0002:00002ed0       ??_C@_0FI@CBLGFAFD@in?5method?5?8strwinsetup_t_displa@ 000000018000aed0     strlist.obj
 0002:00002f30       ??_C@_0GC@ICBGEFHB@in?5method?5?8strwinsetup_t_displa@ 000000018000af30     strlist.obj
 0002:00002fa0       ??_C@_0EO@OGFPJPOB@in?5method?5?8strwinsetup_t_only_7@ 000000018000afa0     strlist.obj
 0002:00002ff0       ??_C@_0EE@PHOJFLDN@in?5method?5?8strwinsetup_t_only_7@ 000000018000aff0     strlist.obj
 0002:00003040       ??_C@_0EO@ILHIDIHK@in?5method?5?8strwinsetup_t_only_7@ 000000018000b040     strlist.obj
 0002:00003090       ??_C@_0FB@KCHNNPOK@in?5method?5?8strwinsetup_t_ignore@ 000000018000b090     strlist.obj
 0002:000030f0       ??_C@_0EH@HFIONNIB@in?5method?5?8strwinsetup_t_ignore@ 000000018000b0f0     strlist.obj
 0002:00003140       ??_C@_0FB@MPFKHIHB@in?5method?5?8strwinsetup_t_ignore@ 000000018000b140     strlist.obj
 0002:000031a0       ??_C@_0FF@MNKNMJEO@in?5method?5?8strwinsetup_t_is_ini@ 000000018000b1a0     strlist.obj
 0002:00003200       ??_C@_0EO@MJMNOEAH@in?5method?5?8strwinsetup_t__get_s@ 000000018000b200     strlist.obj
 0002:00003250       ??_C@_0EO@JPPFMNOH@in?5method?5?8strwinsetup_t__set_s@ 000000018000b250     strlist.obj
 0002:000032a0       ??_C@_0EH@JBLJOLPJ@in?5method?5?8delete_strwinsetup_t@ 000000018000b2a0     strlist.obj
 0002:000032e8       ??_C@_0N@JBELKAOG@swigregister@ 000000018000b2e8     strlist.obj
 0002:00003300       ??_C@_0EH@KNNJLMIL@in?5method?5?8string_info_t_ea_set@ 000000018000b300     strlist.obj
 0002:00003348       ??_C@_0DM@ECOGEOBN@in?5method?5?8string_info_t_ea_set@ 000000018000b348     strlist.obj
 0002:00003390       ??_C@_0EH@MAPOBLBA@in?5method?5?8string_info_t_ea_get@ 000000018000b390     strlist.obj
 0002:000033e0       ??_C@_0EL@BKBPIKIA@in?5method?5?8string_info_t_length@ 000000018000b3e0     strlist.obj
 0002:00003430       ??_C@_0DP@CJBACJGH@in?5method?5?8string_info_t_length@ 000000018000b430     strlist.obj
 0002:00003470       ??_C@_0EL@HHDICNBL@in?5method?5?8string_info_t_length@ 000000018000b470     strlist.obj
 0002:000034c0       ??_C@_0EJ@LEOLEHOH@in?5method?5?8string_info_t_type_s@ 000000018000b4c0     strlist.obj
 0002:00003510       ??_C@_0DN@HEFOCBOE@in?5method?5?8string_info_t_type_s@ 000000018000b510     strlist.obj
 0002:00003550       ??_C@_0EJ@NJMMOAHM@in?5method?5?8string_info_t_type_g@ 000000018000b550     strlist.obj
 0002:000035a0       ??_C@_0DJ@BEDKOILB@in?5method?5?8new_string_info_t?8?0?5@ 000000018000b5a0     strlist.obj
 0002:000035e0       ??_C@_0LL@KBKALFPD@Wrong?5number?5or?5type?5of?5argumen@ 000000018000b5e0     strlist.obj
 0002:000036a0       ??_C@_0EN@CLCCIKBH@in?5method?5?8string_info_t___lt__@ 000000018000b6a0     strlist.obj
 0002:000036f0       ??_C@_0EN@EPLOIACJ@in?5method?5?8string_info_t___lt__@ 000000018000b6f0     strlist.obj
 0002:00003740       ??_C@_0GE@GEAODOIC@invalid?5null?5reference?5in?5metho@ 000000018000b740     strlist.obj
 0002:000037b0       ??_C@_0EH@CPFCNLIJ@in?5method?5?8delete_string_info_t@ 000000018000b7b0     strlist.obj
 0002:00003800       ??_C@_0ED@LBBDGDL@in?5method?5?8get_strlist_item?8?0?5a@ 000000018000b800     strlist.obj
 0002:00003848       ??_C@_0DK@KLDNMLAB@in?5method?5?8get_strlist_item?8?0?5a@ 000000018000b848     strlist.obj
 0002:00003888       ??_C@_0N@GDFDIPEM@_ida_strlist@ 000000018000b888     strlist.obj
 0002:000038c0       ??_C@_1EC@JIJBPKFM@?$AAa?$AAp?$AAi?$AA?9?$AAm?$AAs?$AA?9?$AAw?$AAi?$AAn?$AA?9?$AAc?$AAo?$AAr?$AAe@ 000000018000b8c0     MSVCRT:thread_safe_statics.obj
 0002:00003908       ??_C@_1BK@MGMFAEKH@?$AAk?$AAe?$AAr?$AAn?$AAe?$AAl?$AA3?$AA2?$AA?4?$AAd?$AAl?$AAl@ 000000018000b908     MSVCRT:thread_safe_statics.obj
 0002:00003928       ??_C@_0BM@HLJJNPAH@InitializeConditionVariable@ 000000018000b928     MSVCRT:thread_safe_statics.obj
 0002:00003948       ??_C@_0BJ@JEBJOJFJ@SleepConditionVariableCS@ 000000018000b948     MSVCRT:thread_safe_statics.obj
 0002:00003968       ??_C@_0BJ@PGPPEPCC@WakeAllConditionVariable@ 000000018000b968     MSVCRT:thread_safe_statics.obj
 0002:00003990       ??_7type_info@@6B@         000000018000b990     MSVCRT:std_type_info_static.obj
 0002:00003998       _pRawDllMain               000000018000b998     MSVCRT:dll_dllmain.obj
 0002:00003998       _pDefaultRawDllMain        000000018000b998     MSVCRT:dll_dllmain.obj
 0002:000039a8       ??_7exception@std@@6B@     000000018000b9a8     MSVCRT:throw_bad_alloc.obj
 0002:000039c0       ??_7bad_alloc@std@@6B@     000000018000b9c0     MSVCRT:throw_bad_alloc.obj
 0002:000039d0       ??_C@_0P@GHFPNOJB@bad?5allocation@ 000000018000b9d0     MSVCRT:throw_bad_alloc.obj
 0002:000039e8       ??_7bad_array_new_length@std@@6B@ 000000018000b9e8     MSVCRT:throw_bad_alloc.obj
 0002:000039f8       ??_C@_0BF@KINCDENJ@bad?5array?5new?5length@ 000000018000b9f8     MSVCRT:throw_bad_alloc.obj
 0002:00003a80       _load_config_used          000000018000ba80     MSVCRT:loadcfg.obj
 0002:00003b80       _tls_used                  000000018000bb80     MSVCRT:tlssup.obj
 0002:00003ba8       ??_R4type_info@@6B@        000000018000bba8     MSVCRT:std_type_info_static.obj
 0002:00003bd0       ??_R3type_info@@8          000000018000bbd0     MSVCRT:std_type_info_static.obj
 0002:00003be8       ??_R2type_info@@8          000000018000bbe8     MSVCRT:std_type_info_static.obj
 0002:00003bf8       ??_R1A@?0A@EA@type_info@@8 000000018000bbf8     MSVCRT:std_type_info_static.obj
 0002:00003c20       ??_R4exception@std@@6B@    000000018000bc20     MSVCRT:throw_bad_alloc.obj
 0002:00003c48       ??_R3exception@std@@8      000000018000bc48     MSVCRT:throw_bad_alloc.obj
 0002:00003c60       ??_R2exception@std@@8      000000018000bc60     MSVCRT:throw_bad_alloc.obj
 0002:00003c70       ??_R1A@?0A@EA@exception@std@@8 000000018000bc70     MSVCRT:throw_bad_alloc.obj
 0002:00003c98       ??_R4bad_alloc@std@@6B@    000000018000bc98     MSVCRT:throw_bad_alloc.obj
 0002:00003cc0       ??_R3bad_alloc@std@@8      000000018000bcc0     MSVCRT:throw_bad_alloc.obj
 0002:00003cd8       ??_R2bad_alloc@std@@8      000000018000bcd8     MSVCRT:throw_bad_alloc.obj
 0002:00003cf0       ??_R1A@?0A@EA@bad_alloc@std@@8 000000018000bcf0     MSVCRT:throw_bad_alloc.obj
 0002:00003d18       ??_R4bad_array_new_length@std@@6B@ 000000018000bd18     MSVCRT:throw_bad_alloc.obj
 0002:00003d40       ??_R3bad_array_new_length@std@@8 000000018000bd40     MSVCRT:throw_bad_alloc.obj
 0002:00003d58       ??_R2bad_array_new_length@std@@8 000000018000bd58     MSVCRT:throw_bad_alloc.obj
 0002:00003d78       ??_R1A@?0A@EA@bad_array_new_length@std@@8 000000018000bd78     MSVCRT:throw_bad_alloc.obj
 0002:000040b0       __rtc_iaa                  000000018000c0b0     MSVCRT:initsect.obj
 0002:000040b8       __rtc_izz                  000000018000c0b8     MSVCRT:initsect.obj
 0002:000040c0       __rtc_taa                  000000018000c0c0     MSVCRT:initsect.obj
 0002:000040c8       __rtc_tzz                  000000018000c0c8     MSVCRT:initsect.obj
 0002:000040d0       _tls_start                 000000018000c0d0     MSVCRT:tlssup.obj
 0002:000040d4       _Init_thread_epoch         000000018000c0d4     MSVCRT:thread_safe_statics.obj
 0002:000040d8       _tls_end                   000000018000c0d8     MSVCRT:tlssup.obj
 0002:000053e0       _TI2?AVbad_alloc@std@@     000000018000d3e0     MSVCRT:throw_bad_alloc.obj
 0002:00005400       _CTA2?AVbad_alloc@std@@    000000018000d400     MSVCRT:throw_bad_alloc.obj
 0002:00005418       _CT??_R0?AVbad_alloc@std@@@8??0bad_alloc@std@@QEAA@AEBV01@@Z24 000000018000d418     MSVCRT:throw_bad_alloc.obj
 0002:00005440       _CT??_R0?AVexception@std@@@8??0exception@std@@QEAA@AEBV01@@Z24 000000018000d440     MSVCRT:throw_bad_alloc.obj
 0002:00005468       _TI3?AVbad_array_new_length@std@@ 000000018000d468     MSVCRT:throw_bad_alloc.obj
 0002:00005488       _CTA3?AVbad_array_new_length@std@@ 000000018000d488     MSVCRT:throw_bad_alloc.obj
 0002:000054a8       _CT??_R0?AVbad_array_new_length@std@@@8??0bad_array_new_length@std@@QEAA@AEBV01@@Z24 000000018000d4a8     MSVCRT:throw_bad_alloc.obj
 0002:00005528       __IMPORT_DESCRIPTOR_ida    000000018000d528     ida:ida.dll
 0002:0000553c       __IMPORT_DESCRIPTOR_python38 000000018000d53c     python38:python38.dll
 0002:00005550       __IMPORT_DESCRIPTOR_python 000000018000d550     python:python.dll
 0002:00005564       __IMPORT_DESCRIPTOR_KERNEL32 000000018000d564     kernel32:KERNEL32.dll
 0002:00005578       __IMPORT_DESCRIPTOR_VCRUNTIME140 000000018000d578     vcruntime:VCRUNTIME140.dll
 0002:0000558c       __IMPORT_DESCRIPTOR_api-ms-win-crt-stdio-l1-1-0 000000018000d58c     ucrt:api-ms-win-crt-stdio-l1-1-0.dll
 0002:000055a0       __IMPORT_DESCRIPTOR_api-ms-win-crt-string-l1-1-0 000000018000d5a0     ucrt:api-ms-win-crt-string-l1-1-0.dll
 0002:000055b4       __IMPORT_DESCRIPTOR_api-ms-win-crt-heap-l1-1-0 000000018000d5b4     ucrt:api-ms-win-crt-heap-l1-1-0.dll
 0002:000055c8       __IMPORT_DESCRIPTOR_api-ms-win-crt-runtime-l1-1-0 000000018000d5c8     ucrt:api-ms-win-crt-runtime-l1-1-0.dll
 0002:000055dc       __NULL_IMPORT_DESCRIPTOR   000000018000d5dc     ida:ida.dll
 0003:000027c8       _Init_global_epoch         00000001800117c8     MSVCRT:thread_safe_statics.obj
 0003:000027d0       __security_cookie_complement 00000001800117d0     MSVCRT:gs_cookie.obj
 0003:000027d8       __security_cookie          00000001800117d8     MSVCRT:gs_cookie.obj
 0003:000027e0       __scrt_native_dllmain_reason 00000001800117e0     MSVCRT:utility.obj
 0003:000027e8       __isa_available            00000001800117e8     MSVCRT:cpu_disp.obj
 0003:000027ec       __isa_enabled              00000001800117ec     MSVCRT:cpu_disp.obj
 0003:000027f0       __memcpy_nt_iters          00000001800117f0     MSVCRT:cpu_disp.obj
 0003:00002800       __scrt_ucrt_dll_is_in_use  0000000180011800     MSVCRT:ucrt_stubs.obj
 0003:00002808       ??_R0?AVexception@std@@@8  0000000180011808     strlist.obj
 0003:00002830       ??_R0?AVDirectorException@Swig@@@8 0000000180011830     strlist.obj
 0003:00002860       ??_R0?AVbad_alloc@std@@@8  0000000180011860     strlist.obj
 0003:00002888       ??_R0?AVout_of_range@std@@@8 0000000180011888     strlist.obj
 0003:000028b0       ??_R0?AUinterr_exc_t@@@8   00000001800118b0     strlist.obj
 0003:000028d8       ??_R0?AVtype_info@@@8      00000001800118d8     MSVCRT:std_type_info_static.obj
 0003:000028f8       ??_R0?AVbad_array_new_length@std@@@8 00000001800118f8     MSVCRT:throw_bad_alloc.obj
 0003:00002930       ?swig_mutex_own@Director@Swig@@0U_RTL_CRITICAL_SECTION@2@A 0000000180011930     strlist.obj
 0003:00002bb8       ?_OptionsStorage@?1??__local_stdio_printf_options@@9@4_KA 0000000180011bb8     strlist.obj
 0003:00002c40       _tls_index                 0000000180011c40     MSVCRT:tlssup.obj
 0003:00002c48       __scrt_current_native_startup_state 0000000180011c48     MSVCRT:utility.obj
 0003:00002c50       __scrt_native_startup_lock 0000000180011c50     MSVCRT:utility.obj
 0003:00002c90       __scrt_debugger_hook_flag  0000000180011c90     MSVCRT:utility_desktop.obj
 0003:00003210       ?__type_info_root_node@@3U__type_info_node@@A 0000000180012210     MSVCRT:tncleanup.obj
 0003:00003220       ?_OptionsStorage@?1??__local_stdio_scanf_options@@9@4_KA 0000000180012220     MSVCRT:default_local_stdio_options.obj
 0003:00003228       __favor                    0000000180012228     MSVCRT:cpu_disp.obj
 0003:00003230       __dyn_tls_init_callback    0000000180012230     <common>

 entry point at        0001:00004c40

 Static symbols

 0000:fffeb000       .debug$S                   0000000180000000     python38:python38.dll
 0000:fffeb000       .debug$S                   0000000180000000     ida:ida.dll
 0000:fffeb000       .debug$S                   0000000180000000     ida:ida.dll
 0000:fffeb000       .debug$S                   0000000180000000     python38:python38.dll
 0000:fffeb000       .debug$S                   0000000180000000     python38:python38.dll
 0000:fffeb000       .debug$S                   0000000180000000     _ida_strlist.exp
 0000:fffeb000       .debug$S                   0000000180000000     python38:python38.dll
 0000:fffeb000       .debug$S                   0000000180000000     python38:python38.dll
 0000:fffeb000       .debug$S                   0000000180000000     python38:python38.dll
 0000:fffeb000       .debug$S                   0000000180000000     python38:python38.dll
 0000:fffeb000       .debug$S                   0000000180000000     python38:python38.dll
 0000:fffeb000       .debug$S                   0000000180000000     ucrt:api-ms-win-crt-runtime-l1-1-0.dll
 0000:fffeb000       .debug$S                   0000000180000000     ucrt:api-ms-win-crt-runtime-l1-1-0.dll
 0000:fffeb000       .debug$S                   0000000180000000     ucrt:api-ms-win-crt-runtime-l1-1-0.dll
 0000:fffeb000       .debug$S                   0000000180000000     ucrt:api-ms-win-crt-runtime-l1-1-0.dll
 0000:fffeb000       .debug$S                   0000000180000000     ucrt:api-ms-win-crt-runtime-l1-1-0.dll
 0000:fffeb000       .debug$S                   0000000180000000     ucrt:api-ms-win-crt-runtime-l1-1-0.dll
 0000:fffeb000       .debug$S                   0000000180000000     ucrt:api-ms-win-crt-runtime-l1-1-0.dll
 0000:fffeb000       .debug$S                   0000000180000000     ucrt:api-ms-win-crt-runtime-l1-1-0.dll
 0000:fffeb000       .debug$S                   0000000180000000     ucrt:api-ms-win-crt-runtime-l1-1-0.dll
 0000:fffeb000       .debug$S                   0000000180000000     ucrt:api-ms-win-crt-runtime-l1-1-0.dll
 0000:fffeb000       .debug$S                   0000000180000000     ucrt:api-ms-win-crt-runtime-l1-1-0.dll
 0000:fffeb000       .debug$S                   0000000180000000     ucrt:api-ms-win-crt-runtime-l1-1-0.dll
 0000:fffeb000       .debug$S                   0000000180000000     ucrt:api-ms-win-crt-heap-l1-1-0.dll
 0000:fffeb000       .debug$S                   0000000180000000     ucrt:api-ms-win-crt-heap-l1-1-0.dll
 0000:fffeb000       .debug$S                   0000000180000000     ucrt:api-ms-win-crt-heap-l1-1-0.dll
 0000:fffeb000       .debug$S                   0000000180000000     ucrt:api-ms-win-crt-string-l1-1-0.dll
 0000:fffeb000       .debug$S                   0000000180000000     ucrt:api-ms-win-crt-string-l1-1-0.dll
 0000:fffeb000       .debug$S                   0000000180000000     ucrt:api-ms-win-crt-stdio-l1-1-0.dll
 0000:fffeb000       .debug$S                   0000000180000000     ucrt:api-ms-win-crt-stdio-l1-1-0.dll
 0000:fffeb000       .debug$S                   0000000180000000     python38:python38.dll
 0000:fffeb000       .debug$S                   0000000180000000     vcruntime:VCRUNTIME140.dll
 0000:fffeb000       .debug$S                   0000000180000000     vcruntime:VCRUNTIME140.dll
 0000:fffeb000       .debug$S                   0000000180000000     vcruntime:VCRUNTIME140.dll
 0000:fffeb000       .debug$S                   0000000180000000     vcruntime:VCRUNTIME140.dll
 0000:fffeb000       .debug$S                   0000000180000000     vcruntime:VCRUNTIME140.dll
 0000:fffeb000       .debug$S                   0000000180000000     vcruntime:VCRUNTIME140.dll
 0000:fffeb000       .debug$S                   0000000180000000     vcruntime:VCRUNTIME140.dll
 0000:fffeb000       .debug$S                   0000000180000000     vcruntime:VCRUNTIME140.dll
 0000:fffeb000       .debug$S                   0000000180000000     vcruntime:VCRUNTIME140.dll
 0000:fffeb000       .debug$S                   0000000180000000     vcruntime:VCRUNTIME140.dll
 0000:fffeb000       .debug$S                   0000000180000000     vcruntime:VCRUNTIME140.dll
 0000:fffeb000       .debug$S                   0000000180000000     python38:python38.dll
 0000:fffeb000       .debug$S                   0000000180000000     kernel32:KERNEL32.dll
 0000:fffeb000       .debug$S                   0000000180000000     kernel32:KERNEL32.dll
 0000:fffeb000       .debug$S                   0000000180000000     kernel32:KERNEL32.dll
 0000:fffeb000       .debug$S                   0000000180000000     kernel32:KERNEL32.dll
 0000:fffeb000       .debug$S                   0000000180000000     kernel32:KERNEL32.dll
 0000:fffeb000       .debug$S                   0000000180000000     kernel32:KERNEL32.dll
 0000:fffeb000       .debug$S                   0000000180000000     kernel32:KERNEL32.dll
 0000:fffeb000       .debug$S                   0000000180000000     kernel32:KERNEL32.dll
 0000:fffeb000       .debug$S                   0000000180000000     kernel32:KERNEL32.dll
 0000:fffeb000       .debug$S                   0000000180000000     kernel32:KERNEL32.dll
 0000:fffeb000       .debug$S                   0000000180000000     kernel32:KERNEL32.dll
 0000:fffeb000       .debug$S                   0000000180000000     kernel32:KERNEL32.dll
 0000:fffeb000       .debug$S                   0000000180000000     kernel32:KERNEL32.dll
 0000:fffeb000       .debug$S                   0000000180000000     kernel32:KERNEL32.dll
 0000:fffeb000       .debug$S                   0000000180000000     kernel32:KERNEL32.dll
 0000:fffeb000       .debug$S                   0000000180000000     kernel32:KERNEL32.dll
 0000:fffeb000       .debug$S                   0000000180000000     kernel32:KERNEL32.dll
 0000:fffeb000       .debug$S                   0000000180000000     kernel32:KERNEL32.dll
 0000:fffeb000       .debug$S                   0000000180000000     kernel32:KERNEL32.dll
 0000:fffeb000       .debug$S                   0000000180000000     kernel32:KERNEL32.dll
 0000:fffeb000       .debug$S                   0000000180000000     kernel32:KERNEL32.dll
 0000:fffeb000       .debug$S                   0000000180000000     kernel32:KERNEL32.dll
 0000:fffeb000       .debug$S                   0000000180000000     kernel32:KERNEL32.dll
 0000:fffeb000       .debug$S                   0000000180000000     kernel32:KERNEL32.dll
 0000:fffeb000       .debug$S                   0000000180000000     kernel32:KERNEL32.dll
 0000:fffeb000       .debug$S                   0000000180000000     kernel32:KERNEL32.dll
 0000:fffeb000       .debug$S                   0000000180000000     kernel32:KERNEL32.dll
 0000:fffeb000       .debug$S                   0000000180000000     python38:python38.dll
 0000:fffeb000       .debug$S                   0000000180000000     python38:python38.dll
 0000:fffeb000       .debug$S                   0000000180000000     python38:python38.dll
 0000:fffeb000       .debug$S                   0000000180000000     python38:python38.dll
 0000:fffeb000       .debug$S                   0000000180000000     python38:python38.dll
 0000:fffeb000       .debug$S                   0000000180000000     python38:python38.dll
 0000:fffeb000       .debug$S                   0000000180000000     python38:python38.dll
 0000:fffeb000       .debug$S                   0000000180000000     python38:python38.dll
 0000:fffeb000       .debug$S                   0000000180000000     python38:python38.dll
 0000:fffeb000       .debug$S                   0000000180000000     python38:python38.dll
 0000:fffeb000       .debug$S                   0000000180000000     python38:python38.dll
 0000:fffeb000       .debug$S                   0000000180000000     python38:python38.dll
 0000:fffeb000       .debug$S                   0000000180000000     python38:python38.dll
 0000:fffeb000       .debug$S                   0000000180000000     python38:python38.dll
 0000:fffeb000       .debug$S                   0000000180000000     python38:python38.dll
 0000:fffeb000       .debug$S                   0000000180000000     python38:python38.dll
 0000:fffeb000       .debug$S                   0000000180000000     python38:python38.dll
 0000:fffeb000       .debug$S                   0000000180000000     ida:ida.dll
 0000:fffeb000       .debug$S                   0000000180000000     python38:python38.dll
 0000:fffeb000       .debug$S                   0000000180000000     ida:ida.dll
 0000:fffeb000       .debug$S                   0000000180000000     python38:python38.dll
 0000:fffeb000       .debug$S                   0000000180000000     ida:ida.dll
 0000:fffeb000       .debug$S                   0000000180000000     python38:python38.dll
 0000:fffeb000       .debug$S                   0000000180000000     python38:python38.dll
 0000:fffeb000       .debug$S                   0000000180000000     python38:python38.dll
 0000:fffeb000       .debug$S                   0000000180000000     ida:ida.dll
 0000:fffeb000       .debug$S                   0000000180000000     python38:python38.dll
 0000:fffeb000       .debug$S                   0000000180000000     python38:python38.dll
 0000:fffeb000       .debug$S                   0000000180000000     python38:python38.dll
 0000:fffeb000       .debug$S                   0000000180000000     python38:python38.dll
 0000:fffeb000       .debug$S                   0000000180000000     python38:python38.dll
 0000:fffeb000       .debug$S                   0000000180000000     ida:ida.dll
 0000:fffeb000       .debug$S                   0000000180000000     python38:python38.dll
 0000:fffeb000       .debug$S                   0000000180000000     ida:ida.dll
 0000:fffeb000       .debug$S                   0000000180000000     python38:python38.dll
 0000:fffeb000       .debug$S                   0000000180000000     python38:python38.dll
 0000:fffeb000       .debug$S                   0000000180000000     python38:python38.dll
 0000:fffeb000       .debug$S                   0000000180000000     python38:python38.dll
 0000:fffeb000       .debug$S                   0000000180000000     python38:python38.dll
 0000:fffeb000       .debug$S                   0000000180000000     python38:python38.dll
 0000:fffeb000       .debug$S                   0000000180000000     python38:python38.dll
 0000:fffeb000       .debug$S                   0000000180000000     python38:python38.dll
 0000:fffeb000       .debug$S                   0000000180000000     python38:python38.dll
 0000:fffeb000       .debug$S                   0000000180000000     python38:python38.dll
 0000:fffeb000       .debug$S                   0000000180000000     python38:python38.dll
 0000:fffeb000       .debug$S                   0000000180000000     python38:python38.dll
 0000:fffeb000       .debug$S                   0000000180000000     python38:python38.dll
 0000:fffeb000       .debug$S                   0000000180000000     python38:python38.dll
 0000:fffeb000       .debug$S                   0000000180000000     python38:python38.dll
 0000:fffeb000       .debug$S                   0000000180000000     python38:python38.dll
 0000:fffeb000       .debug$S                   0000000180000000     python38:python38.dll
 0000:fffeb000       .debug$S                   0000000180000000     python38:python38.dll
 0000:fffeb000       .debug$S                   0000000180000000     python38:python38.dll
 0000:fffeb000       .debug$S                   0000000180000000     python38:python38.dll
 0000:fffeb000       .debug$S                   0000000180000000     python38:python38.dll
 0000:fffeb000       .debug$S                   0000000180000000     python38:python38.dll
 0000:fffeb000       .debug$S                   0000000180000000     python38:python38.dll
 0000:fffeb000       .debug$S                   0000000180000000     python38:python38.dll
 0000:fffeb000       .debug$S                   0000000180000000     python38:python38.dll
 0000:fffeb000       .debug$S                   0000000180000000     python38:python38.dll
 0000:fffeb000       .debug$S                   0000000180000000     python38:python38.dll
 0000:fffeb000       .debug$S                   0000000180000000     python38:python38.dll
 0000:fffeb000       .debug$S                   0000000180000000     python38:python38.dll
 0000:fffeb000       .debug$S                   0000000180000000     python38:python38.dll
 0000:fffeb000       .debug$S                   0000000180000000     python:python.dll
[...]
 0004:00000264       $pdata$_wrap_new_strwinsetup_t$catch$3 0000000180013264     strlist.obj
 0004:00000270       $pdata$_wrap_new_strwinsetup_t$catch$4 0000000180013270     strlist.obj
 0004:0000027c       $pdata$_wrap_new_strwinsetup_t$catch$5 000000018001327c     strlist.obj
 0004:00000288       $pdata$_wrap_new_strwinsetup_t$catch$6 0000000180013288     strlist.obj
 0004:00000294       $pdata$_wrap_strwinsetup_t_minlen_set 0000000180013294     strlist.obj
 0004:000002a0       $pdata$0$_wrap_strwinsetup_t_minlen_set 00000001800132a0     strlist.obj
 0004:000002ac       $pdata$1$_wrap_strwinsetup_t_minlen_set 00000001800132ac     strlist.obj
 0004:000002b8       $pdata$_wrap_strwinsetup_t_minlen_get 00000001800132b8     strlist.obj
 0004:000002c4       $pdata$0$_wrap_strwinsetup_t_minlen_get 00000001800132c4     strlist.obj
 0004:000002d0       $pdata$1$_wrap_strwinsetup_t_minlen_get 00000001800132d0     strlist.obj
 0004:000002dc       $pdata$_wrap_strwinsetup_t_display_only_existing_strings_set 00000001800132dc     strlist.obj
 0004:000002e8       $pdata$0$_wrap_strwinsetup_t_display_only_existing_strings_set 00000001800132e8     strlist.obj
 0004:000002f4       $pdata$1$_wrap_strwinsetup_t_display_only_existing_strings_set 00000001800132f4     strlist.obj
 0004:00000300       $pdata$_wrap_strwinsetup_t_display_only_existing_strings_get 0000000180013300     strlist.obj
 0004:0000030c       $pdata$0$_wrap_strwinsetup_t_display_only_existing_strings_get 000000018001330c     strlist.obj
 0004:00000318       $pdata$1$_wrap_strwinsetup_t_display_only_existing_strings_get 0000000180013318     strlist.obj
 0004:00000324       $pdata$_wrap_strwinsetup_t_only_7bit_set 0000000180013324     strlist.obj
 0004:00000330       $pdata$0$_wrap_strwinsetup_t_only_7bit_set 0000000180013330     strlist.obj
 0004:0000033c       $pdata$1$_wrap_strwinsetup_t_only_7bit_set 000000018001333c     strlist.obj
 0004:00000348       $pdata$_wrap_strwinsetup_t_only_7bit_get 0000000180013348     strlist.obj
 0004:00000354       $pdata$0$_wrap_strwinsetup_t_only_7bit_get 0000000180013354     strlist.obj
 0004:00000360       $pdata$1$_wrap_strwinsetup_t_only_7bit_get 0000000180013360     strlist.obj
 0004:0000036c       $pdata$_wrap_strwinsetup_t_ignore_heads_set 000000018001336c     strlist.obj
 0004:00000378       $pdata$0$_wrap_strwinsetup_t_ignore_heads_set 0000000180013378     strlist.obj
 0004:00000384       $pdata$1$_wrap_strwinsetup_t_ignore_heads_set 0000000180013384     strlist.obj
 0004:00000390       $pdata$_wrap_strwinsetup_t_ignore_heads_get 0000000180013390     strlist.obj
 0004:0000039c       $pdata$0$_wrap_strwinsetup_t_ignore_heads_get 000000018001339c     strlist.obj
 0004:000003a8       $pdata$1$_wrap_strwinsetup_t_ignore_heads_get 00000001800133a8     strlist.obj
 0004:000003b4       $pdata$_wrap_strwinsetup_t_is_initialized 00000001800133b4     strlist.obj
 0004:000003c0       $pdata$_wrap_strwinsetup_t_is_initialized$catch$5 00000001800133c0     strlist.obj
 0004:000003cc       $pdata$_wrap_strwinsetup_t_is_initialized$catch$4 00000001800133cc     strlist.obj
 0004:000003d8       $pdata$_wrap_strwinsetup_t_is_initialized$catch$3 00000001800133d8     strlist.obj
 0004:000003e4       $pdata$_wrap_strwinsetup_t_is_initialized$catch$2 00000001800133e4     strlist.obj
 0004:000003f0       $pdata$_wrap_strwinsetup_t_is_initialized$catch$1 00000001800133f0     strlist.obj
 0004:000003fc       $pdata$_wrap_strwinsetup_t_is_initialized$catch$0 00000001800133fc     strlist.obj
 0004:00000408       $pdata$_wrap_strwinsetup_t__get_strtypes 0000000180013408     strlist.obj
 0004:00000414       $pdata$_wrap_strwinsetup_t__get_strtypes$catch$5 0000000180013414     strlist.obj
 0004:00000420       $pdata$_wrap_strwinsetup_t__get_strtypes$catch$4 0000000180013420     strlist.obj
 0004:0000042c       $pdata$_wrap_strwinsetup_t__get_strtypes$catch$3 000000018001342c     strlist.obj
 0004:00000438       $pdata$_wrap_strwinsetup_t__get_strtypes$catch$2 0000000180013438     strlist.obj
 0004:00000444       $pdata$_wrap_strwinsetup_t__get_strtypes$catch$1 0000000180013444     strlist.obj
 0004:00000450       $pdata$_wrap_strwinsetup_t__get_strtypes$catch$0 0000000180013450     strlist.obj
 0004:0000045c       $pdata$_wrap_strwinsetup_t__set_strtypes 000000018001345c     strlist.obj
 0004:00000468       $pdata$_wrap_strwinsetup_t__set_strtypes$catch$5 0000000180013468     strlist.obj
 0004:00000474       $pdata$_wrap_strwinsetup_t__set_strtypes$catch$4 0000000180013474     strlist.obj
 0004:00000480       $pdata$_wrap_strwinsetup_t__set_strtypes$catch$3 0000000180013480     strlist.obj
 0004:0000048c       $pdata$_wrap_strwinsetup_t__set_strtypes$catch$2 000000018001348c     strlist.obj
 0004:00000498       $pdata$_wrap_strwinsetup_t__set_strtypes$catch$1 0000000180013498     strlist.obj
 0004:000004a4       $pdata$_wrap_strwinsetup_t__set_strtypes$catch$0 00000001800134a4     strlist.obj
 0004:000004b0       $pdata$_wrap_delete_strwinsetup_t 00000001800134b0     strlist.obj
 0004:000004bc       $pdata$_wrap_delete_strwinsetup_t$catch$7 00000001800134bc     strlist.obj
 0004:000004c8       $pdata$_wrap_delete_strwinsetup_t$catch$6 00000001800134c8     strlist.obj
 0004:000004d4       $pdata$_wrap_delete_strwinsetup_t$catch$5 00000001800134d4     strlist.obj
 0004:000004e0       $pdata$_wrap_delete_strwinsetup_t$catch$4 00000001800134e0     strlist.obj
 0004:000004ec       $pdata$_wrap_delete_strwinsetup_t$catch$3 00000001800134ec     strlist.obj
 0004:000004f8       $pdata$_wrap_delete_strwinsetup_t$catch$2 00000001800134f8     strlist.obj
 0004:00000504       $pdata$strwinsetup_t_swigregister 0000000180013504     strlist.obj
 0004:00000510       $pdata$_wrap_string_info_t_ea_set 0000000180013510     strlist.obj
 0004:0000051c       $pdata$0$_wrap_string_info_t_ea_set 000000018001351c     strlist.obj
 0004:00000528       $pdata$1$_wrap_string_info_t_ea_set 0000000180013528     strlist.obj
 0004:00000534       $pdata$_wrap_string_info_t_ea_get 0000000180013534     strlist.obj
 0004:00000540       $pdata$0$_wrap_string_info_t_ea_get 0000000180013540     strlist.obj
 0004:0000054c       $pdata$1$_wrap_string_info_t_ea_get 000000018001354c     strlist.obj
 0004:00000558       $pdata$_wrap_string_info_t_length_set 0000000180013558     strlist.obj
 0004:00000564       $pdata$0$_wrap_string_info_t_length_set 0000000180013564     strlist.obj
 0004:00000570       $pdata$1$_wrap_string_info_t_length_set 0000000180013570     strlist.obj
 0004:0000057c       $pdata$_wrap_string_info_t_length_get 000000018001357c     strlist.obj
 0004:00000588       $pdata$0$_wrap_string_info_t_length_get 0000000180013588     strlist.obj
 0004:00000594       $pdata$1$_wrap_string_info_t_length_get 0000000180013594     strlist.obj
 0004:000005a0       $pdata$_wrap_string_info_t_type_set 00000001800135a0     strlist.obj
 0004:000005ac       $pdata$0$_wrap_string_info_t_type_set 00000001800135ac     strlist.obj
 0004:000005b8       $pdata$1$_wrap_string_info_t_type_set 00000001800135b8     strlist.obj
 0004:000005c4       $pdata$_wrap_string_info_t_type_get 00000001800135c4     strlist.obj
 0004:000005d0       $pdata$0$_wrap_string_info_t_type_get 00000001800135d0     strlist.obj
 0004:000005dc       $pdata$1$_wrap_string_info_t_type_get 00000001800135dc     strlist.obj
 0004:000005e8       $pdata$_wrap_new_string_info_t__SWIG_0 00000001800135e8     strlist.obj
 0004:000005f4       $pdata$_wrap_new_string_info_t__SWIG_0$catch$1 00000001800135f4     strlist.obj
 0004:00000600       $pdata$_wrap_new_string_info_t__SWIG_0$catch$2 0000000180013600     strlist.obj
 0004:0000060c       $pdata$_wrap_new_string_info_t__SWIG_0$catch$3 000000018001360c     strlist.obj
 0004:00000618       $pdata$_wrap_new_string_info_t__SWIG_0$catch$4 0000000180013618     strlist.obj
 0004:00000624       $pdata$_wrap_new_string_info_t__SWIG_0$catch$5 0000000180013624     strlist.obj
 0004:00000630       $pdata$_wrap_new_string_info_t__SWIG_0$catch$6 0000000180013630     strlist.obj
 0004:0000063c       $pdata$_wrap_new_string_info_t__SWIG_1 000000018001363c     strlist.obj
 0004:00000648       $pdata$_wrap_new_string_info_t__SWIG_1$catch$1 0000000180013648     strlist.obj
 0004:00000654       $pdata$_wrap_new_string_info_t__SWIG_1$catch$2 0000000180013654     strlist.obj
 0004:00000660       $pdata$_wrap_new_string_info_t__SWIG_1$catch$3 0000000180013660     strlist.obj
 0004:0000066c       $pdata$_wrap_new_string_info_t__SWIG_1$catch$4 000000018001366c     strlist.obj
 0004:00000678       $pdata$_wrap_new_string_info_t__SWIG_1$catch$5 0000000180013678     strlist.obj
 0004:00000684       $pdata$_wrap_new_string_info_t__SWIG_1$catch$6 0000000180013684     strlist.obj
 0004:00000690       $pdata$_wrap_new_string_info_t 0000000180013690     strlist.obj
 0004:0000069c       $pdata$_wrap_string_info_t___lt__ 000000018001369c     strlist.obj
 0004:000006a8       $pdata$_wrap_string_info_t___lt__$catch$5 00000001800136a8     strlist.obj
 0004:000006b4       $pdata$_wrap_string_info_t___lt__$catch$4 00000001800136b4     strlist.obj
 0004:000006c0       $pdata$_wrap_string_info_t___lt__$catch$3 00000001800136c0     strlist.obj
 0004:000006cc       $pdata$_wrap_string_info_t___lt__$catch$2 00000001800136cc     strlist.obj
 0004:000006d8       $pdata$_wrap_string_info_t___lt__$catch$1 00000001800136d8     strlist.obj
 0004:000006e4       $pdata$_wrap_string_info_t___lt__$catch$0 00000001800136e4     strlist.obj
 0004:000006f0       $pdata$_wrap_delete_string_info_t 00000001800136f0     strlist.obj
 0004:000006fc       $pdata$_wrap_delete_string_info_t$catch$5 00000001800136fc     strlist.obj
 0004:00000708       $pdata$_wrap_delete_string_info_t$catch$4 0000000180013708     strlist.obj
 0004:00000714       $pdata$_wrap_delete_string_info_t$catch$3 0000000180013714     strlist.obj
 0004:00000720       $pdata$_wrap_delete_string_info_t$catch$2 0000000180013720     strlist.obj
 0004:0000072c       $pdata$_wrap_delete_string_info_t$catch$1 000000018001372c     strlist.obj
 0004:00000738       $pdata$_wrap_delete_string_info_t$catch$0 0000000180013738     strlist.obj
 0004:00000744       $pdata$string_info_t_swigregister 0000000180013744     strlist.obj
 0004:00000750       $pdata$_wrap_get_strlist_options 0000000180013750     strlist.obj
 0004:0000075c       $pdata$_wrap_get_strlist_options$catch$5 000000018001375c     strlist.obj
 0004:00000768       $pdata$_wrap_get_strlist_options$catch$4 0000000180013768     strlist.obj
 0004:00000774       $pdata$_wrap_get_strlist_options$catch$3 0000000180013774     strlist.obj
 0004:00000780       $pdata$_wrap_get_strlist_options$catch$2 0000000180013780     strlist.obj
 0004:0000078c       $pdata$_wrap_get_strlist_options$catch$1 000000018001378c     strlist.obj
 0004:00000798       $pdata$_wrap_get_strlist_options$catch$0 0000000180013798     strlist.obj
 0004:000007a4       $pdata$_wrap_build_strlist 00000001800137a4     strlist.obj
 0004:000007b0       $pdata$_wrap_build_strlist$catch$5 00000001800137b0     strlist.obj
 0004:000007bc       $pdata$_wrap_build_strlist$catch$4 00000001800137bc     strlist.obj
 0004:000007c8       $pdata$_wrap_build_strlist$catch$3 00000001800137c8     strlist.obj
 0004:000007d4       $pdata$_wrap_build_strlist$catch$2 00000001800137d4     strlist.obj
 0004:000007e0       $pdata$_wrap_build_strlist$catch$1 00000001800137e0     strlist.obj
 0004:000007ec       $pdata$_wrap_build_strlist$catch$0 00000001800137ec     strlist.obj
 0004:000007f8       $pdata$_wrap_clear_strlist 00000001800137f8     strlist.obj
 0004:00000804       $pdata$_wrap_clear_strlist$catch$5 0000000180013804     strlist.obj
 0004:00000810       $pdata$_wrap_clear_strlist$catch$4 0000000180013810     strlist.obj
 0004:0000081c       $pdata$_wrap_clear_strlist$catch$3 000000018001381c     strlist.obj
 0004:00000828       $pdata$_wrap_clear_strlist$catch$2 0000000180013828     strlist.obj
 0004:00000834       $pdata$_wrap_clear_strlist$catch$1 0000000180013834     strlist.obj
 0004:00000840       $pdata$_wrap_clear_strlist$catch$0 0000000180013840     strlist.obj
 0004:0000084c       $pdata$_wrap_get_strlist_qty 000000018001384c     strlist.obj
 0004:00000858       $pdata$_wrap_get_strlist_qty$catch$5 0000000180013858     strlist.obj
 0004:00000864       $pdata$_wrap_get_strlist_qty$catch$4 0000000180013864     strlist.obj
 0004:00000870       $pdata$_wrap_get_strlist_qty$catch$3 0000000180013870     strlist.obj
 0004:0000087c       $pdata$_wrap_get_strlist_qty$catch$2 000000018001387c     strlist.obj
 0004:00000888       $pdata$_wrap_get_strlist_qty$catch$1 0000000180013888     strlist.obj
 0004:00000894       $pdata$_wrap_get_strlist_qty$catch$0 0000000180013894     strlist.obj
 0004:000008a0       $pdata$_wrap_get_strlist_item 00000001800138a0     strlist.obj
 0004:000008ac       $pdata$_wrap_get_strlist_item$catch$5 00000001800138ac     strlist.obj
 0004:000008b8       $pdata$_wrap_get_strlist_item$catch$4 00000001800138b8     strlist.obj
 0004:000008c4       $pdata$_wrap_get_strlist_item$catch$3 00000001800138c4     strlist.obj
 0004:000008d0       $pdata$_wrap_get_strlist_item$catch$2 00000001800138d0     strlist.obj
 0004:000008dc       $pdata$_wrap_get_strlist_item$catch$1 00000001800138dc     strlist.obj
 0004:000008e8       $pdata$_wrap_get_strlist_item$catch$0 00000001800138e8     strlist.obj
 0004:000008f4       $pdata$SWIG_InitializeModule 00000001800138f4     strlist.obj
 0004:00000900       $pdata$1$SWIG_InitializeModule 0000000180013900     strlist.obj
 0004:0000090c       $pdata$4$SWIG_InitializeModule 000000018001390c     strlist.obj
 0004:00000918       $pdata$5$SWIG_InitializeModule 0000000180013918     strlist.obj
 0004:00000924       $pdata$6$SWIG_InitializeModule 0000000180013924     strlist.obj
 0004:00000930       $pdata$SWIG_Python_FixMethods 0000000180013930     strlist.obj
 0004:0000093c       $pdata$4$SWIG_Python_FixMethods 000000018001393c     strlist.obj
 0004:00000948       $pdata$5$SWIG_Python_FixMethods 0000000180013948     strlist.obj
 0004:00000954       $pdata$PyInit__ida_strlist 0000000180013954     strlist.obj
 0004:00000960       $pdata$4$PyInit__ida_strlist 0000000180013960     strlist.obj
 0004:0000096c       $pdata$5$PyInit__ida_strlist 000000018001396c     strlist.obj
 0004:00000978       $pdata$??2@YAPEAX_K@Z      0000000180013978     MSVCRT:new_scalar.obj
 0004:00000984       $pdata$_Init_thread_header 0000000180013984     MSVCRT:thread_safe_statics.obj
 0004:00000990       $pdata$_Init_thread_footer 0000000180013990     MSVCRT:thread_safe_statics.obj
 0004:0000099c       $pdata$_Init_thread_wait   000000018001399c     MSVCRT:thread_safe_statics.obj
 0004:000009a8       $pdata$_Init_thread_notify 00000001800139a8     MSVCRT:thread_safe_statics.obj
 0004:000009b4       $pdata$?__scrt_uninitialize_thread_safe_statics@@YAXXZ 00000001800139b4     MSVCRT:thread_safe_statics.obj
 0004:000009c0       $pdata$?__scrt_initialize_thread_safe_statics@@YAHXZ 00000001800139c0     MSVCRT:thread_safe_statics.obj
 0004:000009cc       $pdata$__GSHandlerCheckCommon 00000001800139cc     MSVCRT:gshandler.obj
 0004:000009d8       $pdata$__GSHandlerCheck    00000001800139d8     MSVCRT:gshandler.obj
 0004:000009f0       $pdata$??_Gtype_info@@UEAAPEAXI@Z 00000001800139f0     MSVCRT:std_type_info_static.obj
 0004:000009fc       $pdata$?dllmain_crt_process_attach@@YAHQEAUHINSTANCE__@@QEAX@Z 00000001800139fc     MSVCRT:dll_dllmain.obj
 0004:00000a08       $pdata$?fin$0@?0??dllmain_crt_process_attach@@YAHQEAUHINSTANCE__@@QEAX@Z@4HA 0000000180013a08     MSVCRT:dll_dllmain.obj
 0004:00000a14       $pdata$?dllmain_crt_process_detach@@YAH_N@Z 0000000180013a14     MSVCRT:dll_dllmain.obj
 0004:00000a20       $pdata$?fin$0@?0??dllmain_crt_process_detach@@YAH_N@Z@4HA 0000000180013a20     MSVCRT:dll_dllmain.obj
 0004:00000a2c       $pdata$?dllmain_crt_dispatch@@YAHQEAUHINSTANCE__@@KQEAX@Z 0000000180013a2c     MSVCRT:dll_dllmain.obj
 0004:00000a38       $pdata$?dllmain_dispatch@@YAHQEAUHINSTANCE__@@KQEAX@Z 0000000180013a38     MSVCRT:dll_dllmain.obj
 0004:00000a44       $pdata$?filt$0@?0??dllmain_dispatch@@YAHQEAUHINSTANCE__@@KQEAX@Z@4HA 0000000180013a44     MSVCRT:dll_dllmain.obj
 0004:00000a50       $pdata$_DllMainCRTStartup  0000000180013a50     MSVCRT:dll_dllmain.obj
 0004:00000a5c       $pdata$??0exception@std@@QEAA@AEBV01@@Z 0000000180013a5c     MSVCRT:throw_bad_alloc.obj
 0004:00000a68       $pdata$??_Gexception@std@@UEAAPEAXI@Z 0000000180013a68     MSVCRT:throw_bad_alloc.obj
 0004:00000a68       $pdata$??_Gbad_array_new_length@std@@UEAAPEAXI@Z 0000000180013a68     MSVCRT:throw_bad_alloc.obj
 0004:00000a68       $pdata$??_Gbad_alloc@std@@UEAAPEAXI@Z 0000000180013a68     MSVCRT:throw_bad_alloc.obj
 0004:00000a74       $pdata$??0bad_alloc@std@@QEAA@AEBV01@@Z 0000000180013a74     MSVCRT:throw_bad_alloc.obj
 0004:00000a80       $pdata$??0bad_array_new_length@std@@QEAA@AEBV01@@Z 0000000180013a80     MSVCRT:throw_bad_alloc.obj
 0004:00000a8c       $pdata$?__scrt_throw_std_bad_alloc@@YAXXZ 0000000180013a8c     MSVCRT:throw_bad_alloc.obj
 0004:00000a98       $pdata$?__scrt_throw_std_bad_array_new_length@@YAXXZ 0000000180013a98     MSVCRT:throw_bad_alloc.obj
 0004:00000aa4       $pdata$atexit              0000000180013aa4     MSVCRT:utility.obj
 0004:00000ab0       $pdata$_onexit             0000000180013ab0     MSVCRT:utility.obj
 0004:00000abc       $pdata$__scrt_is_nonwritable_in_current_image 0000000180013abc     MSVCRT:utility.obj
 0004:00000ac8       $pdata$__scrt_is_nonwritable_in_current_image$filt$0 0000000180013ac8     MSVCRT:utility.obj
 0004:00000ad4       $pdata$__scrt_acquire_startup_lock 0000000180013ad4     MSVCRT:utility.obj
 0004:00000ae0       $pdata$__scrt_release_startup_lock 0000000180013ae0     MSVCRT:utility.obj
 0004:00000aec       $pdata$__scrt_initialize_crt 0000000180013aec     MSVCRT:utility.obj
 0004:00000af8       $pdata$__scrt_uninitialize_crt 0000000180013af8     MSVCRT:utility.obj
 0004:00000b04       $pdata$__scrt_initialize_onexit_tables 0000000180013b04     MSVCRT:utility.obj
 0004:00000b10       $pdata$__scrt_dllmain_exception_filter 0000000180013b10     MSVCRT:utility.obj
 0004:00000b1c       $pdata$__scrt_dllmain_before_initialize_c 0000000180013b1c     MSVCRT:utility.obj
 0004:00000b28       $pdata$__scrt_dllmain_after_initialize_c 0000000180013b28     MSVCRT:utility.obj
 0004:00000b34       $pdata$__scrt_dllmain_uninitialize_c 0000000180013b34     MSVCRT:utility.obj
 0004:00000b40       $pdata$__scrt_dllmain_uninitialize_critical 0000000180013b40     MSVCRT:utility.obj
 0004:00000b4c       $pdata$__scrt_dllmain_crt_thread_attach 0000000180013b4c     MSVCRT:utility.obj
 0004:00000b58       $pdata$__scrt_dllmain_crt_thread_detach 0000000180013b58     MSVCRT:utility.obj
 0004:00000b64       $pdata$__scrt_fastfail     0000000180013b64     MSVCRT:utility_desktop.obj
 0004:00000b70       $pdata$__report_gsfailure  0000000180013b70     MSVCRT:gs_report.obj
 0004:00000b7c       $pdata$capture_previous_context 0000000180013b7c     MSVCRT:gs_report.obj
 0004:00000b88       $pdata$__raise_securityfailure 0000000180013b88     MSVCRT:gs_report.obj
 0004:00000b94       $pdata$__security_init_cookie 0000000180013b94     MSVCRT:gs_support.obj
 0004:00000ba0       $pdata$DllMain             0000000180013ba0     MSVCRT:dll_dllmain_stub.obj
 0004:00000bac       $pdata$__scrt_initialize_default_local_stdio_options 0000000180013bac     MSVCRT:default_local_stdio_options.obj
 0004:00000bb8       $pdata$_RTC_Initialize     0000000180013bb8     MSVCRT:initsect.obj
 0004:00000bc4       $pdata$_RTC_Terminate      0000000180013bc4     MSVCRT:initsect.obj
 0004:00000bd0       $pdata$__isa_available_init 0000000180013bd0     MSVCRT:cpu_disp.obj
