 _ida_diskio

 Timestamp is 5e39b2b8 (Tue Feb  4 18:06:48 2020)

 Preferred load address is 0000000180000000

 Start         Length     Name                   Class
 0001:00000000 00000010H .text$di                CODE
 0001:00000010 00007330H .text$mn                CODE
 0001:00007340 00000020H .text$mn$00             CODE
 0001:00007360 00001f70H .text$x                 CODE
 0001:000092d0 00000049H .text$yd                CODE
 0002:00000000 00000588H .idata$5                DATA
 0002:00000588 00000010H .00cfg                  DATA
 0002:00000598 00000008H .CRT$XCA                DATA
 0002:000005a0 00000008H .CRT$XCU                DATA
 0002:000005a8 00000008H .CRT$XCZ                DATA
 0002:000005b0 00000008H .CRT$XIA                DATA
 0002:000005b8 00000008H .CRT$XIC                DATA
 0002:000005c0 00000008H .CRT$XIZ                DATA
 0002:000005c8 00000008H .CRT$XLA                DATA
 0002:000005d0 00000008H .CRT$XLZ                DATA
 0002:000005d8 00000008H .CRT$XPA                DATA
 0002:000005e0 00000008H .CRT$XPZ                DATA
 0002:000005e8 00000008H .CRT$XTA                DATA
 0002:000005f0 00000010H .CRT$XTZ                DATA
 0002:000005f8 00000000H .gfids$y                DATA
 0002:00000600 00003a00H .rdata                  DATA
 0002:00004000 00000028H .rdata$T                DATA
 0002:00004028 000001f4H .rdata$r                DATA
 0002:0000421c 0000034cH .rdata$zzzdbg           DATA
 0002:00004568 00000008H .rtc$IAA                DATA
 0002:00004570 00000008H .rtc$IZZ                DATA
 0002:00004578 00000008H .rtc$TAA                DATA
 0002:00004580 00000008H .rtc$TZZ                DATA
 0002:00004588 00000004H .tls                    DATA
 0002:0000458c 00000004H .tls$                   DATA
 0002:00004590 00000008H .tls$ZZZ                DATA
 0002:00004598 00001cf0H .xdata                  DATA
 0002:00006288 000000f8H .xdata$x                DATA
 0002:00006380 00000058H .edata                  DATA
 0002:000063d8 000000b4H .idata$2                DATA
 0002:0000648c 00000014H .idata$3                DATA
 0002:000064a0 00000588H .idata$4                DATA
 0002:00006a28 00000d6cH .idata$6                DATA
 0003:00000000 00002aa8H .data                   DATA
 0003:00002aa8 00000128H .data$r                 DATA
 0003:00002bd0 00000940H .bss                    DATA
 0004:00000000 00000f0cH .pdata                  DATA

  Address         Publics by Value              Rva+Base               Lib:Object

 0000:00000000       __hybrid_code_map          0000000000000000     <absolute>
 0000:00000000       __volatile_metadata        0000000000000000     <absolute>
 0000:00000000       __hybrid_code_map_count    0000000000000000     <absolute>
 0000:00000000       __guard_iat_table          0000000000000000     <absolute>
 0000:00000000       __guard_fids_count         0000000000000000     <absolute>
 0000:00000000       __dynamic_value_reloc_table 0000000000000000     <absolute>
 0000:00000000       __enclave_config           0000000000000000     <absolute>
 0000:00000000       __guard_iat_count          0000000000000000     <absolute>
 0000:00000000       ___safe_se_handler_count   0000000000000000     <absolute>
 0000:00000000       ___safe_se_handler_table   0000000000000000     <absolute>
 0000:00000000       __guard_longjmp_table      0000000000000000     <absolute>
 0000:00000000       __guard_fids_table         0000000000000000     <absolute>
 0000:00000000       __guard_longjmp_count      0000000000000000     <absolute>
 0000:00000000       __hybrid_auxiliary_iat     0000000000000000     <absolute>
 0000:00000100       __guard_flags              0000000000000100     <absolute>
 0000:00000000       __ImageBase                0000000180000000     <linker-defined>
 0001:00003bc0       ??0?$_qstring@D@@QEAA@AEBV0@@Z 0000000180004bc0 f i diskio.obj
 0001:00003c30       ??0?$_qstring@D@@QEAA@PEBD_K@Z 0000000180004c30 f i diskio.obj
 0001:00003cc0       ??1?$qvector@V?$_qstring@D@@@@QEAA@XZ 0000000180004cc0 f i diskio.obj
 0001:000040f0       ?py_enumerate_files_cb@@YAHPEBDPEAX@Z 00000001800050f0 f   diskio.obj
 0001:000041b0       ?sprnt@?$_qstring@D@@QEAAAEAV1@PEBDZZ 00000001800051b0 f i diskio.obj
 0001:00004270       PyInit__ida_diskio         0000000180005270 f   diskio.obj
 0001:00005dd0       __local_stdio_printf_options 0000000180006dd0 f i diskio.obj
 0001:00005de0       printf                     0000000180006de0 f i diskio.obj
 0001:00005e35       interr                     0000000180006e35 f   ida:ida.dll
 0001:00005e3b       qalloc                     0000000180006e3b f   ida:ida.dll
 0001:00005e41       qfree                      0000000180006e41 f   ida:ida.dll
 0001:00005e47       qvsnprintf                 0000000180006e47 f   ida:ida.dll
 0001:00005e4d       qalloc_or_throw            0000000180006e4d f   ida:ida.dll
 0001:00005e53       qvector_reserve            0000000180006e53 f   ida:ida.dll
 0001:00005e59       is_main_thread             0000000180006e59 f   ida:ida.dll
 0001:00005e5f       idadir                     0000000180006e5f f   ida:ida.dll
 0001:00005e65       getsysfile                 0000000180006e65 f   ida:ida.dll
 0001:00005e6b       get_user_idadir            0000000180006e6b f   ida:ida.dll
 0001:00005e71       get_ida_subdirs            0000000180006e71 f   ida:ida.dll
 0001:00005e77       get_special_folder         0000000180006e77 f   ida:ida.dll
 0001:00005e7d       enumerate_files            0000000180006e7d f   ida:ida.dll
 0001:00005e83       fopenWT                    0000000180006e83 f   ida:ida.dll
 0001:00005e89       fopenWB                    0000000180006e89 f   ida:ida.dll
 0001:00005e8f       fopenRT                    0000000180006e8f f   ida:ida.dll
 0001:00005e95       fopenRB                    0000000180006e95 f   ida:ida.dll
 0001:00005e9b       fopenM                     0000000180006e9b f   ida:ida.dll
 0001:00005ea1       fopenA                     0000000180006ea1 f   ida:ida.dll
 0001:00005ea7       qlread                     0000000180006ea7 f   ida:ida.dll
 0001:00005ead       qlgetz                     0000000180006ead f   ida:ida.dll
 0001:00005eb3       qlsize                     0000000180006eb3 f   ida:ida.dll
 0001:00005eb9       qlseek                     0000000180006eb9 f   ida:ida.dll
 0001:00005ebf       open_linput                0000000180006ebf f   ida:ida.dll
 0001:00005ec5       close_linput               0000000180006ec5 f   ida:ida.dll
 0001:00005ecb       create_generic_linput      0000000180006ecb f   ida:ida.dll
 0001:00005ed1       create_bytearray_linput    0000000180006ed1 f   ida:ida.dll
 0001:00005ed7       create_memory_linput       0000000180006ed7 f   ida:ida.dll
 0001:00005edd       eclose                     0000000180006edd f   ida:ida.dll
 0001:00005ee3       PyW_GetNumber              0000000180006ee3 f   python:python.dll
 0001:00005eec       ??2@YAPEAX_K@Z             0000000180006eec f   MSVCRT:new_scalar.obj
 0001:00005f28       ??3@YAXPEAX_K@Z            0000000180006f28 f   MSVCRT:delete_scalar_size.obj
 0001:00005f28       ??_V@YAXPEAX@Z             0000000180006f28 f   MSVCRT:delete_array.obj
 0001:00005f30       ??_U@YAPEAX_K@Z            0000000180006f30 f   MSVCRT:new_array.obj
 0001:00005f38       __scrt_acquire_startup_lock 0000000180006f38 f   MSVCRT:utility.obj
 0001:00005f74       __scrt_dllmain_after_initialize_c 0000000180006f74 f   MSVCRT:utility.obj
 0001:00005fa8       __scrt_dllmain_before_initialize_c 0000000180006fa8 f   MSVCRT:utility.obj
 0001:00005fc0       __scrt_dllmain_crt_thread_attach 0000000180006fc0 f   MSVCRT:utility.obj
 0001:00005fe8       __scrt_dllmain_crt_thread_detach 0000000180006fe8 f   MSVCRT:utility.obj
 0001:00006000       __scrt_dllmain_exception_filter 0000000180007000 f   MSVCRT:utility.obj
 0001:00006060       __scrt_dllmain_uninitialize_c 0000000180007060 f   MSVCRT:utility.obj
 0001:00006090       __scrt_dllmain_uninitialize_critical 0000000180007090 f   MSVCRT:utility.obj
 0001:000060a4       __scrt_initialize_crt      00000001800070a4 f   MSVCRT:utility.obj
 0001:000060f0       __scrt_initialize_onexit_tables 00000001800070f0 f   MSVCRT:utility.obj
 0001:000061c8       __scrt_is_nonwritable_in_current_image 00000001800071c8 f   MSVCRT:utility.obj
 0001:00006264       __scrt_release_startup_lock 0000000180007264 f   MSVCRT:utility.obj
 0001:00006288       __scrt_uninitialize_crt    0000000180007288 f   MSVCRT:utility.obj
 0001:000062b4       _onexit                    00000001800072b4 f   MSVCRT:utility.obj
 0001:00006304       atexit                     0000000180007304 f   MSVCRT:utility.obj
 0001:000064a4       _Init_thread_footer        00000001800074a4 f   MSVCRT:thread_safe_statics.obj
 0001:00006504       _Init_thread_header        0000000180007504 f   MSVCRT:thread_safe_statics.obj
 0001:0000656c       _Init_thread_notify        000000018000756c f   MSVCRT:thread_safe_statics.obj
 0001:000065bc       _Init_thread_wait          00000001800075bc f   MSVCRT:thread_safe_statics.obj
 0001:00006634       __GSHandlerCheck           0000000180007634 f   MSVCRT:gshandler.obj
 0001:00006654       __GSHandlerCheckCommon     0000000180007654 f   MSVCRT:gshandler.obj
 0001:000066b0       __GSHandlerCheck_EH        00000001800076b0 f   MSVCRT:gshandlereh.obj
 0001:00006740       __security_check_cookie    0000000180007740 f   MSVCRT:amdsecgs.obj
 0001:00006764       ??_Etype_info@@UEAAPEAXI@Z 0000000180007764 f i MSVCRT:std_type_info_static.obj
 0001:00006764       ??_Gtype_info@@UEAAPEAXI@Z 0000000180007764 f i MSVCRT:std_type_info_static.obj
 0001:00006ac0       _DllMainCRTStartup         0000000180007ac0 f   MSVCRT:dll_dllmain.obj
 0001:00006b00       ??0bad_alloc@std@@QEAA@AEBV01@@Z 0000000180007b00 f i MSVCRT:throw_bad_alloc.obj
 0001:00006b40       ??0bad_alloc@std@@QEAA@XZ  0000000180007b40 f i MSVCRT:throw_bad_alloc.obj
 0001:00006b60       ??0bad_array_new_length@std@@QEAA@AEBV01@@Z 0000000180007b60 f i MSVCRT:throw_bad_alloc.obj
 0001:00006ba0       ??0bad_array_new_length@std@@QEAA@XZ 0000000180007ba0 f i MSVCRT:throw_bad_alloc.obj
 0001:00006bc0       ??0exception@std@@QEAA@AEBV01@@Z 0000000180007bc0 f i MSVCRT:throw_bad_alloc.obj
 0001:00006bf8       ??1bad_alloc@std@@UEAA@XZ  0000000180007bf8 f i MSVCRT:throw_bad_alloc.obj
 0001:00006bf8       ??1bad_array_new_length@std@@UEAA@XZ 0000000180007bf8 f i MSVCRT:throw_bad_alloc.obj
 0001:00006c0c       ??_Ebad_alloc@std@@UEAAPEAXI@Z 0000000180007c0c f i MSVCRT:throw_bad_alloc.obj
 0001:00006c0c       ??_Ebad_array_new_length@std@@UEAAPEAXI@Z 0000000180007c0c f i MSVCRT:throw_bad_alloc.obj
 0001:00006c0c       ??_Gexception@std@@UEAAPEAXI@Z 0000000180007c0c f i MSVCRT:throw_bad_alloc.obj
 0001:00006c0c       ??_Gbad_alloc@std@@UEAAPEAXI@Z 0000000180007c0c f i MSVCRT:throw_bad_alloc.obj
 0001:00006c0c       ??_Gbad_array_new_length@std@@UEAAPEAXI@Z 0000000180007c0c f i MSVCRT:throw_bad_alloc.obj
 0001:00006c0c       ??_Eexception@std@@UEAAPEAXI@Z 0000000180007c0c f i MSVCRT:throw_bad_alloc.obj
 0001:00006c50       ?__scrt_throw_std_bad_alloc@@YAXXZ 0000000180007c50 f   MSVCRT:throw_bad_alloc.obj
 0001:00006c70       ?__scrt_throw_std_bad_array_new_length@@YAXXZ 0000000180007c70 f   MSVCRT:throw_bad_alloc.obj
 0001:00006c90       ?what@exception@std@@UEBAPEBDXZ 0000000180007c90 f i MSVCRT:throw_bad_alloc.obj
 0001:00006ca4       ??3@YAXPEAX@Z              0000000180007ca4 f   MSVCRT:delete_scalar.obj
 0001:00006cac       __isa_available_init       0000000180007cac f   MSVCRT:cpu_disp.obj
 0001:00006e28       _get_startup_argv_mode     0000000180007e28 f   MSVCRT:argv_mode.obj
 0001:00006e30       __scrt_is_ucrt_dll_in_use  0000000180007e30 f   MSVCRT:ucrt_detection.obj
 0001:00006e3c       __crt_debugger_hook        0000000180007e3c f   MSVCRT:utility_desktop.obj
 0001:00006e44       __scrt_fastfail            0000000180007e44 f   MSVCRT:utility_desktop.obj
 0001:00006f90       _guard_check_icall_nop     0000000180007f90 f i MSVCRT:guard_support.obj
 0001:00006f94       __raise_securityfailure    0000000180007f94 f   MSVCRT:gs_report.obj
 0001:00006fc8       __report_gsfailure         0000000180007fc8 f   MSVCRT:gs_report.obj
 0001:00007110       __security_init_cookie     0000000180008110 f   MSVCRT:gs_support.obj
 0001:000071bc       DllMain                    00000001800081bc f   MSVCRT:dll_dllmain_stub.obj
 0001:000071e0       ?__scrt_initialize_type_info@@YAXXZ 00000001800081e0 f   MSVCRT:tncleanup.obj
 0001:000071f0       ?__scrt_uninitialize_type_info@@YAXXZ 00000001800081f0 f   MSVCRT:tncleanup.obj
 0001:000071fc       __local_stdio_scanf_options 00000001800081fc f i MSVCRT:default_local_stdio_options.obj
 0001:00007204       __scrt_initialize_default_local_stdio_options 0000000180008204 f   MSVCRT:default_local_stdio_options.obj
 0001:00007220       __scrt_get_dyn_tls_init_callback 0000000180008220 f   MSVCRT:dyn_tls_init.obj
 0001:00007228       _RTC_Initialize            0000000180008228 f   MSVCRT:initsect.obj
 0001:00007264       _RTC_Terminate             0000000180008264 f   MSVCRT:initsect.obj
 0001:000072a0       IsProcessorFeaturePresent  00000001800082a0 f   kernel32:KERNEL32.dll
 0001:000072a6       strstr                     00000001800082a6 f   vcruntime:VCRUNTIME140.dll
 0001:000072ac       __CxxFrameHandler3         00000001800082ac f   vcruntime:VCRUNTIME140.dll
 0001:000072b2       memcpy                     00000001800082b2 f   vcruntime:VCRUNTIME140.dll
 0001:000072b8       memmove                    00000001800082b8 f   vcruntime:VCRUNTIME140.dll
 0001:000072be       memset                     00000001800082be f   vcruntime:VCRUNTIME140.dll
 0001:000072c4       __C_specific_handler       00000001800082c4 f   vcruntime:VCRUNTIME140.dll
 0001:000072ca       __std_terminate            00000001800082ca f   vcruntime:VCRUNTIME140.dll
 0001:000072d0       __std_exception_copy       00000001800082d0 f   vcruntime:VCRUNTIME140.dll
 0001:000072d6       __std_exception_destroy    00000001800082d6 f   vcruntime:VCRUNTIME140.dll
 0001:000072dc       _CxxThrowException         00000001800082dc f   vcruntime:VCRUNTIME140.dll
 0001:000072e2       __std_type_info_destroy_list 00000001800082e2 f   vcruntime:VCRUNTIME140.dll
 0001:000072e8       free                       00000001800082e8 f   ucrt:api-ms-win-crt-heap-l1-1-0.dll
 0001:000072ee       malloc                     00000001800082ee f   ucrt:api-ms-win-crt-heap-l1-1-0.dll
 0001:000072f4       _callnewh                  00000001800082f4 f   ucrt:api-ms-win-crt-heap-l1-1-0.dll
 0001:000072fa       _seh_filter_dll            00000001800082fa f   ucrt:api-ms-win-crt-runtime-l1-1-0.dll
 0001:00007300       _configure_narrow_argv     0000000180008300 f   ucrt:api-ms-win-crt-runtime-l1-1-0.dll
 0001:00007306       _initialize_narrow_environment 0000000180008306 f   ucrt:api-ms-win-crt-runtime-l1-1-0.dll
 0001:0000730c       _initialize_onexit_table   000000018000830c f   ucrt:api-ms-win-crt-runtime-l1-1-0.dll
 0001:00007312       _register_onexit_function  0000000180008312 f   ucrt:api-ms-win-crt-runtime-l1-1-0.dll
 0001:00007318       _execute_onexit_table      0000000180008318 f   ucrt:api-ms-win-crt-runtime-l1-1-0.dll
 0001:0000731e       _crt_atexit                000000018000831e f   ucrt:api-ms-win-crt-runtime-l1-1-0.dll
 0001:00007324       _cexit                     0000000180008324 f   ucrt:api-ms-win-crt-runtime-l1-1-0.dll
 0001:0000732a       _initterm                  000000018000832a f   ucrt:api-ms-win-crt-runtime-l1-1-0.dll
 0001:00007330       _initterm_e                0000000180008330 f   ucrt:api-ms-win-crt-runtime-l1-1-0.dll
 0001:00007338       __scrt_stub_for_acrt_uninitialize_critical 0000000180008338 f   MSVCRT:ucrt_stubs.obj
 0001:00007338       __acrt_initialize          0000000180008338 f   MSVCRT:ucrt_stubs.obj
 0001:00007338       __acrt_uninitialize        0000000180008338 f   MSVCRT:ucrt_stubs.obj
 0001:00007338       __vcrt_thread_detach       0000000180008338 f   MSVCRT:ucrt_stubs.obj
 0001:00007338       __scrt_stub_for_acrt_thread_detach 0000000180008338 f   MSVCRT:ucrt_stubs.obj
 0001:00007338       __vcrt_thread_attach       0000000180008338 f   MSVCRT:ucrt_stubs.obj
 0001:00007338       __scrt_stub_for_acrt_initialize 0000000180008338 f   MSVCRT:ucrt_stubs.obj
 0001:00007338       __scrt_stub_for_acrt_uninitialize 0000000180008338 f   MSVCRT:ucrt_stubs.obj
 0001:00007338       __scrt_stub_for_acrt_thread_attach 0000000180008338 f   MSVCRT:ucrt_stubs.obj
 0001:00007338       __acrt_thread_detach       0000000180008338 f   MSVCRT:ucrt_stubs.obj
 0001:00007338       __vcrt_initialize          0000000180008338 f   MSVCRT:ucrt_stubs.obj
 0001:00007338       __acrt_uninitialize_critical 0000000180008338 f   MSVCRT:ucrt_stubs.obj
 0001:00007338       __vcrt_uninitialize        0000000180008338 f   MSVCRT:ucrt_stubs.obj
 0001:00007338       __acrt_thread_attach       0000000180008338 f   MSVCRT:ucrt_stubs.obj
 0001:00007338       __vcrt_uninitialize_critical 0000000180008338 f   MSVCRT:ucrt_stubs.obj
 0001:0000733c       _is_c_termination_complete 000000018000833c f   MSVCRT:ucrt_stubs.obj
 0001:0000733c       __scrt_stub_for_is_c_termination_complete 000000018000833c f   MSVCRT:ucrt_stubs.obj
 0001:00007350       _guard_dispatch_icall_nop  0000000180008350 f   MSVCRT:guard_dispatch.obj
 0002:00000000       __imp_CloseHandle          000000018000b000     kernel32:KERNEL32.dll
 0002:00000008       __imp_EnterCriticalSection 000000018000b008     kernel32:KERNEL32.dll
 0002:00000010       __imp_LeaveCriticalSection 000000018000b010     kernel32:KERNEL32.dll
 0002:00000018       __imp_InitializeCriticalSectionAndSpinCount 000000018000b018     kernel32:KERNEL32.dll
 0002:00000020       __imp_DeleteCriticalSection 000000018000b020     kernel32:KERNEL32.dll
 0002:00000028       __imp_SetEvent             000000018000b028     kernel32:KERNEL32.dll
 0002:00000030       __imp_ResetEvent           000000018000b030     kernel32:KERNEL32.dll
 0002:00000038       __imp_WaitForSingleObjectEx 000000018000b038     kernel32:KERNEL32.dll
 0002:00000040       __imp_CreateEventW         000000018000b040     kernel32:KERNEL32.dll
 0002:00000048       __imp_GetModuleHandleW     000000018000b048     kernel32:KERNEL32.dll
 0002:00000050       __imp_GetProcAddress       000000018000b050     kernel32:KERNEL32.dll
 0002:00000058       __imp_RtlCaptureContext    000000018000b058     kernel32:KERNEL32.dll
 0002:00000060       __imp_RtlLookupFunctionEntry 000000018000b060     kernel32:KERNEL32.dll
 0002:00000068       __imp_RtlVirtualUnwind     000000018000b068     kernel32:KERNEL32.dll
 0002:00000070       __imp_IsDebuggerPresent    000000018000b070     kernel32:KERNEL32.dll
 0002:00000078       __imp_UnhandledExceptionFilter 000000018000b078     kernel32:KERNEL32.dll
 0002:00000080       __imp_SetUnhandledExceptionFilter 000000018000b080     kernel32:KERNEL32.dll
 0002:00000088       __imp_IsProcessorFeaturePresent 000000018000b088     kernel32:KERNEL32.dll
 0002:00000090       __imp_GetCurrentProcess    000000018000b090     kernel32:KERNEL32.dll
 0002:00000098       __imp_TerminateProcess     000000018000b098     kernel32:KERNEL32.dll
 0002:000000a0       __imp_QueryPerformanceCounter 000000018000b0a0     kernel32:KERNEL32.dll
 0002:000000a8       __imp_GetCurrentProcessId  000000018000b0a8     kernel32:KERNEL32.dll
 0002:000000b0       __imp_GetCurrentThreadId   000000018000b0b0     kernel32:KERNEL32.dll
 0002:000000b8       __imp_GetSystemTimeAsFileTime 000000018000b0b8     kernel32:KERNEL32.dll
 0002:000000c0       __imp_DisableThreadLibraryCalls 000000018000b0c0     kernel32:KERNEL32.dll
 0002:000000c8       __imp_InitializeSListHead  000000018000b0c8     kernel32:KERNEL32.dll
 0002:000000d0       \177KERNEL32_NULL_THUNK_DATA 000000018000b0d0     kernel32:KERNEL32.dll
 0002:000000d8       __imp_strstr               000000018000b0d8     vcruntime:VCRUNTIME140.dll
 0002:000000e0       __imp___CxxFrameHandler3   000000018000b0e0     vcruntime:VCRUNTIME140.dll
 0002:000000e8       __imp_memcpy               000000018000b0e8     vcruntime:VCRUNTIME140.dll
 0002:000000f0       __imp_memmove              000000018000b0f0     vcruntime:VCRUNTIME140.dll
 0002:000000f8       __imp_memset               000000018000b0f8     vcruntime:VCRUNTIME140.dll
 0002:00000100       __imp___C_specific_handler 000000018000b100     vcruntime:VCRUNTIME140.dll
 0002:00000108       __imp___std_terminate      000000018000b108     vcruntime:VCRUNTIME140.dll
 0002:00000110       __imp___std_exception_copy 000000018000b110     vcruntime:VCRUNTIME140.dll
 0002:00000118       __imp___std_exception_destroy 000000018000b118     vcruntime:VCRUNTIME140.dll
 0002:00000120       __imp__CxxThrowException   000000018000b120     vcruntime:VCRUNTIME140.dll
 0002:00000128       __imp___std_type_info_destroy_list 000000018000b128     vcruntime:VCRUNTIME140.dll
 0002:00000130       \177VCRUNTIME140_NULL_THUNK_DATA 000000018000b130     vcruntime:VCRUNTIME140.dll
 0002:00000138       __imp_free                 000000018000b138     ucrt:api-ms-win-crt-heap-l1-1-0.dll
 0002:00000140       __imp_malloc               000000018000b140     ucrt:api-ms-win-crt-heap-l1-1-0.dll
 0002:00000148       __imp__callnewh            000000018000b148     ucrt:api-ms-win-crt-heap-l1-1-0.dll
 0002:00000150       \177api-ms-win-crt-heap-l1-1-0_NULL_THUNK_DATA 000000018000b150     ucrt:api-ms-win-crt-heap-l1-1-0.dll
 0002:00000158       __imp__configure_narrow_argv 000000018000b158     ucrt:api-ms-win-crt-runtime-l1-1-0.dll
 0002:00000160       __imp__seh_filter_dll      000000018000b160     ucrt:api-ms-win-crt-runtime-l1-1-0.dll
 0002:00000168       __imp__initialize_onexit_table 000000018000b168     ucrt:api-ms-win-crt-runtime-l1-1-0.dll
 0002:00000170       __imp__register_onexit_function 000000018000b170     ucrt:api-ms-win-crt-runtime-l1-1-0.dll
 0002:00000178       __imp__execute_onexit_table 000000018000b178     ucrt:api-ms-win-crt-runtime-l1-1-0.dll
 0002:00000180       __imp__cexit               000000018000b180     ucrt:api-ms-win-crt-runtime-l1-1-0.dll
 0002:00000188       __imp__initialize_narrow_environment 000000018000b188     ucrt:api-ms-win-crt-runtime-l1-1-0.dll
 0002:00000190       __imp__initterm_e          000000018000b190     ucrt:api-ms-win-crt-runtime-l1-1-0.dll
 0002:00000198       __imp__crt_atexit          000000018000b198     ucrt:api-ms-win-crt-runtime-l1-1-0.dll
 0002:000001a0       __imp__initterm            000000018000b1a0     ucrt:api-ms-win-crt-runtime-l1-1-0.dll
 0002:000001a8       \177api-ms-win-crt-runtime-l1-1-0_NULL_THUNK_DATA 000000018000b1a8     ucrt:api-ms-win-crt-runtime-l1-1-0.dll
 0002:000001b0       __imp___stdio_common_vfprintf 000000018000b1b0     ucrt:api-ms-win-crt-stdio-l1-1-0.dll
 0002:000001b8       __imp___acrt_iob_func      000000018000b1b8     ucrt:api-ms-win-crt-stdio-l1-1-0.dll
 0002:000001c0       \177api-ms-win-crt-stdio-l1-1-0_NULL_THUNK_DATA 000000018000b1c0     ucrt:api-ms-win-crt-stdio-l1-1-0.dll
 0002:000001c8       __imp_strncmp              000000018000b1c8     ucrt:api-ms-win-crt-string-l1-1-0.dll
 0002:000001d0       \177api-ms-win-crt-string-l1-1-0_NULL_THUNK_DATA 000000018000b1d0     ucrt:api-ms-win-crt-string-l1-1-0.dll
 0002:000001d8       __imp_eclose               000000018000b1d8     ida:ida.dll
 0002:000001e0       __imp_create_memory_linput 000000018000b1e0     ida:ida.dll
 0002:000001e8       __imp_create_bytearray_linput 000000018000b1e8     ida:ida.dll
 0002:000001f0       __imp_create_generic_linput 000000018000b1f0     ida:ida.dll
 0002:000001f8       __imp_under_debugger       000000018000b1f8     ida:ida.dll
 0002:00000200       __imp_open_linput          000000018000b200     ida:ida.dll
 0002:00000208       __imp_qlseek               000000018000b208     ida:ida.dll
 0002:00000210       __imp_qlsize               000000018000b210     ida:ida.dll
 0002:00000218       __imp_qlgetz               000000018000b218     ida:ida.dll
 0002:00000220       __imp_qlread               000000018000b220     ida:ida.dll
 0002:00000228       __imp_fopenA               000000018000b228     ida:ida.dll
 0002:00000230       __imp_fopenM               000000018000b230     ida:ida.dll
 0002:00000238       __imp_fopenRB              000000018000b238     ida:ida.dll
 0002:00000240       __imp_fopenRT              000000018000b240     ida:ida.dll
 0002:00000248       __imp_fopenWB              000000018000b248     ida:ida.dll
 0002:00000250       __imp_fopenWT              000000018000b250     ida:ida.dll
 0002:00000258       __imp_enumerate_files      000000018000b258     ida:ida.dll
 0002:00000260       __imp_get_special_folder   000000018000b260     ida:ida.dll
 0002:00000268       __imp_get_ida_subdirs      000000018000b268     ida:ida.dll
 0002:00000270       __imp_get_user_idadir      000000018000b270     ida:ida.dll
 0002:00000278       __imp_getsysfile           000000018000b278     ida:ida.dll
 0002:00000280       __imp_idadir               000000018000b280     ida:ida.dll
 0002:00000288       __imp_is_main_thread       000000018000b288     ida:ida.dll
 0002:00000290       __imp_qvector_reserve      000000018000b290     ida:ida.dll
 0002:00000298       __imp_qalloc_or_throw      000000018000b298     ida:ida.dll
 0002:000002a0       __imp_qvsnprintf           000000018000b2a0     ida:ida.dll
 0002:000002a8       __imp_qfree                000000018000b2a8     ida:ida.dll
 0002:000002b0       __imp_interr               000000018000b2b0     ida:ida.dll
 0002:000002b8       __imp_qalloc               000000018000b2b8     ida:ida.dll
 0002:000002c0       __imp_close_linput         000000018000b2c0     ida:ida.dll
 0002:000002c8       \177ida_NULL_THUNK_DATA    000000018000b2c8     ida:ida.dll
 0002:000002d0       __imp_PyW_GetNumber        000000018000b2d0     python:python.dll
 0002:000002d8       \177python_NULL_THUNK_DATA 000000018000b2d8     python:python.dll
 0002:000002e0       __imp_PyObject_Call        000000018000b2e0     python37:python37.dll
 0002:000002e8       __imp_PyObject_CallFunctionObjArgs 000000018000b2e8     python37:python37.dll
 0002:000002f0       __imp_PyNumber_Check       000000018000b2f0     python37:python37.dll
 0002:000002f8       __imp_PyObject_IsInstance  000000018000b2f8     python37:python37.dll
 0002:00000300       __imp_PyType_Type          000000018000b300     python37:python37.dll
 0002:00000308       __imp__Py_NoneStruct       000000018000b308     python37:python37.dll
 0002:00000310       __imp__Py_NotImplementedStruct 000000018000b310     python37:python37.dll
 0002:00000318       __imp_PyBool_Type          000000018000b318     python37:python37.dll
 0002:00000320       __imp_PyExc_AttributeError 000000018000b320     python37:python37.dll
 0002:00000328       __imp_PyImport_AddModule   000000018000b328     python37:python37.dll
 0002:00000330       __imp_PyExc_MemoryError    000000018000b330     python37:python37.dll
 0002:00000338       __imp_PyExc_OverflowError  000000018000b338     python37:python37.dll
 0002:00000340       __imp_PyExc_RuntimeError   000000018000b340     python37:python37.dll
 0002:00000348       __imp_PyExc_SyntaxError    000000018000b348     python37:python37.dll
 0002:00000350       __imp_PyExc_SystemError    000000018000b350     python37:python37.dll
 0002:00000358       __imp_PyExc_TypeError      000000018000b358     python37:python37.dll
 0002:00000360       __imp_PyExc_ValueError     000000018000b360     python37:python37.dll
 0002:00000368       __imp_PyExc_ZeroDivisionError 000000018000b368     python37:python37.dll
 0002:00000370       __imp_PyExc_IOError        000000018000b370     python37:python37.dll
 0002:00000378       __imp_PyEval_InitThreads   000000018000b378     python37:python37.dll
 0002:00000380       __imp_PyExc_IndexError     000000018000b380     python37:python37.dll
 0002:00000388       __imp_PyModule_Create2     000000018000b388     python37:python37.dll
 0002:00000390       __imp_PyModule_AddObject   000000018000b390     python37:python37.dll
 0002:00000398       __imp_Py_BuildValue        000000018000b398     python37:python37.dll
 0002:000003a0       __imp_PyErr_WriteUnraisable 000000018000b3a0     python37:python37.dll
 0002:000003a8       __imp_PyErr_Format         000000018000b3a8     python37:python37.dll
 0002:000003b0       __imp_PyErr_Restore        000000018000b3b0     python37:python37.dll
 0002:000003b8       __imp_PyErr_Fetch          000000018000b3b8     python37:python37.dll
 0002:000003c0       __imp_PyErr_Clear          000000018000b3c0     python37:python37.dll
 0002:000003c8       __imp_PyErr_Occurred       000000018000b3c8     python37:python37.dll
 0002:000003d0       __imp_PyErr_SetString      000000018000b3d0     python37:python37.dll
 0002:000003d8       __imp_PyGILState_Release   000000018000b3d8     python37:python37.dll
 0002:000003e0       __imp_PyGILState_Ensure    000000018000b3e0     python37:python37.dll
 0002:000003e8       __imp_PyCapsule_Import     000000018000b3e8     python37:python37.dll
 0002:000003f0       __imp_PyCapsule_GetPointer 000000018000b3f0     python37:python37.dll
 0002:000003f8       __imp_PyCapsule_New        000000018000b3f8     python37:python37.dll
 0002:00000400       __imp_PyModule_GetDict     000000018000b400     python37:python37.dll
 0002:00000408       __imp_PyCFunction_GetFlags 000000018000b408     python37:python37.dll
 0002:00000410       __imp_PyCFunction_GetSelf  000000018000b410     python37:python37.dll
 0002:00000418       __imp_PyCFunction_GetFunction 000000018000b418     python37:python37.dll
 0002:00000420       __imp_PyDict_SetItemString 000000018000b420     python37:python37.dll
 0002:00000428       __imp_PyDict_SetItem       000000018000b428     python37:python37.dll
 0002:00000430       __imp_PyDict_GetItem       000000018000b430     python37:python37.dll
 0002:00000438       __imp_PyDict_New           000000018000b438     python37:python37.dll
 0002:00000440       __imp_PyList_SetItem       000000018000b440     python37:python37.dll
 0002:00000448       __imp_PyList_New           000000018000b448     python37:python37.dll
 0002:00000450       __imp_PyTuple_SetItem      000000018000b450     python37:python37.dll
 0002:00000458       __imp_PyTuple_GetItem      000000018000b458     python37:python37.dll
 0002:00000460       __imp_PyTuple_Size         000000018000b460     python37:python37.dll
 0002:00000468       __imp_PyTuple_New          000000018000b468     python37:python37.dll
 0002:00000470       __imp_PyBool_FromLong      000000018000b470     python37:python37.dll
 0002:00000478       __imp_PyLong_AsUnsignedLongLong 000000018000b478     python37:python37.dll
 0002:00000480       __imp_PyLong_AsLongLong    000000018000b480     python37:python37.dll
 0002:00000488       __imp_PyLong_FromUnsignedLongLong 000000018000b488     python37:python37.dll
 0002:00000490       __imp_PyLong_FromLongLong  000000018000b490     python37:python37.dll
 0002:00000498       __imp_PyLong_FromVoidPtr   000000018000b498     python37:python37.dll
 0002:000004a0       __imp_PyLong_AsUnsignedLong 000000018000b4a0     python37:python37.dll
 0002:000004a8       __imp_PyLong_AsLong        000000018000b4a8     python37:python37.dll
 0002:000004b0       __imp_PyLong_FromSize_t    000000018000b4b0     python37:python37.dll
 0002:000004b8       __imp_PyLong_FromLong      000000018000b4b8     python37:python37.dll
 0002:000004c0       __imp_PyUnicode_CompareWithASCIIString 000000018000b4c0     python37:python37.dll
 0002:000004c8       __imp_PyUnicode_Concat     000000018000b4c8     python37:python37.dll
 0002:000004d0       __imp_PyUnicode_AsUTF8String 000000018000b4d0     python37:python37.dll
 0002:000004d8       __imp_PyUnicode_DecodeUTF8 000000018000b4d8     python37:python37.dll
 0002:000004e0       __imp_PyUnicode_FromFormat 000000018000b4e0     python37:python37.dll
 0002:000004e8       __imp_PyUnicode_FromString 000000018000b4e8     python37:python37.dll
 0002:000004f0       __imp_PyUnicode_FromStringAndSize 000000018000b4f0     python37:python37.dll
 0002:000004f8       __imp_PyBytes_AsStringAndSize 000000018000b4f8     python37:python37.dll
 0002:00000500       __imp_PyBytes_AsString     000000018000b500     python37:python37.dll
 0002:00000508       __imp__PyObject_New        000000018000b508     python37:python37.dll
 0002:00000510       __imp_PyObject_Free        000000018000b510     python37:python37.dll
 0002:00000518       __imp_Py_DecRef            000000018000b518     python37:python37.dll
 0002:00000520       __imp__Py_Dealloc          000000018000b520     python37:python37.dll
 0002:00000528       __imp_PyCallable_Check     000000018000b528     python37:python37.dll
 0002:00000530       __imp_PyObject_IsTrue      000000018000b530     python37:python37.dll
 0002:00000538       __imp_PyObject_GenericGetAttr 000000018000b538     python37:python37.dll
 0002:00000540       __imp_PyObject_SetAttr     000000018000b540     python37:python37.dll
 0002:00000548       __imp_PyObject_GetAttr     000000018000b548     python37:python37.dll
 0002:00000550       __imp_PyObject_GetAttrString 000000018000b550     python37:python37.dll
 0002:00000558       __imp_PyType_Modified      000000018000b558     python37:python37.dll
 0002:00000560       __imp_PyType_GetFlags      000000018000b560     python37:python37.dll
 0002:00000568       __imp_PyType_GetSlot       000000018000b568     python37:python37.dll
 0002:00000570       __imp_PyType_FromSpec      000000018000b570     python37:python37.dll
 0002:00000578       __imp_PyArg_UnpackTuple    000000018000b578     python37:python37.dll
 0002:00000580       \177python37_NULL_THUNK_DATA 000000018000b580     python37:python37.dll
 0002:00000588       __guard_check_icall_fptr   000000018000b588     MSVCRT:guard_support.obj
 0002:00000590       __guard_dispatch_icall_fptr 000000018000b590     MSVCRT:guard_support.obj
 0002:00000598       __xc_a                     000000018000b598     MSVCRT:initializers.obj
 0002:000005a8       __xc_z                     000000018000b5a8     MSVCRT:initializers.obj
 0002:000005b0       __xi_a                     000000018000b5b0     MSVCRT:initializers.obj
 0002:000005c0       __xi_z                     000000018000b5c0     MSVCRT:initializers.obj
 0002:000005c8       __xl_a                     000000018000b5c8     MSVCRT:tlssup.obj
 0002:000005d0       __xl_z                     000000018000b5d0     MSVCRT:tlssup.obj
 0002:000005d8       __xp_a                     000000018000b5d8     MSVCRT:initializers.obj
 0002:000005e0       __xp_z                     000000018000b5e0     MSVCRT:initializers.obj
 0002:000005e8       __xt_a                     000000018000b5e8     MSVCRT:initializers.obj
 0002:000005f0       __xt_z                     000000018000b5f0     MSVCRT:initializers.obj
 0002:00000600       ??_C@_0BI@HPPPANA@_p_qvectorT_funcarg_t_t@ 000000018000b600     diskio.obj
 0002:00000618       ??_C@_0CG@BKJABKPP@funcargvec_t?5?$CK?$HMqvector?$DM?5funcarg@ 000000018000b618     diskio.obj
 0002:00000640       ??_C@_0BC@EMAMHDDK@_p_qvectorT_int_t@ 000000018000b640     diskio.obj
 0002:00000658       ??_C@_0CI@OEOLBAGE@svalvec_t?5?$CK?$HMintvec_t?5?$CK?$HMqvector?$DM@ 000000018000b658     diskio.obj
 0002:00000680       ??_C@_0BH@HBOAPPDE@_p_qvectorT_ioport_t_t@ 000000018000b680     diskio.obj
 0002:00000698       ??_C@_0CC@PDAEBDDG@ioports_t?5?$CK?$HMqvector?$DM?5ioport_t?5?$DO@ 000000018000b698     diskio.obj
 0002:000006c0       ??_C@_0BG@NGNJJEPD@_p_qvectorT_range_t_t@ 000000018000b6c0     diskio.obj
 0002:000006d8       ??_C@_0CH@CMPFLCHN@rangevec_base_t?5?$CK?$HMqvector?$DM?5rang@ 000000018000b6d8     diskio.obj
 0002:00000700       ??_C@_0CB@DLEFICAI@_p_qvectorT_rangeset_t_const_p_@ 000000018000b700     diskio.obj
 0002:00000728       ??_C@_0DF@CPGECBJE@rangeset_crefvec_t?5?$CK?$HMqvector?$DM?5r@ 000000018000b728     diskio.obj
 0002:00000760       ??_C@_0BJ@CBEEABAG@_p_qvectorT_rangeset_t_t@ 000000018000b760     diskio.obj
 0002:00000780       ??_C@_0CN@NEPIOIFG@qvector?$DM?5rangeset_t?5?$DO?5?$CK?$HMarray_o@ 000000018000b780     diskio.obj
 0002:000007b0       ??_C@_0BN@HCIAELAH@_p_qvectorT_refinfo_desc_t_t@ 000000018000b7b0     diskio.obj
 0002:000007d0       ??_C@_0DB@OEPGJFJL@refinfo_desc_vec_t?5?$CK?$HMqvector?$DM?5r@ 000000018000b7d0     diskio.obj
 0002:00000808       ??_C@_0BK@JBDFAIAF@_p_qvectorT_simd_info_t_t@ 000000018000b808     diskio.obj
 0002:00000828       ??_C@_0CL@IAEHADMA@simd_info_vec_t?5?$CK?$HMqvector?$DM?5simd@ 000000018000b828     diskio.obj
 0002:00000858       ??_C@_0BL@JOHIOMBL@_p_qvectorT_simpleline_t_t@ 000000018000b858     diskio.obj
 0002:00000878       ??_C@_0CF@LMLHENLN@strvec_t?5?$CK?$HMqvector?$DM?5simpleline_@ 000000018000b878     diskio.obj
 0002:000008a0       ??_C@_0BF@JMFCGENF@_p_qvectorT_size_t_t@ 000000018000b8a0     diskio.obj
 0002:000008b8       ??_C@_0CA@PKGFIBKP@sizevec_t?5?$CK?$HMqvector?$DM?5size_t?5?$DO?5?$CK@ 000000018000b8b8     diskio.obj
 0002:000008d8       ??_C@_0BG@GHPDGOHO@_p_qvectorT_tinfo_t_t@ 000000018000b8d8     diskio.obj
 0002:000008f0       ??_C@_0CC@CEHAEEKI@tinfovec_t?5?$CK?$HMqvector?$DM?5tinfo_t?5?$DO@ 000000018000b8f0     diskio.obj
 0002:00000918       ??_C@_0BK@KGMCEJE@_p_qvectorT_type_attr_t_t@ 000000018000b918     diskio.obj
 0002:00000938       ??_C@_0CI@PENEDOEG@type_attrs_t?5?$CK?$HMqvector?$DM?5type_at@ 000000018000b938     diskio.obj
 0002:00000960       ??_C@_0BL@MFAEBBAF@_p_qvectorT_udt_member_t_t@ 000000018000b960     diskio.obj
 0002:00000980       ??_C@_0CL@HFANAPIM@udtmembervec_t?5?$CK?$HMqvector?$DM?5udt_m@ 000000018000b980     diskio.obj
 0002:000009b0       ??_C@_0BM@DFOCNGNJ@_p_qvectorT_unsigned_char_t@ 000000018000b9b0     diskio.obj
 0002:000009d0       ??_C@_0CH@MCODNJGI@qvector?$DM?5unsigned?5char?5?$DO?5?$CK?$HMcomp@ 000000018000b9d0     diskio.obj
 0002:000009f8       ??_C@_0M@BEMIELHM@_p_relobj_t@ 000000018000b9f8     diskio.obj
 0002:00000a08       ??_C@_0N@OAHCDFLH@_p_bytevec_t@ 000000018000ba08     diskio.obj
 0002:00000a18       ??_C@_0BA@KOPDLMDG@_p_reloc_info_t@ 000000018000ba18     diskio.obj
 0002:00000a28       ??_C@_0BL@POPMPLM@_p_qvectorT_unsigned_int_t@ 000000018000ba28     diskio.obj
 0002:00000a48       ??_C@_0DL@HDEADPMO@eavec_t?5?$CK?$HMordvec_t?5?$CK?$HMuvalvec_t?5@ 000000018000ba48     diskio.obj
 0002:00000a88       ??_C@_08JGEHMJEC@_p_short@ 000000018000ba88     diskio.obj
 0002:00000a98       ??_C@_0BA@BBDCPKKI@int16?5?$CK?$HMshort?5?$CK@ 000000018000ba98     diskio.obj
 0002:00000aa8       ??_C@_0P@IHEJCACJ@_p_signed_char@ 000000018000baa8     diskio.obj
 0002:00000ab8       ??_C@_0BG@CGJIOBCI@signed?5char?5?$CK?$HMsint8?5?$CK@ 000000018000bab8     diskio.obj
 0002:00000ad0       ??_C@_0BB@JEMKPEPB@_p_unsigned_char@ 000000018000bad0     diskio.obj
 0002:00000af0       ??_C@_0HI@NBHOBBOJ@uchar?5?$CK?$HMunsigned?5char?5?$CK?$HMcm_t?5?$CK?$HM@ 000000018000baf0     diskio.obj
 0002:00000b68       ??_C@_0BA@EMEBBPFL@_p_unsigned_int@ 000000018000bb68     diskio.obj
 0002:00000b80       ??_C@_0JE@GCFOGLMK@bgcolor_t?5?$CK?$HMenum_t?5?$CK?$HMtid_t?5?$CK?$HMbm@ 000000018000bb80     diskio.obj
 0002:00000c18       ??_C@_0BG@CGEDOPGF@_p_unsigned_long_long@ 000000018000bc18     diskio.obj
 0002:00000c30       ??_C@_0CK@FCLCDGJM@uint64?5?$CK?$HMulonglong?5?$CK?$HMunsigned?5l@ 000000018000bc30     diskio.obj
 0002:00000c60       ??_C@_0BC@GCHEMBCE@_p_unsigned_short@ 000000018000bc60     diskio.obj
 0002:00000c78       ??_C@_0CP@HNCAPCKA@uint16?5?$CK?$HMunsigned?5short?5?$CK?$HMushor@ 000000018000bc78     diskio.obj
 0002:00000ca8       ??_C@_03BHDOPPEK@own@      000000018000bca8     diskio.obj
 0002:00000cac       ??_C@_06EFGGFDFD@disown@   000000018000bcac     diskio.obj
 0002:00000cb8       ??_C@_0CC@CFIMIIPD@releases?5ownership?5of?5the?5point@ 000000018000bcb8     diskio.obj
 0002:00000ce0       ??_C@_07MEFPPMEF@acquire@  000000018000bce0     diskio.obj
 0002:00000ce8       ??_C@_0CC@BAIBAPCI@acquires?5ownership?5of?5the?5point@ 000000018000bce8     diskio.obj
 0002:00000d10       ??_C@_0CG@GKPKGEFE@returns?1sets?5ownership?5of?5the?5p@ 000000018000bd10     diskio.obj
 0002:00000d38       ??_C@_06PCICMFGG@append@   000000018000bd38     diskio.obj
 0002:00000d40       ??_C@_0BO@NCOOMDHM@appends?5another?5?8this?8?5object@ 000000018000bd40     diskio.obj
 0002:00000d60       ??_C@_04CJGEDOF@next@      000000018000bd60     diskio.obj
 0002:00000d68       ??_C@_0BP@IMIAEPNG@returns?5the?5next?5?8this?8?5object@ 000000018000bd68     diskio.obj
 0002:00000d88       ??_C@_08HJPCHLLJ@__repr__@ 000000018000bd88     diskio.obj
 0002:00000d98       ??_C@_0BO@PNCCHPAD@returns?5object?5representation@ 000000018000bd98     diskio.obj
 0002:00000db8       ??_C@_07HDHHMDOH@_p_char@  000000018000bdb8     diskio.obj
 0002:00000dc0       ??_C@_0L@KIJEHLGD@getsysfile@ 000000018000bdc0     diskio.obj
 0002:00000dd0       ??_C@_0BA@CJKHCDJ@get_user_idadir@ 000000018000bdd0     diskio.obj
 0002:00000de0       ??_C@_0BA@BNAMIOEB@get_ida_subdirs@ 000000018000bde0     diskio.obj
 0002:00000df0       ??_C@_06PGHIMJKD@qlgetz@   000000018000bdf0     diskio.obj
 0002:00000df8       ??_C@_0M@DIBOOLII@open_linput@ 000000018000bdf8     diskio.obj
 0002:00000e08       ??_C@_0BO@PGHGKIEN@generic_linput_t_filesize_set@ 000000018000be08     diskio.obj
 0002:00000e28       ??_C@_0BP@HPBDCHBK@generic_linput_t_blocksize_set@ 000000018000be28     diskio.obj
 0002:00000e48       ??_C@_0BG@OKOOFLGB@generic_linput_t_read@ 000000018000be48     diskio.obj
 0002:00000e60       ??_C@_0BF@DIMDFFCD@create_memory_linput@ 000000018000be60     diskio.obj
 0002:00000e78       ??_C@_0BE@MGCKNPFL@new_linput_buffer_t@ 000000018000be78     diskio.obj
 0002:00000e90       ??_C@_0BF@LIMOIBOI@linput_buffer_t_read@ 000000018000be90     diskio.obj
 0002:00000ea8       ??_C@_0BA@GBDAHGKH@enumerate_files@ 000000018000bea8     diskio.obj
 0002:00000eb8       ??_C@_06KFMBLBIJ@idadir@   000000018000beb8     diskio.obj
 0002:00000ec0       ??_C@_0BP@BGLHDEKK@idadir?$CIsubdir?$CJ?5?9?$DO?5char?5const?5?$CK@ 000000018000bec0     diskio.obj
 0002:00000ee0       ??_C@_0CH@BOGNGENN@getsysfile?$CIfilename?0?5subdir?$CJ?5?9?$DO@ 000000018000bee0     diskio.obj
 0002:00000f08       ??_C@_0CC@OLJKJLLC@get_user_idadir?$CI?$CJ?5?9?$DO?5char?5const@ 000000018000bf08     diskio.obj
 0002:00000f30       ??_C@_0CI@ODFPHJL@get_ida_subdirs?$CIsubdir?0?5flags?$DN0@ 000000018000bf30     diskio.obj
 0002:00000f58       ??_C@_0BD@GOJPGEEJ@get_special_folder@ 000000018000bf58     diskio.obj
 0002:00000f70       ??_C@_0CC@CEFFDGAP@get_special_folder?$CIcsidl?$CJ?5?9?$DO?5bo@ 000000018000bf70     diskio.obj
 0002:00000f98       ??_C@_07MHIKGAAP@fopenWT@  000000018000bf98     diskio.obj
 0002:00000fa0       ??_C@_0BI@BBJOAKCG@fopenWT?$CIfile?$CJ?5?9?$DO?5FILE?5?$CK@ 000000018000bfa0     diskio.obj
 0002:00000fb8       ??_C@_07NLBCNFNI@fopenWB@  000000018000bfb8     diskio.obj
 0002:00000fc0       ??_C@_0BI@DBEBOKLL@fopenWB?$CIfile?$CJ?5?9?$DO?5FILE?5?$CK@ 000000018000bfc0     diskio.obj
 0002:00000fd8       ??_C@_07MBEBKCOE@fopenRT@  000000018000bfd8     diskio.obj
 0002:00000fe0       ??_C@_0BI@CPBEIHJM@fopenRT?$CIfile?$CJ?5?9?$DO?5FILE?5?$CK@ 000000018000bfe0     diskio.obj
 0002:00000ff8       ??_C@_07NNNJBHDD@fopenRB@  000000018000bff8     diskio.obj
 0002:00001000       ??_C@_0BI@PMLGHAB@fopenRB?$CIfile?$CJ?5?9?$DO?5FILE?5?$CK@ 000000018000c000     diskio.obj
 0002:00001018       ??_C@_06IBODNEEN@fopenM@   000000018000c018     diskio.obj
 0002:00001020       ??_C@_0BH@IPPPNDKJ@fopenM?$CIfile?$CJ?5?9?$DO?5FILE?5?$CK@ 000000018000c020     diskio.obj
 0002:00001038       ??_C@_06CNFGJLEB@fopenA@   000000018000c038     diskio.obj
 0002:00001040       ??_C@_0BH@JDAGKKKD@fopenA?$CIfile?$CJ?5?9?$DO?5FILE?5?$CK@ 000000018000c040     diskio.obj
 0002:00001058       ??_C@_0BL@JPHCIEBJ@qlgetz?$CIli?0?5fpos?$CJ?5?9?$DO?5char?5?$CK@ 000000018000c058     diskio.obj
 0002:00001078       ??_C@_0CI@PKABECKK@open_linput?$CIfile?0?5remote?$CJ?5?9?$DO?5li@ 000000018000c078     diskio.obj
 0002:000010a0       ??_C@_0CO@DPKLGCIH@generic_linput_t_filesize_set?$CIs@ 000000018000c0a0     diskio.obj
 0002:000010d0       ??_C@_0BO@CJANGIIF@generic_linput_t_filesize_get@ 000000018000c0d0     diskio.obj
 0002:000010f0       ??_C@_0CO@BICLIEE@generic_linput_t_filesize_get?$CIs@ 000000018000c0f0     diskio.obj
 0002:00001120       ??_C@_0DA@NKHPGDCD@generic_linput_t_blocksize_set?$CI@ 000000018000c120     diskio.obj
 0002:00001150       ??_C@_0BP@KAGIOHNC@generic_linput_t_blocksize_get@ 000000018000c150     diskio.obj
 0002:00001170       ??_C@_0CP@FBDNBAKF@generic_linput_t_blocksize_get?$CI@ 000000018000c170     diskio.obj
 0002:000011a0       ??_C@_0DM@DIPIEHLL@generic_linput_t_read?$CIself?0?5off@ 000000018000c1a0     diskio.obj
 0002:000011e0       ??_C@_0BI@ILNBDOKB@delete_generic_linput_t@ 000000018000c1e0     diskio.obj
 0002:000011f8       ??_C@_0BO@OGADHOFK@delete_generic_linput_t?$CIself?$CJ@ 000000018000c1f8     diskio.obj
 0002:00001218       ??_C@_0BO@DBHGJOFK@generic_linput_t_swigregister@ 000000018000c218     diskio.obj
 0002:00001238       ??_C@_0BG@JLOGLNCF@create_generic_linput@ 000000018000c238     diskio.obj
 0002:00001250       ??_C@_0CI@LANKIALF@create_generic_linput?$CIgl?$CJ?5?9?$DO?5li@ 000000018000c250     diskio.obj
 0002:00001278       ??_C@_0DA@MPJGAJFK@create_memory_linput?$CIstart?0?5siz@ 000000018000c278     diskio.obj
 0002:000012a8       ??_C@_0BA@BFGBBFEN@get_linput_type@ 000000018000c2a8     diskio.obj
 0002:000012b8       ??_C@_0CF@FPHLJIIC@get_linput_type?$CIli?$CJ?5?9?$DO?5linput_t@ 000000018000c2b8     diskio.obj
 0002:000012e0       ??_C@_0DH@DKDJNNPN@new_linput_buffer_t?$CIlinput?0?5siz@ 000000018000c2e0     diskio.obj
 0002:00001318       ??_C@_0CO@DMNNIFIE@linput_buffer_t_read?$CIself?0?5buf?0@ 000000018000c318     diskio.obj
 0002:00001348       ??_C@_0BE@LGODDOEB@linput_buffer_t_eof@ 000000018000c348     diskio.obj
 0002:00001360       ??_C@_0CC@FIPFIPDB@linput_buffer_t_eof?$CIself?$CJ?5?9?$DO?5bo@ 000000018000c360     diskio.obj
 0002:00001388       ??_C@_0BH@DMPDOADI@delete_linput_buffer_t@ 000000018000c388     diskio.obj
 0002:000013a0       ??_C@_0BN@CAIFHHMJ@delete_linput_buffer_t?$CIself?$CJ@ 000000018000c3a0     diskio.obj
 0002:000013c0       ??_C@_0BN@DHMOMFDN@linput_buffer_t_swigregister@ 000000018000c3c0     diskio.obj
 0002:000013e0       ??_C@_0BJ@LMOPBOJD@linput_buffer_t_swiginit@ 000000018000c3e0     diskio.obj
 0002:000013fc       ??_C@_06EEMHAKMF@eclose@   000000018000c3fc     diskio.obj
 0002:00001408       ??_C@_0L@EGEFGEED@eclose?$CIfp?$CJ@ 000000018000c408     diskio.obj
 0002:00001418       ??_C@_0DF@LEJPGIPA@enumerate_files?$CIpath?0?5fname?0?5ca@ 000000018000c418     diskio.obj
 0002:00001450       ??_C@_0BI@DBGIHFOG@create_bytearray_linput@ 000000018000c450     diskio.obj
 0002:00001468       ??_C@_0CJ@LIJCCGPE@create_bytearray_linput?$CIs?$CJ?5?9?$DO?5l@ 000000018000c468     diskio.obj
 0002:00001498       ??_C@_0N@BNPDFAHK@close_linput@ 000000018000c498     diskio.obj
 0002:000014a8       ??_C@_0BB@LHKIPDNF@close_linput?$CIli?$CJ@ 000000018000c4a8     diskio.obj
 0002:000014c0       ??_C@_07MCEKNOEP@_p_FILE@  000000018000c4c0     diskio.obj
 0002:000014c8       ??_C@_06LPAKMOJ@FILE?5?$CK@ 000000018000c4c8     diskio.obj
 0002:000014d0       ??_C@_0BE@LADBKDLC@_p__qstringT_char_t@ 000000018000c4d0     diskio.obj
 0002:000014e8       ??_C@_0BN@OHJFNODI@_qstring?$DM?5char?5?$DO?5?$CK?$HMqstring?5?$CK@ 000000018000c4e8     diskio.obj
 0002:00001508       ??_C@_0BN@OGMFMNEO@_p__qstringT_unsigned_char_t@ 000000018000c508     diskio.obj
 0002:00001528       ??_C@_0CE@FCOOCMMP@qtype?5?$CK?$HM_qstring?$DM?5unsigned?5char@ 000000018000c528     diskio.obj
 0002:00001550       ??_C@_0BO@NPELMEMN@_p__qstringT_unsigned_short_t@ 000000018000c550     diskio.obj
 0002:00001570       ??_C@_0CI@MOGIECDE@_qstring?$DM?5unsigned?5short?5?$DO?5?$CK?$HMqw@ 000000018000c570     diskio.obj
 0002:00001598       ??_C@_0BF@FIODJLOI@_p_action_ctx_base_t@ 000000018000c598     diskio.obj
 0002:000015b0       ??_C@_0EE@ODNBPOJC@action_ctx_base_t?5?$CK?$HMaction_upda@ 000000018000c5b0     diskio.obj
 0002:000015f8       ??_C@_0N@IODFCNBG@_p_biggest_t@ 000000018000c5f8     diskio.obj
 0002:00001608       ??_C@_0M@LMODFOHJ@biggest_t?5?$CK@ 000000018000c608     diskio.obj
 0002:00001618       ??_C@_0O@HOPHBKAL@char?5?$CK?$HMint8?5?$CK@ 000000018000c618     diskio.obj
 0002:00001628       ??_C@_0BC@KJKOCNNG@_p_const_iterator@ 000000018000c628     diskio.obj
 0002:00001640       ??_C@_0BB@LAJPCFIO@const_iterator?5?$CK@ 000000018000c640     diskio.obj
 0002:00001658       ??_C@_0CE@DHGPAIMI@_p_f_p_TWidget_int_int_p_void__@ 000000018000c658     diskio.obj
 0002:00001680       ??_C@_0DN@DFPOHMBA@custom_viewer_keydown_t?5?$CK?$HMbool?5@ 000000018000c680     diskio.obj
 0002:000016c0       ??_C@_0DF@PENMGFJK@_p_f_p_TWidget_int_p_view_mouse@ 000000018000c6c0     diskio.obj
 0002:00001700       ??_C@_0FC@NPHKCCPL@void?5?$CI?$CK?$CJ?$CITWidget?5?$CK?0int?0view_mou@ 000000018000c700     diskio.obj
 0002:00001758       ??_C@_0CA@IGCEDJID@_p_f_p_TWidget_int_p_void__bool@ 000000018000c758     diskio.obj
 0002:00001780       ??_C@_0FC@PJNOFHGN@custom_viewer_click_t?5?$CK?$HMcustom_@ 000000018000c780     diskio.obj
 0002:000017d8       ??_C@_0CO@MIHLPJDD@_p_f_p_TWidget_p_lochist_entry_@ 000000018000c7d8     diskio.obj
 0002:00001810       ??_C@_0EM@HBPJNBB@custom_viewer_adjust_place_t?5?$CK?$HM@ 000000018000c810     diskio.obj
 0002:00001860       ??_C@_0GM@LBGPKCPI@_p_f_p_TWidget_p_q_const__lochi@ 000000018000c860     diskio.obj
 0002:000018d0       ??_C@_0IF@FKBGALIG@void?5?$CI?$CK?$CJ?$CITWidget?5?$CK?0lochist_entr@ 000000018000c8d0     diskio.obj
 0002:00001960       ??_C@_0FA@DFBJAGBE@_p_f_p_TWidget_p_q_const__lochi@ 000000018000c960     diskio.obj
 0002:000019b0       ??_C@_0GI@FMPBFLEM@custom_viewer_can_navigate_t?5?$CK?$HM@ 000000018000c9b0     diskio.obj
 0002:00001a18       ??_C@_0DH@JJEDBLDE@_p_f_p_TWidget_p_q_const__place@ 000000018000ca18     diskio.obj
 0002:00001a50       ??_C@_0EP@PJDAMEBK@code_viewer_lines_click_t?5?$CK?$HMvoi@ 000000018000ca50     diskio.obj
 0002:00001aa0       ??_C@_0DE@PBNPHPNC@_p_f_p_TWidget_p_q_const__place@ 000000018000caa0     diskio.obj
 0002:00001ae0       ??_C@_0EL@JKPIBDKO@code_viewer_lines_icon_t?5?$CK?$HMint?5@ 000000018000cae0     diskio.obj
 0002:00001b30       ??_C@_0EB@FDCGDBJI@_p_f_p_TWidget_p_q_const__place@ 000000018000cb30     diskio.obj
 0002:00001b80       ??_C@_0FN@GGLCMJJK@custom_viewer_get_place_xcoord_@ 000000018000cb80     diskio.obj
 0002:00001be0       ??_C@_0DO@KLDLOPHE@_p_f_p_TWidget_p_q_const__place@ 000000018000cbe0     diskio.obj
 0002:00001c20       ??_C@_0FI@GOMHMLF@code_viewer_lines_linenum_t?5?$CK?$HMb@ 000000018000cc20     diskio.obj
 0002:00001c78       ??_C@_0BL@BMEJNHDD@_p_f_p_TWidget_p_void__int@ 000000018000cc78     diskio.obj
 0002:00001c98       ??_C@_0DB@GMPMLKDG@custom_viewer_help_t?5?$CK?$HMint?5?$CI?$CK?$CJ?$CI@ 000000018000cc98     diskio.obj
 0002:00001cd0       ??_C@_0BM@PAKPNBHH@_p_f_p_TWidget_p_void__void@ 000000018000ccd0     diskio.obj
 0002:00001cf0       ??_C@_0GE@BLLNJKNN@custom_viewer_popup_t?5?$CK?$HMcustom_@ 000000018000ccf0     diskio.obj
 0002:00001d58       ??_C@_0DM@PKHFKJJF@_p_f_p_chooser_multi_t_p_sizeve@ 000000018000cd58     diskio.obj
 0002:00001da0       ??_C@_0FA@INGPHNGB@chooser_base_t?3?3cbres_t?5?$CI?$CK?$CJ?$CIcho@ 000000018000cda0     diskio.obj
 0002:00001df0       ??_C@_0CN@LJCPBILN@_p_f_p_chooser_t_ssize_t__choos@ 000000018000cdf0     diskio.obj
 0002:00001e20       ??_C@_0DL@IKAMODJA@chooser_t?3?3cbret_t?5?$CI?$CK?$CJ?$CIchooser_@ 000000018000ce20     diskio.obj
 0002:00001e60       ??_C@_0EC@GIKOMIMG@_p_f_p_lochist_entry_t_r_q_cons@ 000000018000ce60     diskio.obj
 0002:00001eb0       ??_C@_0FE@OJIOMBOE@bool?5?$CI?$CK?$CJ?$CIlochist_entry_t?5?$CK?0loch@ 000000018000ceb0     diskio.obj
 0002:00001f08       ??_C@_0CC@HPECDOJE@_p_f_p_q_const__char_p_void__vo@ 000000018000cf08     diskio.obj
 0002:00001f30       ??_C@_0DA@LKJNDOAC@void?5?$CI?$CK?$CJ?$CIchar?5const?5?$CK?0void?5?$CK?$CJ?$HMs@ 000000018000cf30     diskio.obj
 0002:00001f60       ??_C@_0GC@HKCHLFJ@_p_f_p_q_const__char_r_q_const_@ 000000018000cf60     diskio.obj
 0002:00001fd0       ??_C@_0GE@CDAMLIPA@h2ti_type_cb?5?$CK?$HMint?5?$CI?$CK?$CJ?$CIchar?5con@ 000000018000cfd0     diskio.obj
 0002:00002038       ??_C@_0CB@PLKCNJF@_p_f_p_q_const__char_v_______in@ 000000018000d038     diskio.obj
 0002:00002060       ??_C@_0CG@EHKOJEHN@int?5?$CI?$CK?$CJ?$CIchar?5const?5?$CK?0?4?4?4?$CJ?$HMprint@ 000000018000d060     diskio.obj
 0002:00002088       ??_C@_0CB@PPFKEDBB@_p_f_p_void_int_va_list__ssize_@ 000000018000d088     diskio.obj
 0002:000020b0       ??_C@_0CM@ODIKDJIA@ssize_t?5?$CI?$CK?$CJ?$CIvoid?5?$CK?0int?0va_list?$CJ@ 000000018000d0b0     diskio.obj
 0002:000020e0       ??_C@_0CJ@KNMLBMOG@_p_f_r_q_const__insn_t_p_int_p_@ 000000018000d0e0     diskio.obj
 0002:00002110       ??_C@_0DI@CGFAFNOI@bool?5?$CI?$CK?$CJ?$CIinsn_t?5const?5?$CG?0int?5?$CK?0i@ 000000018000d110     diskio.obj
 0002:00002150       ??_C@_0FA@JJBGCIIH@_p_f_r_q_const__insn_t_r_q_cons@ 000000018000d150     diskio.obj
 0002:000021a0       ??_C@_0FE@IBKJNBMI@bool?5?$CI?$CK?$CJ?$CIinsn_t?5const?5?$CG?0op_t?5co@ 000000018000d1a0     diskio.obj
 0002:000021f8       ??_C@_0BI@PGCOIKGG@_p_f_unsigned_int__bool@ 000000018000d1f8     diskio.obj
 0002:00002210       ??_C@_0DN@OGOBIPP@bool?5?$CI?$CK?$CJ?$CIunsigned?5int?$CJ?$HMhas_dela@ 000000018000d210     diskio.obj
 0002:00002250       ??_C@_0DL@FFEHDPON@_p_f_unsigned_int_p_q_const__ch@ 000000018000d250     diskio.obj
 0002:00002290       ??_C@_0EK@MACPDLHN@int?5?$CI?$CK?$CJ?$CIunsigned?5int?0char?5const@ 000000018000d290     diskio.obj
 0002:000022e0       ??_C@_0BP@HNIFGGKH@_p_f_unsigned_int_p_void__bool@ 000000018000d2e0     diskio.obj
 0002:00002300       ??_C@_0CI@PMEGIBIK@testf_t?5?$CK?$HMbool?5?$CI?$CK?$CJ?$CIunsigned?5int@ 000000018000d300     diskio.obj
 0002:00002328       ??_C@_0DB@CEAPILAH@_p_f_unsigned_int_r_q_const__ti@ 000000018000d328     diskio.obj
 0002:00002360       ??_C@_0EH@MLDNCCKC@local_tinfo_predicate_t?5?$CK?$HMint?5?$CI@ 000000018000d360     diskio.obj
 0002:000023a8       ??_C@_0CN@BPIIPJKN@_p_f_unsigned_int_unsigned_int_@ 000000018000d3a8     diskio.obj
 0002:000023d8       ??_C@_0DO@CKIBBIPB@unsigned?5int?5?$CI?$CK?$CJ?$CIunsigned?5int?0u@ 000000018000d3d8     diskio.obj
 0002:00002418       ??_C@_0BE@EGLGDNLI@_p_generic_linput_t@ 000000018000d418     diskio.obj
 0002:00002430       ??_C@_0BD@GPDMKMEB@generic_linput_t?5?$CK@ 000000018000d430     diskio.obj
 0002:00002444       ??_C@_06EJFLAOFF@_p_int@   000000018000d444     diskio.obj
 0002:00002450       ??_C@_0IG@FDKJDHEK@adiff_t?5?$CK?$HMint?5?$CK?$HMint32?5?$CK?$HMsval_t?5@ 000000018000d450     diskio.obj
 0002:000024d8       ??_C@_0M@CFMLOKJJ@_p_iterator@ 000000018000d4d8     diskio.obj
 0002:000024e8       ??_C@_0L@IIMCJLIP@iterator?5?$CK@ 000000018000d4e8     diskio.obj
 0002:000024f8       ??_C@_0BL@JOJFCEJP@_p_janitor_tT_linput_t_p_t@ 000000018000d4f8     diskio.obj
 0002:00002518       ??_C@_0CN@JLCEPFOC@linput_janitor_t?5?$CK?$HMjanitor_t?$DM?5l@ 000000018000d518     diskio.obj
 0002:00002548       ??_C@_0BD@IMPGGKMN@_p_linput_buffer_t@ 000000018000d548     diskio.obj
 0002:00002560       ??_C@_0BC@IDANOHFK@linput_buffer_t?5?$CK@ 000000018000d560     diskio.obj
 0002:00002578       ??_C@_0M@CAHMANIJ@_p_linput_t@ 000000018000d578     diskio.obj
 0002:00002588       ??_C@_0L@PMGOPLLC@linput_t?5?$CK@ 000000018000d588     diskio.obj
 0002:00002598       ??_C@_0O@HDLJBJJF@_p_location_t@ 000000018000d598     diskio.obj
 0002:000025a8       ??_C@_0N@ONMECIKA@location_t?5?$CK@ 000000018000d5a8     diskio.obj
 0002:000025b8       ??_C@_0N@HIKGEFDH@_p_long_long@ 000000018000d5b8     diskio.obj
 0002:000025c8       ??_C@_0BP@FECEFBLL@int64?5?$CK?$HMlonglong?5?$CK?$HMlong?5long?5?$CK@ 000000018000d5c8     diskio.obj
 0002:000025e8       ??_C@_0BP@KKGOOMNJ@_p_qvectorT__qstringT_char_t_t@ 000000018000d5e8     diskio.obj
 0002:00002608       ??_C@_0CK@FPLCNIKL@qvector?$DM?5_qstring?$DM?5char?5?$DO?5?$DO?5?$CK?$HMq@ 000000018000d608     diskio.obj
 0002:00002638       ??_C@_0CJ@KBPLCHCN@_p_qvectorT__qstringT_unsigned_@ 000000018000d638     diskio.obj
 0002:00002668       ??_C@_0DF@GOALPBDM@qvector?$DM?5_qstring?$DM?5unsigned?5sho@ 000000018000d668     diskio.obj
 0002:000026a0       ??_C@_0BH@EHIHPDFP@_p_qvectorT_argloc_t_t@ 000000018000d6a0     diskio.obj
 0002:000026b8       ??_C@_0CC@PMMGEEHP@qvector?$DM?5argloc_t?5?$DO?5?$CK?$HMarglocs_t@ 000000018000d6b8     diskio.obj
 0002:000026e0       ??_C@_0BD@IFPOLGLB@_p_qvectorT_bool_t@ 000000018000d6e0     diskio.obj
 0002:000026f8       ??_C@_0BO@JEOEHDBE@boolvec_t?5?$CK?$HMqvector?$DM?5bool?5?$DO?5?$CK@ 000000018000d6f8     diskio.obj
 0002:00002718       ??_C@_0BO@BMBALGLA@_p_qvectorT_channel_redir_t_t@ 000000018000d718     diskio.obj
 0002:00002738       ??_C@_0DA@DFOFPPPA@qvector?$DM?5channel_redir_t?5?$DO?5?$CK?$HMch@ 000000018000d738     diskio.obj
 0002:00002768       ??_C@_0CA@KLOIFAIM@_p_qvectorT_compiled_binpat_t_t@ 000000018000d768     diskio.obj
 0002:00002788       ??_C@_0DH@JJMOBCIB@compiled_binpat_vec_t?5?$CK?$HMqvector@ 000000018000d788     diskio.obj
 0002:00002be1       ??_C@_00CNPNBAHC@@         000000018000dbe1     diskio.obj
 0002:00002be8       ??_C@_09HJOCAFJB@at?5least?5@ 000000018000dbe8     diskio.obj
 0002:00002bf8       ??_C@_0CF@KFFOGCID@?$CFs?5expected?5?$CFs?$CFd?5arguments?0?5got@ 000000018000dbf8     diskio.obj
 0002:00002c20       ??_C@_0CL@NPJGKHAI@UnpackTuple?$CI?$CJ?5argument?5list?5is?5@ 000000018000dc20     diskio.obj
 0002:00002c50       ??_C@_0CD@DMIOPJCG@?$CFs?5expected?5?$CFs?$CFd?5arguments?0?5got@ 000000018000dc50     diskio.obj
 0002:00002c78       ??_C@_08KFLHMPAE@at?5most?5@ 000000018000dc78     diskio.obj
 0002:00002c88       ??_C@_07MEBHOIG@__new__@   000000018000dc88     diskio.obj
 0002:00002c90       ??_C@_0BB@LPCDDCDP@__swig_destroy__@ 000000018000dc90     diskio.obj
 0002:00002ca8       ??_C@_07CIFAGBMG@unknown@  000000018000dca8     diskio.obj
 0002:00002cb0       ??_C@_0CB@HIOLGNHE@?$DMSwig?5Object?5of?5type?5?8?$CFs?8?5at?5?$CFp@ 000000018000dcb0     diskio.obj
 0002:00002cd8       ??_C@_08BHKDPDAA@__name__@ 000000018000dcd8     diskio.obj
 0002:00002ce8       ??_C@_0N@OEDBPMFH@SwigPyObject@ 000000018000dce8     diskio.obj
 0002:00002d00       ??_C@_0EH@KGGHIIII@swig?1python?5detected?5a?5memory?5l@ 000000018000dd00     diskio.obj
 0002:00002d48       ??_C@_0CF@NBDOMJMA@Attempt?5to?5append?5a?5non?5SwigPyO@ 000000018000dd48     diskio.obj
 0002:00002d70       ??_C@_0BG@BEMBDPAG@?$DMSwig?5Packed?5at?5?$CFs?$CFs?$DO@ 000000018000dd70     diskio.obj
 0002:00002d88       ??_C@_0BB@KEMDDLH@?$DMSwig?5Packed?5?$CFs?$DO@ 000000018000dd88     diskio.obj
 0002:00002d9c       ??_C@_04HDOCAJNK@?$CFs?$CFs@ 000000018000dd9c     diskio.obj
 0002:00002da8       ??_C@_0N@FALDBJHP@SwigPyPacked@ 000000018000dda8     diskio.obj
 0002:00002db8       ??_C@_04IIAJELJL@this@     000000018000ddb8     diskio.obj
 0002:00002dc0       ??_C@_0L@GCGAIEDO@swig_ptr?3?5@ 000000018000ddc0     diskio.obj
 0002:00002dd0       ??_C@_08IBFKALI@__dict__@  000000018000ddd0     diskio.obj
 0002:00002de0       ??_C@_08DOBMGDEN@swiginit@ 000000018000dde0     diskio.obj
 0002:00002df0       ??_C@_0CO@FOLKHJOC@swig_runtime_data4?4type_pointer@ 000000018000ddf0     diskio.obj
 0002:00002e20       ??_C@_0BD@BFIMCAOH@swig_runtime_data4@ 000000018000de20     diskio.obj
 0002:00002e38       ??_C@_0BL@LFDLKGPB@type_pointer_capsuleidaapi@ 000000018000de38     diskio.obj
 0002:00002e58       ??_C@_0BC@EOODALEL@Unknown?5exception@ 000000018000de58     diskio.obj
 0002:00002e70       ??_C@_0BK@NPFFDHAP@Out?5of?5memory?5?$CIbad_alloc?$CJ@ 000000018000de70     diskio.obj
 0002:00002e90       ??_C@_0BCP@OKJACFO@Internal?5error?5?$CFd?5occurred?5when@ 000000018000de90     diskio.obj
 0002:00002fc0       ??_C@_0DB@OCJMLGAO@Function?5can?5be?5called?5from?5the@ 000000018000dfc0     diskio.obj
 0002:00002ff8       ??_C@_0BA@GMJLDMKP@surrogateescape@ 000000018000dff8     diskio.obj
 0002:00003008       ??_C@_04JMLDJNEM@?$CIis?$CJ@ 000000018000e008     diskio.obj
 0002:00003010       ??_C@_0DG@EFFEINFG@in?5method?5?8idadir?8?0?5argument?51?5@ 000000018000e010     diskio.obj
 0002:00003048       ??_C@_0DK@ECLPJJPC@in?5method?5?8getsysfile?8?0?5argumen@ 000000018000e048     diskio.obj
 0002:00003088       ??_C@_0DK@IMOPGFFK@in?5method?5?8getsysfile?8?0?5argumen@ 000000018000e088     diskio.obj
 0002:000030c8       ??_C@_0DP@JBDKPEHL@in?5method?5?8get_ida_subdirs?8?0?5ar@ 000000018000e0c8     diskio.obj
 0002:00003108       ??_C@_0DG@GNJIMGAD@in?5method?5?8get_ida_subdirs?8?0?5ar@ 000000018000e108     diskio.obj
 0002:00003140       ??_C@_0DJ@OHBMPOHF@in?5method?5?8get_special_folder?8?0@ 000000018000e140     diskio.obj
 0002:00003180       ??_C@_0DH@KNAEAFFJ@in?5method?5?8fopenWT?8?0?5argument?51@ 000000018000e180     diskio.obj
 0002:000031b8       ??_C@_0DH@IDGGPGPK@in?5method?5?8fopenWB?8?0?5argument?51@ 000000018000e1b8     diskio.obj
 0002:000031f0       ??_C@_0DH@CNICGBF@in?5method?5?8fopenRT?8?0?5argument?51@ 000000018000e1f0     diskio.obj
 0002:00003228       ??_C@_0DH@CMLKNFLG@in?5method?5?8fopenRB?8?0?5argument?51@ 000000018000e228     diskio.obj
 0002:00003260       ??_C@_0DG@KEABFDIF@in?5method?5?8fopenM?8?0?5argument?51?5@ 000000018000e260     diskio.obj
 0002:00003298       ??_C@_0DG@EINAFEFI@in?5method?5?8fopenA?8?0?5argument?51?5@ 000000018000e298     diskio.obj
 0002:000032d0       ??_C@_0DE@GFCFDJLP@in?5method?5?8qlgetz?8?0?5argument?51?5@ 000000018000e2d0     diskio.obj
 0002:00003308       ??_C@_0CP@FJGLFPPP@in?5method?5?8qlgetz?8?0?5argument?52?5@ 000000018000e308     diskio.obj
 0002:00003338       ??_C@_0DL@PCEKAGFH@in?5method?5?8open_linput?8?0?5argume@ 000000018000e338     diskio.obj
 0002:00003378       ??_C@_0DD@MBDJMAGC@in?5method?5?8open_linput?8?0?5argume@ 000000018000e378     diskio.obj
 0002:000033b0       ??_C@_0FD@DICGPMPB@in?5method?5?8generic_linput_t_fil@ 000000018000e3b0     diskio.obj
 0002:00003408       ??_C@_0BI@CADBDEKD@Expected?5an?5uint64?5type@ 000000018000e408     diskio.obj
 0002:00003420       ??_C@_0FD@INCMDEMI@in?5method?5?8generic_linput_t_fil@ 000000018000e420     diskio.obj
 0002:00003480       ??_C@_0FE@ENHGCCKB@in?5method?5?8generic_linput_t_blo@ 000000018000e480     diskio.obj
 0002:000034e0       ??_C@_0EI@PFKNBJIC@in?5method?5?8generic_linput_t_blo@ 000000018000e4e0     diskio.obj
 0002:00003530       ??_C@_0FE@PIHMOKJI@in?5method?5?8generic_linput_t_blo@ 000000018000e530     diskio.obj
 0002:00003590       ??_C@_0EL@OMKGCKLN@in?5method?5?8generic_linput_t_rea@ 000000018000e590     diskio.obj
 0002:000035e0       ??_C@_0EB@HGBFHNFD@in?5method?5?8generic_linput_t_rea@ 000000018000e5e0     diskio.obj
 0002:00003628       ??_C@_0DP@LFBGGOEC@in?5method?5?8generic_linput_t_rea@ 000000018000e628     diskio.obj
 0002:00003668       ??_C@_0DP@DJEEDEKC@in?5method?5?8generic_linput_t_rea@ 000000018000e668     diskio.obj
 0002:000036b0       ??_C@_0EN@DIHCFNEA@in?5method?5?8delete_generic_linpu@ 000000018000e6b0     diskio.obj
 0002:00003700       ??_C@_0N@JBELKAOG@swigregister@ 000000018000e700     diskio.obj
 0002:00003710       ??_C@_0EL@EFFOGEFN@in?5method?5?8create_generic_linpu@ 000000018000e710     diskio.obj
 0002:00003760       ??_C@_0DM@ILBBODIC@in?5method?5?8create_memory_linput@ 000000018000e760     diskio.obj
 0002:000037a0       ??_C@_0DP@PIFAPCAE@in?5method?5?8create_memory_linput@ 000000018000e7a0     diskio.obj
 0002:000037e0       ??_C@_0DN@EGPAJAPL@in?5method?5?8get_linput_type?8?0?5ar@ 000000018000e7e0     diskio.obj
 0002:00003820       ??_C@_0EB@OHGFMGAD@in?5method?5?8new_linput_buffer_t?8@ 000000018000e820     diskio.obj
 0002:00003868       ??_C@_0DM@HJCDCMEP@in?5method?5?8new_linput_buffer_t?8@ 000000018000e868     diskio.obj
 0002:000038b0       ??_C@_0EJ@GHILEPHL@in?5method?5?8linput_buffer_t_read@ 000000018000e8b0     diskio.obj
 0002:00003900       ??_C@_0DO@HKPLAPHL@in?5method?5?8linput_buffer_t_read@ 000000018000e900     diskio.obj
 0002:00003940       ??_C@_0DO@GLHFFOII@in?5method?5?8linput_buffer_t_read@ 000000018000e940     diskio.obj
 0002:00003980       ??_C@_0EI@DJMHLNGM@in?5method?5?8linput_buffer_t_eof?8@ 000000018000e980     diskio.obj
 0002:000039d0       ??_C@_0EL@DGOKLDCE@in?5method?5?8delete_linput_buffer@ 000000018000e9d0     diskio.obj
 0002:00003a20       ??_C@_0DA@OOPHBLIH@in?5method?5?8eclose?8?0?5argument?51?5@ 000000018000ea20     diskio.obj
 0002:00003a50       ??_C@_0EO@LHHEJMJD@Expected?5string?5in?5method?5?8crea@ 000000018000ea50     diskio.obj
 0002:00003aa0       ??_C@_0DK@BGGEKHFK@in?5method?5?8close_linput?8?0?5argum@ 000000018000eaa0     diskio.obj
 0002:00003ae0       ??_C@_0M@FJHKNPGJ@_ida_diskio@ 000000018000eae0     diskio.obj
 0002:00003ba0       ??_C@_0P@DENKLP@IDA_SUBDIR_IDP@ 000000018000eba0     diskio.obj
 0002:00003bb0       ??_C@_0O@IDIKJLOC@CSIDL_APPDATA@ 000000018000ebb0     diskio.obj
 0002:00003bc0       ??_C@_0BE@OGGNACCA@CSIDL_LOCAL_APPDATA@ 000000018000ebc0     diskio.obj
 0002:00003bd8       ??_C@_0BE@PCFJOHGH@CSIDL_PROGRAM_FILES@ 000000018000ebd8     diskio.obj
 0002:00003bf0       ??_C@_0BL@IHPGKIJO@CSIDL_PROGRAM_FILES_COMMON@ 000000018000ebf0     diskio.obj
 0002:00003c10       ??_C@_0BH@ODMNFDDM@CSIDL_PROGRAM_FILESX86@ 000000018000ec10     diskio.obj
 0002:00003c28       ??_C@_0M@KFNKNAD@LINPUT_NONE@ 000000018000ec28     diskio.obj
 0002:00003c38       ??_C@_0N@HNGENNBE@LINPUT_LOCAL@ 000000018000ec38     diskio.obj
 0002:00003c48       ??_C@_0N@PPAPBEPA@LINPUT_RFILE@ 000000018000ec48     diskio.obj
 0002:00003c58       ??_C@_0P@HNOJFHCP@LINPUT_PROCMEM@ 000000018000ec58     diskio.obj
 0002:00003c68       ??_C@_0P@HCBBHIHL@LINPUT_GENERIC@ 000000018000ec68     diskio.obj
 0002:00003c78       ??_C@_03JBMODCPM@cfg@      000000018000ec78     diskio.obj
 0002:00003c80       ??_C@_0L@PBHOOOAK@CFG_SUBDIR@ 000000018000ec80     diskio.obj
 0002:00003c8c       ??_C@_03JJJLMDPC@idc@      000000018000ec8c     diskio.obj
 0002:00003c90       ??_C@_0L@EKMIDHLP@IDC_SUBDIR@ 000000018000ec90     diskio.obj
 0002:00003c9c       ??_C@_03NDFJNBKD@ids@      000000018000ec9c     diskio.obj
 0002:00003ca0       ??_C@_0L@OGAIHFMO@IDS_SUBDIR@ 000000018000eca0     diskio.obj
 0002:00003cac       ??_C@_05OLMLFICL@procs@    000000018000ecac     diskio.obj
 0002:00003cb8       ??_C@_0L@NPIFEJAL@IDP_SUBDIR@ 000000018000ecb8     diskio.obj
 0002:00003cc8       ??_C@_07JAOCDFCG@loaders@  000000018000ecc8     diskio.obj
 0002:00003cd0       ??_C@_0L@IACEMNMP@LDR_SUBDIR@ 000000018000ecd0     diskio.obj
 0002:00003cdc       ??_C@_03MKILCCFO@sig@      000000018000ecdc     diskio.obj
 0002:00003ce0       ??_C@_0L@KOIDHBEM@SIG_SUBDIR@ 000000018000ece0     diskio.obj
 0002:00003cec       ??_C@_03LEKIMDCM@til@      000000018000ecec     diskio.obj
 0002:00003cf0       ??_C@_0L@FONPKBC@TIL_SUBDIR@ 000000018000ecf0     diskio.obj
 0002:00003d00       ??_C@_07KBDNECO@plugins@   000000018000ed00     diskio.obj
 0002:00003d08       ??_C@_0L@NBEINMAJ@PLG_SUBDIR@ 000000018000ed08     diskio.obj
 0002:00003d13       ?nullstr@?1??c_str@?$_qstring@D@@QEBAPEBDXZ@4QBDB 000000018000ed13     diskio.obj
 0002:00003d40       ??_C@_1EC@JIJBPKFM@?$AAa?$AAp?$AAi?$AA?9?$AAm?$AAs?$AA?9?$AAw?$AAi?$AAn?$AA?9?$AAc?$AAo?$AAr?$AAe@ 000000018000ed40     MSVCRT:thread_safe_statics.obj
 0002:00003d88       ??_C@_1BK@MGMFAEKH@?$AAk?$AAe?$AAr?$AAn?$AAe?$AAl?$AA3?$AA2?$AA?4?$AAd?$AAl?$AAl@ 000000018000ed88     MSVCRT:thread_safe_statics.obj
 0002:00003da8       ??_C@_0BM@HLJJNPAH@InitializeConditionVariable@ 000000018000eda8     MSVCRT:thread_safe_statics.obj
 0002:00003dc8       ??_C@_0BJ@JEBJOJFJ@SleepConditionVariableCS@ 000000018000edc8     MSVCRT:thread_safe_statics.obj
 0002:00003de8       ??_C@_0BJ@PGPPEPCC@WakeAllConditionVariable@ 000000018000ede8     MSVCRT:thread_safe_statics.obj
 0002:00003e10       ??_7type_info@@6B@         000000018000ee10     MSVCRT:std_type_info_static.obj
 0002:00003e18       _pDefaultRawDllMain        000000018000ee18     MSVCRT:dll_dllmain.obj
 0002:00003e18       _pRawDllMain               000000018000ee18     MSVCRT:dll_dllmain.obj
 0002:00003e28       ??_7exception@std@@6B@     000000018000ee28     MSVCRT:throw_bad_alloc.obj
 0002:00003e40       ??_7bad_alloc@std@@6B@     000000018000ee40     MSVCRT:throw_bad_alloc.obj
 0002:00003e50       ??_C@_0P@GHFPNOJB@bad?5allocation@ 000000018000ee50     MSVCRT:throw_bad_alloc.obj
 0002:00003e68       ??_7bad_array_new_length@std@@6B@ 000000018000ee68     MSVCRT:throw_bad_alloc.obj
 0002:00003e78       ??_C@_0BF@KINCDENJ@bad?5array?5new?5length@ 000000018000ee78     MSVCRT:throw_bad_alloc.obj
 0002:00003f00       _load_config_used          000000018000ef00     MSVCRT:loadcfg.obj
 0002:00004000       _tls_used                  000000018000f000     MSVCRT:tlssup.obj
 0002:00004028       ??_R4type_info@@6B@        000000018000f028     MSVCRT:std_type_info_static.obj
 0002:00004050       ??_R3type_info@@8          000000018000f050     MSVCRT:std_type_info_static.obj
 0002:00004068       ??_R2type_info@@8          000000018000f068     MSVCRT:std_type_info_static.obj
 0002:00004078       ??_R1A@?0A@EA@type_info@@8 000000018000f078     MSVCRT:std_type_info_static.obj
 0002:000040a0       ??_R4exception@std@@6B@    000000018000f0a0     MSVCRT:throw_bad_alloc.obj
 0002:000040c8       ??_R3exception@std@@8      000000018000f0c8     MSVCRT:throw_bad_alloc.obj
 0002:000040e0       ??_R2exception@std@@8      000000018000f0e0     MSVCRT:throw_bad_alloc.obj
 0002:000040f0       ??_R1A@?0A@EA@exception@std@@8 000000018000f0f0     MSVCRT:throw_bad_alloc.obj
 0002:00004118       ??_R4bad_alloc@std@@6B@    000000018000f118     MSVCRT:throw_bad_alloc.obj
 0002:00004140       ??_R3bad_alloc@std@@8      000000018000f140     MSVCRT:throw_bad_alloc.obj
 0002:00004158       ??_R2bad_alloc@std@@8      000000018000f158     MSVCRT:throw_bad_alloc.obj
 0002:00004170       ??_R1A@?0A@EA@bad_alloc@std@@8 000000018000f170     MSVCRT:throw_bad_alloc.obj
 0002:00004198       ??_R4bad_array_new_length@std@@6B@ 000000018000f198     MSVCRT:throw_bad_alloc.obj
 0002:000041c0       ??_R3bad_array_new_length@std@@8 000000018000f1c0     MSVCRT:throw_bad_alloc.obj
 0002:000041d8       ??_R2bad_array_new_length@std@@8 000000018000f1d8     MSVCRT:throw_bad_alloc.obj
 0002:000041f8       ??_R1A@?0A@EA@bad_array_new_length@std@@8 000000018000f1f8     MSVCRT:throw_bad_alloc.obj
 0002:00004568       __rtc_iaa                  000000018000f568     MSVCRT:initsect.obj
 0002:00004570       __rtc_izz                  000000018000f570     MSVCRT:initsect.obj
 0002:00004578       __rtc_taa                  000000018000f578     MSVCRT:initsect.obj
 0002:00004580       __rtc_tzz                  000000018000f580     MSVCRT:initsect.obj
 0002:00004588       _tls_start                 000000018000f588     MSVCRT:tlssup.obj
 0002:0000458c       _Init_thread_epoch         000000018000f58c     MSVCRT:thread_safe_statics.obj
 0002:00004590       _tls_end                   000000018000f590     MSVCRT:tlssup.obj
 0002:00006288       _TI2?AVbad_alloc@std@@     0000000180011288     MSVCRT:throw_bad_alloc.obj
 0002:000062a8       _CTA2?AVbad_alloc@std@@    00000001800112a8     MSVCRT:throw_bad_alloc.obj
 0002:000062c0       _CT??_R0?AVbad_alloc@std@@@8??0bad_alloc@std@@QEAA@AEBV01@@Z24 00000001800112c0     MSVCRT:throw_bad_alloc.obj
 0002:000062e8       _CT??_R0?AVexception@std@@@8??0exception@std@@QEAA@AEBV01@@Z24 00000001800112e8     MSVCRT:throw_bad_alloc.obj
 0002:00006310       _TI3?AVbad_array_new_length@std@@ 0000000180011310     MSVCRT:throw_bad_alloc.obj
 0002:00006330       _CTA3?AVbad_array_new_length@std@@ 0000000180011330     MSVCRT:throw_bad_alloc.obj
 0002:00006350       _CT??_R0?AVbad_array_new_length@std@@@8??0bad_array_new_length@std@@QEAA@AEBV01@@Z24 0000000180011350     MSVCRT:throw_bad_alloc.obj
 0002:000063d8       __IMPORT_DESCRIPTOR_ida    00000001800113d8     ida:ida.dll
 0002:000063ec       __IMPORT_DESCRIPTOR_python37 00000001800113ec     python37:python37.dll
 0002:00006400       __IMPORT_DESCRIPTOR_python 0000000180011400     python:python.dll
 0002:00006414       __IMPORT_DESCRIPTOR_KERNEL32 0000000180011414     kernel32:KERNEL32.dll
 0002:00006428       __IMPORT_DESCRIPTOR_VCRUNTIME140 0000000180011428     vcruntime:VCRUNTIME140.dll
 0002:0000643c       __IMPORT_DESCRIPTOR_api-ms-win-crt-stdio-l1-1-0 000000018001143c     ucrt:api-ms-win-crt-stdio-l1-1-0.dll
 0002:00006450       __IMPORT_DESCRIPTOR_api-ms-win-crt-string-l1-1-0 0000000180011450     ucrt:api-ms-win-crt-string-l1-1-0.dll
 0002:00006464       __IMPORT_DESCRIPTOR_api-ms-win-crt-heap-l1-1-0 0000000180011464     ucrt:api-ms-win-crt-heap-l1-1-0.dll
 0002:00006478       __IMPORT_DESCRIPTOR_api-ms-win-crt-runtime-l1-1-0 0000000180011478     ucrt:api-ms-win-crt-runtime-l1-1-0.dll
 0002:0000648c       __NULL_IMPORT_DESCRIPTOR   000000018001148c     ida:ida.dll
 0003:00002a78       __scrt_native_dllmain_reason 0000000180015a78     MSVCRT:utility.obj
 0003:00002a7c       _Init_global_epoch         0000000180015a7c     MSVCRT:thread_safe_statics.obj
 0003:00002a80       __security_cookie_complement 0000000180015a80     MSVCRT:gs_cookie.obj
 0003:00002a88       __security_cookie          0000000180015a88     MSVCRT:gs_cookie.obj
 0003:00002a90       __isa_available            0000000180015a90     MSVCRT:cpu_disp.obj
 0003:00002a94       __isa_enabled              0000000180015a94     MSVCRT:cpu_disp.obj
 0003:00002a98       __memcpy_nt_iters          0000000180015a98     MSVCRT:cpu_disp.obj
 0003:00002aa0       __scrt_ucrt_dll_is_in_use  0000000180015aa0     MSVCRT:ucrt_stubs.obj
 0003:00002aa8       ??_R0?AVexception@std@@@8  0000000180015aa8     diskio.obj
 0003:00002ad0       ??_R0?AVDirectorException@Swig@@@8 0000000180015ad0     diskio.obj
 0003:00002b00       ??_R0?AVbad_alloc@std@@@8  0000000180015b00     diskio.obj
 0003:00002b28       ??_R0?AVout_of_range@std@@@8 0000000180015b28     diskio.obj
 0003:00002b50       ??_R0?AUinterr_exc_t@@@8   0000000180015b50     diskio.obj
 0003:00002b78       ??_R0?AVtype_info@@@8      0000000180015b78     MSVCRT:std_type_info_static.obj
 0003:00002b98       ??_R0?AVbad_array_new_length@std@@@8 0000000180015b98     MSVCRT:throw_bad_alloc.obj
 0003:00002c00       ?swig_mutex_own@Director@Swig@@0U_RTL_CRITICAL_SECTION@2@A 0000000180015c00     diskio.obj
 0003:00002e98       ?_OptionsStorage@?1??__local_stdio_printf_options@@9@4_KA 0000000180015e98     diskio.obj
 0003:00002ee0       __scrt_current_native_startup_state 0000000180015ee0     MSVCRT:utility.obj
 0003:00002ee8       __scrt_native_startup_lock 0000000180015ee8     MSVCRT:utility.obj
 0003:00002f70       _tls_index                 0000000180015f70     MSVCRT:tlssup.obj
 0003:00002f78       __favor                    0000000180015f78     MSVCRT:cpu_disp.obj
 0003:00002f7c       __scrt_debugger_hook_flag  0000000180015f7c     MSVCRT:utility_desktop.obj
 0003:000034f0       ?__type_info_root_node@@3U__type_info_node@@A 00000001800164f0     MSVCRT:tncleanup.obj
 0003:00003500       ?_OptionsStorage@?1??__local_stdio_scanf_options@@9@4_KA 0000000180016500     MSVCRT:default_local_stdio_options.obj
 0003:00003508       __dyn_tls_init_callback    0000000180016508     <common>

 entry point at        0001:00006ac0

 Static symbols

 0000:fffe7000       .debug$S                   0000000180000000     python37:python37.dll
 0000:fffe7000       .debug$S                   0000000180000000     ida:ida.dll
 0000:fffe7000       .debug$S                   0000000180000000     ida:ida.dll
 0000:fffe7000       .debug$S                   0000000180000000     ida:ida.dll
 0000:fffe7000       .debug$S                   0000000180000000     ida:ida.dll
 0000:fffe7000       .debug$S                   0000000180000000     _ida_diskio.exp
 0000:fffe7000       .debug$S                   0000000180000000     ida:ida.dll
 0000:fffe7000       .debug$S                   0000000180000000     ida:ida.dll
 0000:fffe7000       .debug$S                   0000000180000000     ida:ida.dll
 0000:fffe7000       .debug$S                   0000000180000000     ida:ida.dll
 0000:fffe7000       .debug$S                   0000000180000000     ida:ida.dll
 0000:fffe7000       .debug$S                   0000000180000000     ucrt:api-ms-win-crt-runtime-l1-1-0.dll
 0000:fffe7000       .debug$S                   0000000180000000     ucrt:api-ms-win-crt-runtime-l1-1-0.dll
 0000:fffe7000       .debug$S                   0000000180000000     ucrt:api-ms-win-crt-runtime-l1-1-0.dll
 0000:fffe7000       .debug$S                   0000000180000000     ucrt:api-ms-win-crt-runtime-l1-1-0.dll
 0000:fffe7000       .debug$S                   0000000180000000     ucrt:api-ms-win-crt-runtime-l1-1-0.dll
 0000:fffe7000       .debug$S                   0000000180000000     ucrt:api-ms-win-crt-runtime-l1-1-0.dll
 0000:fffe7000       .debug$S                   0000000180000000     ucrt:api-ms-win-crt-runtime-l1-1-0.dll
 0000:fffe7000       .debug$S                   0000000180000000     ucrt:api-ms-win-crt-runtime-l1-1-0.dll
 0000:fffe7000       .debug$S                   0000000180000000     ucrt:api-ms-win-crt-runtime-l1-1-0.dll
 0000:fffe7000       .debug$S                   0000000180000000     ucrt:api-ms-win-crt-runtime-l1-1-0.dll
 0000:fffe7000       .debug$S                   0000000180000000     ucrt:api-ms-win-crt-runtime-l1-1-0.dll
 0000:fffe7000       .debug$S                   0000000180000000     ucrt:api-ms-win-crt-runtime-l1-1-0.dll
 0000:fffe7000       .debug$S                   0000000180000000     ucrt:api-ms-win-crt-heap-l1-1-0.dll
 0000:fffe7000       .debug$S                   0000000180000000     ucrt:api-ms-win-crt-heap-l1-1-0.dll
 0000:fffe7000       .debug$S                   0000000180000000     ucrt:api-ms-win-crt-heap-l1-1-0.dll
 0000:fffe7000       .debug$S                   0000000180000000     ucrt:api-ms-win-crt-string-l1-1-0.dll
 0000:fffe7000       .debug$S                   0000000180000000     ucrt:api-ms-win-crt-string-l1-1-0.dll
 0000:fffe7000       .debug$S                   0000000180000000     ucrt:api-ms-win-crt-stdio-l1-1-0.dll
 0000:fffe7000       .debug$S                   0000000180000000     ucrt:api-ms-win-crt-stdio-l1-1-0.dll
 0000:fffe7000       .debug$S                   0000000180000000     ida:ida.dll
 0000:fffe7000       .debug$S                   0000000180000000     vcruntime:VCRUNTIME140.dll
 0000:fffe7000       .debug$S                   0000000180000000     vcruntime:VCRUNTIME140.dll
 0000:fffe7000       .debug$S                   0000000180000000     vcruntime:VCRUNTIME140.dll
 0000:fffe7000       .debug$S                   0000000180000000     vcruntime:VCRUNTIME140.dll
 0000:fffe7000       .debug$S                   0000000180000000     vcruntime:VCRUNTIME140.dll
 0000:fffe7000       .debug$S                   0000000180000000     vcruntime:VCRUNTIME140.dll
 0000:fffe7000       .debug$S                   0000000180000000     vcruntime:VCRUNTIME140.dll
 0000:fffe7000       .debug$S                   0000000180000000     vcruntime:VCRUNTIME140.dll
 0000:fffe7000       .debug$S                   0000000180000000     vcruntime:VCRUNTIME140.dll
 0000:fffe7000       .debug$S                   0000000180000000     vcruntime:VCRUNTIME140.dll
 0000:fffe7000       .debug$S                   0000000180000000     vcruntime:VCRUNTIME140.dll
 0000:fffe7000       .debug$S                   0000000180000000     ida:ida.dll
 0000:fffe7000       .debug$S                   0000000180000000     kernel32:KERNEL32.dll
 0000:fffe7000       .debug$S                   0000000180000000     kernel32:KERNEL32.dll
 0000:fffe7000       .debug$S                   0000000180000000     kernel32:KERNEL32.dll
[...]
 0004:000004f8       $pdata$_wrap_fopenWB$catch$0 00000001800174f8     diskio.obj
 0004:00000504       $pdata$_wrap_fopenRT       0000000180017504     diskio.obj
 0004:00000510       $pdata$_wrap_fopenRT$catch$5 0000000180017510     diskio.obj
 0004:0000051c       $pdata$_wrap_fopenRT$catch$4 000000018001751c     diskio.obj
 0004:00000528       $pdata$_wrap_fopenRT$catch$3 0000000180017528     diskio.obj
 0004:00000534       $pdata$_wrap_fopenRT$catch$2 0000000180017534     diskio.obj
 0004:00000540       $pdata$_wrap_fopenRT$catch$1 0000000180017540     diskio.obj
 0004:0000054c       $pdata$_wrap_fopenRT$catch$0 000000018001754c     diskio.obj
 0004:00000558       $pdata$_wrap_fopenRB       0000000180017558     diskio.obj
 0004:00000564       $pdata$_wrap_fopenRB$catch$5 0000000180017564     diskio.obj
 0004:00000570       $pdata$_wrap_fopenRB$catch$4 0000000180017570     diskio.obj
 0004:0000057c       $pdata$_wrap_fopenRB$catch$3 000000018001757c     diskio.obj
 0004:00000588       $pdata$_wrap_fopenRB$catch$2 0000000180017588     diskio.obj
 0004:00000594       $pdata$_wrap_fopenRB$catch$1 0000000180017594     diskio.obj
 0004:000005a0       $pdata$_wrap_fopenRB$catch$0 00000001800175a0     diskio.obj
 0004:000005ac       $pdata$_wrap_fopenM        00000001800175ac     diskio.obj
 0004:000005b8       $pdata$_wrap_fopenM$catch$5 00000001800175b8     diskio.obj
 0004:000005c4       $pdata$_wrap_fopenM$catch$4 00000001800175c4     diskio.obj
 0004:000005d0       $pdata$_wrap_fopenM$catch$3 00000001800175d0     diskio.obj
 0004:000005dc       $pdata$_wrap_fopenM$catch$2 00000001800175dc     diskio.obj
 0004:000005e8       $pdata$_wrap_fopenM$catch$1 00000001800175e8     diskio.obj
 0004:000005f4       $pdata$_wrap_fopenM$catch$0 00000001800175f4     diskio.obj
 0004:00000600       $pdata$_wrap_fopenA        0000000180017600     diskio.obj
 0004:0000060c       $pdata$_wrap_fopenA$catch$5 000000018001760c     diskio.obj
 0004:00000618       $pdata$_wrap_fopenA$catch$4 0000000180017618     diskio.obj
 0004:00000624       $pdata$_wrap_fopenA$catch$3 0000000180017624     diskio.obj
 0004:00000630       $pdata$_wrap_fopenA$catch$2 0000000180017630     diskio.obj
 0004:0000063c       $pdata$_wrap_fopenA$catch$1 000000018001763c     diskio.obj
 0004:00000648       $pdata$_wrap_fopenA$catch$0 0000000180017648     diskio.obj
 0004:00000654       $pdata$_wrap_qlgetz        0000000180017654     diskio.obj
 0004:00000660       $pdata$_wrap_qlgetz$catch$5 0000000180017660     diskio.obj
 0004:0000066c       $pdata$_wrap_qlgetz$catch$4 000000018001766c     diskio.obj
 0004:00000678       $pdata$_wrap_qlgetz$catch$3 0000000180017678     diskio.obj
 0004:00000684       $pdata$_wrap_qlgetz$catch$2 0000000180017684     diskio.obj
 0004:00000690       $pdata$_wrap_qlgetz$catch$1 0000000180017690     diskio.obj
 0004:0000069c       $pdata$_wrap_qlgetz$catch$0 000000018001769c     diskio.obj
 0004:000006a8       $pdata$_wrap_open_linput   00000001800176a8     diskio.obj
 0004:000006b4       $pdata$_wrap_open_linput$catch$5 00000001800176b4     diskio.obj
 0004:000006c0       $pdata$_wrap_open_linput$catch$4 00000001800176c0     diskio.obj
 0004:000006cc       $pdata$_wrap_open_linput$catch$3 00000001800176cc     diskio.obj
 0004:000006d8       $pdata$_wrap_open_linput$catch$2 00000001800176d8     diskio.obj
 0004:000006e4       $pdata$_wrap_open_linput$catch$1 00000001800176e4     diskio.obj
 0004:000006f0       $pdata$_wrap_open_linput$catch$0 00000001800176f0     diskio.obj
 0004:000006fc       $pdata$_wrap_generic_linput_t_filesize_set 00000001800176fc     diskio.obj
 0004:00000708       $pdata$0$_wrap_generic_linput_t_filesize_set 0000000180017708     diskio.obj
 0004:00000714       $pdata$1$_wrap_generic_linput_t_filesize_set 0000000180017714     diskio.obj
 0004:00000720       $pdata$_wrap_generic_linput_t_filesize_get 0000000180017720     diskio.obj
 0004:0000072c       $pdata$0$_wrap_generic_linput_t_filesize_get 000000018001772c     diskio.obj
 0004:00000738       $pdata$1$_wrap_generic_linput_t_filesize_get 0000000180017738     diskio.obj
 0004:00000744       $pdata$_wrap_generic_linput_t_blocksize_set 0000000180017744     diskio.obj
 0004:00000750       $pdata$0$_wrap_generic_linput_t_blocksize_set 0000000180017750     diskio.obj
 0004:0000075c       $pdata$1$_wrap_generic_linput_t_blocksize_set 000000018001775c     diskio.obj
 0004:00000768       $pdata$_wrap_generic_linput_t_blocksize_get 0000000180017768     diskio.obj
 0004:00000774       $pdata$0$_wrap_generic_linput_t_blocksize_get 0000000180017774     diskio.obj
 0004:00000780       $pdata$1$_wrap_generic_linput_t_blocksize_get 0000000180017780     diskio.obj
 0004:0000078c       $pdata$_wrap_generic_linput_t_read 000000018001778c     diskio.obj
 0004:00000798       $pdata$_wrap_generic_linput_t_read$catch$0 0000000180017798     diskio.obj
 0004:000007a4       $pdata$_wrap_generic_linput_t_read$catch$1 00000001800177a4     diskio.obj
 0004:000007b0       $pdata$_wrap_generic_linput_t_read$catch$2 00000001800177b0     diskio.obj
 0004:000007bc       $pdata$_wrap_generic_linput_t_read$catch$3 00000001800177bc     diskio.obj
 0004:000007c8       $pdata$_wrap_generic_linput_t_read$catch$4 00000001800177c8     diskio.obj
 0004:000007d4       $pdata$_wrap_generic_linput_t_read$catch$5 00000001800177d4     diskio.obj
 0004:000007e0       $pdata$_wrap_delete_generic_linput_t 00000001800177e0     diskio.obj
 0004:000007ec       $pdata$_wrap_delete_generic_linput_t$catch$5 00000001800177ec     diskio.obj
 0004:000007f8       $pdata$_wrap_delete_generic_linput_t$catch$4 00000001800177f8     diskio.obj
 0004:00000804       $pdata$_wrap_delete_generic_linput_t$catch$3 0000000180017804     diskio.obj
 0004:00000810       $pdata$_wrap_delete_generic_linput_t$catch$2 0000000180017810     diskio.obj
 0004:0000081c       $pdata$_wrap_delete_generic_linput_t$catch$1 000000018001781c     diskio.obj
 0004:00000828       $pdata$_wrap_delete_generic_linput_t$catch$0 0000000180017828     diskio.obj
 0004:00000834       $pdata$generic_linput_t_swigregister 0000000180017834     diskio.obj
 0004:00000840       $pdata$_wrap_create_generic_linput 0000000180017840     diskio.obj
 0004:0000084c       $pdata$_wrap_create_generic_linput$catch$5 000000018001784c     diskio.obj
 0004:00000858       $pdata$_wrap_create_generic_linput$catch$4 0000000180017858     diskio.obj
 0004:00000864       $pdata$_wrap_create_generic_linput$catch$3 0000000180017864     diskio.obj
 0004:00000870       $pdata$_wrap_create_generic_linput$catch$2 0000000180017870     diskio.obj
 0004:0000087c       $pdata$_wrap_create_generic_linput$catch$1 000000018001787c     diskio.obj
 0004:00000888       $pdata$_wrap_create_generic_linput$catch$0 0000000180017888     diskio.obj
 0004:00000894       $pdata$_wrap_create_memory_linput 0000000180017894     diskio.obj
 0004:000008a0       $pdata$_wrap_create_memory_linput$catch$5 00000001800178a0     diskio.obj
 0004:000008ac       $pdata$_wrap_create_memory_linput$catch$4 00000001800178ac     diskio.obj
 0004:000008b8       $pdata$_wrap_create_memory_linput$catch$3 00000001800178b8     diskio.obj
 0004:000008c4       $pdata$_wrap_create_memory_linput$catch$2 00000001800178c4     diskio.obj
 0004:000008d0       $pdata$_wrap_create_memory_linput$catch$1 00000001800178d0     diskio.obj
 0004:000008dc       $pdata$_wrap_create_memory_linput$catch$0 00000001800178dc     diskio.obj
 0004:000008e8       $pdata$_wrap_get_linput_type 00000001800178e8     diskio.obj
 0004:000008f4       $pdata$_wrap_get_linput_type$catch$5 00000001800178f4     diskio.obj
 0004:00000900       $pdata$_wrap_get_linput_type$catch$4 0000000180017900     diskio.obj
 0004:0000090c       $pdata$_wrap_get_linput_type$catch$3 000000018001790c     diskio.obj
 0004:00000918       $pdata$_wrap_get_linput_type$catch$2 0000000180017918     diskio.obj
 0004:00000924       $pdata$_wrap_get_linput_type$catch$1 0000000180017924     diskio.obj
 0004:00000930       $pdata$_wrap_get_linput_type$catch$0 0000000180017930     diskio.obj
 0004:0000093c       $pdata$_wrap_new_linput_buffer_t 000000018001793c     diskio.obj
 0004:00000948       $pdata$_wrap_new_linput_buffer_t$catch$1 0000000180017948     diskio.obj
 0004:00000954       $pdata$_wrap_new_linput_buffer_t$catch$2 0000000180017954     diskio.obj
 0004:00000960       $pdata$_wrap_new_linput_buffer_t$catch$3 0000000180017960     diskio.obj
 0004:0000096c       $pdata$_wrap_new_linput_buffer_t$catch$4 000000018001796c     diskio.obj
 0004:00000978       $pdata$_wrap_new_linput_buffer_t$catch$5 0000000180017978     diskio.obj
 0004:00000984       $pdata$_wrap_new_linput_buffer_t$catch$6 0000000180017984     diskio.obj
 0004:00000990       $pdata$_wrap_linput_buffer_t_read 0000000180017990     diskio.obj
 0004:0000099c       $pdata$_wrap_linput_buffer_t_read$catch$5 000000018001799c     diskio.obj
 0004:000009a8       $pdata$_wrap_linput_buffer_t_read$catch$4 00000001800179a8     diskio.obj
 0004:000009b4       $pdata$_wrap_linput_buffer_t_read$catch$3 00000001800179b4     diskio.obj
 0004:000009c0       $pdata$_wrap_linput_buffer_t_read$catch$2 00000001800179c0     diskio.obj
 0004:000009cc       $pdata$_wrap_linput_buffer_t_read$catch$1 00000001800179cc     diskio.obj
 0004:000009d8       $pdata$_wrap_linput_buffer_t_read$catch$0 00000001800179d8     diskio.obj
 0004:000009e4       $pdata$_wrap_linput_buffer_t_eof 00000001800179e4     diskio.obj
 0004:000009f0       $pdata$_wrap_linput_buffer_t_eof$catch$5 00000001800179f0     diskio.obj
 0004:000009fc       $pdata$_wrap_linput_buffer_t_eof$catch$4 00000001800179fc     diskio.obj
 0004:00000a08       $pdata$_wrap_linput_buffer_t_eof$catch$3 0000000180017a08     diskio.obj
 0004:00000a14       $pdata$_wrap_linput_buffer_t_eof$catch$2 0000000180017a14     diskio.obj
 0004:00000a20       $pdata$_wrap_linput_buffer_t_eof$catch$1 0000000180017a20     diskio.obj
 0004:00000a2c       $pdata$_wrap_linput_buffer_t_eof$catch$0 0000000180017a2c     diskio.obj
 0004:00000a38       $pdata$_wrap_delete_linput_buffer_t 0000000180017a38     diskio.obj
 0004:00000a44       $pdata$_wrap_delete_linput_buffer_t$catch$5 0000000180017a44     diskio.obj
 0004:00000a50       $pdata$_wrap_delete_linput_buffer_t$catch$4 0000000180017a50     diskio.obj
 0004:00000a5c       $pdata$_wrap_delete_linput_buffer_t$catch$3 0000000180017a5c     diskio.obj
 0004:00000a68       $pdata$_wrap_delete_linput_buffer_t$catch$2 0000000180017a68     diskio.obj
 0004:00000a74       $pdata$_wrap_delete_linput_buffer_t$catch$1 0000000180017a74     diskio.obj
 0004:00000a80       $pdata$_wrap_delete_linput_buffer_t$catch$0 0000000180017a80     diskio.obj
 0004:00000a8c       $pdata$linput_buffer_t_swigregister 0000000180017a8c     diskio.obj
 0004:00000a98       $pdata$linput_buffer_t_swiginit 0000000180017a98     diskio.obj
 0004:00000aa4       $pdata$_wrap_eclose        0000000180017aa4     diskio.obj
 0004:00000ab0       $pdata$_wrap_eclose$catch$5 0000000180017ab0     diskio.obj
 0004:00000abc       $pdata$_wrap_eclose$catch$4 0000000180017abc     diskio.obj
 0004:00000ac8       $pdata$_wrap_eclose$catch$3 0000000180017ac8     diskio.obj
 0004:00000ad4       $pdata$_wrap_eclose$catch$2 0000000180017ad4     diskio.obj
 0004:00000ae0       $pdata$_wrap_eclose$catch$1 0000000180017ae0     diskio.obj
 0004:00000aec       $pdata$_wrap_eclose$catch$0 0000000180017aec     diskio.obj
 0004:00000af8       $pdata$_wrap_enumerate_files 0000000180017af8     diskio.obj
 0004:00000b04       $pdata$_wrap_enumerate_files$catch$5 0000000180017b04     diskio.obj
 0004:00000b10       $pdata$_wrap_enumerate_files$catch$4 0000000180017b10     diskio.obj
 0004:00000b1c       $pdata$_wrap_enumerate_files$catch$3 0000000180017b1c     diskio.obj
 0004:00000b28       $pdata$_wrap_enumerate_files$catch$2 0000000180017b28     diskio.obj
 0004:00000b34       $pdata$_wrap_enumerate_files$catch$1 0000000180017b34     diskio.obj
 0004:00000b40       $pdata$_wrap_enumerate_files$catch$0 0000000180017b40     diskio.obj
 0004:00000b4c       $pdata$_wrap_create_bytearray_linput 0000000180017b4c     diskio.obj
 0004:00000b58       $pdata$_wrap_create_bytearray_linput$catch$5 0000000180017b58     diskio.obj
 0004:00000b64       $pdata$_wrap_create_bytearray_linput$catch$6 0000000180017b64     diskio.obj
 0004:00000b70       $pdata$_wrap_create_bytearray_linput$catch$7 0000000180017b70     diskio.obj
 0004:00000b7c       $pdata$_wrap_create_bytearray_linput$catch$8 0000000180017b7c     diskio.obj
 0004:00000b88       $pdata$_wrap_create_bytearray_linput$catch$9 0000000180017b88     diskio.obj
 0004:00000b94       $pdata$_wrap_create_bytearray_linput$catch$10 0000000180017b94     diskio.obj
 0004:00000ba0       $pdata$_wrap_close_linput  0000000180017ba0     diskio.obj
 0004:00000bac       $pdata$_wrap_close_linput$catch$6 0000000180017bac     diskio.obj
 0004:00000bb8       $pdata$_wrap_close_linput$catch$5 0000000180017bb8     diskio.obj
 0004:00000bc4       $pdata$_wrap_close_linput$catch$4 0000000180017bc4     diskio.obj
 0004:00000bd0       $pdata$_wrap_close_linput$catch$3 0000000180017bd0     diskio.obj
 0004:00000bdc       $pdata$_wrap_close_linput$catch$2 0000000180017bdc     diskio.obj
 0004:00000be8       $pdata$_wrap_close_linput$catch$1 0000000180017be8     diskio.obj
 0004:00000bf4       $pdata$SWIG_InitializeModule 0000000180017bf4     diskio.obj
 0004:00000c00       $pdata$1$SWIG_InitializeModule 0000000180017c00     diskio.obj
 0004:00000c0c       $pdata$4$SWIG_InitializeModule 0000000180017c0c     diskio.obj
 0004:00000c18       $pdata$5$SWIG_InitializeModule 0000000180017c18     diskio.obj
 0004:00000c24       $pdata$6$SWIG_InitializeModule 0000000180017c24     diskio.obj
 0004:00000c30       $pdata$SWIG_Python_FixMethods 0000000180017c30     diskio.obj
 0004:00000c3c       $pdata$4$SWIG_Python_FixMethods 0000000180017c3c     diskio.obj
 0004:00000c48       $pdata$5$SWIG_Python_FixMethods 0000000180017c48     diskio.obj
 0004:00000c54       $pdata$PyInit__ida_diskio  0000000180017c54     diskio.obj
 0004:00000c60       $pdata$0$PyInit__ida_diskio 0000000180017c60     diskio.obj
 0004:00000c6c       $pdata$2$PyInit__ida_diskio 0000000180017c6c     diskio.obj
 0004:00000c78       $pdata$3$PyInit__ida_diskio 0000000180017c78     diskio.obj
 0004:00000c84       $pdata$4$PyInit__ida_diskio 0000000180017c84     diskio.obj
 0004:00000c90       $pdata$??2@YAPEAX_K@Z      0000000180017c90     MSVCRT:new_scalar.obj
 0004:00000c9c       $pdata$atexit              0000000180017c9c     MSVCRT:utility.obj
 0004:00000ca8       $pdata$_onexit             0000000180017ca8     MSVCRT:utility.obj
 0004:00000cb4       $pdata$__scrt_is_nonwritable_in_current_image 0000000180017cb4     MSVCRT:utility.obj
 0004:00000cc0       $pdata$__scrt_is_nonwritable_in_current_image$filt$0 0000000180017cc0     MSVCRT:utility.obj
 0004:00000ccc       $pdata$__scrt_acquire_startup_lock 0000000180017ccc     MSVCRT:utility.obj
 0004:00000cd8       $pdata$__scrt_release_startup_lock 0000000180017cd8     MSVCRT:utility.obj
 0004:00000ce4       $pdata$__scrt_initialize_crt 0000000180017ce4     MSVCRT:utility.obj
 0004:00000cf0       $pdata$__scrt_uninitialize_crt 0000000180017cf0     MSVCRT:utility.obj
 0004:00000cfc       $pdata$__scrt_initialize_onexit_tables 0000000180017cfc     MSVCRT:utility.obj
 0004:00000d08       $pdata$__scrt_dllmain_exception_filter 0000000180017d08     MSVCRT:utility.obj
 0004:00000d14       $pdata$__scrt_dllmain_before_initialize_c 0000000180017d14     MSVCRT:utility.obj
 0004:00000d20       $pdata$__scrt_dllmain_after_initialize_c 0000000180017d20     MSVCRT:utility.obj
 0004:00000d2c       $pdata$__scrt_dllmain_uninitialize_c 0000000180017d2c     MSVCRT:utility.obj
 0004:00000d38       $pdata$__scrt_dllmain_uninitialize_critical 0000000180017d38     MSVCRT:utility.obj
 0004:00000d44       $pdata$__scrt_dllmain_crt_thread_attach 0000000180017d44     MSVCRT:utility.obj
 0004:00000d50       $pdata$__scrt_dllmain_crt_thread_detach 0000000180017d50     MSVCRT:utility.obj
 0004:00000d5c       $pdata$_Init_thread_header 0000000180017d5c     MSVCRT:thread_safe_statics.obj
 0004:00000d68       $pdata$_Init_thread_footer 0000000180017d68     MSVCRT:thread_safe_statics.obj
 0004:00000d74       $pdata$_Init_thread_wait   0000000180017d74     MSVCRT:thread_safe_statics.obj
 0004:00000d80       $pdata$_Init_thread_notify 0000000180017d80     MSVCRT:thread_safe_statics.obj
 0004:00000d8c       $pdata$?__scrt_uninitialize_thread_safe_statics@@YAXXZ 0000000180017d8c     MSVCRT:thread_safe_statics.obj
 0004:00000d98       $pdata$?__scrt_initialize_thread_safe_statics@@YAHXZ 0000000180017d98     MSVCRT:thread_safe_statics.obj
 0004:00000da4       $pdata$__GSHandlerCheckCommon 0000000180017da4     MSVCRT:gshandler.obj
 0004:00000db0       $pdata$__GSHandlerCheck    0000000180017db0     MSVCRT:gshandler.obj
 0004:00000dbc       $pdata$__GSHandlerCheck_EH 0000000180017dbc     MSVCRT:gshandlereh.obj
 0004:00000dd4       $pdata$??_Gtype_info@@UEAAPEAXI@Z 0000000180017dd4     MSVCRT:std_type_info_static.obj
 0004:00000de0       $pdata$?dllmain_crt_process_attach@@YAHQEAUHINSTANCE__@@QEAX@Z 0000000180017de0     MSVCRT:dll_dllmain.obj
 0004:00000dec       $pdata$?fin$0@?0??dllmain_crt_process_attach@@YAHQEAUHINSTANCE__@@QEAX@Z@4HA 0000000180017dec     MSVCRT:dll_dllmain.obj
 0004:00000df8       $pdata$?dllmain_crt_process_detach@@YAH_N@Z 0000000180017df8     MSVCRT:dll_dllmain.obj
 0004:00000e04       $pdata$?fin$0@?0??dllmain_crt_process_detach@@YAH_N@Z@4HA 0000000180017e04     MSVCRT:dll_dllmain.obj
 0004:00000e10       $pdata$?dllmain_crt_dispatch@@YAHQEAUHINSTANCE__@@KQEAX@Z 0000000180017e10     MSVCRT:dll_dllmain.obj
 0004:00000e1c       $pdata$?dllmain_dispatch@@YAHQEAUHINSTANCE__@@KQEAX@Z 0000000180017e1c     MSVCRT:dll_dllmain.obj
 0004:00000e28       $pdata$?filt$0@?0??dllmain_dispatch@@YAHQEAUHINSTANCE__@@KQEAX@Z@4HA 0000000180017e28     MSVCRT:dll_dllmain.obj
 0004:00000e34       $pdata$_DllMainCRTStartup  0000000180017e34     MSVCRT:dll_dllmain.obj
 0004:00000e40       $pdata$??0exception@std@@QEAA@AEBV01@@Z 0000000180017e40     MSVCRT:throw_bad_alloc.obj
 0004:00000e4c       $pdata$??_Gbad_array_new_length@std@@UEAAPEAXI@Z 0000000180017e4c     MSVCRT:throw_bad_alloc.obj
 0004:00000e4c       $pdata$??_Gbad_alloc@std@@UEAAPEAXI@Z 0000000180017e4c     MSVCRT:throw_bad_alloc.obj
 0004:00000e4c       $pdata$??_Gexception@std@@UEAAPEAXI@Z 0000000180017e4c     MSVCRT:throw_bad_alloc.obj
 0004:00000e58       $pdata$??0bad_alloc@std@@QEAA@AEBV01@@Z 0000000180017e58     MSVCRT:throw_bad_alloc.obj
 0004:00000e64       $pdata$??0bad_array_new_length@std@@QEAA@AEBV01@@Z 0000000180017e64     MSVCRT:throw_bad_alloc.obj
 0004:00000e70       $pdata$?__scrt_throw_std_bad_alloc@@YAXXZ 0000000180017e70     MSVCRT:throw_bad_alloc.obj
 0004:00000e7c       $pdata$?__scrt_throw_std_bad_array_new_length@@YAXXZ 0000000180017e7c     MSVCRT:throw_bad_alloc.obj
 0004:00000e88       $pdata$__isa_available_init 0000000180017e88     MSVCRT:cpu_disp.obj
 0004:00000e94       $pdata$__scrt_fastfail     0000000180017e94     MSVCRT:utility_desktop.obj
 0004:00000ea0       $pdata$__report_gsfailure  0000000180017ea0     MSVCRT:gs_report.obj
 0004:00000eac       $pdata$capture_previous_context 0000000180017eac     MSVCRT:gs_report.obj
 0004:00000eb8       $pdata$__raise_securityfailure 0000000180017eb8     MSVCRT:gs_report.obj
 0004:00000ec4       $pdata$__security_init_cookie 0000000180017ec4     MSVCRT:gs_support.obj
 0004:00000ed0       $pdata$DllMain             0000000180017ed0     MSVCRT:dll_dllmain_stub.obj
 0004:00000edc       $pdata$__scrt_initialize_default_local_stdio_options 0000000180017edc     MSVCRT:default_local_stdio_options.obj
 0004:00000ee8       $pdata$_RTC_Initialize     0000000180017ee8     MSVCRT:initsect.obj
 0004:00000ef4       $pdata$_RTC_Terminate      0000000180017ef4     MSVCRT:initsect.obj
