 _ida_range

 Timestamp is 5e3da0b0 (Fri Feb  7 17:38:56 2020)

 Preferred load address is 0000000180000000

 Start         Length     Name                   Class
 0001:00000000 000177b0H .text$mn                CODE
 0001:000177b0 00000020H .text$mn$00             CODE
 0001:000177d0 00009c13H .text$x                 CODE
 0002:00000000 000004e0H .idata$5                DATA
 0002:000004e0 00000010H .00cfg                  DATA
 0002:000004f0 00000008H .CRT$XCA                DATA
 0002:000004f8 00000008H .CRT$XCZ                DATA
 0002:00000500 00000008H .CRT$XIA                DATA
 0002:00000508 00000008H .CRT$XIC                DATA
 0002:00000510 00000008H .CRT$XIZ                DATA
 0002:00000518 00000008H .CRT$XLA                DATA
 0002:00000520 00000008H .CRT$XLZ                DATA
 0002:00000528 00000008H .CRT$XPA                DATA
 0002:00000530 00000008H .CRT$XPZ                DATA
 0002:00000538 00000008H .CRT$XTA                DATA
 0002:00000540 00000010H .CRT$XTZ                DATA
 0002:00000548 00000000H .gfids$y                DATA
 0002:00000550 0000bf00H .rdata                  DATA
 0002:0000c450 00000028H .rdata$T                DATA
 0002:0000c478 000002fcH .rdata$r                DATA
 0002:0000c774 00000314H .rdata$zzzdbg           DATA
 0002:0000ca88 00000008H .rtc$IAA                DATA
 0002:0000ca90 00000008H .rtc$IZZ                DATA
 0002:0000ca98 00000008H .rtc$TAA                DATA
 0002:0000caa0 00000008H .rtc$TZZ                DATA
 0002:0000caa8 00000004H .tls                    DATA
 0002:0000caac 00000004H .tls$                   DATA
 0002:0000cab0 00000008H .tls$ZZZ                DATA
 0002:0000cab8 00007a00H .xdata                  DATA
 0002:000144b8 00000188H .xdata$x                DATA
 0002:00014640 00000054H .edata                  DATA
 0002:00014694 000000b4H .idata$2                DATA
 0002:00014748 00000018H .idata$3                DATA
 0002:00014760 000004e0H .idata$4                DATA
 0002:00014c40 00000c66H .idata$6                DATA
 0003:00000000 00003428H .data                   DATA
 0003:00003428 00000148H .data$r                 DATA
 0003:00003570 00000918H .bss                    DATA
 0004:00000000 000032dcH .pdata                  DATA

  Address         Publics by Value              Rva+Base               Lib:Object

 0000:00000000       __volatile_metadata        0000000000000000     <absolute>
 0000:00000000       __hybrid_code_map          0000000000000000     <absolute>
 0000:00000000       __guard_iat_table          0000000000000000     <absolute>
 0000:00000000       __enclave_config           0000000000000000     <absolute>
 0000:00000000       ___safe_se_handler_count   0000000000000000     <absolute>
 0000:00000000       __guard_longjmp_table      0000000000000000     <absolute>
 0000:00000000       __guard_iat_count          0000000000000000     <absolute>
 0000:00000000       ___safe_se_handler_table   0000000000000000     <absolute>
 0000:00000000       __dynamic_value_reloc_table 0000000000000000     <absolute>
 0000:00000000       __guard_longjmp_count      0000000000000000     <absolute>
 0000:00000000       __hybrid_code_map_count    0000000000000000     <absolute>
 0000:00000000       __guard_fids_count         0000000000000000     <absolute>
 0000:00000000       __guard_fids_table         0000000000000000     <absolute>
 0000:00000000       __hybrid_auxiliary_iat     0000000000000000     <absolute>
 0000:00000100       __guard_flags              0000000000000100     <absolute>
 0000:00000000       __ImageBase                0000000180000000     <linker-defined>
 0001:0000e9d0       ??0?$qvector@Urange_t@@@@QEAA@AEBV0@@Z 000000018000f9d0 f i range.obj
 0001:0000ea60       ??0exception@std@@QEAA@AEBV01@@Z 000000018000fa60 f i range.obj
 0001:0000eaa0       ??0logic_error@std@@QEAA@AEBV01@@Z 000000018000faa0 f i range.obj
 0001:0000eae0       ??0out_of_range@std@@QEAA@AEBV01@@Z 000000018000fae0 f i range.obj
 0001:0000eb20       ??0out_of_range@std@@QEAA@PEBD@Z 000000018000fb20 f i range.obj
 0001:0000eb70       ??1bad_alloc@std@@UEAA@XZ  000000018000fb70 f i MSVCRT:throw_bad_alloc.obj
 0001:0000eb70       ??1out_of_range@std@@UEAA@XZ 000000018000fb70 f i range.obj
 0001:0000eb70       ??1bad_array_new_length@std@@UEAA@XZ 000000018000fb70 f i MSVCRT:throw_bad_alloc.obj
 0001:0000eb90       ??1rangeset_t@@QEAA@XZ     000000018000fb90 f i range.obj
 0001:0000ebd0       ??8?$qvector@Urange_t@@@@QEBA_NAEBV0@@Z 000000018000fbd0 f i range.obj
 0001:0000ec10       ??8?$qvector@Vrangeset_t@@@@QEBA_NAEBV0@@Z 000000018000fc10 f i range.obj
 0001:0000ecb0       ?is_equal@rangeset_t@@QEBA_NAEBV1@@Z 000000018000fcb0 f i range.obj
 0001:0000ecb0       ??8rangeset_t@@QEBA_NAEBV0@@Z 000000018000fcb0 f i range.obj
 0001:0000ecf0       ??9rangeset_t@@QEBA_NAEBV0@@Z 000000018000fcf0 f i range.obj
 0001:0000ed30       ??_Ebad_array_new_length@std@@UEAAPEAXI@Z 000000018000fd30 f i MSVCRT:throw_bad_alloc.obj
 0001:0000ed30       ??_Gout_of_range@std@@UEAAPEAXI@Z 000000018000fd30 f i range.obj
 0001:0000ed30       ??_Gexception@std@@UEAAPEAXI@Z 000000018000fd30 f i range.obj
 0001:0000ed30       ??_Eexception@std@@UEAAPEAXI@Z 000000018000fd30 f i range.obj
 0001:0000ed30       ??_Elogic_error@std@@UEAAPEAXI@Z 000000018000fd30 f i range.obj
 0001:0000ed30       ??_Eout_of_range@std@@UEAAPEAXI@Z 000000018000fd30 f i range.obj
 0001:0000ed30       ??_Glogic_error@std@@UEAAPEAXI@Z 000000018000fd30 f i range.obj
 0001:0000ed30       ??_Gbad_alloc@std@@UEAAPEAXI@Z 000000018000fd30 f i MSVCRT:throw_bad_alloc.obj
 0001:0000ed30       ??_Gbad_array_new_length@std@@UEAAPEAXI@Z 000000018000fd30 f i MSVCRT:throw_bad_alloc.obj
 0001:0000ed30       ??_Ebad_alloc@std@@UEAAPEAXI@Z 000000018000fd30 f i MSVCRT:throw_bad_alloc.obj
 0001:0000f170       ?erase@?$qvector@Vrangeset_t@@@@QEAAPEAVrangeset_t@@PEAV2@@Z 0000000180010170 f i range.obj
 0001:0000f1e0       ?find@?$qvector@Vrangeset_t@@@@QEAAPEAVrangeset_t@@AEBV2@@Z 00000001800101e0 f i range.obj
 0001:0000f1e0       ?find@?$qvector@Vrangeset_t@@@@QEBAPEBVrangeset_t@@AEBV2@@Z 00000001800101e0 f i range.obj
 0001:0000f260       ?push_back@?$qvector@Urange_t@@@@QEAAXAEBUrange_t@@@Z 0000000180010260 f i range.obj
 0001:0000f2c0       ?push_back@?$qvector@Vrangeset_t@@@@QEAAXAEBVrangeset_t@@@Z 00000001800102c0 f i range.obj
 0001:0000f350       ?qclear@?$qvector@Vrangeset_t@@@@QEAAXXZ 0000000180010350 f i range.obj
 0001:0000f3d0       ?resize@?$qvector@Urange_t@@@@QEAAX_KAEBUrange_t@@@Z 00000001800103d0 f i range.obj
 0001:0000f460       ?resize@?$qvector@Vrangeset_t@@@@QEAAX_KAEBVrangeset_t@@@Z 0000000180010460 f i range.obj
 0001:0000f560       ?sprnt@?$_qstring@D@@QEAAAEAV1@PEBDZZ 0000000180010560 f i range.obj
 0001:0000f620       ?what@exception@std@@UEBAPEBDXZ 0000000180010620 f i range.obj
 0001:0000f640       PyInit__ida_range          0000000180010640 f   range.obj
 0001:00010e80       __local_stdio_printf_options 0000000180011e80 f i range.obj
 0001:00016320       printf                     0000000180017320 f i range.obj
 0001:00016375       qalloc                     0000000180017375 f   ida:ida.dll
 0001:0001637b       qrealloc                   000000018001737b f   ida:ida.dll
 0001:00016381       qfree                      0000000180017381 f   ida:ida.dll
 0001:00016387       qvsnprintf                 0000000180017387 f   ida:ida.dll
 0001:0001638d       qalloc_or_throw            000000018001738d f   ida:ida.dll
 0001:00016393       qvector_reserve            0000000180017393 f   ida:ida.dll
 0001:00016399       is_main_thread             0000000180017399 f   ida:ida.dll
 0001:0001639f       range_t_print              000000018001739f f   ida:ida.dll
 0001:000163a5       rangeset_t_add             00000001800173a5 f   ida:ida.dll
 0001:000163ab       rangeset_t_sub             00000001800173ab f   ida:ida.dll
 0001:000163b1       rangeset_t_add2            00000001800173b1 f   ida:ida.dll
 0001:000163b7       rangeset_t_sub2            00000001800173b7 f   ida:ida.dll
 0001:000163bd       rangeset_t_has_common      00000001800173bd f   ida:ida.dll
 0001:000163c3       rangeset_t_has_common2     00000001800173c3 f   ida:ida.dll
 0001:000163c9       rangeset_t_contains        00000001800173c9 f   ida:ida.dll
 0001:000163cf       rangeset_t_print           00000001800173cf f   ida:ida.dll
 0001:000163d5       rangeset_t_intersect       00000001800173d5 f   ida:ida.dll
 0001:000163db       rangeset_t_find_range      00000001800173db f   ida:ida.dll
 0001:000163e1       rangeset_t_next_addr       00000001800173e1 f   ida:ida.dll
 0001:000163e7       rangeset_t_prev_addr       00000001800173e7 f   ida:ida.dll
 0001:000163ed       rangeset_t_next_range      00000001800173ed f   ida:ida.dll
 0001:000163f3       rangeset_t_prev_range      00000001800173f3 f   ida:ida.dll
 0001:000163f9       PyW_GetNumber              00000001800173f9 f   python:python.dll
 0001:00016400       ??2@YAPEAX_K@Z             0000000180017400 f   MSVCRT:new_scalar.obj
 0001:0001643c       ??3@YAXPEAX_K@Z            000000018001743c f   MSVCRT:delete_scalar_size.obj
 0001:000165cc       _Init_thread_footer        00000001800175cc f   MSVCRT:thread_safe_statics.obj
 0001:0001662c       _Init_thread_header        000000018001762c f   MSVCRT:thread_safe_statics.obj
 0001:00016694       _Init_thread_notify        0000000180017694 f   MSVCRT:thread_safe_statics.obj
 0001:000166e4       _Init_thread_wait          00000001800176e4 f   MSVCRT:thread_safe_statics.obj
 0001:0001675c       __GSHandlerCheck           000000018001775c f   MSVCRT:gshandler.obj
 0001:0001677c       __GSHandlerCheckCommon     000000018001777c f   MSVCRT:gshandler.obj
 0001:000167d8       __GSHandlerCheck_EH        00000001800177d8 f   MSVCRT:gshandlereh.obj
 0001:00016870       __security_check_cookie    0000000180017870 f   MSVCRT:amdsecgs.obj
 0001:00016894       ??_Etype_info@@UEAAPEAXI@Z 0000000180017894 f i MSVCRT:std_type_info_static.obj
 0001:00016894       ??_Gtype_info@@UEAAPEAXI@Z 0000000180017894 f i MSVCRT:std_type_info_static.obj
 0001:00016bf0       _DllMainCRTStartup         0000000180017bf0 f   MSVCRT:dll_dllmain.obj
 0001:00016c30       ??0bad_alloc@std@@QEAA@AEBV01@@Z 0000000180017c30 f i MSVCRT:throw_bad_alloc.obj
 0001:00016c70       ??0bad_alloc@std@@QEAA@XZ  0000000180017c70 f i MSVCRT:throw_bad_alloc.obj
 0001:00016c90       ??0bad_array_new_length@std@@QEAA@AEBV01@@Z 0000000180017c90 f i MSVCRT:throw_bad_alloc.obj
 0001:00016cd0       ??0bad_array_new_length@std@@QEAA@XZ 0000000180017cd0 f i MSVCRT:throw_bad_alloc.obj
 0001:00016cf0       ?__scrt_throw_std_bad_alloc@@YAXXZ 0000000180017cf0 f   MSVCRT:throw_bad_alloc.obj
 0001:00016d10       ?__scrt_throw_std_bad_array_new_length@@YAXXZ 0000000180017d10 f   MSVCRT:throw_bad_alloc.obj
 0001:00016d30       ??3@YAXPEAX@Z              0000000180017d30 f   MSVCRT:delete_scalar.obj
 0001:00016d38       __scrt_acquire_startup_lock 0000000180017d38 f   MSVCRT:utility.obj
 0001:00016d74       __scrt_dllmain_after_initialize_c 0000000180017d74 f   MSVCRT:utility.obj
 0001:00016da8       __scrt_dllmain_before_initialize_c 0000000180017da8 f   MSVCRT:utility.obj
 0001:00016dc0       __scrt_dllmain_crt_thread_attach 0000000180017dc0 f   MSVCRT:utility.obj
 0001:00016de8       __scrt_dllmain_crt_thread_detach 0000000180017de8 f   MSVCRT:utility.obj
 0001:00016e00       __scrt_dllmain_exception_filter 0000000180017e00 f   MSVCRT:utility.obj
 0001:00016e60       __scrt_dllmain_uninitialize_c 0000000180017e60 f   MSVCRT:utility.obj
 0001:00016e90       __scrt_dllmain_uninitialize_critical 0000000180017e90 f   MSVCRT:utility.obj
 0001:00016ea4       __scrt_initialize_crt      0000000180017ea4 f   MSVCRT:utility.obj
 0001:00016ef0       __scrt_initialize_onexit_tables 0000000180017ef0 f   MSVCRT:utility.obj
 0001:00016fc8       __scrt_is_nonwritable_in_current_image 0000000180017fc8 f   MSVCRT:utility.obj
 0001:00017064       __scrt_release_startup_lock 0000000180018064 f   MSVCRT:utility.obj
 0001:00017088       __scrt_uninitialize_crt    0000000180018088 f   MSVCRT:utility.obj
 0001:000170b4       _onexit                    00000001800180b4 f   MSVCRT:utility.obj
 0001:00017104       atexit                     0000000180018104 f   MSVCRT:utility.obj
 0001:0001711c       __crt_debugger_hook        000000018001811c f   MSVCRT:utility_desktop.obj
 0001:00017124       __scrt_fastfail            0000000180018124 f   MSVCRT:utility_desktop.obj
 0001:00017270       _guard_check_icall_nop     0000000180018270 f i MSVCRT:guard_support.obj
 0001:00017274       __raise_securityfailure    0000000180018274 f   MSVCRT:gs_report.obj
 0001:000172a8       __report_gsfailure         00000001800182a8 f   MSVCRT:gs_report.obj
 0001:000173f0       __security_init_cookie     00000001800183f0 f   MSVCRT:gs_support.obj
 0001:0001749c       DllMain                    000000018001849c f   MSVCRT:dll_dllmain_stub.obj
 0001:000174c0       ?__scrt_initialize_type_info@@YAXXZ 00000001800184c0 f   MSVCRT:tncleanup.obj
 0001:000174d0       ?__scrt_uninitialize_type_info@@YAXXZ 00000001800184d0 f   MSVCRT:tncleanup.obj
 0001:000174dc       __local_stdio_scanf_options 00000001800184dc f i MSVCRT:default_local_stdio_options.obj
 0001:000174e4       __scrt_initialize_default_local_stdio_options 00000001800184e4 f   MSVCRT:default_local_stdio_options.obj
 0001:00017500       __scrt_get_dyn_tls_init_callback 0000000180018500 f   MSVCRT:dyn_tls_init.obj
 0001:00017508       _RTC_Initialize            0000000180018508 f   MSVCRT:initsect.obj
 0001:00017544       _RTC_Terminate             0000000180018544 f   MSVCRT:initsect.obj
 0001:00017580       __isa_available_init       0000000180018580 f   MSVCRT:cpu_disp.obj
 0001:000176fc       _get_startup_argv_mode     00000001800186fc f   MSVCRT:argv_mode.obj
 0001:00017704       __scrt_is_ucrt_dll_in_use  0000000180018704 f   MSVCRT:ucrt_detection.obj
 0001:00017710       IsProcessorFeaturePresent  0000000180018710 f   kernel32:KERNEL32.dll
 0001:00017716       strstr                     0000000180018716 f   vcruntime:VCRUNTIME140.dll
 0001:0001771c       __std_exception_copy       000000018001871c f   vcruntime:VCRUNTIME140.dll
 0001:00017722       __std_exception_destroy    0000000180018722 f   vcruntime:VCRUNTIME140.dll
 0001:00017728       _CxxThrowException         0000000180018728 f   vcruntime:VCRUNTIME140.dll
 0001:0001772e       __CxxFrameHandler3         000000018001872e f   vcruntime:VCRUNTIME140.dll
 0001:00017734       memcpy                     0000000180018734 f   vcruntime:VCRUNTIME140.dll
 0001:0001773a       memmove                    000000018001873a f   vcruntime:VCRUNTIME140.dll
 0001:00017740       memset                     0000000180018740 f   vcruntime:VCRUNTIME140.dll
 0001:00017746       __std_terminate            0000000180018746 f   vcruntime:VCRUNTIME140.dll
 0001:0001774c       __C_specific_handler       000000018001874c f   vcruntime:VCRUNTIME140.dll
 0001:00017752       __std_type_info_destroy_list 0000000180018752 f   vcruntime:VCRUNTIME140.dll
 0001:00017758       free                       0000000180018758 f   ucrt:api-ms-win-crt-heap-l1-1-0.dll
 0001:0001775e       malloc                     000000018001875e f   ucrt:api-ms-win-crt-heap-l1-1-0.dll
 0001:00017764       _callnewh                  0000000180018764 f   ucrt:api-ms-win-crt-heap-l1-1-0.dll
 0001:0001776a       _initterm                  000000018001876a f   ucrt:api-ms-win-crt-runtime-l1-1-0.dll
 0001:00017770       _initterm_e                0000000180018770 f   ucrt:api-ms-win-crt-runtime-l1-1-0.dll
 0001:00017776       _seh_filter_dll            0000000180018776 f   ucrt:api-ms-win-crt-runtime-l1-1-0.dll
 0001:0001777c       _configure_narrow_argv     000000018001877c f   ucrt:api-ms-win-crt-runtime-l1-1-0.dll
 0001:00017782       _initialize_narrow_environment 0000000180018782 f   ucrt:api-ms-win-crt-runtime-l1-1-0.dll
 0001:00017788       _initialize_onexit_table   0000000180018788 f   ucrt:api-ms-win-crt-runtime-l1-1-0.dll
 0001:0001778e       _register_onexit_function  000000018001878e f   ucrt:api-ms-win-crt-runtime-l1-1-0.dll
 0001:00017794       _execute_onexit_table      0000000180018794 f   ucrt:api-ms-win-crt-runtime-l1-1-0.dll
 0001:0001779a       _crt_atexit                000000018001879a f   ucrt:api-ms-win-crt-runtime-l1-1-0.dll
 0001:000177a0       _cexit                     00000001800187a0 f   ucrt:api-ms-win-crt-runtime-l1-1-0.dll
 0001:000177a8       __acrt_initialize          00000001800187a8 f   MSVCRT:ucrt_stubs.obj
 0001:000177a8       __scrt_stub_for_acrt_thread_attach 00000001800187a8 f   MSVCRT:ucrt_stubs.obj
 0001:000177a8       __acrt_uninitialize        00000001800187a8 f   MSVCRT:ucrt_stubs.obj
 0001:000177a8       __scrt_stub_for_acrt_thread_detach 00000001800187a8 f   MSVCRT:ucrt_stubs.obj
 0001:000177a8       __acrt_thread_detach       00000001800187a8 f   MSVCRT:ucrt_stubs.obj
 0001:000177a8       __vcrt_uninitialize_critical 00000001800187a8 f   MSVCRT:ucrt_stubs.obj
 0001:000177a8       __acrt_uninitialize_critical 00000001800187a8 f   MSVCRT:ucrt_stubs.obj
 0001:000177a8       __acrt_thread_attach       00000001800187a8 f   MSVCRT:ucrt_stubs.obj
 0001:000177a8       __vcrt_uninitialize        00000001800187a8 f   MSVCRT:ucrt_stubs.obj
 0001:000177a8       __vcrt_thread_detach       00000001800187a8 f   MSVCRT:ucrt_stubs.obj
 0001:000177a8       __vcrt_thread_attach       00000001800187a8 f   MSVCRT:ucrt_stubs.obj
 0001:000177a8       __scrt_stub_for_acrt_uninitialize 00000001800187a8 f   MSVCRT:ucrt_stubs.obj
 0001:000177a8       __scrt_stub_for_acrt_initialize 00000001800187a8 f   MSVCRT:ucrt_stubs.obj
 0001:000177a8       __vcrt_initialize          00000001800187a8 f   MSVCRT:ucrt_stubs.obj
 0001:000177a8       __scrt_stub_for_acrt_uninitialize_critical 00000001800187a8 f   MSVCRT:ucrt_stubs.obj
 0001:000177ac       __scrt_stub_for_is_c_termination_complete 00000001800187ac f   MSVCRT:ucrt_stubs.obj
 0001:000177ac       _is_c_termination_complete 00000001800187ac f   MSVCRT:ucrt_stubs.obj
 0001:000177c0       _guard_dispatch_icall_nop  00000001800187c0 f   MSVCRT:guard_dispatch.obj
 0002:00000000       __imp_CloseHandle          0000000180023000     kernel32:KERNEL32.dll
 0002:00000008       __imp_EnterCriticalSection 0000000180023008     kernel32:KERNEL32.dll
 0002:00000010       __imp_LeaveCriticalSection 0000000180023010     kernel32:KERNEL32.dll
 0002:00000018       __imp_InitializeCriticalSectionAndSpinCount 0000000180023018     kernel32:KERNEL32.dll
 0002:00000020       __imp_DeleteCriticalSection 0000000180023020     kernel32:KERNEL32.dll
 0002:00000028       __imp_SetEvent             0000000180023028     kernel32:KERNEL32.dll
 0002:00000030       __imp_ResetEvent           0000000180023030     kernel32:KERNEL32.dll
 0002:00000038       __imp_WaitForSingleObjectEx 0000000180023038     kernel32:KERNEL32.dll
 0002:00000040       __imp_CreateEventW         0000000180023040     kernel32:KERNEL32.dll
 0002:00000048       __imp_GetModuleHandleW     0000000180023048     kernel32:KERNEL32.dll
 0002:00000050       __imp_GetProcAddress       0000000180023050     kernel32:KERNEL32.dll
 0002:00000058       __imp_RtlCaptureContext    0000000180023058     kernel32:KERNEL32.dll
 0002:00000060       __imp_RtlLookupFunctionEntry 0000000180023060     kernel32:KERNEL32.dll
 0002:00000068       __imp_RtlVirtualUnwind     0000000180023068     kernel32:KERNEL32.dll
 0002:00000070       __imp_IsDebuggerPresent    0000000180023070     kernel32:KERNEL32.dll
 0002:00000078       __imp_UnhandledExceptionFilter 0000000180023078     kernel32:KERNEL32.dll
 0002:00000080       __imp_SetUnhandledExceptionFilter 0000000180023080     kernel32:KERNEL32.dll
 0002:00000088       __imp_IsProcessorFeaturePresent 0000000180023088     kernel32:KERNEL32.dll
 0002:00000090       __imp_GetCurrentProcess    0000000180023090     kernel32:KERNEL32.dll
 0002:00000098       __imp_TerminateProcess     0000000180023098     kernel32:KERNEL32.dll
 0002:000000a0       __imp_QueryPerformanceCounter 00000001800230a0     kernel32:KERNEL32.dll
 0002:000000a8       __imp_InitializeSListHead  00000001800230a8     kernel32:KERNEL32.dll
 0002:000000b0       __imp_GetCurrentProcessId  00000001800230b0     kernel32:KERNEL32.dll
 0002:000000b8       __imp_GetCurrentThreadId   00000001800230b8     kernel32:KERNEL32.dll
 0002:000000c0       __imp_DisableThreadLibraryCalls 00000001800230c0     kernel32:KERNEL32.dll
 0002:000000c8       __imp_GetSystemTimeAsFileTime 00000001800230c8     kernel32:KERNEL32.dll
 0002:000000d0       \177KERNEL32_NULL_THUNK_DATA 00000001800230d0     kernel32:KERNEL32.dll
 0002:000000d8       __imp_strstr               00000001800230d8     vcruntime:VCRUNTIME140.dll
 0002:000000e0       __imp___std_exception_destroy 00000001800230e0     vcruntime:VCRUNTIME140.dll
 0002:000000e8       __imp__CxxThrowException   00000001800230e8     vcruntime:VCRUNTIME140.dll
 0002:000000f0       __imp___CxxFrameHandler3   00000001800230f0     vcruntime:VCRUNTIME140.dll
 0002:000000f8       __imp_memcpy               00000001800230f8     vcruntime:VCRUNTIME140.dll
 0002:00000100       __imp_memmove              0000000180023100     vcruntime:VCRUNTIME140.dll
 0002:00000108       __imp_memset               0000000180023108     vcruntime:VCRUNTIME140.dll
 0002:00000110       __imp___std_terminate      0000000180023110     vcruntime:VCRUNTIME140.dll
 0002:00000118       __imp___C_specific_handler 0000000180023118     vcruntime:VCRUNTIME140.dll
 0002:00000120       __imp___std_type_info_destroy_list 0000000180023120     vcruntime:VCRUNTIME140.dll
 0002:00000128       __imp___std_exception_copy 0000000180023128     vcruntime:VCRUNTIME140.dll
 0002:00000130       \177VCRUNTIME140_NULL_THUNK_DATA 0000000180023130     vcruntime:VCRUNTIME140.dll
 0002:00000138       __imp_malloc               0000000180023138     ucrt:api-ms-win-crt-heap-l1-1-0.dll
 0002:00000140       __imp__callnewh            0000000180023140     ucrt:api-ms-win-crt-heap-l1-1-0.dll
 0002:00000148       __imp_free                 0000000180023148     ucrt:api-ms-win-crt-heap-l1-1-0.dll
 0002:00000150       \177api-ms-win-crt-heap-l1-1-0_NULL_THUNK_DATA 0000000180023150     ucrt:api-ms-win-crt-heap-l1-1-0.dll
 0002:00000158       __imp__crt_atexit          0000000180023158     ucrt:api-ms-win-crt-runtime-l1-1-0.dll
 0002:00000160       __imp__cexit               0000000180023160     ucrt:api-ms-win-crt-runtime-l1-1-0.dll
 0002:00000168       __imp__initterm            0000000180023168     ucrt:api-ms-win-crt-runtime-l1-1-0.dll
 0002:00000170       __imp__initterm_e          0000000180023170     ucrt:api-ms-win-crt-runtime-l1-1-0.dll
 0002:00000178       __imp__seh_filter_dll      0000000180023178     ucrt:api-ms-win-crt-runtime-l1-1-0.dll
 0002:00000180       __imp__configure_narrow_argv 0000000180023180     ucrt:api-ms-win-crt-runtime-l1-1-0.dll
 0002:00000188       __imp__initialize_narrow_environment 0000000180023188     ucrt:api-ms-win-crt-runtime-l1-1-0.dll
 0002:00000190       __imp__initialize_onexit_table 0000000180023190     ucrt:api-ms-win-crt-runtime-l1-1-0.dll
 0002:00000198       __imp__register_onexit_function 0000000180023198     ucrt:api-ms-win-crt-runtime-l1-1-0.dll
 0002:000001a0       __imp__execute_onexit_table 00000001800231a0     ucrt:api-ms-win-crt-runtime-l1-1-0.dll
 0002:000001a8       \177api-ms-win-crt-runtime-l1-1-0_NULL_THUNK_DATA 00000001800231a8     ucrt:api-ms-win-crt-runtime-l1-1-0.dll
 0002:000001b0       __imp___acrt_iob_func      00000001800231b0     ucrt:api-ms-win-crt-stdio-l1-1-0.dll
 0002:000001b8       __imp___stdio_common_vfprintf 00000001800231b8     ucrt:api-ms-win-crt-stdio-l1-1-0.dll
 0002:000001c0       \177api-ms-win-crt-stdio-l1-1-0_NULL_THUNK_DATA 00000001800231c0     ucrt:api-ms-win-crt-stdio-l1-1-0.dll
 0002:000001c8       __imp_strncmp              00000001800231c8     ucrt:api-ms-win-crt-string-l1-1-0.dll
 0002:000001d0       \177api-ms-win-crt-string-l1-1-0_NULL_THUNK_DATA 00000001800231d0     ucrt:api-ms-win-crt-string-l1-1-0.dll
 0002:000001d8       __imp_rangeset_t_prev_addr 00000001800231d8     ida:ida.dll
 0002:000001e0       __imp_rangeset_t_next_range 00000001800231e0     ida:ida.dll
 0002:000001e8       __imp_rangeset_t_prev_range 00000001800231e8     ida:ida.dll
 0002:000001f0       __imp_rangeset_t_find_range 00000001800231f0     ida:ida.dll
 0002:000001f8       __imp_rangeset_t_intersect 00000001800231f8     ida:ida.dll
 0002:00000200       __imp_rangeset_t_print     0000000180023200     ida:ida.dll
 0002:00000208       __imp_rangeset_t_contains  0000000180023208     ida:ida.dll
 0002:00000210       __imp_rangeset_t_has_common2 0000000180023210     ida:ida.dll
 0002:00000218       __imp_rangeset_t_next_addr 0000000180023218     ida:ida.dll
 0002:00000220       __imp_rangeset_t_sub2      0000000180023220     ida:ida.dll
 0002:00000228       __imp_rangeset_t_add2      0000000180023228     ida:ida.dll
 0002:00000230       __imp_rangeset_t_sub       0000000180023230     ida:ida.dll
 0002:00000238       __imp_rangeset_t_add       0000000180023238     ida:ida.dll
 0002:00000240       __imp_range_t_print        0000000180023240     ida:ida.dll
 0002:00000248       __imp_is_main_thread       0000000180023248     ida:ida.dll
 0002:00000250       __imp_qvector_reserve      0000000180023250     ida:ida.dll
 0002:00000258       __imp_qalloc_or_throw      0000000180023258     ida:ida.dll
 0002:00000260       __imp_qalloc               0000000180023260     ida:ida.dll
 0002:00000268       __imp_qvsnprintf           0000000180023268     ida:ida.dll
 0002:00000270       __imp_qfree                0000000180023270     ida:ida.dll
 0002:00000278       __imp_qrealloc             0000000180023278     ida:ida.dll
 0002:00000280       __imp_rangeset_t_has_common 0000000180023280     ida:ida.dll
 0002:00000288       \177ida_NULL_THUNK_DATA    0000000180023288     ida:ida.dll
 0002:00000290       __imp_PyW_GetNumber        0000000180023290     python:python.dll
 0002:00000298       \177python_NULL_THUNK_DATA 0000000180023298     python:python.dll
 0002:000002a0       __imp_PyExc_SystemError    00000001800232a0     python38:python38.dll
 0002:000002a8       __imp_PyExc_RuntimeError   00000001800232a8     python38:python38.dll
 0002:000002b0       __imp_PyExc_ValueError     00000001800232b0     python38:python38.dll
 0002:000002b8       __imp_PyExc_ZeroDivisionError 00000001800232b8     python38:python38.dll
 0002:000002c0       __imp_PyExc_IOError        00000001800232c0     python38:python38.dll
 0002:000002c8       __imp_PyExc_OverflowError  00000001800232c8     python38:python38.dll
 0002:000002d0       __imp_PyExc_TypeError      00000001800232d0     python38:python38.dll
 0002:000002d8       __imp_PyExc_SyntaxError    00000001800232d8     python38:python38.dll
 0002:000002e0       __imp_PyExc_MemoryError    00000001800232e0     python38:python38.dll
 0002:000002e8       __imp_PyExc_IndexError     00000001800232e8     python38:python38.dll
 0002:000002f0       __imp_PyExc_AttributeError 00000001800232f0     python38:python38.dll
 0002:000002f8       __imp__Py_NotImplementedStruct 00000001800232f8     python38:python38.dll
 0002:00000300       __imp__Py_NoneStruct       0000000180023300     python38:python38.dll
 0002:00000308       __imp_PyObject_IsInstance  0000000180023308     python38:python38.dll
 0002:00000310       __imp_PyObject_CallFunctionObjArgs 0000000180023310     python38:python38.dll
 0002:00000318       __imp_PyObject_Call        0000000180023318     python38:python38.dll
 0002:00000320       __imp_PyImport_AddModule   0000000180023320     python38:python38.dll
 0002:00000328       __imp_PyEval_InitThreads   0000000180023328     python38:python38.dll
 0002:00000330       __imp_PyModule_Create2     0000000180023330     python38:python38.dll
 0002:00000338       __imp_PyModule_AddObject   0000000180023338     python38:python38.dll
 0002:00000340       __imp_PyArg_UnpackTuple    0000000180023340     python38:python38.dll
 0002:00000348       __imp_PyGILState_Release   0000000180023348     python38:python38.dll
 0002:00000350       __imp_PyGILState_Ensure    0000000180023350     python38:python38.dll
 0002:00000358       __imp_PyErr_WriteUnraisable 0000000180023358     python38:python38.dll
 0002:00000360       __imp_PyErr_Format         0000000180023360     python38:python38.dll
 0002:00000368       __imp_PyErr_GivenExceptionMatches 0000000180023368     python38:python38.dll
 0002:00000370       __imp_PyErr_Restore        0000000180023370     python38:python38.dll
 0002:00000378       __imp_PyErr_Fetch          0000000180023378     python38:python38.dll
 0002:00000380       __imp_PyErr_Clear          0000000180023380     python38:python38.dll
 0002:00000388       __imp_PyErr_Occurred       0000000180023388     python38:python38.dll
 0002:00000390       __imp_PyErr_SetString      0000000180023390     python38:python38.dll
 0002:00000398       __imp_PyCapsule_Import     0000000180023398     python38:python38.dll
 0002:000003a0       __imp_PyCapsule_GetPointer 00000001800233a0     python38:python38.dll
 0002:000003a8       __imp_PyCapsule_New        00000001800233a8     python38:python38.dll
 0002:000003b0       __imp_PyModule_GetDict     00000001800233b0     python38:python38.dll
 0002:000003b8       __imp_PyCFunction_GetFlags 00000001800233b8     python38:python38.dll
 0002:000003c0       __imp_PyCFunction_GetSelf  00000001800233c0     python38:python38.dll
 0002:000003c8       __imp_PyCFunction_GetFunction 00000001800233c8     python38:python38.dll
 0002:000003d0       __imp_PyDict_SetItemString 00000001800233d0     python38:python38.dll
 0002:000003d8       __imp_PyDict_SetItem       00000001800233d8     python38:python38.dll
 0002:000003e0       __imp_PyDict_New           00000001800233e0     python38:python38.dll
 0002:000003e8       __imp_PyTuple_SetItem      00000001800233e8     python38:python38.dll
 0002:000003f0       __imp_PyTuple_GetItem      00000001800233f0     python38:python38.dll
 0002:000003f8       __imp_PyTuple_Size         00000001800233f8     python38:python38.dll
 0002:00000400       __imp_PyTuple_New          0000000180023400     python38:python38.dll
 0002:00000408       __imp_PyBool_FromLong      0000000180023408     python38:python38.dll
 0002:00000410       __imp_PyLong_AsUnsignedLongLong 0000000180023410     python38:python38.dll
 0002:00000418       __imp_PyLong_FromUnsignedLongLong 0000000180023418     python38:python38.dll
 0002:00000420       __imp_PyLong_FromVoidPtr   0000000180023420     python38:python38.dll
 0002:00000428       __imp_PyLong_AsUnsignedLong 0000000180023428     python38:python38.dll
 0002:00000430       __imp_PyLong_AsLong        0000000180023430     python38:python38.dll
 0002:00000438       __imp_PyLong_FromSize_t    0000000180023438     python38:python38.dll
 0002:00000440       __imp_PyLong_FromLong      0000000180023440     python38:python38.dll
 0002:00000448       __imp_PyUnicode_CompareWithASCIIString 0000000180023448     python38:python38.dll
 0002:00000450       __imp_PyUnicode_Concat     0000000180023450     python38:python38.dll
 0002:00000458       __imp_PyUnicode_FromFormat 0000000180023458     python38:python38.dll
 0002:00000460       __imp_PyUnicode_FromString 0000000180023460     python38:python38.dll
 0002:00000468       __imp__PyObject_New        0000000180023468     python38:python38.dll
 0002:00000470       __imp_PyObject_Free        0000000180023470     python38:python38.dll
 0002:00000478       __imp_Py_DecRef            0000000180023478     python38:python38.dll
 0002:00000480       __imp__Py_Dealloc          0000000180023480     python38:python38.dll
 0002:00000488       __imp_PyObject_IsTrue      0000000180023488     python38:python38.dll
 0002:00000490       __imp_PyObject_GenericGetAttr 0000000180023490     python38:python38.dll
 0002:00000498       __imp_PyObject_SetAttr     0000000180023498     python38:python38.dll
 0002:000004a0       __imp_PyObject_GetAttr     00000001800234a0     python38:python38.dll
 0002:000004a8       __imp_PyObject_GetAttrString 00000001800234a8     python38:python38.dll
 0002:000004b0       __imp_PyType_Modified      00000001800234b0     python38:python38.dll
 0002:000004b8       __imp_PyType_GetFlags      00000001800234b8     python38:python38.dll
 0002:000004c0       __imp_PyType_GetSlot       00000001800234c0     python38:python38.dll
 0002:000004c8       __imp_PyType_FromSpec      00000001800234c8     python38:python38.dll
 0002:000004d0       __imp_PyType_Type          00000001800234d0     python38:python38.dll
 0002:000004d8       \177python38_NULL_THUNK_DATA 00000001800234d8     python38:python38.dll
 0002:000004e0       __guard_check_icall_fptr   00000001800234e0     MSVCRT:guard_support.obj
 0002:000004e8       __guard_dispatch_icall_fptr 00000001800234e8     MSVCRT:guard_support.obj
 0002:000004f0       __xc_a                     00000001800234f0     MSVCRT:initializers.obj
 0002:000004f8       __xc_z                     00000001800234f8     MSVCRT:initializers.obj
 0002:00000500       __xi_a                     0000000180023500     MSVCRT:initializers.obj
 0002:00000510       __xi_z                     0000000180023510     MSVCRT:initializers.obj
 0002:00000518       __xl_a                     0000000180023518     MSVCRT:tlssup.obj
 0002:00000520       __xl_z                     0000000180023520     MSVCRT:tlssup.obj
 0002:00000528       __xp_a                     0000000180023528     MSVCRT:initializers.obj
 0002:00000530       __xp_z                     0000000180023530     MSVCRT:initializers.obj
 0002:00000538       __xt_a                     0000000180023538     MSVCRT:initializers.obj
 0002:00000540       __xt_z                     0000000180023540     MSVCRT:initializers.obj
 0002:00000550       ??_C@_0BK@IMDBFCIF@array_of_rangesets_resize@ 0000000180023550     range.obj
 0002:00000570       ??_C@_0BI@ICGPMAJB@array_of_rangesets_grow@ 0000000180023570     range.obj
 0002:00000588       ??_C@_0BL@JLPAABNI@array_of_rangesets_reserve@ 0000000180023588     range.obj
 0002:000005a8       ??_C@_0BI@GFAOLKCM@array_of_rangesets_swap@ 00000001800235a8     range.obj
 0002:000005c0       ??_C@_0BK@OECHJLNG@array_of_rangesets_inject@ 00000001800235c0     range.obj
 0002:000005e0       ??_C@_0BK@OGJIGJDC@array_of_rangesets___eq__@ 00000001800235e0     range.obj
 0002:00000600       ??_C@_0BK@EODDJIOL@array_of_rangesets___ne__@ 0000000180023600     range.obj
 0002:00000620       ??_C@_0BJ@CNPFPGIP@array_of_rangesets_begin@ 0000000180023620     range.obj
 0002:00000640       ??_C@_0BH@PFJEPPJN@array_of_rangesets_end@ 0000000180023640     range.obj
 0002:00000658       ??_C@_0BK@JEDDKHGC@array_of_rangesets_insert@ 0000000180023658     range.obj
 0002:00000678       ??_C@_0BJ@DFBOCNBE@array_of_rangesets_erase@ 0000000180023678     range.obj
 0002:00000698       ??_C@_0BI@FIDKBCBK@array_of_rangesets_find@ 0000000180023698     range.obj
 0002:000006b0       ??_C@_0BH@JCBOEOL@array_of_rangesets_has@ 00000001800236b0     range.obj
 0002:000006c8       ??_C@_0BO@FFKHKPGO@array_of_rangesets_add_unique@ 00000001800236c8     range.obj
 0002:000006e8       ??_C@_0BI@MCONHFNJ@array_of_rangesets__del@ 00000001800236e8     range.obj
 0002:00000700       ??_C@_0BP@KOHDHDEH@array_of_rangesets___getitem__@ 0000000180023700     range.obj
 0002:00000720       ??_C@_0BP@IADGFCNF@array_of_rangesets___setitem__@ 0000000180023720     range.obj
 0002:00000740       ??_C@_0BF@EDLPIILC@range_t_start_ea_set@ 0000000180023740     range.obj
 0002:00000758       ??_C@_0BD@FMGNAAHH@range_t_end_ea_set@ 0000000180023758     range.obj
 0002:00000770       ??_C@_0M@CHKHGKDP@new_range_t@ 0000000180023770     range.obj
 0002:00000780       ??_C@_0BA@CPDIPHGO@range_t_compare@ 0000000180023780     range.obj
 0002:00000790       ??_C@_0P@IHPJAKLB@range_t___eq__@ 0000000180023790     range.obj
 0002:000007a0       ??_C@_0P@CPFCPLGI@range_t___ne__@ 00000001800237a0     range.obj
 0002:000007b0       ??_C@_0P@MKOHKJOD@range_t___gt__@ 00000001800237b0     range.obj
 0002:000007c0       ??_C@_0P@LNDHJIPC@range_t___lt__@ 00000001800237c0     range.obj
 0002:000007d0       ??_C@_0BB@IPADDJGJ@range_t_contains@ 00000001800237d0     range.obj
 0002:000007e8       ??_C@_0BB@PFABDFLO@range_t_overlaps@ 00000001800237e8     range.obj
 0002:00000800       ??_C@_0BC@DHAMIDED@range_t_intersect@ 0000000180023800     range.obj
 0002:00000818       ??_C@_0P@KKDNLEG@range_t_extend@ 0000000180023818     range.obj
 0002:00000828       ??_C@_0P@IAJEHALC@new_rangevec_t@ 0000000180023828     range.obj
 0002:00000838       ??_C@_0P@BNJHIOCH@new_rangeset_t@ 0000000180023838     range.obj
 0002:00000848       ??_C@_0BA@IOHILNNI@rangeset_t_swap@ 0000000180023848     range.obj
 0002:00000858       ??_C@_0P@PFACGNJ@rangeset_t_add@ 0000000180023858     range.obj
 0002:00000868       ??_C@_0P@LOPONHAM@rangeset_t_sub@ 0000000180023868     range.obj
 0002:00000878       ??_C@_0BE@LFGJLMNP@rangeset_t_includes@ 0000000180023878     range.obj
 0002:00000890       ??_C@_0BE@FOKFAKCP@rangeset_t_getrange@ 0000000180023890     range.obj
 0002:000008a8       ??_C@_0BG@FPKPJNC@rangeset_t_has_common@ 00000001800238a8     range.obj
 0002:000008c0       ??_C@_0BE@JOANBJH@rangeset_t_contains@ 00000001800238c0     range.obj
 0002:000008d8       ??_C@_0BF@GNIPLPLA@rangeset_t_intersect@ 00000001800238d8     range.obj
 0002:000008f0       ??_C@_0BI@CDNLIOMI@rangeset_t_is_subset_of@ 00000001800238f0     range.obj
 0002:00000908       ??_C@_0BE@MNGNDGLD@rangeset_t_is_equal@ 0000000180023908     range.obj
 0002:00000920       ??_C@_0BC@ICMDDFO@rangeset_t___eq__@ 0000000180023920     range.obj
 0002:00000938       ??_C@_0BC@KAIHMCIH@rangeset_t___ne__@ 0000000180023938     range.obj
 0002:00000950       ??_C@_0BB@JHMOLGIN@rangeset_t_begin@ 0000000180023950     range.obj
 0002:00000968       ??_C@_0P@INKFDEFI@rangeset_t_end@ 0000000180023968     range.obj
 0002:00000978       ??_C@_0BG@CLFKGMNC@rangeset_t_find_range@ 0000000180023978     range.obj
 0002:00000990       ??_C@_0BF@NBLLLMEN@rangeset_t_next_addr@ 0000000180023990     range.obj
 0002:000009a8       ??_C@_0BF@FAFMBHHN@rangeset_t_prev_addr@ 00000001800239a8     range.obj
 0002:000009c0       ??_C@_0BG@CIMEGHMJ@rangeset_t_next_range@ 00000001800239c0     range.obj
 0002:000009d8       ??_C@_0BG@OJMLAMO@rangeset_t_prev_range@ 00000001800239d8     range.obj
 0002:000009f0       ??_C@_0DO@OFCJCEH@?6rangevec_base_t?$CI?$CJ?6new_rangevec@ 00000001800239f0     range.obj
 0002:00000a30       ??_C@_0BH@GDOHHBLG@delete_rangevec_base_t@ 0000000180023a30     range.obj
 0002:00000a48       ??_C@_0BN@FAMCKFIE@delete_rangevec_base_t?$CIself?$CJ@ 0000000180023a48     range.obj
 0002:00000a70       ??_C@_0FA@CADMFPNI@?6rangevec_base_t_push_back?$CIself@ 0000000180023a70     range.obj
 0002:00000ac0       ??_C@_0BJ@PMNJJDFH@rangevec_base_t_pop_back@ 0000000180023ac0     range.obj
 0002:00000ae0       ??_C@_0BP@DJHFIJED@rangevec_base_t_pop_back?$CIself?$CJ@ 0000000180023ae0     range.obj
 0002:00000b00       ??_C@_0BF@OLDGKIDF@rangevec_base_t_size@ 0000000180023b00     range.obj
 0002:00000b18       ??_C@_0CF@BICEGOBD@rangevec_base_t_size?$CIself?$CJ?5?9?$DO?5s@ 0000000180023b18     range.obj
 0002:00000b40       ??_C@_0BG@PKPDFOFB@rangevec_base_t_empty@ 0000000180023b40     range.obj
 0002:00000b58       ??_C@_0CE@OAPOAPNH@rangevec_base_t_empty?$CIself?$CJ?5?9?$DO?5@ 0000000180023b58     range.obj
 0002:00000b80       ??_C@_0CK@CDDFFBHJ@rangevec_base_t_at?$CIself?0?5_idx?$CJ?5@ 0000000180023b80     range.obj
 0002:00000bb0       ??_C@_0BH@PHIEOIFE@rangevec_base_t_qclear@ 0000000180023bb0     range.obj
 0002:00000bc8       ??_C@_0BN@ENBBCKN@rangevec_base_t_qclear?$CIself?$CJ@ 0000000180023bc8     range.obj
 0002:00000be8       ??_C@_0BG@IPBEILAB@rangevec_base_t_clear@ 0000000180023be8     range.obj
 0002:00000c00       ??_C@_0BM@GBKCFODI@rangevec_base_t_clear?$CIself?$CJ@ 0000000180023c00     range.obj
 0002:00000c20       ??_C@_0FD@ILHDCIHH@?6rangevec_base_t_resize?$CIself?0?5_@ 0000000180023c20     range.obj
 0002:00000c78       ??_C@_0CI@DDLGPNKD@rangevec_base_t_grow?$CIself?0?5x?$DNra@ 0000000180023c78     range.obj
 0002:00000ca0       ??_C@_0BJ@NLCHFNHF@rangevec_base_t_capacity@ 0000000180023ca0     range.obj
 0002:00000cc0       ??_C@_0CJ@LBMCDMEA@rangevec_base_t_capacity?$CIself?$CJ?5@ 0000000180023cc0     range.obj
 0002:00000cf0       ??_C@_0CD@GDOAKOAF@rangevec_base_t_reserve?$CIself?0?5c@ 0000000180023cf0     range.obj
 0002:00000d18       ??_C@_0BJ@GBBPKMMF@rangevec_base_t_truncate@ 0000000180023d18     range.obj
 0002:00000d38       ??_C@_0BP@OMEHILCF@rangevec_base_t_truncate?$CIself?$CJ@ 0000000180023d38     range.obj
 0002:00000d58       ??_C@_0BO@GONABPEP@rangevec_base_t_swap?$CIself?0?5r?$CJ@ 0000000180023d58     range.obj
 0002:00000d78       ??_C@_0BI@JKCLFIDB@rangevec_base_t_extract@ 0000000180023d78     range.obj
 0002:00000d90       ??_C@_0CJ@EGCGPDMA@rangevec_base_t_extract?$CIself?$CJ?5?9@ 0000000180023d90     range.obj
 0002:00000dc0       ??_C@_0CF@DAFOJEAB@rangevec_base_t_inject?$CIself?0?5s?0@ 0000000180023dc0     range.obj
 0002:00000de8       ??_C@_0CI@BBFOJAK@rangevec_base_t___eq__?$CIself?0?5r?$CJ@ 0000000180023de8     range.obj
 0002:00000e10       ??_C@_0CI@NIDDHEBN@rangevec_base_t___ne__?$CIself?0?5r?$CJ@ 0000000180023e10     range.obj
 0002:00000e40       ??_C@_0FA@MOIJDPCD@?6rangevec_base_t_begin?$CIself?$CJ?5?9?$DO@ 0000000180023e40     range.obj
 0002:00000e90       ??_C@_0EM@EMDCJADH@?6rangevec_base_t_end?$CIself?$CJ?5?9?$DO?5r@ 0000000180023e90     range.obj
 0002:00000ee0       ??_C@_0CP@JMFNODME@rangevec_base_t_insert?$CIself?0?5it@ 0000000180023ee0     range.obj
 0002:00000f10       ??_C@_0GB@FCOBKLFO@?6rangevec_base_t_erase?$CIself?0?5it@ 0000000180023f10     range.obj
 0002:00000f80       ??_C@_0FE@GFFGDG@?6rangevec_base_t_find?$CIself?0?5x?$CJ?5@ 0000000180023f80     range.obj
 0002:00000fd8       ??_C@_0CF@FDMAKCFF@rangevec_base_t_has?$CIself?0?5x?$CJ?5?9?$DO@ 0000000180023fd8     range.obj
 0002:00001000       ??_C@_0CM@CKMHOJGG@rangevec_base_t_add_unique?$CIself@ 0000000180024000     range.obj
 0002:00001030       ??_C@_0CG@ECFPIDMK@rangevec_base_t__del?$CIself?0?5x?$CJ?5?9@ 0000000180024030     range.obj
 0002:00001058       ??_C@_0BI@LKBLCKDJ@rangevec_base_t___len__@ 0000000180024058     range.obj
 0002:00001070       ??_C@_0CI@PHIFBKIG@rangevec_base_t___len__?$CIself?$CJ?5?9@ 0000000180024070     range.obj
 0002:00001098       ??_C@_0DA@IDHOMCHF@rangevec_base_t___getitem__?$CIsel@ 0000000180024098     range.obj
 0002:000010c8       ??_C@_0CI@CALKECOI@rangevec_base_t___setitem__?$CIsel@ 00000001800240c8     range.obj
 0002:000010f0       ??_C@_0BN@MMAIEIGF@rangevec_base_t_swigregister@ 00000001800240f0     range.obj
 0002:00001110       ??_C@_0BJ@JPBLHDNO@rangevec_base_t_swiginit@ 0000000180024110     range.obj
 0002:00001130       ??_C@_0EH@IAJDPAGN@?6array_of_rangesets?$CI?$CJ?6new_array@ 0000000180024130     range.obj
 0002:00001178       ??_C@_0BK@LHHFBINB@delete_array_of_rangesets@ 0000000180024178     range.obj
 0002:00001198       ??_C@_0CA@EMNIDLJJ@delete_array_of_rangesets?$CIself?$CJ@ 0000000180024198     range.obj
 0002:000011c0       ??_C@_0FJ@MGCLFFKK@?6array_of_rangesets_push_back?$CIs@ 00000001800241c0     range.obj
 0002:00001220       ??_C@_0BM@IMAGJGIF@array_of_rangesets_pop_back@ 0000000180024220     range.obj
 0002:00001240       ??_C@_0CC@IEKFHKII@array_of_rangesets_pop_back?$CIsel@ 0000000180024240     range.obj
 0002:00001268       ??_C@_0BI@PCAODAAF@array_of_rangesets_size@ 0000000180024268     range.obj
 0002:00001280       ??_C@_0CI@IHENHODD@array_of_rangesets_size?$CIself?$CJ?5?9@ 0000000180024280     range.obj
 0002:000012a8       ??_C@_0BJ@NMDDFGGF@array_of_rangesets_empty@ 00000001800242a8     range.obj
 0002:000012c8       ??_C@_0CH@DGAKIKJB@array_of_rangesets_empty?$CIself?$CJ?5@ 00000001800242c8     range.obj
 0002:000012f0       ??_C@_0DA@KJDGHCMK@array_of_rangesets_at?$CIself?0?5_id@ 00000001800242f0     range.obj
 0002:00001320       ??_C@_0BK@NGBGNMOJ@array_of_rangesets_qclear@ 0000000180024320     range.obj
 0002:00001340       ??_C@_0CA@NIOCAJLI@array_of_rangesets_qclear?$CIself?$CJ@ 0000000180024340     range.obj
 0002:00001360       ??_C@_0BJ@KJNEIDDF@array_of_rangesets_clear@ 0000000180024360     range.obj
 0002:00001380       ??_C@_0BP@IELEIEBG@array_of_rangesets_clear?$CIself?$CJ@ 0000000180024380     range.obj
 0002:000013a0       ??_C@_0FJ@BCKLMGPM@?6array_of_rangesets_resize?$CIself@ 00000001800243a0     range.obj
 0002:00001400       ??_C@_0CO@LEAGPMIB@array_of_rangesets_grow?$CIself?0?5x@ 0000000180024400     range.obj
 0002:00001430       ??_C@_0BM@KLPIFIKH@array_of_rangesets_capacity@ 0000000180024430     range.obj
 0002:00001450       ??_C@_0CM@NJFJGODF@array_of_rangesets_capacity?$CIsel@ 0000000180024450     range.obj
 0002:00001480       ??_C@_0CG@EBMGAAKF@array_of_rangesets_reserve?$CIself@ 0000000180024480     range.obj
 0002:000014a8       ??_C@_0BM@BBMAKJBH@array_of_rangesets_truncate@ 00000001800244a8     range.obj
 0002:000014c8       ??_C@_0CC@FBJHHIOO@array_of_rangesets_truncate?$CIsel@ 00000001800244c8     range.obj
 0002:000014f0       ??_C@_0CB@DNBMILP@array_of_rangesets_swap?$CIself?0?5r@ 00000001800244f0     range.obj
 0002:00001518       ??_C@_0BL@CPNKAFDE@array_of_rangesets_extract@ 0000000180024518     range.obj
 0002:00001538       ??_C@_0CP@CEFJOHIH@array_of_rangesets_extract?$CIself@ 0000000180024538     range.obj
 0002:00001568       ??_C@_0CI@KPDHIECB@array_of_rangesets_inject?$CIself?0@ 0000000180024568     range.obj
 0002:00001590       ??_C@_0CL@EHPEGENI@array_of_rangesets___eq__?$CIself?0@ 0000000180024590     range.obj
 0002:000015c0       ??_C@_0CL@JONCPJMP@array_of_rangesets___ne__?$CIself?0@ 00000001800245c0     range.obj
 0002:000015f0       ??_C@_0FM@DIIICMP@?6array_of_rangesets_begin?$CIself?$CJ@ 00000001800245f0     range.obj
 0002:00001650       ??_C@_0FI@OLENMIKC@?6array_of_rangesets_end?$CIself?$CJ?5?9@ 0000000180024650     range.obj
 0002:000016a8       ??_C@_0DF@LHHAPHHN@array_of_rangesets_insert?$CIself?0@ 00000001800246a8     range.obj
 0002:000016e0       ??_C@_0GN@IBNKLKEH@?6array_of_rangesets_erase?$CIself?0@ 00000001800246e0     range.obj
 0002:00001750       ??_C@_0GA@GGLMLPDD@?6array_of_rangesets_find?$CIself?0?5@ 0000000180024750     range.obj
 0002:000017b0       ??_C@_0CI@MMKJLCHF@array_of_rangesets_has?$CIself?0?5x?$CJ@ 00000001800247b0     range.obj
 0002:000017d8       ??_C@_0CP@JHKNDGKP@array_of_rangesets_add_unique?$CIs@ 00000001800247d8     range.obj
 0002:00001808       ??_C@_0CJ@HJKOMKBC@array_of_rangesets__del?$CIself?0?5x@ 0000000180024808     range.obj
 0002:00001838       ??_C@_0BL@POKHHDM@array_of_rangesets___len__@ 0000000180024838     range.obj
 0002:00001858       ??_C@_0CL@LBGEJHFE@array_of_rangesets___len__?$CIself@ 0000000180024858     range.obj
 0002:00001888       ??_C@_0DG@HPDMFHAN@array_of_rangesets___getitem__?$CI@ 0000000180024888     range.obj
 0002:000018c0       ??_C@_0CL@GGFLMPDK@array_of_rangesets___setitem__?$CI@ 00000001800248c0     range.obj
 0002:000018f0       ??_C@_0CA@BADLFDHA@array_of_rangesets_swigregister@ 00000001800248f0     range.obj
 0002:00001910       ??_C@_0BM@OPMEHGAM@array_of_rangesets_swiginit@ 0000000180024910     range.obj
 0002:00001930       ??_C@_0O@OOAKNFDO@range_t_print@ 0000000180024930     range.obj
 0002:00001940       ??_C@_0BM@FFNJMGLD@range_t_print?$CIcb?$CJ?5?9?$DO?5size_t@ 0000000180024940     range.obj
 0002:00001960       ??_C@_0CF@PFNMDDCG@range_t_start_ea_set?$CIself?0?5star@ 0000000180024960     range.obj
 0002:00001988       ??_C@_0BF@JMMEEIHK@range_t_start_ea_get@ 0000000180024988     range.obj
 0002:000019a0       ??_C@_0CD@FKBPGAPP@range_t_start_ea_get?$CIself?$CJ?5?9?$DO?5e@ 00000001800249a0     range.obj
 0002:000019c8       ??_C@_0CB@KAMDJPLJ@range_t_end_ea_set?$CIself?0?5end_ea@ 00000001800249c8     range.obj
 0002:000019f0       ??_C@_0BD@IDBGMALP@range_t_end_ea_get@ 00000001800249f0     range.obj
 0002:00001a08       ??_C@_0CB@GLJGHLIF@range_t_end_ea_get?$CIself?$CJ?5?9?$DO?5ea_@ 0000000180024a08     range.obj
 0002:00001a30       ??_C@_0CN@OMMJBEKE@?6range_t?$CI?$CJ?6new_range_t?$CIea1?0?5ea2@ 0000000180024a30     range.obj
 0002:00001a60       ??_C@_0CA@CBNCOJHC@range_t_compare?$CIself?0?5r?$CJ?5?9?$DO?5int@ 0000000180024a60     range.obj
 0002:00001a80       ??_C@_0CA@FEHMDNJF@range_t___eq__?$CIself?0?5r?$CJ?5?9?$DO?5bool@ 0000000180024a80     range.obj
 0002:00001aa0       ??_C@_0CA@INFKKAIC@range_t___ne__?$CIself?0?5r?$CJ?5?9?$DO?5bool@ 0000000180024aa0     range.obj
 0002:00001ac0       ??_C@_0CA@PHAPHDDA@range_t___gt__?$CIself?0?5r?$CJ?5?9?$DO?5bool@ 0000000180024ac0     range.obj
 0002:00001ae0       ??_C@_0CA@HHDEPIHA@range_t___lt__?$CIself?0?5r?$CJ?5?9?$DO?5bool@ 0000000180024ae0     range.obj
 0002:00001b00       ??_C@_0EH@DOGBNCAF@?6range_t_contains?$CIself?0?5ea?$CJ?5?9?$DO?5@ 0000000180024b00     range.obj
 0002:00001b48       ??_C@_0CC@GBFPLNOB@range_t_overlaps?$CIself?0?5r?$CJ?5?9?$DO?5bo@ 0000000180024b48     range.obj
 0002:00001b70       ??_C@_0O@KDEINDOL@range_t_clear@ 0000000180024b70     range.obj
 0002:00001b80       ??_C@_0BE@GOJCONEI@range_t_clear?$CIself?$CJ@ 0000000180024b80     range.obj
 0002:00001b98       ??_C@_0O@NGKPAGLL@range_t_empty@ 0000000180024b98     range.obj
 0002:00001ba8       ??_C@_0BM@NLBJFLAG@range_t_empty?$CIself?$CJ?5?9?$DO?5bool@ 0000000180024ba8     range.obj
 0002:00001bc8       ??_C@_0N@GOPAMJIL@range_t_size@ 0000000180024bc8     range.obj
 0002:00001bd8       ??_C@_0BO@KJMLHGC@range_t_size?$CIself?$CJ?5?9?$DO?5asize_t@ 0000000180024bd8     range.obj
 0002:00001bf8       ??_C@_0BL@MMFAHGEJ@range_t_intersect?$CIself?0?5r?$CJ@ 0000000180024bf8     range.obj
 0002:00001c18       ??_C@_0BJ@GNLHJMGP@range_t_extend?$CIself?0?5ea?$CJ@ 0000000180024c18     range.obj
 0002:00001c38       ??_C@_0P@GFLHPLHO@range_t__print@ 0000000180024c38     range.obj
 0002:00001c48       ??_C@_0BP@LHJFBKCM@range_t__print?$CIself?$CJ?5?9?$DO?5size_t@ 0000000180024c48     range.obj
 0002:00001c68       ??_C@_0P@OCGFODAG@delete_range_t@ 0000000180024c68     range.obj
 0002:00001c78       ??_C@_0BF@EGGJMNIG@delete_range_t?$CIself?$CJ@ 0000000180024c78     range.obj
 0002:00001c90       ??_C@_0BF@JMACAJOK@range_t_swigregister@ 0000000180024c90     range.obj
 0002:00001ca8       ??_C@_0BB@CLNBOMAH@range_t_swiginit@ 0000000180024ca8     range.obj
 0002:00001cc0       ??_C@_0BP@ODPPKFDO@new_rangevec_t?$CI?$CJ?5?9?$DO?5rangevec_t@ 0000000180024cc0     range.obj
 0002:00001ce0       ??_C@_0BC@DEAFCOPG@delete_rangevec_t@ 0000000180024ce0     range.obj
 0002:00001cf8       ??_C@_0BI@PAFMEGHE@delete_rangevec_t?$CIself?$CJ@ 0000000180024cf8     range.obj
 0002:00001d10       ??_C@_0BI@CFILAHNA@rangevec_t_swigregister@ 0000000180024d10     range.obj
 0002:00001d28       ??_C@_0BE@FHMBBKPA@rangevec_t_swiginit@ 0000000180024d28     range.obj
 0002:00001d40       ??_C@_0ED@MGDPGBIP@?6rangeset_t?$CI?$CJ?6rangeset_t?$CIrange?$CJ@ 0000000180024d40     range.obj
 0002:00001d88       ??_C@_0BJ@DBDFFNGA@rangeset_t_swap?$CIself?0?5r?$CJ@ 0000000180024d88     range.obj
 0002:00001db0       ??_C@_0HD@DCECLILO@?6rangeset_t_add?$CIself?0?5range?$CJ?5?9?$DO@ 0000000180024db0     range.obj
 0002:00001e30       ??_C@_0GK@OIDLOAMB@?6rangeset_t_sub?$CIself?0?5range?$CJ?5?9?$DO@ 0000000180024e30     range.obj
 0002:00001ea0       ??_C@_0CJ@DHAIBNNB@rangeset_t_includes?$CIself?0?5range@ 0000000180024ea0     range.obj
 0002:00001ed0       ??_C@_0BC@OKGCMCJB@rangeset_t__print@ 0000000180024ed0     range.obj
 0002:00001ee8       ??_C@_0CC@EBNHBBOL@rangeset_t__print?$CIself?$CJ?5?9?$DO?5size@ 0000000180024ee8     range.obj
 0002:00001f10       ??_C@_0CK@MELBHKJI@rangeset_t_getrange?$CIself?0?5idx?$CJ?5@ 0000000180024f10     range.obj
 0002:00001f40       ??_C@_0BF@GICONGJ@rangeset_t_lastrange@ 0000000180024f40     range.obj
 0002:00001f58       ??_C@_0CG@ECJJKODP@rangeset_t_lastrange?$CIself?$CJ?5?9?$DO?5r@ 0000000180024f58     range.obj
 0002:00001f80       ??_C@_0BD@KIGIDAH@rangeset_t_nranges@ 0000000180024f80     range.obj
 0002:00001f98       ??_C@_0CD@GDAHBLGJ@rangeset_t_nranges?$CIself?$CJ?5?9?$DO?5siz@ 0000000180024f98     range.obj
 0002:00001fc0       ??_C@_0BB@GGAIBGGH@rangeset_t_empty@ 0000000180024fc0     range.obj
 0002:00001fd8       ??_C@_0BP@LCHGGLJK@rangeset_t_empty?$CIself?$CJ?5?9?$DO?5bool@ 0000000180024fd8     range.obj
 0002:00001ff8       ??_C@_0BB@BDOPMDDH@rangeset_t_clear@ 0000000180024ff8     range.obj
 0002:00002010       ??_C@_0BH@HOGMHJDC@rangeset_t_clear?$CIself?$CJ@ 0000000180025010     range.obj
 0002:00002030       ??_C@_0FH@DLLFOILD@?6rangeset_t_has_common?$CIself?0?5ra@ 0000000180025030     range.obj
 0002:00002090       ??_C@_0FA@PCNCBFPH@?6rangeset_t_contains?$CIself?0?5ea?$CJ?5@ 0000000180025090     range.obj
 0002:000020e0       ??_C@_0CJ@JKAIMNGP@rangeset_t_intersect?$CIself?0?5aset@ 00000001800250e0     range.obj
 0002:00002110       ??_C@_0CM@KJNBOLLP@rangeset_t_is_subset_of?$CIself?0?5a@ 0000000180025110     range.obj
 0002:00002140       ??_C@_0CI@KJKIHJGI@rangeset_t_is_equal?$CIself?0?5aset?$CJ@ 0000000180025140     range.obj
 0002:00002168       ??_C@_0CG@CDDNMGFP@rangeset_t___eq__?$CIself?0?5aset?$CJ?5?9@ 0000000180025168     range.obj
 0002:00002190       ??_C@_0CG@CMLGACNJ@rangeset_t___ne__?$CIself?0?5aset?$CJ?5?9@ 0000000180025190     range.obj
 0002:000021c0       ??_C@_0EG@LMBKOLC@?6rangeset_t_begin?$CIself?$CJ?5?9?$DO?5rang@ 00000001800251c0     range.obj
 0002:00002210       ??_C@_0EC@NIPPMPOI@?6rangeset_t_end?$CIself?$CJ?5?9?$DO?5range_@ 0000000180025210     range.obj
 0002:00002258       ??_C@_0CL@LBBIIBCN@rangeset_t_find_range?$CIself?0?5ea?$CJ@ 0000000180025258     range.obj
 0002:00002288       ??_C@_0BI@LNFBJHDJ@rangeset_t_cached_range@ 0000000180025288     range.obj
 0002:000022a0       ??_C@_0CJ@JFKFLFMI@rangeset_t_cached_range?$CIself?$CJ?5?9@ 00000001800252a0     range.obj
 0002:000022d0       ??_C@_0CH@IDDJOGNK@rangeset_t_next_addr?$CIself?0?5ea?$CJ?5@ 00000001800252d0     range.obj
 0002:000022f8       ??_C@_0CH@LOEAFMKP@rangeset_t_prev_addr?$CIself?0?5ea?$CJ?5@ 00000001800252f8     range.obj
 0002:00002320       ??_C@_0CI@MMOBNHN@rangeset_t_next_range?$CIself?0?5ea?$CJ@ 0000000180025320     range.obj
 0002:00002348       ??_C@_0CI@CMJMOBHE@rangeset_t_prev_range?$CIself?0?5ea?$CJ@ 0000000180025348     range.obj
 0002:00002370       ??_C@_0BC@KJAGNAGD@delete_rangeset_t@ 0000000180025370     range.obj
 0002:00002388       ??_C@_0BI@KNINKLPF@delete_rangeset_t?$CIself?$CJ@ 0000000180025388     range.obj
 0002:000023a0       ??_C@_0BI@CMMCGPFM@rangeset_t_swigregister@ 00000001800253a0     range.obj
 0002:000023b8       ??_C@_0BE@KNDCAEPJ@rangeset_t_swiginit@ 00000001800253b8     range.obj
 0002:000023d0       ??_C@_0BE@LADBKDLC@_p__qstringT_char_t@ 00000001800253d0     range.obj
 0002:000023e8       ??_C@_0BN@OHJFNODI@_qstring?$DM?5char?5?$DO?5?$CK?$HMqstring?5?$CK@ 00000001800253e8     range.obj
 0002:00002408       ??_C@_0BN@OGMFMNEO@_p__qstringT_unsigned_char_t@ 0000000180025408     range.obj
 0002:00002428       ??_C@_0CE@FCOOCMMP@qtype?5?$CK?$HM_qstring?$DM?5unsigned?5char@ 0000000180025428     range.obj
 0002:00002450       ??_C@_0BO@NPELMEMN@_p__qstringT_unsigned_short_t@ 0000000180025450     range.obj
 0002:00002470       ??_C@_0CI@MOGIECDE@_qstring?$DM?5unsigned?5short?5?$DO?5?$CK?$HMqw@ 0000000180025470     range.obj
 0002:00002498       ??_C@_0BF@FIODJLOI@_p_action_ctx_base_t@ 0000000180025498     range.obj
 0002:000024b0       ??_C@_0EE@ODNBPOJC@action_ctx_base_t?5?$CK?$HMaction_upda@ 00000001800254b0     range.obj
 0002:000024f8       ??_C@_0N@IODFCNBG@_p_biggest_t@ 00000001800254f8     range.obj
 0002:00002508       ??_C@_0M@LMODFOHJ@biggest_t?5?$CK@ 0000000180025508     range.obj
 0002:00002518       ??_C@_0O@HOPHBKAL@char?5?$CK?$HMint8?5?$CK@ 0000000180025518     range.obj
 0002:00002528       ??_C@_0BC@KJKOCNNG@_p_const_iterator@ 0000000180025528     range.obj
 0002:00002540       ??_C@_0BB@LAJPCFIO@const_iterator?5?$CK@ 0000000180025540     range.obj
 0002:00002558       ??_C@_0CE@DHGPAIMI@_p_f_p_TWidget_int_int_p_void__@ 0000000180025558     range.obj
 0002:00002580       ??_C@_0DN@DFPOHMBA@custom_viewer_keydown_t?5?$CK?$HMbool?5@ 0000000180025580     range.obj
 0002:000025c0       ??_C@_0DF@PENMGFJK@_p_f_p_TWidget_int_p_view_mouse@ 00000001800255c0     range.obj
 0002:00002600       ??_C@_0FC@NPHKCCPL@void?5?$CI?$CK?$CJ?$CITWidget?5?$CK?0int?0view_mou@ 0000000180025600     range.obj
 0002:00002658       ??_C@_0CA@IGCEDJID@_p_f_p_TWidget_int_p_void__bool@ 0000000180025658     range.obj
 0002:00002680       ??_C@_0FC@PJNOFHGN@custom_viewer_click_t?5?$CK?$HMcustom_@ 0000000180025680     range.obj
 0002:000026d8       ??_C@_0CO@MIHLPJDD@_p_f_p_TWidget_p_lochist_entry_@ 00000001800256d8     range.obj
 0002:00002710       ??_C@_0EM@HBPJNBB@custom_viewer_adjust_place_t?5?$CK?$HM@ 0000000180025710     range.obj
 0002:00002760       ??_C@_0GM@LBGPKCPI@_p_f_p_TWidget_p_q_const__lochi@ 0000000180025760     range.obj
 0002:000027d0       ??_C@_0IF@FKBGALIG@void?5?$CI?$CK?$CJ?$CITWidget?5?$CK?0lochist_entr@ 00000001800257d0     range.obj
 0002:00002860       ??_C@_0FA@DFBJAGBE@_p_f_p_TWidget_p_q_const__lochi@ 0000000180025860     range.obj
 0002:000028b0       ??_C@_0GI@FMPBFLEM@custom_viewer_can_navigate_t?5?$CK?$HM@ 00000001800258b0     range.obj
 0002:00002918       ??_C@_0DH@JJEDBLDE@_p_f_p_TWidget_p_q_const__place@ 0000000180025918     range.obj
 0002:00002950       ??_C@_0EP@PJDAMEBK@code_viewer_lines_click_t?5?$CK?$HMvoi@ 0000000180025950     range.obj
 0002:000029a0       ??_C@_0DE@PBNPHPNC@_p_f_p_TWidget_p_q_const__place@ 00000001800259a0     range.obj
 0002:000029e0       ??_C@_0EL@JKPIBDKO@code_viewer_lines_icon_t?5?$CK?$HMint?5@ 00000001800259e0     range.obj
 0002:00002a30       ??_C@_0EB@FDCGDBJI@_p_f_p_TWidget_p_q_const__place@ 0000000180025a30     range.obj
 0002:00002a80       ??_C@_0FN@GGLCMJJK@custom_viewer_get_place_xcoord_@ 0000000180025a80     range.obj
 0002:00002ae0       ??_C@_0DO@KLDLOPHE@_p_f_p_TWidget_p_q_const__place@ 0000000180025ae0     range.obj
 0002:00002b20       ??_C@_0FI@GOMHMLF@code_viewer_lines_linenum_t?5?$CK?$HMb@ 0000000180025b20     range.obj
 0002:00002b78       ??_C@_0BL@BMEJNHDD@_p_f_p_TWidget_p_void__int@ 0000000180025b78     range.obj
 0002:00002b98       ??_C@_0DB@GMPMLKDG@custom_viewer_help_t?5?$CK?$HMint?5?$CI?$CK?$CJ?$CI@ 0000000180025b98     range.obj
 0002:00002bd0       ??_C@_0BM@PAKPNBHH@_p_f_p_TWidget_p_void__void@ 0000000180025bd0     range.obj
 0002:00002bf0       ??_C@_0GE@BLLNJKNN@custom_viewer_popup_t?5?$CK?$HMcustom_@ 0000000180025bf0     range.obj
 0002:00002c58       ??_C@_0DM@PKHFKJJF@_p_f_p_chooser_multi_t_p_sizeve@ 0000000180025c58     range.obj
 0002:00002ca0       ??_C@_0FA@INGPHNGB@chooser_base_t?3?3cbres_t?5?$CI?$CK?$CJ?$CIcho@ 0000000180025ca0     range.obj
 0002:00002cf0       ??_C@_0CN@LJCPBILN@_p_f_p_chooser_t_ssize_t__choos@ 0000000180025cf0     range.obj
 0002:00002d20       ??_C@_0DL@IKAMODJA@chooser_t?3?3cbret_t?5?$CI?$CK?$CJ?$CIchooser_@ 0000000180025d20     range.obj
 0002:00002d60       ??_C@_0EC@GIKOMIMG@_p_f_p_lochist_entry_t_r_q_cons@ 0000000180025d60     range.obj
 0002:00002db0       ??_C@_0FE@OJIOMBOE@bool?5?$CI?$CK?$CJ?$CIlochist_entry_t?5?$CK?0loch@ 0000000180025db0     range.obj
 0002:00002e08       ??_C@_0CC@HPECDOJE@_p_f_p_q_const__char_p_void__vo@ 0000000180025e08     range.obj
 0002:00002e30       ??_C@_0DA@LKJNDOAC@void?5?$CI?$CK?$CJ?$CIchar?5const?5?$CK?0void?5?$CK?$CJ?$HMs@ 0000000180025e30     range.obj
 0002:00002e60       ??_C@_0GC@HKCHLFJ@_p_f_p_q_const__char_r_q_const_@ 0000000180025e60     range.obj
 0002:00002ed0       ??_C@_0GE@CDAMLIPA@h2ti_type_cb?5?$CK?$HMint?5?$CI?$CK?$CJ?$CIchar?5con@ 0000000180025ed0     range.obj
 0002:00002f38       ??_C@_0CB@PLKCNJF@_p_f_p_q_const__char_v_______in@ 0000000180025f38     range.obj
 0002:00002f60       ??_C@_0CG@EHKOJEHN@int?5?$CI?$CK?$CJ?$CIchar?5const?5?$CK?0?4?4?4?$CJ?$HMprint@ 0000000180025f60     range.obj
 0002:00002f88       ??_C@_0CB@PPFKEDBB@_p_f_p_void_int_va_list__ssize_@ 0000000180025f88     range.obj
 0002:00002fb0       ??_C@_0CM@ODIKDJIA@ssize_t?5?$CI?$CK?$CJ?$CIvoid?5?$CK?0int?0va_list?$CJ@ 0000000180025fb0     range.obj
 0002:00002fe0       ??_C@_0CJ@KNMLBMOG@_p_f_r_q_const__insn_t_p_int_p_@ 0000000180025fe0     range.obj
 0002:00003010       ??_C@_0DI@CGFAFNOI@bool?5?$CI?$CK?$CJ?$CIinsn_t?5const?5?$CG?0int?5?$CK?0i@ 0000000180026010     range.obj
 0002:00003050       ??_C@_0FA@JJBGCIIH@_p_f_r_q_const__insn_t_r_q_cons@ 0000000180026050     range.obj
 0002:000030a0       ??_C@_0FE@IBKJNBMI@bool?5?$CI?$CK?$CJ?$CIinsn_t?5const?5?$CG?0op_t?5co@ 00000001800260a0     range.obj
 0002:000030f8       ??_C@_0BI@PGCOIKGG@_p_f_unsigned_int__bool@ 00000001800260f8     range.obj
 0002:00003110       ??_C@_0DN@OGOBIPP@bool?5?$CI?$CK?$CJ?$CIunsigned?5int?$CJ?$HMhas_dela@ 0000000180026110     range.obj
 0002:00003150       ??_C@_0DL@FFEHDPON@_p_f_unsigned_int_p_q_const__ch@ 0000000180026150     range.obj
 0002:00003190       ??_C@_0EK@MACPDLHN@int?5?$CI?$CK?$CJ?$CIunsigned?5int?0char?5const@ 0000000180026190     range.obj
 0002:000031e0       ??_C@_0BP@HNIFGGKH@_p_f_unsigned_int_p_void__bool@ 00000001800261e0     range.obj
 0002:00003200       ??_C@_0CI@PMEGIBIK@testf_t?5?$CK?$HMbool?5?$CI?$CK?$CJ?$CIunsigned?5int@ 0000000180026200     range.obj
 0002:00003228       ??_C@_0DB@CEAPILAH@_p_f_unsigned_int_r_q_const__ti@ 0000000180026228     range.obj
 0002:00003260       ??_C@_0EH@MLDNCCKC@local_tinfo_predicate_t?5?$CK?$HMint?5?$CI@ 0000000180026260     range.obj
 0002:000032a8       ??_C@_0CN@BPIIPJKN@_p_f_unsigned_int_unsigned_int_@ 00000001800262a8     range.obj
 0002:000032d8       ??_C@_0DO@CKIBBIPB@unsigned?5int?5?$CI?$CK?$CJ?$CIunsigned?5int?0u@ 00000001800262d8     range.obj
 0002:00003318       ??_C@_06EJFLAOFF@_p_int@   0000000180026318     range.obj
 0002:00003320       ??_C@_0IG@FDKJDHEK@adiff_t?5?$CK?$HMint?5?$CK?$HMint32?5?$CK?$HMsval_t?5@ 0000000180026320     range.obj
 0002:000033a8       ??_C@_0M@CFMLOKJJ@_p_iterator@ 00000001800263a8     range.obj
 0002:000033b8       ??_C@_0L@IIMCJLIP@iterator?5?$CK@ 00000001800263b8     range.obj
 0002:000033c8       ??_C@_0O@HDLJBJJF@_p_location_t@ 00000001800263c8     range.obj
 0002:000033d8       ??_C@_0N@ONMECIKA@location_t?5?$CK@ 00000001800263d8     range.obj
 0002:000033e8       ??_C@_0N@HIKGEFDH@_p_long_long@ 00000001800263e8     range.obj
 0002:000033f8       ??_C@_0BP@FECEFBLL@int64?5?$CK?$HMlonglong?5?$CK?$HMlong?5long?5?$CK@ 00000001800263f8     range.obj
 0002:00003418       ??_C@_0CJ@KBPLCHCN@_p_qvectorT__qstringT_unsigned_@ 0000000180026418     range.obj
 0002:00003448       ??_C@_0DF@GOALPBDM@qvector?$DM?5_qstring?$DM?5unsigned?5sho@ 0000000180026448     range.obj
 0002:00003480       ??_C@_0BH@EHIHPDFP@_p_qvectorT_argloc_t_t@ 0000000180026480     range.obj
 0002:00003498       ??_C@_0CC@PMMGEEHP@qvector?$DM?5argloc_t?5?$DO?5?$CK?$HMarglocs_t@ 0000000180026498     range.obj
 0002:000034c0       ??_C@_0BD@IFPOLGLB@_p_qvectorT_bool_t@ 00000001800264c0     range.obj
 0002:000034d8       ??_C@_0BO@JEOEHDBE@boolvec_t?5?$CK?$HMqvector?$DM?5bool?5?$DO?5?$CK@ 00000001800264d8     range.obj
 0002:000034f8       ??_C@_0BO@BMBALGLA@_p_qvectorT_channel_redir_t_t@ 00000001800264f8     range.obj
 0002:00003518       ??_C@_0DA@DFOFPPPA@qvector?$DM?5channel_redir_t?5?$DO?5?$CK?$HMch@ 0000000180026518     range.obj
 0002:00003548       ??_C@_0CA@KLOIFAIM@_p_qvectorT_compiled_binpat_t_t@ 0000000180026548     range.obj
 0002:00003568       ??_C@_0DH@JJMOBCIB@compiled_binpat_vec_t?5?$CK?$HMqvector@ 0000000180026568     range.obj
 0002:000035a0       ??_C@_0BI@HPPPANA@_p_qvectorT_funcarg_t_t@ 00000001800265a0     range.obj
 0002:000035b8       ??_C@_0CG@BKJABKPP@funcargvec_t?5?$CK?$HMqvector?$DM?5funcarg@ 00000001800265b8     range.obj
 0002:000035e0       ??_C@_0BC@EMAMHDDK@_p_qvectorT_int_t@ 00000001800265e0     range.obj
 0002:000035f8       ??_C@_0CI@OEOLBAGE@svalvec_t?5?$CK?$HMintvec_t?5?$CK?$HMqvector?$DM@ 00000001800265f8     range.obj
 0002:00003620       ??_C@_0BG@NGNJJEPD@_p_qvectorT_range_t_t@ 0000000180026620     range.obj
 0002:00003638       ??_C@_0CH@CMPFLCHN@rangevec_base_t?5?$CK?$HMqvector?$DM?5rang@ 0000000180026638     range.obj
 0002:00003660       ??_C@_0CB@DLEFICAI@_p_qvectorT_rangeset_t_const_p_@ 0000000180026660     range.obj
 0002:00003688       ??_C@_0DF@CPGECBJE@rangeset_crefvec_t?5?$CK?$HMqvector?$DM?5r@ 0000000180026688     range.obj
 0002:000036c0       ??_C@_0BJ@CBEEABAG@_p_qvectorT_rangeset_t_t@ 00000001800266c0     range.obj
 0002:000036e0       ??_C@_0CN@NEPIOIFG@qvector?$DM?5rangeset_t?5?$DO?5?$CK?$HMarray_o@ 00000001800266e0     range.obj
 0002:00003710       ??_C@_0BN@HCIAELAH@_p_qvectorT_refinfo_desc_t_t@ 0000000180026710     range.obj
 0002:00003730       ??_C@_0DB@OEPGJFJL@refinfo_desc_vec_t?5?$CK?$HMqvector?$DM?5r@ 0000000180026730     range.obj
 0002:00003768       ??_C@_0BK@JBDFAIAF@_p_qvectorT_simd_info_t_t@ 0000000180026768     range.obj
 0002:00003788       ??_C@_0CL@IAEHADMA@simd_info_vec_t?5?$CK?$HMqvector?$DM?5simd@ 0000000180026788     range.obj
 0002:000037b8       ??_C@_0BL@JOHIOMBL@_p_qvectorT_simpleline_t_t@ 00000001800267b8     range.obj
 0002:000037d8       ??_C@_0CF@LMLHENLN@strvec_t?5?$CK?$HMqvector?$DM?5simpleline_@ 00000001800267d8     range.obj
 0002:00003800       ??_C@_0BF@JMFCGENF@_p_qvectorT_size_t_t@ 0000000180026800     range.obj
 0002:00003818       ??_C@_0CA@PKGFIBKP@sizevec_t?5?$CK?$HMqvector?$DM?5size_t?5?$DO?5?$CK@ 0000000180026818     range.obj
 0002:00003838       ??_C@_0BG@GHPDGOHO@_p_qvectorT_tinfo_t_t@ 0000000180026838     range.obj
 0002:00003850       ??_C@_0CC@CEHAEEKI@tinfovec_t?5?$CK?$HMqvector?$DM?5tinfo_t?5?$DO@ 0000000180026850     range.obj
 0002:00003878       ??_C@_0BK@KGMCEJE@_p_qvectorT_type_attr_t_t@ 0000000180026878     range.obj
 0002:00003898       ??_C@_0CI@PENEDOEG@type_attrs_t?5?$CK?$HMqvector?$DM?5type_at@ 0000000180026898     range.obj
 0002:000038c0       ??_C@_0BL@MFAEBBAF@_p_qvectorT_udt_member_t_t@ 00000001800268c0     range.obj
 0002:000038e0       ??_C@_0CL@HFANAPIM@udtmembervec_t?5?$CK?$HMqvector?$DM?5udt_m@ 00000001800268e0     range.obj
 0002:00003910       ??_C@_0BM@DFOCNGNJ@_p_qvectorT_unsigned_char_t@ 0000000180026910     range.obj
 0002:00003930       ??_C@_0CH@MCODNJGI@qvector?$DM?5unsigned?5char?5?$DO?5?$CK?$HMcomp@ 0000000180026930     range.obj
 0002:00003958       ??_C@_0M@BEMIELHM@_p_relobj_t@ 0000000180026958     range.obj
 0002:00003968       ??_C@_0N@OAHCDFLH@_p_bytevec_t@ 0000000180026968     range.obj
 0002:00003978       ??_C@_0BA@KOPDLMDG@_p_reloc_info_t@ 0000000180026978     range.obj
 0002:00003988       ??_C@_0BL@POPMPLM@_p_qvectorT_unsigned_int_t@ 0000000180026988     range.obj
 0002:000039a8       ??_C@_0DL@HDEADPMO@eavec_t?5?$CK?$HMordvec_t?5?$CK?$HMuvalvec_t?5@ 00000001800269a8     range.obj
 0002:000039e8       ??_C@_0L@NOIPKKEL@_p_range_t@ 00000001800269e8     range.obj
 0002:00003a00       ??_C@_0HK@IECCBLDK@qvector?$DM?5range_t?5?$DO?3?3iterator?$HMqv@ 0000000180026a00     range.obj
 0002:00003a80       ??_C@_0O@LACADBOG@_p_rangeset_t@ 0000000180026a80     range.obj
 0002:00003a90       ??_C@_0FD@CCCJGEN@qvector?$DM?5rangeset_t?5?$DO?3?3iterator@ 0000000180026a90     range.obj
 0002:00003ae8       ??_C@_0O@CNCDMPHD@_p_rangevec_t@ 0000000180026ae8     range.obj
 0002:00003af8       ??_C@_0N@IKFAFFLB@rangevec_t?5?$CK@ 0000000180026af8     range.obj
 0002:00003b08       ??_C@_08JGEHMJEC@_p_short@ 0000000180026b08     range.obj
 0002:00003b18       ??_C@_0BA@BBDCPKKI@int16?5?$CK?$HMshort?5?$CK@ 0000000180026b18     range.obj
 0002:00003b28       ??_C@_0P@IHEJCACJ@_p_signed_char@ 0000000180026b28     range.obj
 0002:00003b38       ??_C@_0BG@CGJIOBCI@signed?5char?5?$CK?$HMsint8?5?$CK@ 0000000180026b38     range.obj
 0002:00003b50       ??_C@_0BB@JEMKPEPB@_p_unsigned_char@ 0000000180026b50     range.obj
 0002:00003b70       ??_C@_0HI@NBHOBBOJ@uchar?5?$CK?$HMunsigned?5char?5?$CK?$HMcm_t?5?$CK?$HM@ 0000000180026b70     range.obj
 0002:00003be8       ??_C@_03BHDOPPEK@own@      0000000180026be8     range.obj
 0002:00003bf0       ??_C@_0BA@EMEBBPFL@_p_unsigned_int@ 0000000180026bf0     range.obj
 0002:00003c00       ??_C@_0JE@GCFOGLMK@bgcolor_t?5?$CK?$HMenum_t?5?$CK?$HMtid_t?5?$CK?$HMbm@ 0000000180026c00     range.obj
 0002:00003c94       ??_C@_06EFGGFDFD@disown@   0000000180026c94     range.obj
 0002:00003ca0       ??_C@_0BG@CGEDOPGF@_p_unsigned_long_long@ 0000000180026ca0     range.obj
 0002:00003cb8       ??_C@_0CC@CFIMIIPD@releases?5ownership?5of?5the?5point@ 0000000180026cb8     range.obj
 0002:00003ce0       ??_C@_0CK@FCLCDGJM@uint64?5?$CK?$HMulonglong?5?$CK?$HMunsigned?5l@ 0000000180026ce0     range.obj
 0002:00003d10       ??_C@_07MEFPPMEF@acquire@  0000000180026d10     range.obj
 0002:00003d18       ??_C@_0CC@BAIBAPCI@acquires?5ownership?5of?5the?5point@ 0000000180026d18     range.obj
 0002:00003d40       ??_C@_0CG@GKPKGEFE@returns?1sets?5ownership?5of?5the?5p@ 0000000180026d40     range.obj
 0002:00003d68       ??_C@_0BC@GCHEMBCE@_p_unsigned_short@ 0000000180026d68     range.obj
 0002:00003d7c       ??_C@_06PCICMFGG@append@   0000000180026d7c     range.obj
 0002:00003d88       ??_C@_0CP@HNCAPCKA@uint16?5?$CK?$HMunsigned?5short?5?$CK?$HMushor@ 0000000180026d88     range.obj
 0002:00003db8       ??_C@_0BO@NCOOMDHM@appends?5another?5?8this?8?5object@ 0000000180026db8     range.obj
 0002:00003dd8       ??_C@_04CJGEDOF@next@      0000000180026dd8     range.obj
 0002:00003de0       ??_C@_0BP@IMIAEPNG@returns?5the?5next?5?8this?8?5object@ 0000000180026de0     range.obj
 0002:00003e00       ??_C@_0O@KPNNNNNL@_p_value_type@ 0000000180026e00     range.obj
 0002:00003e10       ??_C@_08HJPCHLLJ@__repr__@ 0000000180026e10     range.obj
 0002:00003e20       ??_C@_0N@BPDHJAOG@value_type?5?$CK@ 0000000180026e20     range.obj
 0002:00003e30       ??_C@_0BO@PNCCHPAD@returns?5object?5representation@ 0000000180026e30     range.obj
 0002:00003e50       ??_C@_07HDHHMDOH@_p_char@  0000000180026e50     range.obj
 0002:00003e58       ??_C@_0BE@JJDOEONF@new_rangevec_base_t@ 0000000180026e58     range.obj
 0002:00003e70       ??_C@_0BK@PCABAMOI@rangevec_base_t_push_back@ 0000000180026e70     range.obj
 0002:00003e90       ??_C@_0BD@BGNGICOH@rangevec_base_t_at@ 0000000180026e90     range.obj
 0002:00003ea8       ??_C@_0BH@KNKDGGDI@rangevec_base_t_resize@ 0000000180026ea8     range.obj
 0002:00003ec0       ??_C@_0BF@JLFHFIKB@rangevec_base_t_grow@ 0000000180026ec0     range.obj
 0002:00003ed8       ??_C@_0BI@COABFMNN@rangevec_base_t_reserve@ 0000000180026ed8     range.obj
 0002:00003ef0       ??_C@_0BF@HMDGCCBM@rangevec_base_t_swap@ 0000000180026ef0     range.obj
 0002:00003f08       ??_C@_0BH@MFLFKPGL@rangevec_base_t_inject@ 0000000180026f08     range.obj
 0002:00003f20       ??_C@_0BH@MHAKFNIP@rangevec_base_t___eq__@ 0000000180026f20     range.obj
 0002:00003f38       ??_C@_0BH@GPKBKMFG@rangevec_base_t___ne__@ 0000000180026f38     range.obj
 0002:00003f50       ??_C@_0BG@LDFPOLL@rangevec_base_t_begin@ 0000000180026f50     range.obj
 0002:00003f68       ??_C@_0BE@KBDKLOAL@rangevec_base_t_end@ 0000000180026f68     range.obj
 0002:00003f80       ??_C@_0BH@LFKBJDNP@rangevec_base_t_insert@ 0000000180026f80     range.obj
 0002:00003f98       ??_C@_0BG@BDNOCFCA@rangevec_base_t_erase@ 0000000180026f98     range.obj
 0002:00003fb0       ??_C@_0BF@EBACIKCK@rangevec_base_t_find@ 0000000180026fb0     range.obj
 0002:00003fc8       ??_C@_0BE@FNIPKFHN@rangevec_base_t_has@ 0000000180026fc8     range.obj
 0002:00003fe0       ??_C@_0BL@JGMDIMKD@rangevec_base_t_add_unique@ 0000000180026fe0     range.obj
 0002:00004000       ??_C@_0BF@NLNFONOJ@rangevec_base_t__del@ 0000000180027000     range.obj
 0002:00004018       ??_C@_0BM@ELGFKJGJ@rangevec_base_t___getitem__@ 0000000180027018     range.obj
 0002:00004038       ??_C@_0BM@GFCAIIPL@rangevec_base_t___setitem__@ 0000000180027038     range.obj
 0002:00004058       ??_C@_0BH@FKDFCNBO@new_array_of_rangesets@ 0000000180027058     range.obj
 0002:00004070       ??_C@_0BN@JKKMGABF@array_of_rangesets_push_back@ 0000000180027070     range.obj
 0002:00004090       ??_C@_0BG@GGMADNBB@array_of_rangesets_at@ 0000000180027090     range.obj
 0002:00005538       ??_C@_0BO@CMHFAAKD@?$CFS?6Additional?5information?3?6?$CFs@ 0000000180028538     range.obj
 0002:00005556       ??_C@_00CNPNBAHC@@         0000000180028556     range.obj
 0002:00005558       ??_C@_09HJOCAFJB@at?5least?5@ 0000000180028558     range.obj
 0002:00005568       ??_C@_0CF@KFFOGCID@?$CFs?5expected?5?$CFs?$CFd?5arguments?0?5got@ 0000000180028568     range.obj
 0002:00005590       ??_C@_0CL@NPJGKHAI@UnpackTuple?$CI?$CJ?5argument?5list?5is?5@ 0000000180028590     range.obj
 0002:000055c0       ??_C@_0CD@DMIOPJCG@?$CFs?5expected?5?$CFs?$CFd?5arguments?0?5got@ 00000001800285c0     range.obj
 0002:000055e8       ??_C@_08KFLHMPAE@at?5most?5@ 00000001800285e8     range.obj
 0002:000055f8       ??_C@_07MEBHOIG@__new__@   00000001800285f8     range.obj
 0002:00005600       ??_C@_0BB@LPCDDCDP@__swig_destroy__@ 0000000180028600     range.obj
 0002:00005618       ??_C@_07CIFAGBMG@unknown@  0000000180028618     range.obj
 0002:00005620       ??_C@_0CB@HIOLGNHE@?$DMSwig?5Object?5of?5type?5?8?$CFs?8?5at?5?$CFp@ 0000000180028620     range.obj
 0002:00005648       ??_C@_08BHKDPDAA@__name__@ 0000000180028648     range.obj
 0002:00005658       ??_C@_0N@OEDBPMFH@SwigPyObject@ 0000000180028658     range.obj
 0002:00005670       ??_C@_0EH@KGGHIIII@swig?1python?5detected?5a?5memory?5l@ 0000000180028670     range.obj
 0002:000056b8       ??_C@_0CF@NBDOMJMA@Attempt?5to?5append?5a?5non?5SwigPyO@ 00000001800286b8     range.obj
 0002:000056e0       ??_C@_0BG@BEMBDPAG@?$DMSwig?5Packed?5at?5?$CFs?$CFs?$DO@ 00000001800286e0     range.obj
 0002:000056f8       ??_C@_0BB@KEMDDLH@?$DMSwig?5Packed?5?$CFs?$DO@ 00000001800286f8     range.obj
 0002:0000570c       ??_C@_04HDOCAJNK@?$CFs?$CFs@ 000000018002870c     range.obj
 0002:00005718       ??_C@_0N@FALDBJHP@SwigPyPacked@ 0000000180028718     range.obj
 0002:00005728       ??_C@_04IIAJELJL@this@     0000000180028728     range.obj
 0002:00005730       ??_C@_0L@GCGAIEDO@swig_ptr?3?5@ 0000000180028730     range.obj
 0002:00005740       ??_C@_08IBFKALI@__dict__@  0000000180028740     range.obj
 0002:00005750       ??_C@_08DOBMGDEN@swiginit@ 0000000180028750     range.obj
 0002:00005760       ??_C@_0CO@FOLKHJOC@swig_runtime_data4?4type_pointer@ 0000000180028760     range.obj
 0002:00005790       ??_C@_0BD@BFIMCAOH@swig_runtime_data4@ 0000000180028790     range.obj
 0002:000057a8       ??_C@_0BL@LFDLKGPB@type_pointer_capsuleidaapi@ 00000001800287a8     range.obj
 0002:000057d0       ??_7exception@std@@6B@     00000001800287d0     range.obj
 0002:000057e0       ??_C@_0BC@EOODALEL@Unknown?5exception@ 00000001800287e0     range.obj
 0002:00005800       ??_7logic_error@std@@6B@   0000000180028800     range.obj
 0002:00005818       ??_7out_of_range@std@@6B@  0000000180028818     range.obj
 0002:00005828       ??_C@_0BK@NPFFDHAP@Out?5of?5memory?5?$CIbad_alloc?$CJ@ 0000000180028828     range.obj
 0002:00005850       ??_C@_0BCP@OKJACFO@Internal?5error?5?$CFd?5occurred?5when@ 0000000180028850     range.obj
 0002:00005980       ??_C@_0DB@OCJMLGAO@Function?5can?5be?5called?5from?5the@ 0000000180028980     range.obj
 0002:000059b8       ??_C@_0BF@NPFMAGNK@out?5of?5bounds?5access@ 00000001800289b8     range.obj
 0002:000059d0       ??_C@_0FB@FPNIOKBK@in?5method?5?8new_rangevec_base_t?8@ 00000001800289d0     range.obj
 0002:00005a30       ??_C@_0GI@ECALPAPM@invalid?5null?5reference?5in?5metho@ 0000000180028a30     range.obj
 0002:00005aa0       ??_C@_0NB@LMFKNNCI@Wrong?5number?5or?5type?5of?5argumen@ 0000000180028aa0     range.obj
 0002:00005b80       ??_C@_0EO@JJNFNDNP@in?5method?5?8delete_rangevec_base@ 0000000180028b80     range.obj
 0002:00005bd0       ??_C@_0FB@DALFFKIG@in?5method?5?8rangevec_base_t_push@ 0000000180028bd0     range.obj
 0002:00005c30       ??_C@_0EM@FGCCFCCA@in?5method?5?8rangevec_base_t_push@ 0000000180028c30     range.obj
 0002:00005c80       ??_C@_0GD@FCMGGLJK@invalid?5null?5reference?5in?5metho@ 0000000180028c80     range.obj
 0002:00005cf0       ??_C@_0NA@MHACCJC@Wrong?5number?5or?5type?5of?5argumen@ 0000000180028cf0     range.obj
 0002:00005dc0       ??_C@_0FA@ELAPDGF@in?5method?5?8rangevec_base_t_pop_@ 0000000180028dc0     range.obj
 0002:00005e10       ??_C@_0FC@JNILEIIL@in?5method?5?8rangevec_base_t_size@ 0000000180028e10     range.obj
 0002:00005e70       ??_C@_0FD@DKJAKANC@in?5method?5?8rangevec_base_t_empt@ 0000000180028e70     range.obj
 0002:00005ed0       ??_C@_0FA@NHKPMFHC@in?5method?5?8rangevec_base_t_at?8?0@ 0000000180028ed0     range.obj
 0002:00005f20       ??_C@_0DM@GPLEDDII@in?5method?5?8rangevec_base_t_at?8?0@ 0000000180028f20     range.obj
 0002:00005f60       ??_C@_0EO@IAAHEIGE@in?5method?5?8rangevec_base_t_qcle@ 0000000180028f60     range.obj
 0002:00005fb0       ??_C@_0EN@MOMOECFL@in?5method?5?8rangevec_base_t_clea@ 0000000180028fb0     range.obj
 0002:00006000       ??_C@_0EO@BKKOCGOB@in?5method?5?8rangevec_base_t_resi@ 0000000180029000     range.obj
 0002:00006050       ??_C@_0EA@PCANKDGD@in?5method?5?8rangevec_base_t_resi@ 0000000180029050     range.obj
 0002:00006090       ??_C@_0EJ@CICKHJOB@in?5method?5?8rangevec_base_t_resi@ 0000000180029090     range.obj
 0002:000060e0       ??_C@_0GA@ILDNIAIP@invalid?5null?5reference?5in?5metho@ 00000001800290e0     range.obj
 0002:00006140       ??_C@_0NE@JJBDKPA@Wrong?5number?5or?5type?5of?5argumen@ 0000000180029140     range.obj
 0002:00006220       ??_C@_0EM@MCDMGKFA@in?5method?5?8rangevec_base_t_grow@ 0000000180029220     range.obj
 0002:00006270       ??_C@_0EH@PFPLFDIB@in?5method?5?8rangevec_base_t_grow@ 0000000180029270     range.obj
 0002:000062c0       ??_C@_0FO@NNNMGIKO@invalid?5null?5reference?5in?5metho@ 00000001800292c0     range.obj
 0002:00006320       ??_C@_0FG@EFHIJJAB@in?5method?5?8rangevec_base_t_capa@ 0000000180029320     range.obj
 0002:00006380       ??_C@_0EP@LIGCHJE@in?5method?5?8rangevec_base_t_rese@ 0000000180029380     range.obj
 0002:000063d0       ??_C@_0EB@BMOBBONB@in?5method?5?8rangevec_base_t_rese@ 00000001800293d0     range.obj
 0002:00006420       ??_C@_0FA@LJLIMMCB@in?5method?5?8rangevec_base_t_trun@ 0000000180029420     range.obj
 0002:00006470       ??_C@_0EM@DEEGPBAD@in?5method?5?8rangevec_base_t_swap@ 0000000180029470     range.obj
 0002:000064c0       ??_C@_0EM@GGELLJHC@in?5method?5?8rangevec_base_t_swap@ 00000001800294c0     range.obj
 0002:00006510       ??_C@_0GD@GCKPIAMI@invalid?5null?5reference?5in?5metho@ 0000000180029510     range.obj
 0002:00006580       ??_C@_0EP@BKKJKDOP@in?5method?5?8rangevec_base_t_extr@ 0000000180029580     range.obj
 0002:000065d0       ??_C@_0EO@ONHNMDLD@in?5method?5?8rangevec_base_t_inje@ 00000001800295d0     range.obj
[...]
 0004:0000291c       $pdata$_wrap_rangeset_t_clear$catch$5 000000018003f91c     range.obj
 0004:00002928       $pdata$_wrap_rangeset_t_clear$catch$4 000000018003f928     range.obj
 0004:00002934       $pdata$_wrap_rangeset_t_clear$catch$3 000000018003f934     range.obj
 0004:00002940       $pdata$_wrap_rangeset_t_clear$catch$2 000000018003f940     range.obj
 0004:0000294c       $pdata$_wrap_rangeset_t_clear$catch$1 000000018003f94c     range.obj
 0004:00002958       $pdata$_wrap_rangeset_t_clear$catch$0 000000018003f958     range.obj
 0004:00002964       $pdata$_wrap_rangeset_t_has_common__SWIG_1 000000018003f964     range.obj
 0004:00002970       $pdata$_wrap_rangeset_t_has_common__SWIG_1$catch$5 000000018003f970     range.obj
 0004:0000297c       $pdata$_wrap_rangeset_t_has_common__SWIG_1$catch$4 000000018003f97c     range.obj
 0004:00002988       $pdata$_wrap_rangeset_t_has_common__SWIG_1$catch$3 000000018003f988     range.obj
 0004:00002994       $pdata$_wrap_rangeset_t_has_common__SWIG_1$catch$2 000000018003f994     range.obj
 0004:000029a0       $pdata$_wrap_rangeset_t_has_common__SWIG_1$catch$1 000000018003f9a0     range.obj
 0004:000029ac       $pdata$_wrap_rangeset_t_has_common__SWIG_1$catch$0 000000018003f9ac     range.obj
 0004:000029b8       $pdata$_wrap_rangeset_t_has_common 000000018003f9b8     range.obj
 0004:000029c4       $pdata$_wrap_rangeset_t_contains__SWIG_0 000000018003f9c4     range.obj
 0004:000029d0       $pdata$_wrap_rangeset_t_contains__SWIG_0$catch$5 000000018003f9d0     range.obj
 0004:000029dc       $pdata$_wrap_rangeset_t_contains__SWIG_0$catch$4 000000018003f9dc     range.obj
 0004:000029e8       $pdata$_wrap_rangeset_t_contains__SWIG_0$catch$3 000000018003f9e8     range.obj
 0004:000029f4       $pdata$_wrap_rangeset_t_contains__SWIG_0$catch$2 000000018003f9f4     range.obj
 0004:00002a00       $pdata$_wrap_rangeset_t_contains__SWIG_0$catch$1 000000018003fa00     range.obj
 0004:00002a0c       $pdata$_wrap_rangeset_t_contains__SWIG_0$catch$0 000000018003fa0c     range.obj
 0004:00002a18       $pdata$_wrap_rangeset_t_contains__SWIG_1 000000018003fa18     range.obj
 0004:00002a24       $pdata$_wrap_rangeset_t_contains__SWIG_1$catch$5 000000018003fa24     range.obj
 0004:00002a30       $pdata$_wrap_rangeset_t_contains__SWIG_1$catch$4 000000018003fa30     range.obj
 0004:00002a3c       $pdata$_wrap_rangeset_t_contains__SWIG_1$catch$3 000000018003fa3c     range.obj
 0004:00002a48       $pdata$_wrap_rangeset_t_contains__SWIG_1$catch$2 000000018003fa48     range.obj
 0004:00002a54       $pdata$_wrap_rangeset_t_contains__SWIG_1$catch$1 000000018003fa54     range.obj
 0004:00002a60       $pdata$_wrap_rangeset_t_contains__SWIG_1$catch$0 000000018003fa60     range.obj
 0004:00002a6c       $pdata$_wrap_rangeset_t_contains 000000018003fa6c     range.obj
 0004:00002a78       $pdata$_wrap_rangeset_t_intersect 000000018003fa78     range.obj
 0004:00002a84       $pdata$_wrap_rangeset_t_intersect$catch$5 000000018003fa84     range.obj
 0004:00002a90       $pdata$_wrap_rangeset_t_intersect$catch$4 000000018003fa90     range.obj
 0004:00002a9c       $pdata$_wrap_rangeset_t_intersect$catch$3 000000018003fa9c     range.obj
 0004:00002aa8       $pdata$_wrap_rangeset_t_intersect$catch$2 000000018003faa8     range.obj
 0004:00002ab4       $pdata$_wrap_rangeset_t_intersect$catch$1 000000018003fab4     range.obj
 0004:00002ac0       $pdata$_wrap_rangeset_t_intersect$catch$0 000000018003fac0     range.obj
 0004:00002acc       $pdata$_wrap_rangeset_t_is_subset_of 000000018003facc     range.obj
 0004:00002ad8       $pdata$_wrap_rangeset_t_is_subset_of$catch$5 000000018003fad8     range.obj
 0004:00002ae4       $pdata$_wrap_rangeset_t_is_subset_of$catch$4 000000018003fae4     range.obj
 0004:00002af0       $pdata$_wrap_rangeset_t_is_subset_of$catch$3 000000018003faf0     range.obj
 0004:00002afc       $pdata$_wrap_rangeset_t_is_subset_of$catch$2 000000018003fafc     range.obj
 0004:00002b08       $pdata$_wrap_rangeset_t_is_subset_of$catch$1 000000018003fb08     range.obj
 0004:00002b14       $pdata$_wrap_rangeset_t_is_subset_of$catch$0 000000018003fb14     range.obj
 0004:00002b20       $pdata$_wrap_rangeset_t_is_equal 000000018003fb20     range.obj
 0004:00002b2c       $pdata$_wrap_rangeset_t_is_equal$catch$5 000000018003fb2c     range.obj
 0004:00002b38       $pdata$_wrap_rangeset_t_is_equal$catch$4 000000018003fb38     range.obj
 0004:00002b44       $pdata$_wrap_rangeset_t_is_equal$catch$3 000000018003fb44     range.obj
 0004:00002b50       $pdata$_wrap_rangeset_t_is_equal$catch$2 000000018003fb50     range.obj
 0004:00002b5c       $pdata$_wrap_rangeset_t_is_equal$catch$1 000000018003fb5c     range.obj
 0004:00002b68       $pdata$_wrap_rangeset_t_is_equal$catch$0 000000018003fb68     range.obj
 0004:00002b74       $pdata$_wrap_rangeset_t___eq__ 000000018003fb74     range.obj
 0004:00002b80       $pdata$_wrap_rangeset_t___eq__$catch$5 000000018003fb80     range.obj
 0004:00002b8c       $pdata$_wrap_rangeset_t___eq__$catch$4 000000018003fb8c     range.obj
 0004:00002b98       $pdata$_wrap_rangeset_t___eq__$catch$3 000000018003fb98     range.obj
 0004:00002ba4       $pdata$_wrap_rangeset_t___eq__$catch$2 000000018003fba4     range.obj
 0004:00002bb0       $pdata$_wrap_rangeset_t___eq__$catch$1 000000018003fbb0     range.obj
 0004:00002bbc       $pdata$_wrap_rangeset_t___eq__$catch$0 000000018003fbbc     range.obj
 0004:00002bc8       $pdata$_wrap_rangeset_t___ne__ 000000018003fbc8     range.obj
 0004:00002bd4       $pdata$_wrap_rangeset_t___ne__$catch$5 000000018003fbd4     range.obj
 0004:00002be0       $pdata$_wrap_rangeset_t___ne__$catch$4 000000018003fbe0     range.obj
 0004:00002bec       $pdata$_wrap_rangeset_t___ne__$catch$3 000000018003fbec     range.obj
 0004:00002bf8       $pdata$_wrap_rangeset_t___ne__$catch$2 000000018003fbf8     range.obj
 0004:00002c04       $pdata$_wrap_rangeset_t___ne__$catch$1 000000018003fc04     range.obj
 0004:00002c10       $pdata$_wrap_rangeset_t___ne__$catch$0 000000018003fc10     range.obj
 0004:00002c1c       $pdata$_wrap_rangeset_t_begin__SWIG_0 000000018003fc1c     range.obj
 0004:00002c28       $pdata$_wrap_rangeset_t_begin__SWIG_0$catch$5 000000018003fc28     range.obj
 0004:00002c34       $pdata$_wrap_rangeset_t_begin__SWIG_0$catch$4 000000018003fc34     range.obj
 0004:00002c40       $pdata$_wrap_rangeset_t_begin__SWIG_0$catch$3 000000018003fc40     range.obj
 0004:00002c4c       $pdata$_wrap_rangeset_t_begin__SWIG_0$catch$2 000000018003fc4c     range.obj
 0004:00002c58       $pdata$_wrap_rangeset_t_begin__SWIG_0$catch$1 000000018003fc58     range.obj
 0004:00002c64       $pdata$_wrap_rangeset_t_begin__SWIG_0$catch$0 000000018003fc64     range.obj
 0004:00002c70       $pdata$_wrap_rangeset_t_end__SWIG_0 000000018003fc70     range.obj
 0004:00002c7c       $pdata$_wrap_rangeset_t_end__SWIG_0$catch$5 000000018003fc7c     range.obj
 0004:00002c88       $pdata$_wrap_rangeset_t_end__SWIG_0$catch$4 000000018003fc88     range.obj
 0004:00002c94       $pdata$_wrap_rangeset_t_end__SWIG_0$catch$3 000000018003fc94     range.obj
 0004:00002ca0       $pdata$_wrap_rangeset_t_end__SWIG_0$catch$2 000000018003fca0     range.obj
 0004:00002cac       $pdata$_wrap_rangeset_t_end__SWIG_0$catch$1 000000018003fcac     range.obj
 0004:00002cb8       $pdata$_wrap_rangeset_t_end__SWIG_0$catch$0 000000018003fcb8     range.obj
 0004:00002cc4       $pdata$_wrap_rangeset_t_begin__SWIG_1 000000018003fcc4     range.obj
 0004:00002cd0       $pdata$_wrap_rangeset_t_begin__SWIG_1$catch$5 000000018003fcd0     range.obj
 0004:00002cdc       $pdata$_wrap_rangeset_t_begin__SWIG_1$catch$4 000000018003fcdc     range.obj
 0004:00002ce8       $pdata$_wrap_rangeset_t_begin__SWIG_1$catch$3 000000018003fce8     range.obj
 0004:00002cf4       $pdata$_wrap_rangeset_t_begin__SWIG_1$catch$2 000000018003fcf4     range.obj
 0004:00002d00       $pdata$_wrap_rangeset_t_begin__SWIG_1$catch$1 000000018003fd00     range.obj
 0004:00002d0c       $pdata$_wrap_rangeset_t_begin__SWIG_1$catch$0 000000018003fd0c     range.obj
 0004:00002d18       $pdata$_wrap_rangeset_t_begin 000000018003fd18     range.obj
 0004:00002d24       $pdata$_wrap_rangeset_t_end__SWIG_1 000000018003fd24     range.obj
 0004:00002d30       $pdata$_wrap_rangeset_t_end__SWIG_1$catch$5 000000018003fd30     range.obj
 0004:00002d3c       $pdata$_wrap_rangeset_t_end__SWIG_1$catch$4 000000018003fd3c     range.obj
 0004:00002d48       $pdata$_wrap_rangeset_t_end__SWIG_1$catch$3 000000018003fd48     range.obj
 0004:00002d54       $pdata$_wrap_rangeset_t_end__SWIG_1$catch$2 000000018003fd54     range.obj
 0004:00002d60       $pdata$_wrap_rangeset_t_end__SWIG_1$catch$1 000000018003fd60     range.obj
 0004:00002d6c       $pdata$_wrap_rangeset_t_end__SWIG_1$catch$0 000000018003fd6c     range.obj
 0004:00002d78       $pdata$_wrap_rangeset_t_end 000000018003fd78     range.obj
 0004:00002d84       $pdata$_wrap_rangeset_t_find_range 000000018003fd84     range.obj
 0004:00002d90       $pdata$_wrap_rangeset_t_find_range$catch$5 000000018003fd90     range.obj
 0004:00002d9c       $pdata$_wrap_rangeset_t_find_range$catch$4 000000018003fd9c     range.obj
 0004:00002da8       $pdata$_wrap_rangeset_t_find_range$catch$3 000000018003fda8     range.obj
 0004:00002db4       $pdata$_wrap_rangeset_t_find_range$catch$2 000000018003fdb4     range.obj
 0004:00002dc0       $pdata$_wrap_rangeset_t_find_range$catch$1 000000018003fdc0     range.obj
 0004:00002dcc       $pdata$_wrap_rangeset_t_find_range$catch$0 000000018003fdcc     range.obj
 0004:00002dd8       $pdata$_wrap_rangeset_t_cached_range 000000018003fdd8     range.obj
 0004:00002de4       $pdata$_wrap_rangeset_t_cached_range$catch$5 000000018003fde4     range.obj
 0004:00002df0       $pdata$_wrap_rangeset_t_cached_range$catch$4 000000018003fdf0     range.obj
 0004:00002dfc       $pdata$_wrap_rangeset_t_cached_range$catch$3 000000018003fdfc     range.obj
 0004:00002e08       $pdata$_wrap_rangeset_t_cached_range$catch$2 000000018003fe08     range.obj
 0004:00002e14       $pdata$_wrap_rangeset_t_cached_range$catch$1 000000018003fe14     range.obj
 0004:00002e20       $pdata$_wrap_rangeset_t_cached_range$catch$0 000000018003fe20     range.obj
 0004:00002e2c       $pdata$_wrap_rangeset_t_next_addr 000000018003fe2c     range.obj
 0004:00002e38       $pdata$_wrap_rangeset_t_next_addr$catch$5 000000018003fe38     range.obj
 0004:00002e44       $pdata$_wrap_rangeset_t_next_addr$catch$4 000000018003fe44     range.obj
 0004:00002e50       $pdata$_wrap_rangeset_t_next_addr$catch$3 000000018003fe50     range.obj
 0004:00002e5c       $pdata$_wrap_rangeset_t_next_addr$catch$2 000000018003fe5c     range.obj
 0004:00002e68       $pdata$_wrap_rangeset_t_next_addr$catch$1 000000018003fe68     range.obj
 0004:00002e74       $pdata$_wrap_rangeset_t_next_addr$catch$0 000000018003fe74     range.obj
 0004:00002e80       $pdata$_wrap_rangeset_t_prev_addr 000000018003fe80     range.obj
 0004:00002e8c       $pdata$_wrap_rangeset_t_prev_addr$catch$5 000000018003fe8c     range.obj
 0004:00002e98       $pdata$_wrap_rangeset_t_prev_addr$catch$4 000000018003fe98     range.obj
 0004:00002ea4       $pdata$_wrap_rangeset_t_prev_addr$catch$3 000000018003fea4     range.obj
 0004:00002eb0       $pdata$_wrap_rangeset_t_prev_addr$catch$2 000000018003feb0     range.obj
 0004:00002ebc       $pdata$_wrap_rangeset_t_prev_addr$catch$1 000000018003febc     range.obj
 0004:00002ec8       $pdata$_wrap_rangeset_t_prev_addr$catch$0 000000018003fec8     range.obj
 0004:00002ed4       $pdata$_wrap_rangeset_t_next_range 000000018003fed4     range.obj
 0004:00002ee0       $pdata$_wrap_rangeset_t_next_range$catch$5 000000018003fee0     range.obj
 0004:00002eec       $pdata$_wrap_rangeset_t_next_range$catch$4 000000018003feec     range.obj
 0004:00002ef8       $pdata$_wrap_rangeset_t_next_range$catch$3 000000018003fef8     range.obj
 0004:00002f04       $pdata$_wrap_rangeset_t_next_range$catch$2 000000018003ff04     range.obj
 0004:00002f10       $pdata$_wrap_rangeset_t_next_range$catch$1 000000018003ff10     range.obj
 0004:00002f1c       $pdata$_wrap_rangeset_t_next_range$catch$0 000000018003ff1c     range.obj
 0004:00002f28       $pdata$_wrap_rangeset_t_prev_range 000000018003ff28     range.obj
 0004:00002f34       $pdata$_wrap_rangeset_t_prev_range$catch$5 000000018003ff34     range.obj
 0004:00002f40       $pdata$_wrap_rangeset_t_prev_range$catch$4 000000018003ff40     range.obj
 0004:00002f4c       $pdata$_wrap_rangeset_t_prev_range$catch$3 000000018003ff4c     range.obj
 0004:00002f58       $pdata$_wrap_rangeset_t_prev_range$catch$2 000000018003ff58     range.obj
 0004:00002f64       $pdata$_wrap_rangeset_t_prev_range$catch$1 000000018003ff64     range.obj
 0004:00002f70       $pdata$_wrap_rangeset_t_prev_range$catch$0 000000018003ff70     range.obj
 0004:00002f7c       $pdata$_wrap_delete_rangeset_t 000000018003ff7c     range.obj
 0004:00002f88       $pdata$_wrap_delete_rangeset_t$catch$7 000000018003ff88     range.obj
 0004:00002f94       $pdata$_wrap_delete_rangeset_t$catch$6 000000018003ff94     range.obj
 0004:00002fa0       $pdata$_wrap_delete_rangeset_t$catch$5 000000018003ffa0     range.obj
 0004:00002fac       $pdata$_wrap_delete_rangeset_t$catch$4 000000018003ffac     range.obj
 0004:00002fb8       $pdata$_wrap_delete_rangeset_t$catch$3 000000018003ffb8     range.obj
 0004:00002fc4       $pdata$_wrap_delete_rangeset_t$catch$2 000000018003ffc4     range.obj
 0004:00002fd0       $pdata$rangeset_t_swigregister 000000018003ffd0     range.obj
 0004:00002fdc       $pdata$SWIG_InitializeModule 000000018003ffdc     range.obj
 0004:00002fe8       $pdata$1$SWIG_InitializeModule 000000018003ffe8     range.obj
 0004:00002ff4       $pdata$4$SWIG_InitializeModule 000000018003fff4     range.obj
 0004:00003000       $pdata$5$SWIG_InitializeModule 0000000180040000     range.obj
 0004:0000300c       $pdata$6$SWIG_InitializeModule 000000018004000c     range.obj
 0004:00003018       $pdata$SWIG_Python_FixMethods 0000000180040018     range.obj
 0004:00003024       $pdata$4$SWIG_Python_FixMethods 0000000180040024     range.obj
 0004:00003030       $pdata$5$SWIG_Python_FixMethods 0000000180040030     range.obj
 0004:0000303c       $pdata$PyInit__ida_range   000000018004003c     range.obj
 0004:00003048       $pdata$1$PyInit__ida_range 0000000180040048     range.obj
 0004:00003054       $pdata$2$PyInit__ida_range 0000000180040054     range.obj
 0004:00003060       $pdata$3$PyInit__ida_range 0000000180040060     range.obj
 0004:0000306c       $pdata$4$PyInit__ida_range 000000018004006c     range.obj
 0004:00003078       $pdata$??2@YAPEAX_K@Z      0000000180040078     MSVCRT:new_scalar.obj
 0004:00003084       $pdata$_Init_thread_header 0000000180040084     MSVCRT:thread_safe_statics.obj
 0004:00003090       $pdata$_Init_thread_footer 0000000180040090     MSVCRT:thread_safe_statics.obj
 0004:0000309c       $pdata$_Init_thread_wait   000000018004009c     MSVCRT:thread_safe_statics.obj
 0004:000030a8       $pdata$_Init_thread_notify 00000001800400a8     MSVCRT:thread_safe_statics.obj
 0004:000030b4       $pdata$?__scrt_uninitialize_thread_safe_statics@@YAXXZ 00000001800400b4     MSVCRT:thread_safe_statics.obj
 0004:000030c0       $pdata$?__scrt_initialize_thread_safe_statics@@YAHXZ 00000001800400c0     MSVCRT:thread_safe_statics.obj
 0004:000030cc       $pdata$__GSHandlerCheckCommon 00000001800400cc     MSVCRT:gshandler.obj
 0004:000030d8       $pdata$__GSHandlerCheck    00000001800400d8     MSVCRT:gshandler.obj
 0004:000030e4       $pdata$__GSHandlerCheck_EH 00000001800400e4     MSVCRT:gshandlereh.obj
 0004:000030fc       $pdata$??_Gtype_info@@UEAAPEAXI@Z 00000001800400fc     MSVCRT:std_type_info_static.obj
 0004:00003108       $pdata$?dllmain_crt_process_attach@@YAHQEAUHINSTANCE__@@QEAX@Z 0000000180040108     MSVCRT:dll_dllmain.obj
 0004:00003114       $pdata$?fin$0@?0??dllmain_crt_process_attach@@YAHQEAUHINSTANCE__@@QEAX@Z@4HA 0000000180040114     MSVCRT:dll_dllmain.obj
 0004:00003120       $pdata$?dllmain_crt_process_detach@@YAH_N@Z 0000000180040120     MSVCRT:dll_dllmain.obj
 0004:0000312c       $pdata$?fin$0@?0??dllmain_crt_process_detach@@YAH_N@Z@4HA 000000018004012c     MSVCRT:dll_dllmain.obj
 0004:00003138       $pdata$?dllmain_crt_dispatch@@YAHQEAUHINSTANCE__@@KQEAX@Z 0000000180040138     MSVCRT:dll_dllmain.obj
 0004:00003144       $pdata$?dllmain_dispatch@@YAHQEAUHINSTANCE__@@KQEAX@Z 0000000180040144     MSVCRT:dll_dllmain.obj
 0004:00003150       $pdata$?filt$0@?0??dllmain_dispatch@@YAHQEAUHINSTANCE__@@KQEAX@Z@4HA 0000000180040150     MSVCRT:dll_dllmain.obj
 0004:0000315c       $pdata$_DllMainCRTStartup  000000018004015c     MSVCRT:dll_dllmain.obj
 0004:00003168       $pdata$??0bad_alloc@std@@QEAA@AEBV01@@Z 0000000180040168     MSVCRT:throw_bad_alloc.obj
 0004:00003174       $pdata$??0bad_array_new_length@std@@QEAA@AEBV01@@Z 0000000180040174     MSVCRT:throw_bad_alloc.obj
 0004:00003180       $pdata$?__scrt_throw_std_bad_alloc@@YAXXZ 0000000180040180     MSVCRT:throw_bad_alloc.obj
 0004:0000318c       $pdata$?__scrt_throw_std_bad_array_new_length@@YAXXZ 000000018004018c     MSVCRT:throw_bad_alloc.obj
 0004:00003198       $pdata$atexit              0000000180040198     MSVCRT:utility.obj
 0004:000031a4       $pdata$_onexit             00000001800401a4     MSVCRT:utility.obj
 0004:000031b0       $pdata$__scrt_is_nonwritable_in_current_image 00000001800401b0     MSVCRT:utility.obj
 0004:000031bc       $pdata$__scrt_is_nonwritable_in_current_image$filt$0 00000001800401bc     MSVCRT:utility.obj
 0004:000031c8       $pdata$__scrt_acquire_startup_lock 00000001800401c8     MSVCRT:utility.obj
 0004:000031d4       $pdata$__scrt_release_startup_lock 00000001800401d4     MSVCRT:utility.obj
 0004:000031e0       $pdata$__scrt_initialize_crt 00000001800401e0     MSVCRT:utility.obj
 0004:000031ec       $pdata$__scrt_uninitialize_crt 00000001800401ec     MSVCRT:utility.obj
 0004:000031f8       $pdata$__scrt_initialize_onexit_tables 00000001800401f8     MSVCRT:utility.obj
 0004:00003204       $pdata$__scrt_dllmain_exception_filter 0000000180040204     MSVCRT:utility.obj
 0004:00003210       $pdata$__scrt_dllmain_before_initialize_c 0000000180040210     MSVCRT:utility.obj
 0004:0000321c       $pdata$__scrt_dllmain_after_initialize_c 000000018004021c     MSVCRT:utility.obj
 0004:00003228       $pdata$__scrt_dllmain_uninitialize_c 0000000180040228     MSVCRT:utility.obj
 0004:00003234       $pdata$__scrt_dllmain_uninitialize_critical 0000000180040234     MSVCRT:utility.obj
 0004:00003240       $pdata$__scrt_dllmain_crt_thread_attach 0000000180040240     MSVCRT:utility.obj
 0004:0000324c       $pdata$__scrt_dllmain_crt_thread_detach 000000018004024c     MSVCRT:utility.obj
 0004:00003258       $pdata$__scrt_fastfail     0000000180040258     MSVCRT:utility_desktop.obj
 0004:00003264       $pdata$__report_gsfailure  0000000180040264     MSVCRT:gs_report.obj
 0004:00003270       $pdata$capture_previous_context 0000000180040270     MSVCRT:gs_report.obj
 0004:0000327c       $pdata$__raise_securityfailure 000000018004027c     MSVCRT:gs_report.obj
 0004:00003288       $pdata$__security_init_cookie 0000000180040288     MSVCRT:gs_support.obj
 0004:00003294       $pdata$DllMain             0000000180040294     MSVCRT:dll_dllmain_stub.obj
 0004:000032a0       $pdata$__scrt_initialize_default_local_stdio_options 00000001800402a0     MSVCRT:default_local_stdio_options.obj
 0004:000032ac       $pdata$_RTC_Initialize     00000001800402ac     MSVCRT:initsect.obj
 0004:000032b8       $pdata$_RTC_Terminate      00000001800402b8     MSVCRT:initsect.obj
 0004:000032c4       $pdata$__isa_available_init 00000001800402c4     MSVCRT:cpu_disp.obj
