 _ida_idc

 Timestamp is 5e3da090 (Fri Feb  7 17:38:24 2020)

 Preferred load address is 0000000180000000

 Start         Length     Name                   Class
 0001:00000000 00003b60H .text$mn                CODE
 0001:00003b60 00000020H .text$mn$00             CODE
 0001:00003b80 0000042cH .text$x                 CODE
 0002:00000000 000004d0H .idata$5                DATA
 0002:000004d0 00000010H .00cfg                  DATA
 0002:000004e0 00000008H .CRT$XCA                DATA
 0002:000004e8 00000008H .CRT$XCZ                DATA
 0002:000004f0 00000008H .CRT$XIA                DATA
 0002:000004f8 00000008H .CRT$XIC                DATA
 0002:00000500 00000008H .CRT$XIZ                DATA
 0002:00000508 00000008H .CRT$XLA                DATA
 0002:00000510 00000008H .CRT$XLZ                DATA
 0002:00000518 00000008H .CRT$XPA                DATA
 0002:00000520 00000008H .CRT$XPZ                DATA
 0002:00000528 00000008H .CRT$XTA                DATA
 0002:00000530 00000010H .CRT$XTZ                DATA
 0002:00000538 00000000H .gfids$y                DATA
 0002:00000540 00002380H .rdata                  DATA
 0002:000028c0 00000028H .rdata$T                DATA
 0002:000028e8 000002c4H .rdata$r                DATA
 0002:00002bac 00000314H .rdata$zzzdbg           DATA
 0002:00002ec0 00000008H .rtc$IAA                DATA
 0002:00002ec8 00000008H .rtc$IZZ                DATA
 0002:00002ed0 00000008H .rtc$TAA                DATA
 0002:00002ed8 00000008H .rtc$TZZ                DATA
 0002:00002ee0 00000004H .tls                    DATA
 0002:00002ee4 00000004H .tls$                   DATA
 0002:00002ee8 00000008H .tls$ZZZ                DATA
 0002:00002ef0 000007a8H .xdata                  DATA
 0002:00003698 000000f8H .xdata$x                DATA
 0002:00003790 00000050H .edata                  DATA
 0002:000037e0 000000b4H .idata$2                DATA
 0002:00003894 00000014H .idata$3                DATA
 0002:000038a8 000004d0H .idata$4                DATA
 0002:00003d78 00000c54H .idata$6                DATA
 0003:00000000 00002388H .data                   DATA
 0003:00002388 00000168H .data$r                 DATA
 0003:000024f0 000008f8H .bss                    DATA
 0004:00000000 000005e8H .pdata                  DATA

  Address         Publics by Value              Rva+Base               Lib:Object

 0000:00000000       __guard_iat_count          0000000000000000     <absolute>
 0000:00000000       __volatile_metadata        0000000000000000     <absolute>
 0000:00000000       __guard_iat_table          0000000000000000     <absolute>
 0000:00000000       __hybrid_code_map_count    0000000000000000     <absolute>
 0000:00000000       __dynamic_value_reloc_table 0000000000000000     <absolute>
 0000:00000000       __enclave_config           0000000000000000     <absolute>
 0000:00000000       __guard_fids_count         0000000000000000     <absolute>
 0000:00000000       __hybrid_code_map          0000000000000000     <absolute>
 0000:00000000       ___safe_se_handler_count   0000000000000000     <absolute>
 0000:00000000       ___safe_se_handler_table   0000000000000000     <absolute>
 0000:00000000       __guard_longjmp_table      0000000000000000     <absolute>
 0000:00000000       __guard_fids_table         0000000000000000     <absolute>
 0000:00000000       __guard_longjmp_count      0000000000000000     <absolute>
 0000:00000000       __hybrid_auxiliary_iat     0000000000000000     <absolute>
 0000:00000100       __guard_flags              0000000000000100     <absolute>
 0000:00000000       __ImageBase                0000000180000000     <linker-defined>
 0001:00000ab0       ??1?$_qstring@D@@QEAA@XZ   0000000180001ab0 f i idc.obj
 0001:00000ac0       ??1lochist_entry_t@@QEAA@XZ 0000000180001ac0 f i idc.obj
 0001:00000c30       ?adjust@idaplace_t@@UEAAXPEAX@Z 0000000180001c30 f i idc.obj
 0001:00000c40       ?beginning@idaplace_t@@UEBA_NPEAX@Z 0000000180001c40 f i idc.obj
 0001:00000c50       ?clone@idaplace_t@@UEBAPEAVplace_t@@XZ 0000000180001c50 f i idc.obj
 0001:00000c60       ?compare@idaplace_t@@UEBAHPEBVplace_t@@@Z 0000000180001c60 f i idc.obj
 0001:00000c70       ?copyfrom@idaplace_t@@UEAAXPEBVplace_t@@@Z 0000000180001c70 f i idc.obj
 0001:00000c80       ?deserialize@idaplace_t@@UEAA_NPEAPEBEPEBE@Z 0000000180001c80 f i idc.obj
 0001:00000c90       ?ending@idaplace_t@@UEBA_NPEAX@Z 0000000180001c90 f i idc.obj
 0001:00000ca0       ?enter@idaplace_t@@UEBAPEAVplace_t@@PEAI@Z 0000000180001ca0 f i idc.obj
 0001:00000cb0       ?generate@idaplace_t@@UEBAHPEAV?$qvector@V?$_qstring@D@@@@PEAHPEAEPEAIPEAXH@Z 0000000180001cb0 f i idc.obj
 0001:00000cc0       ?id@idaplace_t@@UEBAHXZ    0000000180001cc0 f i idc.obj
 0001:00000cd0       ?leave@idaplace_t@@UEBAXI@Z 0000000180001cd0 f i idc.obj
 0001:00000ce0       ?makeplace@idaplace_t@@UEBAPEAVplace_t@@PEAXIH@Z 0000000180001ce0 f i idc.obj
 0001:00000cf0       ?name@idaplace_t@@UEBAPEBDXZ 0000000180001cf0 f i idc.obj
 0001:00000d00       ?next@idaplace_t@@UEAA_NPEAX@Z 0000000180001d00 f i idc.obj
 0001:00000d10       ?prev@idaplace_t@@UEAA_NPEAX@Z 0000000180001d10 f i idc.obj
 0001:00000d20       ?print@idaplace_t@@UEBAXPEAV?$_qstring@D@@PEAX@Z 0000000180001d20 f i idc.obj
 0001:00000d30       ?rebase@idaplace_t@@UEAA_NAEBUsegm_move_infos_t@@@Z 0000000180001d30 f i idc.obj
 0001:00000d40       ?serialize@idaplace_t@@UEBAXPEAVbytevec_t@@@Z 0000000180001d40 f i idc.obj
 0001:00000d50       ?sprnt@?$_qstring@D@@QEAAAEAV1@PEBDZZ 0000000180001d50 f i idc.obj
 0001:00000e10       ?toea@idaplace_t@@UEBAIXZ  0000000180001e10 f i idc.obj
 0001:00000e20       ?touval@idaplace_t@@UEBAIPEAX@Z 0000000180001e20 f i idc.obj
 0001:00000e30       PyInit__ida_idc            0000000180001e30 f   idc.obj
 0001:00002600       __local_stdio_printf_options 0000000180003600 f i idc.obj
 0001:00002610       printf                     0000000180003610 f i idc.obj
 0001:00002665       qfree                      0000000180003665 f   ida:ida.dll
 0001:0000266b       qvsnprintf                 000000018000366b f   ida:ida.dll
 0001:00002671       qvector_reserve            0000000180003671 f   ida:ida.dll
 0001:00002677       idaplace_t__print          0000000180003677 f   ida:ida.dll
 0001:0000267d       idaplace_t__touval         000000018000367d f   ida:ida.dll
 0001:00002683       idaplace_t__clone          0000000180003683 f   ida:ida.dll
 0001:00002689       idaplace_t__copyfrom       0000000180003689 f   ida:ida.dll
 0001:0000268f       idaplace_t__makeplace      000000018000368f f   ida:ida.dll
 0001:00002695       idaplace_t__compare        0000000180003695 f   ida:ida.dll
 0001:0000269b       idaplace_t__adjust         000000018000369b f   ida:ida.dll
 0001:000026a1       idaplace_t__prev           00000001800036a1 f   ida:ida.dll
 0001:000026a7       idaplace_t__next           00000001800036a7 f   ida:ida.dll
 0001:000026ad       idaplace_t__beginning      00000001800036ad f   ida:ida.dll
 0001:000026b3       idaplace_t__ending         00000001800036b3 f   ida:ida.dll
 0001:000026b9       idaplace_t__generate       00000001800036b9 f   ida:ida.dll
 0001:000026bf       idaplace_t__serialize      00000001800036bf f   ida:ida.dll
 0001:000026c5       idaplace_t__deserialize    00000001800036c5 f   ida:ida.dll
 0001:000026cb       idaplace_t__id             00000001800036cb f   ida:ida.dll
 0001:000026d1       idaplace_t__name           00000001800036d1 f   ida:ida.dll
 0001:000026d7       idaplace_t__toea           00000001800036d7 f   ida:ida.dll
 0001:000026dd       idaplace_t__enter          00000001800036dd f   ida:ida.dll
 0001:000026e3       idaplace_t__leave          00000001800036e3 f   ida:ida.dll
 0001:000026e9       idaplace_t__rebase         00000001800036e9 f   ida:ida.dll
 0001:000026ef       bookmarks_t_mark           00000001800036ef f   ida:ida.dll
 0001:000026f5       bookmarks_t_get            00000001800036f5 f   ida:ida.dll
 0001:000026fb       bookmarks_t_get_desc       00000001800036fb f   ida:ida.dll
 0001:00002701       PyW_GetNumber              0000000180003701 f   python:python.dll
 0001:00002708       ??_U@YAPEAX_K@Z            0000000180003708 f   MSVCRT:new_array.obj
 0001:00002710       ??_V@YAXPEAX@Z             0000000180003710 f   MSVCRT:delete_array.obj
 0001:00002710       ??3@YAXPEAX_K@Z            0000000180003710 f   MSVCRT:delete_scalar_size.obj
 0001:000028a0       _Init_thread_footer        00000001800038a0 f   MSVCRT:thread_safe_statics.obj
 0001:00002900       _Init_thread_header        0000000180003900 f   MSVCRT:thread_safe_statics.obj
 0001:00002968       _Init_thread_notify        0000000180003968 f   MSVCRT:thread_safe_statics.obj
 0001:000029b8       _Init_thread_wait          00000001800039b8 f   MSVCRT:thread_safe_statics.obj
 0001:00002a30       __GSHandlerCheck           0000000180003a30 f   MSVCRT:gshandler.obj
 0001:00002a50       __GSHandlerCheckCommon     0000000180003a50 f   MSVCRT:gshandler.obj
 0001:00002aac       __GSHandlerCheck_EH        0000000180003aac f   MSVCRT:gshandlereh.obj
 0001:00002b40       __security_check_cookie    0000000180003b40 f   MSVCRT:amdsecgs.obj
 0001:00002b64       ??_Etype_info@@UEAAPEAXI@Z 0000000180003b64 f i MSVCRT:std_type_info_static.obj
 0001:00002b64       ??_Gtype_info@@UEAAPEAXI@Z 0000000180003b64 f i MSVCRT:std_type_info_static.obj
 0001:00002ec0       _DllMainCRTStartup         0000000180003ec0 f   MSVCRT:dll_dllmain.obj
 0001:00002f00       ??2@YAPEAX_K@Z             0000000180003f00 f   MSVCRT:new_scalar.obj
 0001:00002f3c       ??3@YAXPEAX@Z              0000000180003f3c f   MSVCRT:delete_scalar.obj
 0001:00002f44       __scrt_acquire_startup_lock 0000000180003f44 f   MSVCRT:utility.obj
 0001:00002f80       __scrt_dllmain_after_initialize_c 0000000180003f80 f   MSVCRT:utility.obj
 0001:00002fb4       __scrt_dllmain_before_initialize_c 0000000180003fb4 f   MSVCRT:utility.obj
 0001:00002fcc       __scrt_dllmain_crt_thread_attach 0000000180003fcc f   MSVCRT:utility.obj
 0001:00002ff4       __scrt_dllmain_crt_thread_detach 0000000180003ff4 f   MSVCRT:utility.obj
 0001:0000300c       __scrt_dllmain_exception_filter 000000018000400c f   MSVCRT:utility.obj
 0001:0000306c       __scrt_dllmain_uninitialize_c 000000018000406c f   MSVCRT:utility.obj
 0001:0000309c       __scrt_dllmain_uninitialize_critical 000000018000409c f   MSVCRT:utility.obj
 0001:000030b0       __scrt_initialize_crt      00000001800040b0 f   MSVCRT:utility.obj
 0001:000030fc       __scrt_initialize_onexit_tables 00000001800040fc f   MSVCRT:utility.obj
 0001:000031d4       __scrt_is_nonwritable_in_current_image 00000001800041d4 f   MSVCRT:utility.obj
 0001:00003270       __scrt_release_startup_lock 0000000180004270 f   MSVCRT:utility.obj
 0001:00003294       __scrt_uninitialize_crt    0000000180004294 f   MSVCRT:utility.obj
 0001:000032c0       _onexit                    00000001800042c0 f   MSVCRT:utility.obj
 0001:00003310       atexit                     0000000180004310 f   MSVCRT:utility.obj
 0001:00003328       __crt_debugger_hook        0000000180004328 f   MSVCRT:utility_desktop.obj
 0001:00003330       __scrt_fastfail            0000000180004330 f   MSVCRT:utility_desktop.obj
 0001:0000347c       _guard_check_icall_nop     000000018000447c f i MSVCRT:guard_support.obj
 0001:00003480       __raise_securityfailure    0000000180004480 f   MSVCRT:gs_report.obj
 0001:000034b4       __report_gsfailure         00000001800044b4 f   MSVCRT:gs_report.obj
 0001:000035fc       __security_init_cookie     00000001800045fc f   MSVCRT:gs_support.obj
 0001:000036a8       DllMain                    00000001800046a8 f   MSVCRT:dll_dllmain_stub.obj
 0001:000036cc       ?__scrt_initialize_type_info@@YAXXZ 00000001800046cc f   MSVCRT:tncleanup.obj
 0001:000036dc       ?__scrt_uninitialize_type_info@@YAXXZ 00000001800046dc f   MSVCRT:tncleanup.obj
 0001:000036e8       __local_stdio_scanf_options 00000001800046e8 f i MSVCRT:default_local_stdio_options.obj
 0001:000036f0       __scrt_initialize_default_local_stdio_options 00000001800046f0 f   MSVCRT:default_local_stdio_options.obj
 0001:0000370c       __scrt_get_dyn_tls_init_callback 000000018000470c f   MSVCRT:dyn_tls_init.obj
 0001:00003714       _RTC_Initialize            0000000180004714 f   MSVCRT:initsect.obj
 0001:00003750       _RTC_Terminate             0000000180004750 f   MSVCRT:initsect.obj
 0001:0000378c       ??0bad_alloc@std@@QEAA@AEBV01@@Z 000000018000478c f i MSVCRT:throw_bad_alloc.obj
 0001:000037cc       ??0bad_alloc@std@@QEAA@XZ  00000001800047cc f i MSVCRT:throw_bad_alloc.obj
 0001:000037ec       ??0bad_array_new_length@std@@QEAA@AEBV01@@Z 00000001800047ec f i MSVCRT:throw_bad_alloc.obj
 0001:0000382c       ??0bad_array_new_length@std@@QEAA@XZ 000000018000482c f i MSVCRT:throw_bad_alloc.obj
 0001:0000384c       ??0exception@std@@QEAA@AEBV01@@Z 000000018000484c f i MSVCRT:throw_bad_alloc.obj
 0001:00003884       ??1bad_array_new_length@std@@UEAA@XZ 0000000180004884 f i MSVCRT:throw_bad_alloc.obj
 0001:00003884       ??1bad_alloc@std@@UEAA@XZ  0000000180004884 f i MSVCRT:throw_bad_alloc.obj
 0001:00003898       ??_Gbad_alloc@std@@UEAAPEAXI@Z 0000000180004898 f i MSVCRT:throw_bad_alloc.obj
 0001:00003898       ??_Ebad_alloc@std@@UEAAPEAXI@Z 0000000180004898 f i MSVCRT:throw_bad_alloc.obj
 0001:00003898       ??_Eexception@std@@UEAAPEAXI@Z 0000000180004898 f i MSVCRT:throw_bad_alloc.obj
 0001:00003898       ??_Ebad_array_new_length@std@@UEAAPEAXI@Z 0000000180004898 f i MSVCRT:throw_bad_alloc.obj
 0001:00003898       ??_Gexception@std@@UEAAPEAXI@Z 0000000180004898 f i MSVCRT:throw_bad_alloc.obj
 0001:00003898       ??_Gbad_array_new_length@std@@UEAAPEAXI@Z 0000000180004898 f i MSVCRT:throw_bad_alloc.obj
 0001:000038dc       ?__scrt_throw_std_bad_alloc@@YAXXZ 00000001800048dc f   MSVCRT:throw_bad_alloc.obj
 0001:000038fc       ?__scrt_throw_std_bad_array_new_length@@YAXXZ 00000001800048fc f   MSVCRT:throw_bad_alloc.obj
 0001:0000391c       ?what@exception@std@@UEBAPEBDXZ 000000018000491c f i MSVCRT:throw_bad_alloc.obj
 0001:00003930       __isa_available_init       0000000180004930 f   MSVCRT:cpu_disp.obj
 0001:00003aac       _get_startup_argv_mode     0000000180004aac f   MSVCRT:argv_mode.obj
 0001:00003ab4       __scrt_is_ucrt_dll_in_use  0000000180004ab4 f   MSVCRT:ucrt_detection.obj
 0001:00003ac0       IsProcessorFeaturePresent  0000000180004ac0 f   kernel32:KERNEL32.dll
 0001:00003ac6       strstr                     0000000180004ac6 f   vcruntime:VCRUNTIME140.dll
 0001:00003acc       __CxxFrameHandler3         0000000180004acc f   vcruntime:VCRUNTIME140.dll
 0001:00003ad2       memcpy                     0000000180004ad2 f   vcruntime:VCRUNTIME140.dll
 0001:00003ad8       memset                     0000000180004ad8 f   vcruntime:VCRUNTIME140.dll
 0001:00003ade       __std_terminate            0000000180004ade f   vcruntime:VCRUNTIME140.dll
 0001:00003ae4       __C_specific_handler       0000000180004ae4 f   vcruntime:VCRUNTIME140.dll
 0001:00003aea       __std_type_info_destroy_list 0000000180004aea f   vcruntime:VCRUNTIME140.dll
 0001:00003af0       __std_exception_copy       0000000180004af0 f   vcruntime:VCRUNTIME140.dll
 0001:00003af6       __std_exception_destroy    0000000180004af6 f   vcruntime:VCRUNTIME140.dll
 0001:00003afc       _CxxThrowException         0000000180004afc f   vcruntime:VCRUNTIME140.dll
 0001:00003b02       free                       0000000180004b02 f   ucrt:api-ms-win-crt-heap-l1-1-0.dll
 0001:00003b08       malloc                     0000000180004b08 f   ucrt:api-ms-win-crt-heap-l1-1-0.dll
 0001:00003b0e       _initterm                  0000000180004b0e f   ucrt:api-ms-win-crt-runtime-l1-1-0.dll
 0001:00003b14       _initterm_e                0000000180004b14 f   ucrt:api-ms-win-crt-runtime-l1-1-0.dll
 0001:00003b1a       _callnewh                  0000000180004b1a f   ucrt:api-ms-win-crt-heap-l1-1-0.dll
 0001:00003b20       _seh_filter_dll            0000000180004b20 f   ucrt:api-ms-win-crt-runtime-l1-1-0.dll
 0001:00003b26       _configure_narrow_argv     0000000180004b26 f   ucrt:api-ms-win-crt-runtime-l1-1-0.dll
 0001:00003b2c       _initialize_narrow_environment 0000000180004b2c f   ucrt:api-ms-win-crt-runtime-l1-1-0.dll
 0001:00003b32       _initialize_onexit_table   0000000180004b32 f   ucrt:api-ms-win-crt-runtime-l1-1-0.dll
 0001:00003b38       _register_onexit_function  0000000180004b38 f   ucrt:api-ms-win-crt-runtime-l1-1-0.dll
 0001:00003b3e       _execute_onexit_table      0000000180004b3e f   ucrt:api-ms-win-crt-runtime-l1-1-0.dll
 0001:00003b44       _crt_atexit                0000000180004b44 f   ucrt:api-ms-win-crt-runtime-l1-1-0.dll
 0001:00003b4a       _cexit                     0000000180004b4a f   ucrt:api-ms-win-crt-runtime-l1-1-0.dll
 0001:00003b50       __scrt_stub_for_acrt_uninitialize_critical 0000000180004b50 f   MSVCRT:ucrt_stubs.obj
 0001:00003b50       __acrt_initialize          0000000180004b50 f   MSVCRT:ucrt_stubs.obj
 0001:00003b50       __scrt_stub_for_acrt_thread_attach 0000000180004b50 f   MSVCRT:ucrt_stubs.obj
 0001:00003b50       __scrt_stub_for_acrt_initialize 0000000180004b50 f   MSVCRT:ucrt_stubs.obj
 0001:00003b50       __acrt_thread_attach       0000000180004b50 f   MSVCRT:ucrt_stubs.obj
 0001:00003b50       __acrt_uninitialize_critical 0000000180004b50 f   MSVCRT:ucrt_stubs.obj
 0001:00003b50       __vcrt_initialize          0000000180004b50 f   MSVCRT:ucrt_stubs.obj
 0001:00003b50       __vcrt_thread_detach       0000000180004b50 f   MSVCRT:ucrt_stubs.obj
 0001:00003b50       __vcrt_uninitialize        0000000180004b50 f   MSVCRT:ucrt_stubs.obj
 0001:00003b50       __scrt_stub_for_acrt_thread_detach 0000000180004b50 f   MSVCRT:ucrt_stubs.obj
 0001:00003b50       __acrt_thread_detach       0000000180004b50 f   MSVCRT:ucrt_stubs.obj
 0001:00003b50       __vcrt_thread_attach       0000000180004b50 f   MSVCRT:ucrt_stubs.obj
 0001:00003b50       __scrt_stub_for_acrt_uninitialize 0000000180004b50 f   MSVCRT:ucrt_stubs.obj
 0001:00003b50       __acrt_uninitialize        0000000180004b50 f   MSVCRT:ucrt_stubs.obj
 0001:00003b50       __vcrt_uninitialize_critical 0000000180004b50 f   MSVCRT:ucrt_stubs.obj
 0001:00003b54       __scrt_stub_for_is_c_termination_complete 0000000180004b54 f   MSVCRT:ucrt_stubs.obj
 0001:00003b54       _is_c_termination_complete 0000000180004b54 f   MSVCRT:ucrt_stubs.obj
 0001:00003b70       _guard_dispatch_icall_nop  0000000180004b70 f   MSVCRT:guard_dispatch.obj
 0002:00000000       __imp_CloseHandle          0000000180005000     kernel32:KERNEL32.dll
 0002:00000008       __imp_EnterCriticalSection 0000000180005008     kernel32:KERNEL32.dll
 0002:00000010       __imp_LeaveCriticalSection 0000000180005010     kernel32:KERNEL32.dll
 0002:00000018       __imp_InitializeCriticalSectionAndSpinCount 0000000180005018     kernel32:KERNEL32.dll
 0002:00000020       __imp_DeleteCriticalSection 0000000180005020     kernel32:KERNEL32.dll
 0002:00000028       __imp_SetEvent             0000000180005028     kernel32:KERNEL32.dll
 0002:00000030       __imp_ResetEvent           0000000180005030     kernel32:KERNEL32.dll
 0002:00000038       __imp_WaitForSingleObjectEx 0000000180005038     kernel32:KERNEL32.dll
 0002:00000040       __imp_CreateEventW         0000000180005040     kernel32:KERNEL32.dll
 0002:00000048       __imp_GetModuleHandleW     0000000180005048     kernel32:KERNEL32.dll
 0002:00000050       __imp_GetProcAddress       0000000180005050     kernel32:KERNEL32.dll
 0002:00000058       __imp_RtlCaptureContext    0000000180005058     kernel32:KERNEL32.dll
 0002:00000060       __imp_RtlLookupFunctionEntry 0000000180005060     kernel32:KERNEL32.dll
 0002:00000068       __imp_RtlVirtualUnwind     0000000180005068     kernel32:KERNEL32.dll
 0002:00000070       __imp_IsDebuggerPresent    0000000180005070     kernel32:KERNEL32.dll
 0002:00000078       __imp_UnhandledExceptionFilter 0000000180005078     kernel32:KERNEL32.dll
 0002:00000080       __imp_SetUnhandledExceptionFilter 0000000180005080     kernel32:KERNEL32.dll
 0002:00000088       __imp_IsProcessorFeaturePresent 0000000180005088     kernel32:KERNEL32.dll
 0002:00000090       __imp_GetCurrentProcess    0000000180005090     kernel32:KERNEL32.dll
 0002:00000098       __imp_TerminateProcess     0000000180005098     kernel32:KERNEL32.dll
 0002:000000a0       __imp_QueryPerformanceCounter 00000001800050a0     kernel32:KERNEL32.dll
 0002:000000a8       __imp_GetCurrentProcessId  00000001800050a8     kernel32:KERNEL32.dll
 0002:000000b0       __imp_GetCurrentThreadId   00000001800050b0     kernel32:KERNEL32.dll
 0002:000000b8       __imp_GetSystemTimeAsFileTime 00000001800050b8     kernel32:KERNEL32.dll
 0002:000000c0       __imp_DisableThreadLibraryCalls 00000001800050c0     kernel32:KERNEL32.dll
 0002:000000c8       __imp_InitializeSListHead  00000001800050c8     kernel32:KERNEL32.dll
 0002:000000d0       \177KERNEL32_NULL_THUNK_DATA 00000001800050d0     kernel32:KERNEL32.dll
 0002:000000d8       __imp_memset               00000001800050d8     vcruntime:VCRUNTIME140.dll
 0002:000000e0       __imp___std_terminate      00000001800050e0     vcruntime:VCRUNTIME140.dll
 0002:000000e8       __imp___C_specific_handler 00000001800050e8     vcruntime:VCRUNTIME140.dll
 0002:000000f0       __imp___std_type_info_destroy_list 00000001800050f0     vcruntime:VCRUNTIME140.dll
 0002:000000f8       __imp___std_exception_copy 00000001800050f8     vcruntime:VCRUNTIME140.dll
 0002:00000100       __imp___std_exception_destroy 0000000180005100     vcruntime:VCRUNTIME140.dll
 0002:00000108       __imp__CxxThrowException   0000000180005108     vcruntime:VCRUNTIME140.dll
 0002:00000110       __imp_memcpy               0000000180005110     vcruntime:VCRUNTIME140.dll
 0002:00000118       __imp___CxxFrameHandler3   0000000180005118     vcruntime:VCRUNTIME140.dll
 0002:00000120       __imp_strstr               0000000180005120     vcruntime:VCRUNTIME140.dll
 0002:00000128       \177VCRUNTIME140_NULL_THUNK_DATA 0000000180005128     vcruntime:VCRUNTIME140.dll
 0002:00000130       __imp__callnewh            0000000180005130     ucrt:api-ms-win-crt-heap-l1-1-0.dll
 0002:00000138       __imp_malloc               0000000180005138     ucrt:api-ms-win-crt-heap-l1-1-0.dll
 0002:00000140       __imp_free                 0000000180005140     ucrt:api-ms-win-crt-heap-l1-1-0.dll
 0002:00000148       \177api-ms-win-crt-heap-l1-1-0_NULL_THUNK_DATA 0000000180005148     ucrt:api-ms-win-crt-heap-l1-1-0.dll
 0002:00000150       __imp__configure_narrow_argv 0000000180005150     ucrt:api-ms-win-crt-runtime-l1-1-0.dll
 0002:00000158       __imp__initialize_narrow_environment 0000000180005158     ucrt:api-ms-win-crt-runtime-l1-1-0.dll
 0002:00000160       __imp__initialize_onexit_table 0000000180005160     ucrt:api-ms-win-crt-runtime-l1-1-0.dll
 0002:00000168       __imp__initterm_e          0000000180005168     ucrt:api-ms-win-crt-runtime-l1-1-0.dll
 0002:00000170       __imp__initterm            0000000180005170     ucrt:api-ms-win-crt-runtime-l1-1-0.dll
 0002:00000178       __imp__register_onexit_function 0000000180005178     ucrt:api-ms-win-crt-runtime-l1-1-0.dll
 0002:00000180       __imp__execute_onexit_table 0000000180005180     ucrt:api-ms-win-crt-runtime-l1-1-0.dll
 0002:00000188       __imp__crt_atexit          0000000180005188     ucrt:api-ms-win-crt-runtime-l1-1-0.dll
 0002:00000190       __imp__cexit               0000000180005190     ucrt:api-ms-win-crt-runtime-l1-1-0.dll
 0002:00000198       __imp__seh_filter_dll      0000000180005198     ucrt:api-ms-win-crt-runtime-l1-1-0.dll
 0002:000001a0       \177api-ms-win-crt-runtime-l1-1-0_NULL_THUNK_DATA 00000001800051a0     ucrt:api-ms-win-crt-runtime-l1-1-0.dll
 0002:000001a8       __imp___stdio_common_vfprintf 00000001800051a8     ucrt:api-ms-win-crt-stdio-l1-1-0.dll
 0002:000001b0       __imp___acrt_iob_func      00000001800051b0     ucrt:api-ms-win-crt-stdio-l1-1-0.dll
 0002:000001b8       \177api-ms-win-crt-stdio-l1-1-0_NULL_THUNK_DATA 00000001800051b8     ucrt:api-ms-win-crt-stdio-l1-1-0.dll
 0002:000001c0       __imp_strncmp              00000001800051c0     ucrt:api-ms-win-crt-string-l1-1-0.dll
 0002:000001c8       \177api-ms-win-crt-string-l1-1-0_NULL_THUNK_DATA 00000001800051c8     ucrt:api-ms-win-crt-string-l1-1-0.dll
 0002:000001d0       __imp_bookmarks_t_get_desc 00000001800051d0     ida:ida.dll
 0002:000001d8       __imp_bookmarks_t_get      00000001800051d8     ida:ida.dll
 0002:000001e0       __imp_bookmarks_t_mark     00000001800051e0     ida:ida.dll
 0002:000001e8       __imp_idaplace_t__rebase   00000001800051e8     ida:ida.dll
 0002:000001f0       __imp_idaplace_t__leave    00000001800051f0     ida:ida.dll
 0002:000001f8       __imp_idaplace_t__enter    00000001800051f8     ida:ida.dll
 0002:00000200       __imp_idaplace_t__toea     0000000180005200     ida:ida.dll
 0002:00000208       __imp_idaplace_t__name     0000000180005208     ida:ida.dll
 0002:00000210       __imp_idaplace_t__id       0000000180005210     ida:ida.dll
 0002:00000218       __imp_idaplace_t__deserialize 0000000180005218     ida:ida.dll
 0002:00000220       __imp_inf                  0000000180005220     ida:ida.dll
 0002:00000228       __imp_idaplace_t__generate 0000000180005228     ida:ida.dll
 0002:00000230       __imp_idaplace_t__ending   0000000180005230     ida:ida.dll
 0002:00000238       __imp_idaplace_t__beginning 0000000180005238     ida:ida.dll
 0002:00000240       __imp_idaplace_t__next     0000000180005240     ida:ida.dll
 0002:00000248       __imp_idaplace_t__prev     0000000180005248     ida:ida.dll
 0002:00000250       __imp_qfree                0000000180005250     ida:ida.dll
 0002:00000258       __imp_idaplace_t__adjust   0000000180005258     ida:ida.dll
 0002:00000260       __imp_idaplace_t__compare  0000000180005260     ida:ida.dll
 0002:00000268       __imp_idaplace_t__makeplace 0000000180005268     ida:ida.dll
 0002:00000270       __imp_idaplace_t__copyfrom 0000000180005270     ida:ida.dll
 0002:00000278       __imp_idaplace_t__clone    0000000180005278     ida:ida.dll
 0002:00000280       __imp_idaplace_t__touval   0000000180005280     ida:ida.dll
 0002:00000288       __imp_idaplace_t__print    0000000180005288     ida:ida.dll
 0002:00000290       __imp_qvector_reserve      0000000180005290     ida:ida.dll
 0002:00000298       __imp_qvsnprintf           0000000180005298     ida:ida.dll
 0002:000002a0       __imp_idaplace_t__serialize 00000001800052a0     ida:ida.dll
 0002:000002a8       \177ida_NULL_THUNK_DATA    00000001800052a8     ida:ida.dll
 0002:000002b0       __imp_PyW_GetNumber        00000001800052b0     python:python.dll
 0002:000002b8       \177python_NULL_THUNK_DATA 00000001800052b8     python:python.dll
 0002:000002c0       __imp_PyExc_IOError        00000001800052c0     python38:python38.dll
 0002:000002c8       __imp_PyExc_ZeroDivisionError 00000001800052c8     python38:python38.dll
 0002:000002d0       __imp_PyExc_ValueError     00000001800052d0     python38:python38.dll
 0002:000002d8       __imp_PyExc_TypeError      00000001800052d8     python38:python38.dll
 0002:000002e0       __imp_PyExc_SystemError    00000001800052e0     python38:python38.dll
 0002:000002e8       __imp_PyExc_SyntaxError    00000001800052e8     python38:python38.dll
 0002:000002f0       __imp_PyExc_RuntimeError   00000001800052f0     python38:python38.dll
 0002:000002f8       __imp_PyExc_OverflowError  00000001800052f8     python38:python38.dll
 0002:00000300       __imp_PyExc_MemoryError    0000000180005300     python38:python38.dll
 0002:00000308       __imp_PyExc_IndexError     0000000180005308     python38:python38.dll
 0002:00000310       __imp_PyExc_AttributeError 0000000180005310     python38:python38.dll
 0002:00000318       __imp__Py_NotImplementedStruct 0000000180005318     python38:python38.dll
 0002:00000320       __imp_PyObject_CallFunctionObjArgs 0000000180005320     python38:python38.dll
 0002:00000328       __imp_PyObject_Call        0000000180005328     python38:python38.dll
 0002:00000330       __imp_PyImport_AddModule   0000000180005330     python38:python38.dll
 0002:00000338       __imp_PyEval_InitThreads   0000000180005338     python38:python38.dll
 0002:00000340       __imp_PyModule_Create2     0000000180005340     python38:python38.dll
 0002:00000348       __imp_PyModule_AddObject   0000000180005348     python38:python38.dll
 0002:00000350       __imp_PyArg_UnpackTuple    0000000180005350     python38:python38.dll
 0002:00000358       __imp_PyGILState_Release   0000000180005358     python38:python38.dll
 0002:00000360       __imp_PyGILState_Ensure    0000000180005360     python38:python38.dll
 0002:00000368       __imp_PyErr_WriteUnraisable 0000000180005368     python38:python38.dll
 0002:00000370       __imp_PyErr_Format         0000000180005370     python38:python38.dll
 0002:00000378       __imp_PyErr_Restore        0000000180005378     python38:python38.dll
 0002:00000380       __imp_PyErr_Fetch          0000000180005380     python38:python38.dll
 0002:00000388       __imp_PyErr_Clear          0000000180005388     python38:python38.dll
 0002:00000390       __imp_PyErr_Occurred       0000000180005390     python38:python38.dll
 0002:00000398       __imp_PyErr_SetString      0000000180005398     python38:python38.dll
 0002:000003a0       __imp_PyCapsule_Import     00000001800053a0     python38:python38.dll
 0002:000003a8       __imp_PyCapsule_GetPointer 00000001800053a8     python38:python38.dll
 0002:000003b0       __imp_PyCapsule_New        00000001800053b0     python38:python38.dll
 0002:000003b8       __imp_PyModule_GetDict     00000001800053b8     python38:python38.dll
 0002:000003c0       __imp_PyCFunction_GetSelf  00000001800053c0     python38:python38.dll
 0002:000003c8       __imp_PyCFunction_GetFunction 00000001800053c8     python38:python38.dll
 0002:000003d0       __imp_PyDict_SetItemString 00000001800053d0     python38:python38.dll
 0002:000003d8       __imp_PyDict_SetItem       00000001800053d8     python38:python38.dll
 0002:000003e0       __imp_PyDict_GetItem       00000001800053e0     python38:python38.dll
 0002:000003e8       __imp_PyDict_New           00000001800053e8     python38:python38.dll
 0002:000003f0       __imp_PyTuple_GetItem      00000001800053f0     python38:python38.dll
 0002:000003f8       __imp_PyTuple_Size         00000001800053f8     python38:python38.dll
 0002:00000400       __imp_PyTuple_New          0000000180005400     python38:python38.dll
 0002:00000408       __imp_PyBool_FromLong      0000000180005408     python38:python38.dll
 0002:00000410       __imp_PyLong_FromUnsignedLongLong 0000000180005410     python38:python38.dll
 0002:00000418       __imp_PyLong_FromVoidPtr   0000000180005418     python38:python38.dll
 0002:00000420       __imp_PyLong_AsLong        0000000180005420     python38:python38.dll
 0002:00000428       __imp_PyUnicode_CompareWithASCIIString 0000000180005428     python38:python38.dll
 0002:00000430       __imp_PyUnicode_Concat     0000000180005430     python38:python38.dll
 0002:00000438       __imp_PyUnicode_AsUTF8String 0000000180005438     python38:python38.dll
 0002:00000440       __imp_PyUnicode_FromFormat 0000000180005440     python38:python38.dll
 0002:00000448       __imp_PyUnicode_FromString 0000000180005448     python38:python38.dll
 0002:00000450       __imp_PyBytes_AsStringAndSize 0000000180005450     python38:python38.dll
 0002:00000458       __imp__PyObject_New        0000000180005458     python38:python38.dll
 0002:00000460       __imp_PyObject_Free        0000000180005460     python38:python38.dll
 0002:00000468       __imp_Py_DecRef            0000000180005468     python38:python38.dll
 0002:00000470       __imp__Py_Dealloc          0000000180005470     python38:python38.dll
 0002:00000478       __imp_PyObject_IsTrue      0000000180005478     python38:python38.dll
 0002:00000480       __imp_PyObject_GenericGetAttr 0000000180005480     python38:python38.dll
 0002:00000488       __imp_PyObject_SetAttr     0000000180005488     python38:python38.dll
 0002:00000490       __imp_PyObject_GetAttr     0000000180005490     python38:python38.dll
 0002:00000498       __imp_PyObject_GetAttrString 0000000180005498     python38:python38.dll
 0002:000004a0       __imp_PyType_Modified      00000001800054a0     python38:python38.dll
 0002:000004a8       __imp_PyType_GetFlags      00000001800054a8     python38:python38.dll
 0002:000004b0       __imp_PyType_GetSlot       00000001800054b0     python38:python38.dll
 0002:000004b8       __imp_PyType_FromSpec      00000001800054b8     python38:python38.dll
 0002:000004c0       __imp__Py_NoneStruct       00000001800054c0     python38:python38.dll
 0002:000004c8       \177python38_NULL_THUNK_DATA 00000001800054c8     python38:python38.dll
 0002:000004d0       __guard_check_icall_fptr   00000001800054d0     MSVCRT:guard_support.obj
 0002:000004d8       __guard_dispatch_icall_fptr 00000001800054d8     MSVCRT:guard_support.obj
 0002:000004e0       __xc_a                     00000001800054e0     MSVCRT:initializers.obj
 0002:000004e8       __xc_z                     00000001800054e8     MSVCRT:initializers.obj
 0002:000004f0       __xi_a                     00000001800054f0     MSVCRT:initializers.obj
 0002:00000500       __xi_z                     0000000180005500     MSVCRT:initializers.obj
 0002:00000508       __xl_a                     0000000180005508     MSVCRT:tlssup.obj
 0002:00000510       __xl_z                     0000000180005510     MSVCRT:tlssup.obj
 0002:00000518       __xp_a                     0000000180005518     MSVCRT:initializers.obj
 0002:00000520       __xp_z                     0000000180005520     MSVCRT:initializers.obj
 0002:00000528       __xt_a                     0000000180005528     MSVCRT:initializers.obj
 0002:00000530       __xt_z                     0000000180005530     MSVCRT:initializers.obj
 0002:00000540       ??_C@_03BHDOPPEK@own@      0000000180005540     idc.obj
 0002:00000544       ??_C@_06EFGGFDFD@disown@   0000000180005544     idc.obj
 0002:00000550       ??_C@_0CC@CFIMIIPD@releases?5ownership?5of?5the?5point@ 0000000180005550     idc.obj
 0002:00000578       ??_C@_07MEFPPMEF@acquire@  0000000180005578     idc.obj
 0002:00000580       ??_C@_0CC@BAIBAPCI@acquires?5ownership?5of?5the?5point@ 0000000180005580     idc.obj
 0002:000005a8       ??_C@_0CG@GKPKGEFE@returns?1sets?5ownership?5of?5the?5p@ 00000001800055a8     idc.obj
 0002:000005d0       ??_C@_06PCICMFGG@append@   00000001800055d0     idc.obj
 0002:000005d8       ??_C@_0BO@NCOOMDHM@appends?5another?5?8this?8?5object@ 00000001800055d8     idc.obj
 0002:000005f8       ??_C@_04CJGEDOF@next@      00000001800055f8     idc.obj
 0002:00000600       ??_C@_0BP@IMIAEPNG@returns?5the?5next?5?8this?8?5object@ 0000000180005600     idc.obj
 0002:00000620       ??_C@_08HJPCHLLJ@__repr__@ 0000000180005620     idc.obj
 0002:00000630       ??_C@_0BO@PNCCHPAD@returns?5object?5representation@ 0000000180005630     idc.obj
 0002:00000650       ??_C@_07HDHHMDOH@_p_char@  0000000180005650     idc.obj
 0002:00000658       ??_C@_0O@MMAHHIBH@mark_position@ 0000000180005658     idc.obj
 0002:00000668       ??_C@_0CO@IBBPKFD@mark_position?$CIea?0?5lnnum?0?5x?0?5y?0?5@ 0000000180005668     idc.obj
 0002:00000698       ??_C@_0P@OHHABHKF@get_marked_pos@ 0000000180005698     idc.obj
 0002:000006a8       ??_C@_0BN@CKHDAAAM@get_marked_pos?$CIslot?$CJ?5?9?$DO?5ea_t@ 00000001800056a8     idc.obj
 0002:000006c8       ??_C@_0BB@PAPKNMKC@get_mark_comment@ 00000001800056c8     idc.obj
 0002:000006e0       ??_C@_0CF@ENFDKCID@get_mark_comment?$CIslot?$CJ?5?9?$DO?5PyObj@ 00000001800056e0     idc.obj
 0002:00000708       ??_C@_0BE@LADBKDLC@_p__qstringT_char_t@ 0000000180005708     idc.obj
 0002:00000720       ??_C@_0BN@OHJFNODI@_qstring?$DM?5char?5?$DO?5?$CK?$HMqstring?5?$CK@ 0000000180005720     idc.obj
 0002:00000740       ??_C@_0BN@OGMFMNEO@_p__qstringT_unsigned_char_t@ 0000000180005740     idc.obj
 0002:00000760       ??_C@_0CE@FCOOCMMP@qtype?5?$CK?$HM_qstring?$DM?5unsigned?5char@ 0000000180005760     idc.obj
 0002:00000788       ??_C@_0BO@NPELMEMN@_p__qstringT_unsigned_short_t@ 0000000180005788     idc.obj
 0002:000007a8       ??_C@_0CI@MOGIECDE@_qstring?$DM?5unsigned?5short?5?$DO?5?$CK?$HMqw@ 00000001800057a8     idc.obj
 0002:000007d0       ??_C@_0BF@FIODJLOI@_p_action_ctx_base_t@ 00000001800057d0     idc.obj
 0002:000007f0       ??_C@_0EE@ODNBPOJC@action_ctx_base_t?5?$CK?$HMaction_upda@ 00000001800057f0     idc.obj
 0002:00000838       ??_C@_0N@IODFCNBG@_p_biggest_t@ 0000000180005838     idc.obj
 0002:00000848       ??_C@_0M@LMODFOHJ@biggest_t?5?$CK@ 0000000180005848     idc.obj
 0002:00000858       ??_C@_0O@HOPHBKAL@char?5?$CK?$HMint8?5?$CK@ 0000000180005858     idc.obj
 0002:00000868       ??_C@_0BC@KJKOCNNG@_p_const_iterator@ 0000000180005868     idc.obj
 0002:00000880       ??_C@_0BB@LAJPCFIO@const_iterator?5?$CK@ 0000000180005880     idc.obj
 0002:00000898       ??_C@_0CE@DHGPAIMI@_p_f_p_TWidget_int_int_p_void__@ 0000000180005898     idc.obj
 0002:000008c0       ??_C@_0DN@DFPOHMBA@custom_viewer_keydown_t?5?$CK?$HMbool?5@ 00000001800058c0     idc.obj
 0002:00000900       ??_C@_0DF@PENMGFJK@_p_f_p_TWidget_int_p_view_mouse@ 0000000180005900     idc.obj
 0002:00000940       ??_C@_0FC@NPHKCCPL@void?5?$CI?$CK?$CJ?$CITWidget?5?$CK?0int?0view_mou@ 0000000180005940     idc.obj
 0002:00000998       ??_C@_0CA@IGCEDJID@_p_f_p_TWidget_int_p_void__bool@ 0000000180005998     idc.obj
 0002:000009c0       ??_C@_0FC@PJNOFHGN@custom_viewer_click_t?5?$CK?$HMcustom_@ 00000001800059c0     idc.obj
 0002:00000a18       ??_C@_0CO@MIHLPJDD@_p_f_p_TWidget_p_lochist_entry_@ 0000000180005a18     idc.obj
 0002:00000a50       ??_C@_0EM@HBPJNBB@custom_viewer_adjust_place_t?5?$CK?$HM@ 0000000180005a50     idc.obj
 0002:00000aa0       ??_C@_0GM@LBGPKCPI@_p_f_p_TWidget_p_q_const__lochi@ 0000000180005aa0     idc.obj
 0002:00000b10       ??_C@_0IF@FKBGALIG@void?5?$CI?$CK?$CJ?$CITWidget?5?$CK?0lochist_entr@ 0000000180005b10     idc.obj
 0002:00000ba0       ??_C@_0FA@DFBJAGBE@_p_f_p_TWidget_p_q_const__lochi@ 0000000180005ba0     idc.obj
 0002:00000bf0       ??_C@_0GI@FMPBFLEM@custom_viewer_can_navigate_t?5?$CK?$HM@ 0000000180005bf0     idc.obj
 0002:00000c58       ??_C@_0DH@JJEDBLDE@_p_f_p_TWidget_p_q_const__place@ 0000000180005c58     idc.obj
 0002:00000c90       ??_C@_0EP@PJDAMEBK@code_viewer_lines_click_t?5?$CK?$HMvoi@ 0000000180005c90     idc.obj
 0002:00000ce0       ??_C@_0DE@PBNPHPNC@_p_f_p_TWidget_p_q_const__place@ 0000000180005ce0     idc.obj
 0002:00000d20       ??_C@_0EL@JKPIBDKO@code_viewer_lines_icon_t?5?$CK?$HMint?5@ 0000000180005d20     idc.obj
 0002:00000d70       ??_C@_0EB@FDCGDBJI@_p_f_p_TWidget_p_q_const__place@ 0000000180005d70     idc.obj
 0002:00000dc0       ??_C@_0FN@GGLCMJJK@custom_viewer_get_place_xcoord_@ 0000000180005dc0     idc.obj
 0002:00000e20       ??_C@_0DO@KLDLOPHE@_p_f_p_TWidget_p_q_const__place@ 0000000180005e20     idc.obj
 0002:00000e60       ??_C@_0FI@GOMHMLF@code_viewer_lines_linenum_t?5?$CK?$HMb@ 0000000180005e60     idc.obj
 0002:00000eb8       ??_C@_0BL@BMEJNHDD@_p_f_p_TWidget_p_void__int@ 0000000180005eb8     idc.obj
 0002:00000ed8       ??_C@_0DB@GMPMLKDG@custom_viewer_help_t?5?$CK?$HMint?5?$CI?$CK?$CJ?$CI@ 0000000180005ed8     idc.obj
 0002:00000f10       ??_C@_0BM@PAKPNBHH@_p_f_p_TWidget_p_void__void@ 0000000180005f10     idc.obj
 0002:00000f30       ??_C@_0GE@BLLNJKNN@custom_viewer_popup_t?5?$CK?$HMcustom_@ 0000000180005f30     idc.obj
 0002:00000f98       ??_C@_0DM@PKHFKJJF@_p_f_p_chooser_multi_t_p_sizeve@ 0000000180005f98     idc.obj
 0002:00000fe0       ??_C@_0FA@INGPHNGB@chooser_base_t?3?3cbres_t?5?$CI?$CK?$CJ?$CIcho@ 0000000180005fe0     idc.obj
 0002:00001030       ??_C@_0CN@LJCPBILN@_p_f_p_chooser_t_ssize_t__choos@ 0000000180006030     idc.obj
 0002:00001060       ??_C@_0DL@IKAMODJA@chooser_t?3?3cbret_t?5?$CI?$CK?$CJ?$CIchooser_@ 0000000180006060     idc.obj
 0002:000010a0       ??_C@_0EC@GIKOMIMG@_p_f_p_lochist_entry_t_r_q_cons@ 00000001800060a0     idc.obj
 0002:000010f0       ??_C@_0FE@OJIOMBOE@bool?5?$CI?$CK?$CJ?$CIlochist_entry_t?5?$CK?0loch@ 00000001800060f0     idc.obj
 0002:00001148       ??_C@_0CC@HPECDOJE@_p_f_p_q_const__char_p_void__vo@ 0000000180006148     idc.obj
 0002:00001170       ??_C@_0DA@LKJNDOAC@void?5?$CI?$CK?$CJ?$CIchar?5const?5?$CK?0void?5?$CK?$CJ?$HMs@ 0000000180006170     idc.obj
 0002:000011a0       ??_C@_0GC@HKCHLFJ@_p_f_p_q_const__char_r_q_const_@ 00000001800061a0     idc.obj
 0002:00001210       ??_C@_0GE@CDAMLIPA@h2ti_type_cb?5?$CK?$HMint?5?$CI?$CK?$CJ?$CIchar?5con@ 0000000180006210     idc.obj
 0002:00001278       ??_C@_0CB@PLKCNJF@_p_f_p_q_const__char_v_______in@ 0000000180006278     idc.obj
 0002:000012a0       ??_C@_0CG@EHKOJEHN@int?5?$CI?$CK?$CJ?$CIchar?5const?5?$CK?0?4?4?4?$CJ?$HMprint@ 00000001800062a0     idc.obj
 0002:000012c8       ??_C@_0CB@PPFKEDBB@_p_f_p_void_int_va_list__ssize_@ 00000001800062c8     idc.obj
 0002:000012f0       ??_C@_0CM@ODIKDJIA@ssize_t?5?$CI?$CK?$CJ?$CIvoid?5?$CK?0int?0va_list?$CJ@ 00000001800062f0     idc.obj
 0002:00001320       ??_C@_0CJ@KNMLBMOG@_p_f_r_q_const__insn_t_p_int_p_@ 0000000180006320     idc.obj
 0002:00001350       ??_C@_0DI@CGFAFNOI@bool?5?$CI?$CK?$CJ?$CIinsn_t?5const?5?$CG?0int?5?$CK?0i@ 0000000180006350     idc.obj
 0002:00001390       ??_C@_0FA@JJBGCIIH@_p_f_r_q_const__insn_t_r_q_cons@ 0000000180006390     idc.obj
 0002:000013e0       ??_C@_0FE@IBKJNBMI@bool?5?$CI?$CK?$CJ?$CIinsn_t?5const?5?$CG?0op_t?5co@ 00000001800063e0     idc.obj
 0002:00001438       ??_C@_0BI@PGCOIKGG@_p_f_unsigned_int__bool@ 0000000180006438     idc.obj
 0002:00001450       ??_C@_0DN@OGOBIPP@bool?5?$CI?$CK?$CJ?$CIunsigned?5int?$CJ?$HMhas_dela@ 0000000180006450     idc.obj
 0002:00001490       ??_C@_0DL@FFEHDPON@_p_f_unsigned_int_p_q_const__ch@ 0000000180006490     idc.obj
 0002:000014d0       ??_C@_0EK@MACPDLHN@int?5?$CI?$CK?$CJ?$CIunsigned?5int?0char?5const@ 00000001800064d0     idc.obj
 0002:00001520       ??_C@_0BP@HNIFGGKH@_p_f_unsigned_int_p_void__bool@ 0000000180006520     idc.obj
 0002:00001540       ??_C@_0CI@PMEGIBIK@testf_t?5?$CK?$HMbool?5?$CI?$CK?$CJ?$CIunsigned?5int@ 0000000180006540     idc.obj
 0002:00001568       ??_C@_0DB@CEAPILAH@_p_f_unsigned_int_r_q_const__ti@ 0000000180006568     idc.obj
 0002:000015a0       ??_C@_0EH@MLDNCCKC@local_tinfo_predicate_t?5?$CK?$HMint?5?$CI@ 00000001800065a0     idc.obj
 0002:000015e8       ??_C@_0CN@BPIIPJKN@_p_f_unsigned_int_unsigned_int_@ 00000001800065e8     idc.obj
 0002:00001618       ??_C@_0DO@CKIBBIPB@unsigned?5int?5?$CI?$CK?$CJ?$CIunsigned?5int?0u@ 0000000180006618     idc.obj
 0002:00001658       ??_C@_06EJFLAOFF@_p_int@   0000000180006658     idc.obj
 0002:00001660       ??_C@_0IG@FDKJDHEK@adiff_t?5?$CK?$HMint?5?$CK?$HMint32?5?$CK?$HMsval_t?5@ 0000000180006660     idc.obj
 0002:000016e8       ??_C@_0M@CFMLOKJJ@_p_iterator@ 00000001800066e8     idc.obj
 0002:000016f8       ??_C@_0L@IIMCJLIP@iterator?5?$CK@ 00000001800066f8     idc.obj
 0002:00001708       ??_C@_0O@HDLJBJJF@_p_location_t@ 0000000180006708     idc.obj
 0002:00001718       ??_C@_0N@ONMECIKA@location_t?5?$CK@ 0000000180006718     idc.obj
 0002:00001728       ??_C@_0N@HIKGEFDH@_p_long_long@ 0000000180006728     idc.obj
 0002:00001738       ??_C@_0BP@FECEFBLL@int64?5?$CK?$HMlonglong?5?$CK?$HMlong?5long?5?$CK@ 0000000180006738     idc.obj
 0002:00001758       ??_C@_0CJ@KBPLCHCN@_p_qvectorT__qstringT_unsigned_@ 0000000180006758     idc.obj
 0002:00001788       ??_C@_0DF@GOALPBDM@qvector?$DM?5_qstring?$DM?5unsigned?5sho@ 0000000180006788     idc.obj
 0002:000017c0       ??_C@_0BH@EHIHPDFP@_p_qvectorT_argloc_t_t@ 00000001800067c0     idc.obj
 0002:000017d8       ??_C@_0CC@PMMGEEHP@qvector?$DM?5argloc_t?5?$DO?5?$CK?$HMarglocs_t@ 00000001800067d8     idc.obj
 0002:00001800       ??_C@_0BD@IFPOLGLB@_p_qvectorT_bool_t@ 0000000180006800     idc.obj
 0002:00001818       ??_C@_0BO@JEOEHDBE@boolvec_t?5?$CK?$HMqvector?$DM?5bool?5?$DO?5?$CK@ 0000000180006818     idc.obj
 0002:00001838       ??_C@_0BO@BMBALGLA@_p_qvectorT_channel_redir_t_t@ 0000000180006838     idc.obj
 0002:00001858       ??_C@_0DA@DFOFPPPA@qvector?$DM?5channel_redir_t?5?$DO?5?$CK?$HMch@ 0000000180006858     idc.obj
 0002:00001888       ??_C@_0CA@KLOIFAIM@_p_qvectorT_compiled_binpat_t_t@ 0000000180006888     idc.obj
 0002:000018a8       ??_C@_0DH@JJMOBCIB@compiled_binpat_vec_t?5?$CK?$HMqvector@ 00000001800068a8     idc.obj
 0002:000018e0       ??_C@_0BI@HPPPANA@_p_qvectorT_funcarg_t_t@ 00000001800068e0     idc.obj
 0002:000018f8       ??_C@_0CG@BKJABKPP@funcargvec_t?5?$CK?$HMqvector?$DM?5funcarg@ 00000001800068f8     idc.obj
 0002:00001920       ??_C@_0BC@EMAMHDDK@_p_qvectorT_int_t@ 0000000180006920     idc.obj
 0002:00001938       ??_C@_0CI@OEOLBAGE@svalvec_t?5?$CK?$HMintvec_t?5?$CK?$HMqvector?$DM@ 0000000180006938     idc.obj
 0002:00001960       ??_C@_0BG@NGNJJEPD@_p_qvectorT_range_t_t@ 0000000180006960     idc.obj
 0002:00001978       ??_C@_0CH@CMPFLCHN@rangevec_base_t?5?$CK?$HMqvector?$DM?5rang@ 0000000180006978     idc.obj
 0002:000019a0       ??_C@_0CB@DLEFICAI@_p_qvectorT_rangeset_t_const_p_@ 00000001800069a0     idc.obj
 0002:000019c8       ??_C@_0DF@CPGECBJE@rangeset_crefvec_t?5?$CK?$HMqvector?$DM?5r@ 00000001800069c8     idc.obj
 0002:00001a00       ??_C@_0BJ@CBEEABAG@_p_qvectorT_rangeset_t_t@ 0000000180006a00     idc.obj
 0002:00001a20       ??_C@_0CN@NEPIOIFG@qvector?$DM?5rangeset_t?5?$DO?5?$CK?$HMarray_o@ 0000000180006a20     idc.obj
 0002:00001a50       ??_C@_0BN@HCIAELAH@_p_qvectorT_refinfo_desc_t_t@ 0000000180006a50     idc.obj
 0002:00001a70       ??_C@_0DB@OEPGJFJL@refinfo_desc_vec_t?5?$CK?$HMqvector?$DM?5r@ 0000000180006a70     idc.obj
 0002:00001aa8       ??_C@_0BK@JBDFAIAF@_p_qvectorT_simd_info_t_t@ 0000000180006aa8     idc.obj
 0002:00001ac8       ??_C@_0CL@IAEHADMA@simd_info_vec_t?5?$CK?$HMqvector?$DM?5simd@ 0000000180006ac8     idc.obj
 0002:00001af8       ??_C@_0BL@JOHIOMBL@_p_qvectorT_simpleline_t_t@ 0000000180006af8     idc.obj
 0002:00001b18       ??_C@_0CF@LMLHENLN@strvec_t?5?$CK?$HMqvector?$DM?5simpleline_@ 0000000180006b18     idc.obj
 0002:00001b40       ??_C@_0BF@JMFCGENF@_p_qvectorT_size_t_t@ 0000000180006b40     idc.obj
 0002:00001b58       ??_C@_0CA@PKGFIBKP@sizevec_t?5?$CK?$HMqvector?$DM?5size_t?5?$DO?5?$CK@ 0000000180006b58     idc.obj
 0002:00001b78       ??_C@_0BG@GHPDGOHO@_p_qvectorT_tinfo_t_t@ 0000000180006b78     idc.obj
 0002:00001b90       ??_C@_0CC@CEHAEEKI@tinfovec_t?5?$CK?$HMqvector?$DM?5tinfo_t?5?$DO@ 0000000180006b90     idc.obj
 0002:00001bb8       ??_C@_0BK@KGMCEJE@_p_qvectorT_type_attr_t_t@ 0000000180006bb8     idc.obj
 0002:00001bd8       ??_C@_0CI@PENEDOEG@type_attrs_t?5?$CK?$HMqvector?$DM?5type_at@ 0000000180006bd8     idc.obj
 0002:00001c00       ??_C@_0BL@MFAEBBAF@_p_qvectorT_udt_member_t_t@ 0000000180006c00     idc.obj
 0002:00001c20       ??_C@_0CL@HFANAPIM@udtmembervec_t?5?$CK?$HMqvector?$DM?5udt_m@ 0000000180006c20     idc.obj
 0002:00001c50       ??_C@_0BM@DFOCNGNJ@_p_qvectorT_unsigned_char_t@ 0000000180006c50     idc.obj
 0002:00001c70       ??_C@_0CH@MCODNJGI@qvector?$DM?5unsigned?5char?5?$DO?5?$CK?$HMcomp@ 0000000180006c70     idc.obj
 0002:00001c98       ??_C@_0M@BEMIELHM@_p_relobj_t@ 0000000180006c98     idc.obj
 0002:00001ca8       ??_C@_0N@OAHCDFLH@_p_bytevec_t@ 0000000180006ca8     idc.obj
 0002:00001cb8       ??_C@_0BA@KOPDLMDG@_p_reloc_info_t@ 0000000180006cb8     idc.obj
 0002:00001cc8       ??_C@_0BL@POPMPLM@_p_qvectorT_unsigned_int_t@ 0000000180006cc8     idc.obj
 0002:00001ce8       ??_C@_0DL@HDEADPMO@eavec_t?5?$CK?$HMordvec_t?5?$CK?$HMuvalvec_t?5@ 0000000180006ce8     idc.obj
 0002:00001d28       ??_C@_08JGEHMJEC@_p_short@ 0000000180006d28     idc.obj
 0002:00001d38       ??_C@_0BA@BBDCPKKI@int16?5?$CK?$HMshort?5?$CK@ 0000000180006d38     idc.obj
 0002:00001d48       ??_C@_0P@IHEJCACJ@_p_signed_char@ 0000000180006d48     idc.obj
 0002:00001d58       ??_C@_0BG@CGJIOBCI@signed?5char?5?$CK?$HMsint8?5?$CK@ 0000000180006d58     idc.obj
 0002:00001d70       ??_C@_0BB@JEMKPEPB@_p_unsigned_char@ 0000000180006d70     idc.obj
 0002:00001d90       ??_C@_0HI@NBHOBBOJ@uchar?5?$CK?$HMunsigned?5char?5?$CK?$HMcm_t?5?$CK?$HM@ 0000000180006d90     idc.obj
 0002:00001e08       ??_C@_0BA@EMEBBPFL@_p_unsigned_int@ 0000000180006e08     idc.obj
 0002:00001e20       ??_C@_0JE@GCFOGLMK@bgcolor_t?5?$CK?$HMenum_t?5?$CK?$HMtid_t?5?$CK?$HMbm@ 0000000180006e20     idc.obj
 0002:00001eb8       ??_C@_0BG@CGEDOPGF@_p_unsigned_long_long@ 0000000180006eb8     idc.obj
 0002:00001ed0       ??_C@_0CK@FCLCDGJM@uint64?5?$CK?$HMulonglong?5?$CK?$HMunsigned?5l@ 0000000180006ed0     idc.obj
 0002:00001f00       ??_C@_0BC@GCHEMBCE@_p_unsigned_short@ 0000000180006f00     idc.obj
 0002:00001f18       ??_C@_0CP@HNCAPCKA@uint16?5?$CK?$HMunsigned?5short?5?$CK?$HMushor@ 0000000180006f18     idc.obj
 0002:00001fd1       ??_C@_00CNPNBAHC@@         0000000180006fd1     idc.obj
 0002:00001fd8       ??_C@_0CF@KFFOGCID@?$CFs?5expected?5?$CFs?$CFd?5arguments?0?5got@ 0000000180006fd8     idc.obj
 0002:00002000       ??_C@_0CL@NPJGKHAI@UnpackTuple?$CI?$CJ?5argument?5list?5is?5@ 0000000180007000     idc.obj
 0002:00002030       ??_C@_0CD@DMIOPJCG@?$CFs?5expected?5?$CFs?$CFd?5arguments?0?5got@ 0000000180007030     idc.obj
 0002:00002058       ??_C@_07CIFAGBMG@unknown@  0000000180007058     idc.obj
 0002:00002060       ??_C@_0CB@HIOLGNHE@?$DMSwig?5Object?5of?5type?5?8?$CFs?8?5at?5?$CFp@ 0000000180007060     idc.obj
 0002:00002088       ??_C@_08BHKDPDAA@__name__@ 0000000180007088     idc.obj
 0002:00002098       ??_C@_0N@OEDBPMFH@SwigPyObject@ 0000000180007098     idc.obj
 0002:000020b0       ??_C@_0EH@KGGHIIII@swig?1python?5detected?5a?5memory?5l@ 00000001800070b0     idc.obj
 0002:000020f8       ??_C@_0CF@NBDOMJMA@Attempt?5to?5append?5a?5non?5SwigPyO@ 00000001800070f8     idc.obj
 0002:00002120       ??_C@_0BG@BEMBDPAG@?$DMSwig?5Packed?5at?5?$CFs?$CFs?$DO@ 0000000180007120     idc.obj
 0002:00002138       ??_C@_0BB@KEMDDLH@?$DMSwig?5Packed?5?$CFs?$DO@ 0000000180007138     idc.obj
 0002:0000214c       ??_C@_04HDOCAJNK@?$CFs?$CFs@ 000000018000714c     idc.obj
 0002:00002158       ??_C@_0N@FALDBJHP@SwigPyPacked@ 0000000180007158     idc.obj
 0002:00002168       ??_C@_04IIAJELJL@this@     0000000180007168     idc.obj
 0002:00002170       ??_C@_0L@GCGAIEDO@swig_ptr?3?5@ 0000000180007170     idc.obj
 0002:00002180       ??_C@_0CO@FOLKHJOC@swig_runtime_data4?4type_pointer@ 0000000180007180     idc.obj
 0002:000021b0       ??_C@_0BD@BFIMCAOH@swig_runtime_data4@ 00000001800071b0     idc.obj
 0002:000021c8       ??_C@_0BL@LFDLKGPB@type_pointer_capsuleidaapi@ 00000001800071c8     idc.obj
 0002:000021e8       ??_C@_0BC@EOODALEL@Unknown?5exception@ 00000001800071e8     idc.obj
 0002:00002200       ??_C@_0BK@NPFFDHAP@Out?5of?5memory?5?$CIbad_alloc?$CJ@ 0000000180007200     idc.obj
 0002:00002220       ??_C@_0BCP@OKJACFO@Internal?5error?5?$CFd?5occurred?5when@ 0000000180007220     idc.obj
 0002:00002358       ??_7idaplace_t@@6B@        0000000180007358     idc.obj
 0002:000023f8       ??_C@_0DF@DEOIJC@in?5method?5?8mark_position?8?0?5argu@ 00000001800073f8     idc.obj
 0002:00002430       ??_C@_0DE@IADHMJFI@in?5method?5?8mark_position?8?0?5argu@ 0000000180007430     idc.obj
 0002:00002468       ??_C@_0DG@IKBJAOJ@in?5method?5?8mark_position?8?0?5argu@ 0000000180007468     idc.obj
 0002:000024a0       ??_C@_0DG@OJIPJKIN@in?5method?5?8mark_position?8?0?5argu@ 00000001800074a0     idc.obj
 0002:000024d8       ??_C@_0DG@FDKFGEEI@in?5method?5?8mark_position?8?0?5argu@ 00000001800074d8     idc.obj
 0002:00002510       ??_C@_0DN@PNBCEIFC@in?5method?5?8mark_position?8?0?5argu@ 0000000180007510     idc.obj
 0002:00002550       ??_C@_0DH@CLHNFCOI@in?5method?5?8get_marked_pos?8?0?5arg@ 0000000180007550     idc.obj
 0002:00002588       ??_C@_0DJ@FMMFCIEF@in?5method?5?8get_mark_comment?8?0?5a@ 0000000180007588     idc.obj
 0002:000025c8       ??_C@_08DKILNBGE@_ida_idc@ 00000001800075c8     idc.obj
 0002:000025d1       ?nullstr@?1??c_str@?$_qstring@D@@QEBAPEBDXZ@4QBDB 00000001800075d1     idc.obj
 0002:00002600       ??_C@_1EC@JIJBPKFM@?$AAa?$AAp?$AAi?$AA?9?$AAm?$AAs?$AA?9?$AAw?$AAi?$AAn?$AA?9?$AAc?$AAo?$AAr?$AAe@ 0000000180007600     MSVCRT:thread_safe_statics.obj
 0002:00002648       ??_C@_1BK@MGMFAEKH@?$AAk?$AAe?$AAr?$AAn?$AAe?$AAl?$AA3?$AA2?$AA?4?$AAd?$AAl?$AAl@ 0000000180007648     MSVCRT:thread_safe_statics.obj
 0002:00002668       ??_C@_0BM@HLJJNPAH@InitializeConditionVariable@ 0000000180007668     MSVCRT:thread_safe_statics.obj
 0002:00002688       ??_C@_0BJ@JEBJOJFJ@SleepConditionVariableCS@ 0000000180007688     MSVCRT:thread_safe_statics.obj
 0002:000026a8       ??_C@_0BJ@PGPPEPCC@WakeAllConditionVariable@ 00000001800076a8     MSVCRT:thread_safe_statics.obj
 0002:000026d0       ??_7type_info@@6B@         00000001800076d0     MSVCRT:std_type_info_static.obj
 0002:000026d8       _pRawDllMain               00000001800076d8     MSVCRT:dll_dllmain.obj
 0002:000026d8       _pDefaultRawDllMain        00000001800076d8     MSVCRT:dll_dllmain.obj
 0002:000026f8       ??_7exception@std@@6B@     00000001800076f8     MSVCRT:throw_bad_alloc.obj
 0002:00002710       ??_7bad_alloc@std@@6B@     0000000180007710     MSVCRT:throw_bad_alloc.obj
 0002:00002720       ??_C@_0P@GHFPNOJB@bad?5allocation@ 0000000180007720     MSVCRT:throw_bad_alloc.obj
 0002:00002738       ??_7bad_array_new_length@std@@6B@ 0000000180007738     MSVCRT:throw_bad_alloc.obj
 0002:00002748       ??_C@_0BF@KINCDENJ@bad?5array?5new?5length@ 0000000180007748     MSVCRT:throw_bad_alloc.obj
 0002:000027c0       _load_config_used          00000001800077c0     MSVCRT:loadcfg.obj
 0002:000028c0       _tls_used                  00000001800078c0     MSVCRT:tlssup.obj
 0002:000028e8       ??_R3place_t@@8            00000001800078e8     idc.obj
 0002:00002900       ??_R2place_t@@8            0000000180007900     idc.obj
 0002:00002910       ??_R1A@?0A@EA@place_t@@8   0000000180007910     idc.obj
 0002:00002938       ??_R4idaplace_t@@6B@       0000000180007938     idc.obj
 0002:00002960       ??_R3idaplace_t@@8         0000000180007960     idc.obj
 0002:00002978       ??_R2idaplace_t@@8         0000000180007978     idc.obj
 0002:00002990       ??_R1A@?0A@EA@idaplace_t@@8 0000000180007990     idc.obj
 0002:000029b8       ??_R4type_info@@6B@        00000001800079b8     MSVCRT:std_type_info_static.obj
 0002:000029e0       ??_R3type_info@@8          00000001800079e0     MSVCRT:std_type_info_static.obj
 0002:000029f8       ??_R2type_info@@8          00000001800079f8     MSVCRT:std_type_info_static.obj
 0002:00002a08       ??_R1A@?0A@EA@type_info@@8 0000000180007a08     MSVCRT:std_type_info_static.obj
 0002:00002a30       ??_R4exception@std@@6B@    0000000180007a30     MSVCRT:throw_bad_alloc.obj
 0002:00002a58       ??_R3exception@std@@8      0000000180007a58     MSVCRT:throw_bad_alloc.obj
 0002:00002a70       ??_R2exception@std@@8      0000000180007a70     MSVCRT:throw_bad_alloc.obj
 0002:00002a80       ??_R1A@?0A@EA@exception@std@@8 0000000180007a80     MSVCRT:throw_bad_alloc.obj
 0002:00002aa8       ??_R4bad_alloc@std@@6B@    0000000180007aa8     MSVCRT:throw_bad_alloc.obj
 0002:00002ad0       ??_R3bad_alloc@std@@8      0000000180007ad0     MSVCRT:throw_bad_alloc.obj
 0002:00002ae8       ??_R2bad_alloc@std@@8      0000000180007ae8     MSVCRT:throw_bad_alloc.obj
 0002:00002b00       ??_R1A@?0A@EA@bad_alloc@std@@8 0000000180007b00     MSVCRT:throw_bad_alloc.obj
 0002:00002b28       ??_R4bad_array_new_length@std@@6B@ 0000000180007b28     MSVCRT:throw_bad_alloc.obj
 0002:00002b50       ??_R3bad_array_new_length@std@@8 0000000180007b50     MSVCRT:throw_bad_alloc.obj
 0002:00002b68       ??_R2bad_array_new_length@std@@8 0000000180007b68     MSVCRT:throw_bad_alloc.obj
 0002:00002b88       ??_R1A@?0A@EA@bad_array_new_length@std@@8 0000000180007b88     MSVCRT:throw_bad_alloc.obj
 0002:00002ec0       __rtc_iaa                  0000000180007ec0     MSVCRT:initsect.obj
 0002:00002ec8       __rtc_izz                  0000000180007ec8     MSVCRT:initsect.obj
 0002:00002ed0       __rtc_taa                  0000000180007ed0     MSVCRT:initsect.obj
 0002:00002ed8       __rtc_tzz                  0000000180007ed8     MSVCRT:initsect.obj
 0002:00002ee0       _tls_start                 0000000180007ee0     MSVCRT:tlssup.obj
 0002:00002ee4       _Init_thread_epoch         0000000180007ee4     MSVCRT:thread_safe_statics.obj
 0002:00002ee8       _tls_end                   0000000180007ee8     MSVCRT:tlssup.obj
 0002:00003698       _TI2?AVbad_alloc@std@@     0000000180008698     MSVCRT:throw_bad_alloc.obj
 0002:000036b8       _CTA2?AVbad_alloc@std@@    00000001800086b8     MSVCRT:throw_bad_alloc.obj
 0002:000036d0       _CT??_R0?AVbad_alloc@std@@@8??0bad_alloc@std@@QEAA@AEBV01@@Z24 00000001800086d0     MSVCRT:throw_bad_alloc.obj
 0002:000036f8       _CT??_R0?AVexception@std@@@8??0exception@std@@QEAA@AEBV01@@Z24 00000001800086f8     MSVCRT:throw_bad_alloc.obj
 0002:00003720       _TI3?AVbad_array_new_length@std@@ 0000000180008720     MSVCRT:throw_bad_alloc.obj
 0002:00003740       _CTA3?AVbad_array_new_length@std@@ 0000000180008740     MSVCRT:throw_bad_alloc.obj
 0002:00003760       _CT??_R0?AVbad_array_new_length@std@@@8??0bad_array_new_length@std@@QEAA@AEBV01@@Z24 0000000180008760     MSVCRT:throw_bad_alloc.obj
 0002:000037e0       __IMPORT_DESCRIPTOR_ida    00000001800087e0     ida:ida.dll
 0002:000037f4       __IMPORT_DESCRIPTOR_python38 00000001800087f4     python38:python38.dll
 0002:00003808       __IMPORT_DESCRIPTOR_python 0000000180008808     python:python.dll
 0002:0000381c       __IMPORT_DESCRIPTOR_KERNEL32 000000018000881c     kernel32:KERNEL32.dll
 0002:00003830       __IMPORT_DESCRIPTOR_VCRUNTIME140 0000000180008830     vcruntime:VCRUNTIME140.dll
 0002:00003844       __IMPORT_DESCRIPTOR_api-ms-win-crt-stdio-l1-1-0 0000000180008844     ucrt:api-ms-win-crt-stdio-l1-1-0.dll
 0002:00003858       __IMPORT_DESCRIPTOR_api-ms-win-crt-string-l1-1-0 0000000180008858     ucrt:api-ms-win-crt-string-l1-1-0.dll
 0002:0000386c       __IMPORT_DESCRIPTOR_api-ms-win-crt-heap-l1-1-0 000000018000886c     ucrt:api-ms-win-crt-heap-l1-1-0.dll
 0002:00003880       __IMPORT_DESCRIPTOR_api-ms-win-crt-runtime-l1-1-0 0000000180008880     ucrt:api-ms-win-crt-runtime-l1-1-0.dll
 0002:00003894       __NULL_IMPORT_DESCRIPTOR   0000000180008894     ida:ida.dll
 0003:00002348       _Init_global_epoch         000000018000c348     MSVCRT:thread_safe_statics.obj
 0003:00002350       __security_cookie_complement 000000018000c350     MSVCRT:gs_cookie.obj
 0003:00002358       __security_cookie          000000018000c358     MSVCRT:gs_cookie.obj
 0003:00002360       _fltused                   000000018000c360     MSVCRT:fltused.obj
 0003:00002364       __scrt_native_dllmain_reason 000000018000c364     MSVCRT:utility.obj
 0003:00002368       __isa_available            000000018000c368     MSVCRT:cpu_disp.obj
 0003:0000236c       __isa_enabled              000000018000c36c     MSVCRT:cpu_disp.obj
 0003:00002370       __memcpy_nt_iters          000000018000c370     MSVCRT:cpu_disp.obj
 0003:00002380       __scrt_ucrt_dll_is_in_use  000000018000c380     MSVCRT:ucrt_stubs.obj
 0003:00002388       ??_R0?AVexception@std@@@8  000000018000c388     idc.obj
 0003:000023b0       ??_R0?AVDirectorException@Swig@@@8 000000018000c3b0     idc.obj
 0003:000023e0       ??_R0?AVbad_alloc@std@@@8  000000018000c3e0     idc.obj
 0003:00002408       ??_R0?AVout_of_range@std@@@8 000000018000c408     idc.obj
 0003:00002430       ??_R0?AUinterr_exc_t@@@8   000000018000c430     idc.obj
 0003:00002458       ??_R0?AVplace_t@@@8        000000018000c458     idc.obj
 0003:00002478       ??_R0?AVidaplace_t@@@8     000000018000c478     idc.obj
 0003:000024a0       ??_R0?AVtype_info@@@8      000000018000c4a0     MSVCRT:std_type_info_static.obj
 0003:000024c0       ??_R0?AVbad_array_new_length@std@@@8 000000018000c4c0     MSVCRT:throw_bad_alloc.obj
 0003:000024f0       ?swig_mutex_own@Director@Swig@@0U_RTL_CRITICAL_SECTION@2@A 000000018000c4f0     idc.obj
 0003:00002768       ?_OptionsStorage@?1??__local_stdio_printf_options@@9@4_KA 000000018000c768     idc.obj
 0003:000027f8       _tls_index                 000000018000c7f8     MSVCRT:tlssup.obj
 0003:00002800       __scrt_current_native_startup_state 000000018000c800     MSVCRT:utility.obj
 0003:00002808       __scrt_native_startup_lock 000000018000c808     MSVCRT:utility.obj
 0003:00002848       __scrt_debugger_hook_flag  000000018000c848     MSVCRT:utility_desktop.obj
 0003:00002dc0       ?__type_info_root_node@@3U__type_info_node@@A 000000018000cdc0     MSVCRT:tncleanup.obj
 0003:00002dd0       ?_OptionsStorage@?1??__local_stdio_scanf_options@@9@4_KA 000000018000cdd0     MSVCRT:default_local_stdio_options.obj
 0003:00002dd8       __favor                    000000018000cdd8     MSVCRT:cpu_disp.obj
 0003:00002de0       __dyn_tls_init_callback    000000018000cde0     <common>

 entry point at        0001:00002ec0

 Static symbols

 0000:ffff1000       .debug$S                   0000000180000000     python38:python38.dll
 0000:ffff1000       .debug$S                   0000000180000000     python38:python38.dll
 0000:ffff1000       .debug$S                   0000000180000000     python38:python38.dll
 0000:ffff1000       .debug$S                   0000000180000000     ida:ida.dll
 0000:ffff1000       .debug$S                   0000000180000000     ida:ida.dll
 0000:ffff1000       .debug$S                   0000000180000000     _ida_idc.exp
 0000:ffff1000       .debug$S                   0000000180000000     ida:ida.dll
 0000:ffff1000       .debug$S                   0000000180000000     python38:python38.dll
 0000:ffff1000       .debug$S                   0000000180000000     python38:python38.dll
 0000:ffff1000       .debug$S                   0000000180000000     python38:python38.dll
 0000:ffff1000       .debug$S                   0000000180000000     python38:python38.dll
 0000:ffff1000       .debug$S                   0000000180000000     ucrt:api-ms-win-crt-runtime-l1-1-0.dll
 0000:ffff1000       .debug$S                   0000000180000000     ucrt:api-ms-win-crt-runtime-l1-1-0.dll
 0000:ffff1000       .debug$S                   0000000180000000     ucrt:api-ms-win-crt-runtime-l1-1-0.dll
 0000:ffff1000       .debug$S                   0000000180000000     ucrt:api-ms-win-crt-runtime-l1-1-0.dll
 0000:ffff1000       .debug$S                   0000000180000000     ucrt:api-ms-win-crt-runtime-l1-1-0.dll
 0000:ffff1000       .debug$S                   0000000180000000     ucrt:api-ms-win-crt-runtime-l1-1-0.dll
 0000:ffff1000       .debug$S                   0000000180000000     ucrt:api-ms-win-crt-runtime-l1-1-0.dll
 0000:ffff1000       .debug$S                   0000000180000000     ucrt:api-ms-win-crt-runtime-l1-1-0.dll
 0000:ffff1000       .debug$S                   0000000180000000     ucrt:api-ms-win-crt-runtime-l1-1-0.dll
 0000:ffff1000       .debug$S                   0000000180000000     ucrt:api-ms-win-crt-runtime-l1-1-0.dll
 0000:ffff1000       .debug$S                   0000000180000000     ucrt:api-ms-win-crt-heap-l1-1-0.dll
 0000:ffff1000       .debug$S                   0000000180000000     ucrt:api-ms-win-crt-runtime-l1-1-0.dll
 0000:ffff1000       .debug$S                   0000000180000000     ucrt:api-ms-win-crt-runtime-l1-1-0.dll
 0000:ffff1000       .debug$S                   0000000180000000     ucrt:api-ms-win-crt-heap-l1-1-0.dll
 0000:ffff1000       .debug$S                   0000000180000000     ucrt:api-ms-win-crt-heap-l1-1-0.dll
 0000:ffff1000       .debug$S                   0000000180000000     ucrt:api-ms-win-crt-string-l1-1-0.dll
 0000:ffff1000       .debug$S                   0000000180000000     ucrt:api-ms-win-crt-string-l1-1-0.dll
 0000:ffff1000       .debug$S                   0000000180000000     ucrt:api-ms-win-crt-stdio-l1-1-0.dll
 0000:ffff1000       .debug$S                   0000000180000000     ucrt:api-ms-win-crt-stdio-l1-1-0.dll
 0000:ffff1000       .debug$S                   0000000180000000     python38:python38.dll
 0000:ffff1000       .debug$S                   0000000180000000     vcruntime:VCRUNTIME140.dll
 0000:ffff1000       .debug$S                   0000000180000000     vcruntime:VCRUNTIME140.dll
 0000:ffff1000       .debug$S                   0000000180000000     vcruntime:VCRUNTIME140.dll
 0000:ffff1000       .debug$S                   0000000180000000     vcruntime:VCRUNTIME140.dll
 0000:ffff1000       .debug$S                   0000000180000000     vcruntime:VCRUNTIME140.dll
 0000:ffff1000       .debug$S                   0000000180000000     vcruntime:VCRUNTIME140.dll
 0000:ffff1000       .debug$S                   0000000180000000     vcruntime:VCRUNTIME140.dll
 0000:ffff1000       .debug$S                   0000000180000000     vcruntime:VCRUNTIME140.dll
 0000:ffff1000       .debug$S                   0000000180000000     vcruntime:VCRUNTIME140.dll
 0000:ffff1000       .debug$S                   0000000180000000     vcruntime:VCRUNTIME140.dll
 0000:ffff1000       .debug$S                   0000000180000000     vcruntime:VCRUNTIME140.dll
 0000:ffff1000       .debug$S                   0000000180000000     vcruntime:VCRUNTIME140.dll
 0000:ffff1000       .debug$S                   0000000180000000     python:python.dll
 0000:ffff1000       .debug$S                   0000000180000000     kernel32:KERNEL32.dll
 0000:ffff1000       .debug$S                   0000000180000000     kernel32:KERNEL32.dll
 0000:ffff1000       .debug$S                   0000000180000000     kernel32:KERNEL32.dll
 0000:ffff1000       .debug$S                   0000000180000000     kernel32:KERNEL32.dll
 0000:ffff1000       .debug$S                   0000000180000000     kernel32:KERNEL32.dll
 0000:ffff1000       .debug$S                   0000000180000000     kernel32:KERNEL32.dll
 0000:ffff1000       .debug$S                   0000000180000000     kernel32:KERNEL32.dll
 0000:ffff1000       .debug$S                   0000000180000000     kernel32:KERNEL32.dll
 0000:ffff1000       .debug$S                   0000000180000000     kernel32:KERNEL32.dll
 0000:ffff1000       .debug$S                   0000000180000000     kernel32:KERNEL32.dll
 0000:ffff1000       .debug$S                   0000000180000000     kernel32:KERNEL32.dll
 0000:ffff1000       .debug$S                   0000000180000000     kernel32:KERNEL32.dll
 0000:ffff1000       .debug$S                   0000000180000000     kernel32:KERNEL32.dll
 0000:ffff1000       .debug$S                   0000000180000000     kernel32:KERNEL32.dll
 0000:ffff1000       .debug$S                   0000000180000000     kernel32:KERNEL32.dll
 0000:ffff1000       .debug$S                   0000000180000000     kernel32:KERNEL32.dll
 0000:ffff1000       .debug$S                   0000000180000000     kernel32:KERNEL32.dll
 0000:ffff1000       .debug$S                   0000000180000000     kernel32:KERNEL32.dll
 0000:ffff1000       .debug$S                   0000000180000000     kernel32:KERNEL32.dll
 0000:ffff1000       .debug$S                   0000000180000000     kernel32:KERNEL32.dll
 0000:ffff1000       .debug$S                   0000000180000000     kernel32:KERNEL32.dll
 0000:ffff1000       .debug$S                   0000000180000000     kernel32:KERNEL32.dll
 0000:ffff1000       .debug$S                   0000000180000000     kernel32:KERNEL32.dll
 0000:ffff1000       .debug$S                   0000000180000000     kernel32:KERNEL32.dll
 0000:ffff1000       .debug$S                   0000000180000000     kernel32:KERNEL32.dll
 0000:ffff1000       .debug$S                   0000000180000000     kernel32:KERNEL32.dll
 0000:ffff1000       .debug$S                   0000000180000000     kernel32:KERNEL32.dll
 0000:ffff1000       .debug$S                   0000000180000000     python38:python38.dll
 0000:ffff1000       .debug$S                   0000000180000000     ida:ida.dll
 0000:ffff1000       .debug$S                   0000000180000000     python38:python38.dll
 0000:ffff1000       .debug$S                   0000000180000000     ida:ida.dll
 0000:ffff1000       .debug$S                   0000000180000000     python38:python38.dll
 0000:ffff1000       .debug$S                   0000000180000000     ida:ida.dll
 0000:ffff1000       .debug$S                   0000000180000000     python38:python38.dll
 0000:ffff1000       .debug$S                   0000000180000000     ida:ida.dll
 0000:ffff1000       .debug$S                   0000000180000000     python38:python38.dll
 0000:ffff1000       .debug$S                   0000000180000000     ida:ida.dll
 0000:ffff1000       .debug$S                   0000000180000000     python38:python38.dll
 0000:ffff1000       .debug$S                   0000000180000000     ida:ida.dll
 0000:ffff1000       .debug$S                   0000000180000000     python38:python38.dll
 0000:ffff1000       .debug$S                   0000000180000000     ida:ida.dll
 0000:ffff1000       .debug$S                   0000000180000000     python38:python38.dll
 0000:ffff1000       .debug$S                   0000000180000000     ida:ida.dll
 0000:ffff1000       .debug$S                   0000000180000000     python38:python38.dll
 0000:ffff1000       .debug$S                   0000000180000000     ida:ida.dll
 0000:ffff1000       .debug$S                   0000000180000000     python38:python38.dll
 0000:ffff1000       .debug$S                   0000000180000000     ida:ida.dll
 0000:ffff1000       .debug$S                   0000000180000000     python38:python38.dll
 0000:ffff1000       .debug$S                   0000000180000000     ida:ida.dll
 0000:ffff1000       .debug$S                   0000000180000000     python38:python38.dll
 0000:ffff1000       .debug$S                   0000000180000000     ida:ida.dll
 0000:ffff1000       .debug$S                   0000000180000000     python38:python38.dll
 0000:ffff1000       .debug$S                   0000000180000000     ida:ida.dll
 0000:ffff1000       .debug$S                   0000000180000000     python38:python38.dll
 0000:ffff1000       .debug$S                   0000000180000000     ida:ida.dll
 0000:ffff1000       .debug$S                   0000000180000000     python38:python38.dll
 0000:ffff1000       .debug$S                   0000000180000000     ida:ida.dll
 0000:ffff1000       .debug$S                   0000000180000000     python38:python38.dll
 0000:ffff1000       .debug$S                   0000000180000000     ida:ida.dll
 0000:ffff1000       .debug$S                   0000000180000000     python38:python38.dll
 0000:ffff1000       .debug$S                   0000000180000000     ida:ida.dll
 0000:ffff1000       .debug$S                   0000000180000000     python38:python38.dll
 0000:ffff1000       .debug$S                   0000000180000000     ida:ida.dll
 0000:ffff1000       .debug$S                   0000000180000000     python38:python38.dll
 0000:ffff1000       .debug$S                   0000000180000000     ida:ida.dll
 0000:ffff1000       .debug$S                   0000000180000000     python38:python38.dll
 0000:ffff1000       .debug$S                   0000000180000000     python38:python38.dll
 0000:ffff1000       .debug$S                   0000000180000000     python38:python38.dll
 0000:ffff1000       .debug$S                   0000000180000000     ida:ida.dll
 0000:ffff1000       .debug$S                   0000000180000000     python38:python38.dll
 0000:ffff1000       .debug$S                   0000000180000000     python38:python38.dll
 0000:ffff1000       .debug$S                   0000000180000000     python38:python38.dll
 0000:ffff1000       .debug$S                   0000000180000000     python38:python38.dll
 0000:ffff1000       .debug$S                   0000000180000000     python38:python38.dll
 0000:ffff1000       .debug$S                   0000000180000000     ida:ida.dll
 0000:ffff1000       .debug$S                   0000000180000000     python38:python38.dll
 0000:ffff1000       .debug$S                   0000000180000000     ida:ida.dll
 0000:ffff1000       .debug$S                   0000000180000000     python38:python38.dll
 0000:ffff1000       .debug$S                   0000000180000000     ida:ida.dll
 0000:ffff1000       .debug$S                   0000000180000000     python38:python38.dll
 0000:ffff1000       .debug$S                   0000000180000000     ida:ida.dll
 0000:ffff1000       .debug$S                   0000000180000000     python38:python38.dll
 0000:ffff1000       .debug$S                   0000000180000000     python38:python38.dll
 0000:ffff1000       .debug$S                   0000000180000000     python38:python38.dll
 0000:ffff1000       .debug$S                   0000000180000000     python38:python38.dll
 0000:ffff1000       .debug$S                   0000000180000000     python38:python38.dll
 0000:ffff1000       .debug$S                   0000000180000000     python38:python38.dll
 0000:ffff1000       .debug$S                   0000000180000000     python38:python38.dll
 0000:ffff1000       .debug$S                   0000000180000000     python38:python38.dll
 0000:ffff1000       .debug$S                   0000000180000000     python38:python38.dll
 0000:ffff1000       .debug$S                   0000000180000000     python38:python38.dll
 0000:ffff1000       .debug$S                   0000000180000000     python38:python38.dll
 0000:ffff1000       .debug$S                   0000000180000000     python38:python38.dll
 0000:ffff1000       .debug$S                   0000000180000000     python38:python38.dll
 0000:ffff1000       .debug$S                   0000000180000000     python38:python38.dll
 0000:ffff1000       .debug$S                   0000000180000000     python38:python38.dll
 0000:ffff1000       .debug$S                   0000000180000000     python38:python38.dll
 0000:ffff1000       .debug$S                   0000000180000000     python38:python38.dll
 0000:ffff1000       .debug$S                   0000000180000000     python38:python38.dll
 0000:ffff1000       .debug$S                   0000000180000000     python38:python38.dll
 0000:ffff1000       .debug$S                   0000000180000000     python38:python38.dll
 0000:ffff1000       .debug$S                   0000000180000000     python38:python38.dll
 0000:ffff1000       .debug$S                   0000000180000000     python38:python38.dll
 0000:ffff1000       .debug$S                   0000000180000000     python38:python38.dll
 0000:ffff1000       .debug$S                   0000000180000000     python38:python38.dll
 0000:ffff1000       .debug$S                   0000000180000000     python38:python38.dll
 0000:ffff1000       .debug$S                   0000000180000000     python38:python38.dll
 0000:ffff1000       .debug$S                   0000000180000000     python38:python38.dll
 0001:00000000       SwigPyObject_repr2         0000000180001000 f   idc.obj
 0001:00000010       SwigPyObject_append        0000000180001010 f   idc.obj
 0001:00000070       SwigPyObject_next          0000000180001070 f   idc.obj
 0001:00000090       SwigPyObject_disown        0000000180001090 f   idc.obj
 0001:000000b0       SwigPyObject_acquire       00000001800010b0 f   idc.obj
 0001:000000d0       SwigPyObject_own           00000001800010d0 f   idc.obj
 0001:00000180       _wrap_mark_position        0000000180001180 f   idc.obj
 0001:00000750       _wrap_get_marked_pos       0000000180001750 f   idc.obj
 0001:000008f0       _wrap_get_mark_comment     00000001800018f0 f   idc.obj
 0001:00000aa0       _p_relobj_tTo_p_qvectorT_unsigned_char_t 0000000180001aa0 f   idc.obj
 0001:00000aa0       _p_bytevec_tTo_p_qvectorT_unsigned_char_t 0000000180001aa0 f   idc.obj
 0001:00000aa0       _p_reloc_info_tTo_p_qvectorT_unsigned_char_t 0000000180001aa0 f   idc.obj
 0001:00000ad0       ?SWIG_Python_ErrorType@@YAPEAU_object@@H@Z 0000000180001ad0 f   idc.obj
 0001:00000b6c       $LN17                      0000000180001b6c     idc.obj
 0001:00000ba0       ?__raise_e@@YAXAEBVexception@std@@@Z 0000000180001ba0 f   idc.obj
 0001:00000be0       ?__raise_ie@@YAXAEBUinterr_exc_t@@@Z 0000000180001be0 f   idc.obj
 0001:00001000       SWIG_InitializeModule      0000000180002000 f   idc.obj
 0001:00001320       SWIG_MangledTypeQueryModule 0000000180002320 f   idc.obj
 0001:000013f0       SWIG_Python_DestroyModule  00000001800023f0 f   idc.obj
 0001:000014e0       SWIG_Python_FixMethods     00000001800024e0 f   idc.obj
 0001:00001720       SWIG_Python_GetSwigThis    0000000180002720 f   idc.obj
 0001:000017b0       SWIG_Python_NewPointerObj  00000001800027b0 f   idc.obj
 0001:000019d0       SWIG_Python_TypeCache      00000001800029d0 f   idc.obj
 0001:00001a40       SWIG_Python_TypeQuery      0000000180002a40 f   idc.obj
 0001:00001c80       SWIG_This                  0000000180002c80 f   idc.obj
 0001:00001cb0       SWIG_TypeCheck             0000000180002cb0 f   idc.obj
 0001:00001d50       SwigPyObject_Check         0000000180002d50 f   idc.obj
 0001:00001dd0       SwigPyObject_New           0000000180002dd0 f   idc.obj
 0001:00001e20       SwigPyObject_dealloc       0000000180002e20 f   idc.obj
 0001:00001fb0       SwigPyObject_long          0000000180002fb0 f   idc.obj
 0001:00001fc0       SwigPyObject_repr          0000000180002fc0 f   idc.obj
 0001:00002080       SwigPyObject_richcompare   0000000180003080 f   idc.obj
 0001:000020d0       SwigPyObject_type          00000001800030d0 f   idc.obj
 0001:00002210       SwigPyPacked_Check         0000000180003210 f   idc.obj
 0001:00002290       SwigPyPacked_dealloc       0000000180003290 f   idc.obj
 0001:000022c0       SwigPyPacked_repr          00000001800032c0 f   idc.obj
 0001:000023c0       SwigPyPacked_str           00000001800033c0 f   idc.obj
 0001:000024c0       SwigPyPacked_type          00000001800034c0 f   idc.obj
 0001:00002718       ?__scrt_initialize_thread_safe_statics@@YAHXZ 0000000180003718 f   MSVCRT:thread_safe_statics.obj
 0001:00002878       ?__scrt_uninitialize_thread_safe_statics@@YAXXZ 0000000180003878 f   MSVCRT:thread_safe_statics.obj
 0001:00002b30       $$000000                   0000000180003b30     MSVCRT:amdsecgs.obj
 0001:00002b90       ?dllmain_crt_dispatch@@YAHQEAUHINSTANCE__@@KQEAX@Z 0000000180003b90 f   MSVCRT:dll_dllmain.obj
 0001:00002be0       ?dllmain_crt_process_attach@@YAHQEAUHINSTANCE__@@QEAX@Z 0000000180003be0 f   MSVCRT:dll_dllmain.obj
 0001:00002cfc       ?dllmain_crt_process_detach@@YAH_N@Z 0000000180003cfc f   MSVCRT:dll_dllmain.obj
 0001:00002d8c       ?dllmain_dispatch@@YAHQEAUHINSTANCE__@@KQEAX@Z 0000000180003d8c f   MSVCRT:dll_dllmain.obj
 0001:00003588       capture_previous_context   0000000180004588 f   MSVCRT:gs_report.obj
 0001:00003b60       $$000000                   0000000180004b60     MSVCRT:guard_dispatch.obj
 0001:00003b80       _wrap_get_mark_comment$catch$5 0000000180004b80 f   idc.obj
 0001:00003b8d       __catch$_wrap_get_mark_comment$2 0000000180004b8d f   idc.obj
 0001:00003bb3       _wrap_get_mark_comment$catch$6 0000000180004bb3 f   idc.obj
[...]
 0003:000011d0       _swigc__p_f_p_TWidget_int_p_view_mouse_event_t_p_void__void 000000018000b1d0     idc.obj
 0003:00001210       _swigc__p_f_p_TWidget_int_p_void__bool 000000018000b210     idc.obj
 0003:00001250       _swigc__p_f_p_TWidget_p_lochist_entry_t_p_void__void 000000018000b250     idc.obj
 0003:00001290       _swigc__p_f_p_TWidget_p_q_const__lochist_entry_t_p_q_const__lochist_entry_t_r_q_const__locchange_md_t_p_void__void 000000018000b290     idc.obj
 0003:000012d0       _swigc__p_f_p_TWidget_p_q_const__lochist_entry_t_r_q_const__locchange_md_t_p_void__int 000000018000b2d0     idc.obj
 0003:00001310       _swigc__p_f_p_TWidget_p_q_const__place_t_int_int_p_void__void 000000018000b310     idc.obj
 0003:00001350       _swigc__p_f_p_TWidget_p_q_const__place_t_p_int_p_void__int 000000018000b350     idc.obj
 0003:00001390       _swigc__p_f_p_TWidget_p_q_const__place_t_p_q_const__place_t_p_void__int 000000018000b390     idc.obj
 0003:000013d0       _swigc__p_f_p_TWidget_p_q_const__place_t_p_unsigned_int_p_void__bool 000000018000b3d0     idc.obj
 0003:00001410       _swigc__p_f_p_TWidget_p_void__int 000000018000b410     idc.obj
 0003:00001450       _swigc__p_f_p_TWidget_p_void__void 000000018000b450     idc.obj
 0003:00001490       _swigc__p_f_p_chooser_multi_t_p_sizevec_t__chooser_base_t__cbres_t 000000018000b490     idc.obj
 0003:000014d0       _swigc__p_f_p_chooser_t_ssize_t__chooser_t__cbret_t 000000018000b4d0     idc.obj
 0003:00001510       _swigc__p_f_p_lochist_entry_t_r_q_const__lochist_entry_t_p_TWidget__bool 000000018000b510     idc.obj
 0003:00001550       _swigc__p_f_p_q_const__char_p_void__void 000000018000b550     idc.obj
 0003:00001590       _swigc__p_f_p_q_const__char_r_q_const__tinfo_t_p_q_const__char_p_q_const__unsigned_long_long_p_void__int 000000018000b590     idc.obj
 0003:000015d0       _swigc__p_f_p_q_const__char_v_______int 000000018000b5d0     idc.obj
 0003:00001610       _swigc__p_f_p_void_int_va_list__ssize_t 000000018000b610     idc.obj
 0003:00001650       _swigc__p_f_r_q_const__insn_t_p_int_p_int__bool 000000018000b650     idc.obj
 0003:00001690       _swigc__p_f_r_q_const__insn_t_r_q_const__op_t_r_q_const__tinfo_t_p_q_const__char__bool 000000018000b690     idc.obj
 0003:000016d0       _swigc__p_f_unsigned_int__bool 000000018000b6d0     idc.obj
 0003:00001710       _swigc__p_f_unsigned_int_p_q_const__char_unsigned_int_p_void__int 000000018000b710     idc.obj
 0003:00001750       _swigc__p_f_unsigned_int_p_void__bool 000000018000b750     idc.obj
 0003:00001790       _swigc__p_f_unsigned_int_r_q_const__tinfo_t_p_void__int 000000018000b790     idc.obj
 0003:000017d0       _swigc__p_f_unsigned_int_unsigned_int__unsigned_int 000000018000b7d0     idc.obj
 0003:00001810       _swigc__p_int              000000018000b810     idc.obj
 0003:00001850       _swigc__p_iterator         000000018000b850     idc.obj
 0003:00001890       _swigc__p_location_t       000000018000b890     idc.obj
 0003:000018d0       _swigc__p_long_long        000000018000b8d0     idc.obj
 0003:00001910       _swigc__p_qvectorT__qstringT_unsigned_short_t_t 000000018000b910     idc.obj
 0003:00001950       _swigc__p_qvectorT_argloc_t_t 000000018000b950     idc.obj
 0003:00001990       _swigc__p_qvectorT_bool_t  000000018000b990     idc.obj
 0003:000019d0       _swigc__p_qvectorT_channel_redir_t_t 000000018000b9d0     idc.obj
 0003:00001a10       _swigc__p_qvectorT_compiled_binpat_t_t 000000018000ba10     idc.obj
 0003:00001a50       _swigc__p_qvectorT_funcarg_t_t 000000018000ba50     idc.obj
 0003:00001a90       _swigc__p_qvectorT_int_t   000000018000ba90     idc.obj
 0003:00001ad0       _swigc__p_qvectorT_range_t_t 000000018000bad0     idc.obj
 0003:00001b10       _swigc__p_qvectorT_rangeset_t_const_p_t 000000018000bb10     idc.obj
 0003:00001b50       _swigc__p_qvectorT_rangeset_t_t 000000018000bb50     idc.obj
 0003:00001b90       _swigc__p_qvectorT_refinfo_desc_t_t 000000018000bb90     idc.obj
 0003:00001bd0       _swigc__p_qvectorT_simd_info_t_t 000000018000bbd0     idc.obj
 0003:00001c10       _swigc__p_qvectorT_simpleline_t_t 000000018000bc10     idc.obj
 0003:00001c50       _swigc__p_qvectorT_size_t_t 000000018000bc50     idc.obj
 0003:00001c90       _swigc__p_qvectorT_tinfo_t_t 000000018000bc90     idc.obj
 0003:00001cd0       _swigc__p_qvectorT_type_attr_t_t 000000018000bcd0     idc.obj
 0003:00001d10       _swigc__p_qvectorT_udt_member_t_t 000000018000bd10     idc.obj
 0003:00001d50       _swigc__p_relobj_t         000000018000bd50     idc.obj
 0003:00001d90       _swigc__p_bytevec_t        000000018000bd90     idc.obj
 0003:00001dd0       _swigc__p_reloc_info_t     000000018000bdd0     idc.obj
 0003:00001e10       _swigc__p_qvectorT_unsigned_char_t 000000018000be10     idc.obj
 0003:00001eb0       _swigc__p_qvectorT_unsigned_int_t 000000018000beb0     idc.obj
 0003:00001ef0       _swigc__p_short            000000018000bef0     idc.obj
 0003:00001f30       _swigc__p_signed_char      000000018000bf30     idc.obj
 0003:00001f70       _swigc__p_unsigned_char    000000018000bf70     idc.obj
 0003:00001fb0       _swigc__p_unsigned_int     000000018000bfb0     idc.obj
 0003:00001ff0       _swigc__p_unsigned_long_long 000000018000bff0     idc.obj
 0003:00002030       _swigc__p_unsigned_short   000000018000c030     idc.obj
 0003:00002070       swig_cast_initial          000000018000c070     idc.obj
 0003:00002278       ?swigobject_doc@?1??SwigPyObject_TypeOnce@@9@4PADA 000000018000c278     idc.obj
 0003:000022a8       ?swigpacked_doc@?1??SwigPyPacked_TypeOnce@@9@4PADA 000000018000c2a8     idc.obj
 0003:000022e0       ?SWIG_module@?1??PyInit__ida_idc@@9@4UPyModuleDef@@A 000000018000c2e0     idc.obj
 0003:00002520       ?swig_types@@3PAPEAUswig_type_info@@A 000000018000c520     idc.obj
 0003:00002730       Swig_This_global           000000018000c730     idc.obj
 0003:00002738       swig_const_table           000000018000c738     idc.obj
 0003:00002770       ?type@?1??SwigPyObject_type@@9@4PEAU_typeobject@@EA 000000018000c770     idc.obj
 0003:00002778       ?$TSS0@?1??SwigPyObject_type@@9@4HA 000000018000c778     idc.obj
 0003:00002780       ?type@?1??SwigPyPacked_type@@9@4PEAU_typeobject@@EA 000000018000c780     idc.obj
 0003:00002788       ?$TSS0@?1??SwigPyPacked_type@@9@4HA 000000018000c788     idc.obj
 0003:00002790       ?type_pointer@?1??SWIG_Python_GetModule@@9@4PEAXEA 000000018000c790     idc.obj
 0003:00002798       ?cache@?1??SWIG_Python_TypeCache@@9@4PEAU_object@@EA 000000018000c798     idc.obj
 0003:000027a0       ?$TSS0@?1??SWIG_Python_TypeCache@@9@4HA 000000018000c7a0     idc.obj
 0003:000027a4       ?init@?1??SWIG_pchar_descriptor@@YAPEAUswig_type_info@@XZ@4HA 000000018000c7a4     idc.obj
 0003:000027a8       ?info@?1??SWIG_pchar_descriptor@@YAPEAUswig_type_info@@XZ@4PEAU2@EA 000000018000c7a8     idc.obj
 0003:000027b0       ?_Tss_mutex@@3U_RTL_CRITICAL_SECTION@@A 000000018000c7b0     MSVCRT:thread_safe_statics.obj
 0003:000027d8       ?_Tss_cv@@3U_RTL_CONDITION_VARIABLE@@A 000000018000c7d8     MSVCRT:thread_safe_statics.obj
 0003:000027e0       ?_Tss_event@@3PEAXEA       000000018000c7e0     MSVCRT:thread_safe_statics.obj
 0003:000027e8       ?encoded_sleep_condition_variable_cs@@3P6AHPEAU_RTL_CONDITION_VARIABLE@@PEAU_RTL_CRITICAL_SECTION@@K@ZEA 000000018000c7e8     MSVCRT:thread_safe_statics.obj
 0003:000027f0       ?encoded_wake_all_condition_variable@@3P6AXPEAU_RTL_CONDITION_VARIABLE@@@ZEA 000000018000c7f0     MSVCRT:thread_safe_statics.obj
 0003:000027fc       ?__proc_attached@@3HA      000000018000c7fc     MSVCRT:dll_dllmain.obj
 0003:00002810       ?is_initialized_as_dll@@3_NA 000000018000c810     MSVCRT:utility.obj
 0003:00002811       ?module_local_atexit_table_initialized@@3_NA 000000018000c811     MSVCRT:utility.obj
 0003:00002818       ?module_local_atexit_table@@3U_onexit_table_t@@A 000000018000c818     MSVCRT:utility.obj
 0003:00002830       ?module_local_at_quick_exit_table@@3U_onexit_table_t@@A 000000018000c830     MSVCRT:utility.obj
 0003:00002850       GS_ExceptionRecord         000000018000c850     MSVCRT:gs_report.obj
 0003:000028f0       GS_ContextRecord           000000018000c8f0     MSVCRT:gs_report.obj
 0004:00000000       $pdata$printf              000000018000d000     idc.obj
 0004:0000000c       $pdata$SWIG_MangledTypeQueryModule 000000018000d00c     idc.obj
 0004:00000018       $pdata$SwigPyObject_repr   000000018000d018     idc.obj
 0004:00000024       $pdata$0$SwigPyObject_repr 000000018000d024     idc.obj
 0004:00000030       $pdata$1$SwigPyObject_repr 000000018000d030     idc.obj
 0004:0000003c       $pdata$SwigPyObject_type   000000018000d03c     idc.obj
 0004:00000048       $pdata$SwigPyObject_Check  000000018000d048     idc.obj
 0004:00000054       $pdata$SwigPyObject_New    000000018000d054     idc.obj
 0004:00000060       $pdata$SwigPyObject_dealloc 000000018000d060     idc.obj
 0004:0000006c       $pdata$2$SwigPyObject_dealloc 000000018000d06c     idc.obj
 0004:00000078       $pdata$3$SwigPyObject_dealloc 000000018000d078     idc.obj
 0004:00000084       $pdata$SwigPyObject_append 000000018000d084     idc.obj
 0004:00000090       $pdata$SwigPyObject_own    000000018000d090     idc.obj
 0004:0000009c       $pdata$0$SwigPyObject_own  000000018000d09c     idc.obj
 0004:000000a8       $pdata$2$SwigPyObject_own  000000018000d0a8     idc.obj
 0004:000000b4       $pdata$SwigPyPacked_repr   000000018000d0b4     idc.obj
 0004:000000c0       $pdata$0$SwigPyPacked_repr 000000018000d0c0     idc.obj
 0004:000000cc       $pdata$1$SwigPyPacked_repr 000000018000d0cc     idc.obj
 0004:000000d8       $pdata$SwigPyPacked_str    000000018000d0d8     idc.obj
 0004:000000e4       $pdata$0$SwigPyPacked_str  000000018000d0e4     idc.obj
 0004:000000f0       $pdata$1$SwigPyPacked_str  000000018000d0f0     idc.obj
 0004:000000fc       $pdata$SwigPyPacked_type   000000018000d0fc     idc.obj
 0004:00000108       $pdata$SwigPyPacked_Check  000000018000d108     idc.obj
 0004:00000114       $pdata$SwigPyPacked_dealloc 000000018000d114     idc.obj
 0004:00000120       $pdata$SWIG_This           000000018000d120     idc.obj
 0004:0000012c       $pdata$SWIG_Python_GetSwigThis 000000018000d12c     idc.obj
 0004:00000138       $pdata$SWIG_Python_NewPointerObj 000000018000d138     idc.obj
 0004:00000144       $pdata$SWIG_Python_DestroyModule 000000018000d144     idc.obj
 0004:00000150       $pdata$2$SWIG_Python_DestroyModule 000000018000d150     idc.obj
 0004:0000015c       $pdata$3$SWIG_Python_DestroyModule 000000018000d15c     idc.obj
 0004:00000168       $pdata$4$SWIG_Python_DestroyModule 000000018000d168     idc.obj
 0004:00000174       $pdata$5$SWIG_Python_DestroyModule 000000018000d174     idc.obj
 0004:00000180       $pdata$SWIG_Python_TypeCache 000000018000d180     idc.obj
 0004:0000018c       $pdata$SWIG_Python_TypeQuery 000000018000d18c     idc.obj
 0004:00000198       $pdata$1$SWIG_Python_TypeQuery 000000018000d198     idc.obj
 0004:000001a4       $pdata$5$SWIG_Python_TypeQuery 000000018000d1a4     idc.obj
 0004:000001b0       $pdata$6$SWIG_Python_TypeQuery 000000018000d1b0     idc.obj
 0004:000001bc       $pdata$7$SWIG_Python_TypeQuery 000000018000d1bc     idc.obj
 0004:000001c8       $pdata$?sprnt@?$_qstring@D@@QEAAAEAV1@PEBDZZ 000000018000d1c8     idc.obj
 0004:000001d4       $pdata$?__raise_e@@YAXAEBVexception@std@@@Z 000000018000d1d4     idc.obj
 0004:000001e0       $pdata$?__raise_ie@@YAXAEBUinterr_exc_t@@@Z 000000018000d1e0     idc.obj
 0004:000001ec       $pdata$_wrap_mark_position 000000018000d1ec     idc.obj
 0004:000001f8       $pdata$_wrap_mark_position$catch$1 000000018000d1f8     idc.obj
 0004:00000204       $pdata$_wrap_mark_position$catch$2 000000018000d204     idc.obj
 0004:00000210       $pdata$_wrap_mark_position$catch$3 000000018000d210     idc.obj
 0004:0000021c       $pdata$_wrap_mark_position$catch$4 000000018000d21c     idc.obj
 0004:00000228       $pdata$_wrap_mark_position$catch$5 000000018000d228     idc.obj
 0004:00000234       $pdata$_wrap_mark_position$catch$6 000000018000d234     idc.obj
 0004:00000240       $pdata$_wrap_get_marked_pos 000000018000d240     idc.obj
 0004:0000024c       $pdata$_wrap_get_marked_pos$catch$1 000000018000d24c     idc.obj
 0004:00000258       $pdata$_wrap_get_marked_pos$catch$2 000000018000d258     idc.obj
 0004:00000264       $pdata$_wrap_get_marked_pos$catch$3 000000018000d264     idc.obj
 0004:00000270       $pdata$_wrap_get_marked_pos$catch$4 000000018000d270     idc.obj
 0004:0000027c       $pdata$_wrap_get_marked_pos$catch$5 000000018000d27c     idc.obj
 0004:00000288       $pdata$_wrap_get_marked_pos$catch$6 000000018000d288     idc.obj
 0004:00000294       $pdata$_wrap_get_mark_comment 000000018000d294     idc.obj
 0004:000002a0       $pdata$_wrap_get_mark_comment$catch$5 000000018000d2a0     idc.obj
 0004:000002ac       $pdata$_wrap_get_mark_comment$catch$6 000000018000d2ac     idc.obj
 0004:000002b8       $pdata$_wrap_get_mark_comment$catch$7 000000018000d2b8     idc.obj
 0004:000002c4       $pdata$_wrap_get_mark_comment$catch$8 000000018000d2c4     idc.obj
 0004:000002d0       $pdata$_wrap_get_mark_comment$catch$9 000000018000d2d0     idc.obj
 0004:000002dc       $pdata$_wrap_get_mark_comment$catch$10 000000018000d2dc     idc.obj
 0004:000002e8       $pdata$SWIG_InitializeModule 000000018000d2e8     idc.obj
 0004:000002f4       $pdata$1$SWIG_InitializeModule 000000018000d2f4     idc.obj
 0004:00000300       $pdata$4$SWIG_InitializeModule 000000018000d300     idc.obj
 0004:0000030c       $pdata$5$SWIG_InitializeModule 000000018000d30c     idc.obj
 0004:00000318       $pdata$6$SWIG_InitializeModule 000000018000d318     idc.obj
 0004:00000324       $pdata$SWIG_Python_FixMethods 000000018000d324     idc.obj
 0004:00000330       $pdata$4$SWIG_Python_FixMethods 000000018000d330     idc.obj
 0004:0000033c       $pdata$5$SWIG_Python_FixMethods 000000018000d33c     idc.obj
 0004:00000348       $pdata$PyInit__ida_idc     000000018000d348     idc.obj
 0004:00000354       $pdata$4$PyInit__ida_idc   000000018000d354     idc.obj
 0004:00000360       $pdata$5$PyInit__ida_idc   000000018000d360     idc.obj
 0004:0000036c       $pdata$_Init_thread_header 000000018000d36c     MSVCRT:thread_safe_statics.obj
 0004:00000378       $pdata$_Init_thread_footer 000000018000d378     MSVCRT:thread_safe_statics.obj
 0004:00000384       $pdata$_Init_thread_wait   000000018000d384     MSVCRT:thread_safe_statics.obj
 0004:00000390       $pdata$_Init_thread_notify 000000018000d390     MSVCRT:thread_safe_statics.obj
 0004:0000039c       $pdata$?__scrt_uninitialize_thread_safe_statics@@YAXXZ 000000018000d39c     MSVCRT:thread_safe_statics.obj
 0004:000003a8       $pdata$?__scrt_initialize_thread_safe_statics@@YAHXZ 000000018000d3a8     MSVCRT:thread_safe_statics.obj
 0004:000003b4       $pdata$__GSHandlerCheckCommon 000000018000d3b4     MSVCRT:gshandler.obj
 0004:000003c0       $pdata$__GSHandlerCheck    000000018000d3c0     MSVCRT:gshandler.obj
 0004:000003cc       $pdata$__GSHandlerCheck_EH 000000018000d3cc     MSVCRT:gshandlereh.obj
 0004:000003e4       $pdata$??_Gtype_info@@UEAAPEAXI@Z 000000018000d3e4     MSVCRT:std_type_info_static.obj
 0004:000003f0       $pdata$?dllmain_crt_process_attach@@YAHQEAUHINSTANCE__@@QEAX@Z 000000018000d3f0     MSVCRT:dll_dllmain.obj
 0004:000003fc       $pdata$?fin$0@?0??dllmain_crt_process_attach@@YAHQEAUHINSTANCE__@@QEAX@Z@4HA 000000018000d3fc     MSVCRT:dll_dllmain.obj
 0004:00000408       $pdata$?dllmain_crt_process_detach@@YAH_N@Z 000000018000d408     MSVCRT:dll_dllmain.obj
 0004:00000414       $pdata$?fin$0@?0??dllmain_crt_process_detach@@YAH_N@Z@4HA 000000018000d414     MSVCRT:dll_dllmain.obj
 0004:00000420       $pdata$?dllmain_crt_dispatch@@YAHQEAUHINSTANCE__@@KQEAX@Z 000000018000d420     MSVCRT:dll_dllmain.obj
 0004:0000042c       $pdata$?dllmain_dispatch@@YAHQEAUHINSTANCE__@@KQEAX@Z 000000018000d42c     MSVCRT:dll_dllmain.obj
 0004:00000438       $pdata$?filt$0@?0??dllmain_dispatch@@YAHQEAUHINSTANCE__@@KQEAX@Z@4HA 000000018000d438     MSVCRT:dll_dllmain.obj
 0004:00000444       $pdata$_DllMainCRTStartup  000000018000d444     MSVCRT:dll_dllmain.obj
 0004:00000450       $pdata$??2@YAPEAX_K@Z      000000018000d450     MSVCRT:new_scalar.obj
 0004:0000045c       $pdata$atexit              000000018000d45c     MSVCRT:utility.obj
 0004:00000468       $pdata$_onexit             000000018000d468     MSVCRT:utility.obj
 0004:00000474       $pdata$__scrt_is_nonwritable_in_current_image 000000018000d474     MSVCRT:utility.obj
 0004:00000480       $pdata$__scrt_is_nonwritable_in_current_image$filt$0 000000018000d480     MSVCRT:utility.obj
 0004:0000048c       $pdata$__scrt_acquire_startup_lock 000000018000d48c     MSVCRT:utility.obj
 0004:00000498       $pdata$__scrt_release_startup_lock 000000018000d498     MSVCRT:utility.obj
 0004:000004a4       $pdata$__scrt_initialize_crt 000000018000d4a4     MSVCRT:utility.obj
 0004:000004b0       $pdata$__scrt_uninitialize_crt 000000018000d4b0     MSVCRT:utility.obj
 0004:000004bc       $pdata$__scrt_initialize_onexit_tables 000000018000d4bc     MSVCRT:utility.obj
 0004:000004c8       $pdata$__scrt_dllmain_exception_filter 000000018000d4c8     MSVCRT:utility.obj
 0004:000004d4       $pdata$__scrt_dllmain_before_initialize_c 000000018000d4d4     MSVCRT:utility.obj
 0004:000004e0       $pdata$__scrt_dllmain_after_initialize_c 000000018000d4e0     MSVCRT:utility.obj
 0004:000004ec       $pdata$__scrt_dllmain_uninitialize_c 000000018000d4ec     MSVCRT:utility.obj
 0004:000004f8       $pdata$__scrt_dllmain_uninitialize_critical 000000018000d4f8     MSVCRT:utility.obj
 0004:00000504       $pdata$__scrt_dllmain_crt_thread_attach 000000018000d504     MSVCRT:utility.obj
 0004:00000510       $pdata$__scrt_dllmain_crt_thread_detach 000000018000d510     MSVCRT:utility.obj
 0004:0000051c       $pdata$__scrt_fastfail     000000018000d51c     MSVCRT:utility_desktop.obj
 0004:00000528       $pdata$__report_gsfailure  000000018000d528     MSVCRT:gs_report.obj
 0004:00000534       $pdata$capture_previous_context 000000018000d534     MSVCRT:gs_report.obj
 0004:00000540       $pdata$__raise_securityfailure 000000018000d540     MSVCRT:gs_report.obj
 0004:0000054c       $pdata$__security_init_cookie 000000018000d54c     MSVCRT:gs_support.obj
 0004:00000558       $pdata$DllMain             000000018000d558     MSVCRT:dll_dllmain_stub.obj
 0004:00000564       $pdata$__scrt_initialize_default_local_stdio_options 000000018000d564     MSVCRT:default_local_stdio_options.obj
 0004:00000570       $pdata$_RTC_Initialize     000000018000d570     MSVCRT:initsect.obj
 0004:0000057c       $pdata$_RTC_Terminate      000000018000d57c     MSVCRT:initsect.obj
 0004:00000588       $pdata$??0exception@std@@QEAA@AEBV01@@Z 000000018000d588     MSVCRT:throw_bad_alloc.obj
 0004:00000594       $pdata$??_Gexception@std@@UEAAPEAXI@Z 000000018000d594     MSVCRT:throw_bad_alloc.obj
 0004:00000594       $pdata$??_Gbad_alloc@std@@UEAAPEAXI@Z 000000018000d594     MSVCRT:throw_bad_alloc.obj
 0004:00000594       $pdata$??_Gbad_array_new_length@std@@UEAAPEAXI@Z 000000018000d594     MSVCRT:throw_bad_alloc.obj
 0004:000005a0       $pdata$??0bad_alloc@std@@QEAA@AEBV01@@Z 000000018000d5a0     MSVCRT:throw_bad_alloc.obj
 0004:000005ac       $pdata$??0bad_array_new_length@std@@QEAA@AEBV01@@Z 000000018000d5ac     MSVCRT:throw_bad_alloc.obj
 0004:000005b8       $pdata$?__scrt_throw_std_bad_alloc@@YAXXZ 000000018000d5b8     MSVCRT:throw_bad_alloc.obj
 0004:000005c4       $pdata$?__scrt_throw_std_bad_array_new_length@@YAXXZ 000000018000d5c4     MSVCRT:throw_bad_alloc.obj
 0004:000005d0       $pdata$__isa_available_init 000000018000d5d0     MSVCRT:cpu_disp.obj
