 _ida_ua

 Timestamp is 5e3da0c5 (Fri Feb  7 17:39:17 2020)

 Preferred load address is 0000000180000000

 Start         Length     Name                   Class
 0001:00000000 0001b8f0H .text$mn                CODE
 0001:0001b8f0 00000020H .text$mn$00             CODE
 0001:0001b910 0000a570H .text$x                 CODE
 0001:00025e80 0000008fH .text$yd                CODE
 0002:00000000 000005f0H .idata$5                DATA
 0002:000005f0 00000010H .00cfg                  DATA
 0002:00000600 00000008H .CRT$XCA                DATA
 0002:00000608 00000008H .CRT$XCZ                DATA
 0002:00000610 00000008H .CRT$XIA                DATA
 0002:00000618 00000008H .CRT$XIC                DATA
 0002:00000620 00000008H .CRT$XIZ                DATA
 0002:00000628 00000008H .CRT$XLA                DATA
 0002:00000630 00000008H .CRT$XLZ                DATA
 0002:00000638 00000008H .CRT$XPA                DATA
 0002:00000640 00000008H .CRT$XPZ                DATA
 0002:00000648 00000008H .CRT$XTA                DATA
 0002:00000650 00000010H .CRT$XTZ                DATA
 0002:00000658 00000000H .gfids$y                DATA
 0002:00000660 0000e7a0H .rdata                  DATA
 0002:0000ee00 00000028H .rdata$T                DATA
 0002:0000ee28 000002fcH .rdata$r                DATA
 0002:0000f124 00000324H .rdata$zzzdbg           DATA
 0002:0000f448 00000008H .rtc$IAA                DATA
 0002:0000f450 00000008H .rtc$IZZ                DATA
 0002:0000f458 00000008H .rtc$TAA                DATA
 0002:0000f460 00000008H .rtc$TZZ                DATA
 0002:0000f468 00000004H .tls                    DATA
 0002:0000f46c 00000004H .tls$                   DATA
 0002:0000f470 00000010H .tls$ZZZ                DATA
 0002:0000f480 00008b30H .xdata                  DATA
 0002:00017fb0 00000180H .xdata$x                DATA
 0002:00018130 00000050H .edata                  DATA
 0002:00018180 000000b4H .idata$2                DATA
 0002:00018234 00000014H .idata$3                DATA
 0002:00018248 000005f0H .idata$4                DATA
 0002:00018838 00000ebcH .idata$6                DATA
 0003:00000000 000041e8H .data                   DATA
 0003:000041e8 00000148H .data$r                 DATA
 0003:00004330 00000970H .bss                    DATA
 0004:00000000 00003e28H .pdata                  DATA

  Address         Publics by Value              Rva+Base               Lib:Object

 0000:00000000       ___safe_se_handler_count   0000000000000000     <absolute>
 0000:00000000       __enclave_config           0000000000000000     <absolute>
 0000:00000000       __hybrid_code_map_count    0000000000000000     <absolute>
 0000:00000000       __guard_iat_table          0000000000000000     <absolute>
 0000:00000000       __hybrid_code_map          0000000000000000     <absolute>
 0000:00000000       __guard_fids_count         0000000000000000     <absolute>
 0000:00000000       ___safe_se_handler_table   0000000000000000     <absolute>
 0000:00000000       __dynamic_value_reloc_table 0000000000000000     <absolute>
 0000:00000000       __guard_iat_count          0000000000000000     <absolute>
 0000:00000000       __guard_longjmp_table      0000000000000000     <absolute>
 0000:00000000       __guard_fids_table         0000000000000000     <absolute>
 0000:00000000       __volatile_metadata        0000000000000000     <absolute>
 0000:00000000       __guard_longjmp_count      0000000000000000     <absolute>
 0000:00000000       __hybrid_auxiliary_iat     0000000000000000     <absolute>
 0000:00000100       __guard_flags              0000000000000100     <absolute>
 0000:00000000       __ImageBase                0000000180000000     <linker-defined>
 0001:000150d0       ??0?$_qstring@D@@QEAA@PEBD_K@Z 00000001800160d0 f i ua.obj
 0001:00015160       ??0exception@std@@QEAA@AEBV01@@Z 0000000180016160 f i ua.obj
 0001:000151a0       ??0logic_error@std@@QEAA@AEBV01@@Z 00000001800161a0 f i ua.obj
 0001:000151e0       ??0out_of_range@std@@QEAA@AEBV01@@Z 00000001800161e0 f i ua.obj
 0001:00015220       ??0out_of_range@std@@QEAA@PEBD@Z 0000000180016220 f i ua.obj
 0001:00015270       ??1?$SwigValueWrapper@U?$wrapped_array_t@Vop_t@@$07@@@@QEAA@XZ 0000000180016270 f i ua.obj
 0001:00015280       ??1?$_qstring@D@@QEAA@XZ   0000000180016280 f i ua.obj
 0001:00015290       ??1bad_array_new_length@std@@UEAA@XZ 0000000180016290 f i MSVCRT:throw_bad_alloc.obj
 0001:00015290       ??1out_of_range@std@@UEAA@XZ 0000000180016290 f i ua.obj
 0001:00015290       ??1bad_alloc@std@@UEAA@XZ  0000000180016290 f i MSVCRT:throw_bad_alloc.obj
 0001:000152b0       ??4?$_qstring@D@@QEAAAEAV0@AEBV0@@Z 00000001800162b0 f i ua.obj
 0001:00015330       ??_Elogic_error@std@@UEAAPEAXI@Z 0000000180016330 f i ua.obj
 0001:00015330       ??_Glogic_error@std@@UEAAPEAXI@Z 0000000180016330 f i ua.obj
 0001:00015330       ??_Ebad_alloc@std@@UEAAPEAXI@Z 0000000180016330 f i MSVCRT:throw_bad_alloc.obj
 0001:00015330       ??_Eout_of_range@std@@UEAAPEAXI@Z 0000000180016330 f i ua.obj
 0001:00015330       ??_Gout_of_range@std@@UEAAPEAXI@Z 0000000180016330 f i ua.obj
 0001:00015330       ??_Gbad_alloc@std@@UEAAPEAXI@Z 0000000180016330 f i MSVCRT:throw_bad_alloc.obj
 0001:00015330       ??_Gbad_array_new_length@std@@UEAAPEAXI@Z 0000000180016330 f i MSVCRT:throw_bad_alloc.obj
 0001:00015330       ??_Gexception@std@@UEAAPEAXI@Z 0000000180016330 f i ua.obj
 0001:00015330       ??_Eexception@std@@UEAAPEAXI@Z 0000000180016330 f i ua.obj
 0001:00015330       ??_Ebad_array_new_length@std@@UEAAPEAXI@Z 0000000180016330 f i MSVCRT:throw_bad_alloc.obj
 0001:00015d40       ?gen_cmt_line@outctx_base_t@@QEAA_NPEBDZZ 0000000180016d40 f i ua.obj
 0001:00015d70       ?gen_collapsed_line@outctx_base_t@@QEAA_NPEBDZZ 0000000180016d70 f i ua.obj
 0001:00015da0       ?gen_printf@outctx_base_t@@QEAA_NHPEBDZZ 0000000180016da0 f i ua.obj
 0001:00015dd0       ?out_printf@outctx_base_t@@QEAAXPEBDZZ 0000000180016dd0 f i ua.obj
 0001:00015e00       ?py_construct_macro@@YA_NAEAVinsn_t@@_NPEAU_object@@@Z 0000000180016e00 f   ua.obj
 0001:00016060       ?resize@?$qvector@D@@QEAAX_K@Z 0000000180017060 f i ua.obj
 0001:000160c0       ?sprnt@?$_qstring@D@@QEAAAEAV1@PEBDZZ 00000001800170c0 f i ua.obj
 0001:00016180       ?what@exception@std@@UEBAPEBDXZ 0000000180017180 f i ua.obj
 0001:000161a0       PyInit__ida_ua             00000001800171a0 f   ua.obj
 0001:00018840       __local_stdio_printf_options 0000000180019840 f i ua.obj
 0001:0001a150       printf                     000000018001b150 f i ua.obj
 0001:0001a453       interr                     000000018001b453 f   ida:ida.dll
 0001:0001a459       qfree                      000000018001b459 f   ida:ida.dll
 0001:0001a45f       qvsnprintf                 000000018001b45f f   ida:ida.dll
 0001:0001a465       qvector_reserve            000000018001b465 f   ida:ida.dll
 0001:0001a46b       is_main_thread             000000018001b46b f   ida:ida.dll
 0001:0001a471       closing_comment            000000018001b471 f   ida:ida.dll
 0001:0001a477       get_flags_ex               000000018001b477 f   ida:ida.dll
 0001:0001a47d       get_byte                   000000018001b47d f   ida:ida.dll
 0001:0001a483       get_word                   000000018001b483 f   ida:ida.dll
 0001:0001a489       get_dword                  000000018001b489 f   ida:ida.dll
 0001:0001a48f       get_qword                  000000018001b48f f   ida:ida.dll
 0001:0001a495       insn_create_op_data        000000018001b495 f   ida:ida.dll
 0001:0001a49b       insn_add_cref              000000018001b49b f   ida:ida.dll
 0001:0001a4a1       insn_add_dref              000000018001b4a1 f   ida:ida.dll
 0001:0001a4a7       insn_add_off_drefs         000000018001b4a7 f   ida:ida.dll
 0001:0001a4ad       insn_create_stkvar         000000018001b4ad f   ida:ida.dll
 0001:0001a4b3       get_immvals                000000018001b4b3 f   ida:ida.dll
 0001:0001a4b9       get_lookback               000000018001b4b9 f   ida:ida.dll
 0001:0001a4bf       calc_dataseg               000000018001b4bf f   ida:ida.dll
 0001:0001a4c5       map_code_ea                000000018001b4c5 f   ida:ida.dll
 0001:0001a4cb       create_outctx              000000018001b4cb f   ida:ida.dll
 0001:0001a4d1       print_insn_mnem            000000018001b4d1 f   ida:ida.dll
 0001:0001a4d7       get_dtype_flag             000000018001b4d7 f   ida:ida.dll
 0001:0001a4dd       get_dtype_size             000000018001b4dd f   ida:ida.dll
 0001:0001a4e3       get_dtype_by_size          000000018001b4e3 f   ida:ida.dll
 0001:0001a4e9       create_insn                000000018001b4e9 f   ida:ida.dll
 0001:0001a4ef       decode_insn                000000018001b4ef f   ida:ida.dll
 0001:0001a4f5       print_operand              000000018001b4f5 f   ida:ida.dll
 0001:0001a4fb       decode_prev_insn           000000018001b4fb f   ida:ida.dll
 0001:0001a501       decode_preceding_insn      000000018001b501 f   ida:ida.dll
 0001:0001a507       construct_macro            000000018001b507 f   ida:ida.dll
 0001:0001a50d       guess_table_address        000000018001b50d f   ida:ida.dll
 0001:0001a513       guess_table_size           000000018001b513 f   ida:ida.dll
 0001:0001a519       PyW_TryImportModule        000000018001b519 f   python:python.dll
 0001:0001a51f       PyW_GetNumber              000000018001b51f f   python:python.dll
 0001:0001a525       PyW_ShowCbErr              000000018001b525 f   python:python.dll
 0001:0001a52b       PyW_UvalVecToPyList        000000018001b52b f   python:python.dll
 0001:0001a531       try_create_swig_wrapper    000000018001b531 f   python:python.dll
 0001:0001a538       ??2@YAPEAX_K@Z             000000018001b538 f   MSVCRT:new_scalar.obj
 0001:0001a574       ??3@YAXPEAX_K@Z            000000018001b574 f   MSVCRT:delete_scalar_size.obj
 0001:0001a574       ??_V@YAXPEAX@Z             000000018001b574 f   MSVCRT:delete_array.obj
 0001:0001a57c       ??_U@YAPEAX_K@Z            000000018001b57c f   MSVCRT:new_array.obj
 0001:0001a584       __scrt_acquire_startup_lock 000000018001b584 f   MSVCRT:utility.obj
 0001:0001a5c0       __scrt_dllmain_after_initialize_c 000000018001b5c0 f   MSVCRT:utility.obj
 0001:0001a5f4       __scrt_dllmain_before_initialize_c 000000018001b5f4 f   MSVCRT:utility.obj
 0001:0001a60c       __scrt_dllmain_crt_thread_attach 000000018001b60c f   MSVCRT:utility.obj
 0001:0001a634       __scrt_dllmain_crt_thread_detach 000000018001b634 f   MSVCRT:utility.obj
 0001:0001a64c       __scrt_dllmain_exception_filter 000000018001b64c f   MSVCRT:utility.obj
 0001:0001a6ac       __scrt_dllmain_uninitialize_c 000000018001b6ac f   MSVCRT:utility.obj
 0001:0001a6dc       __scrt_dllmain_uninitialize_critical 000000018001b6dc f   MSVCRT:utility.obj
 0001:0001a6f0       __scrt_initialize_crt      000000018001b6f0 f   MSVCRT:utility.obj
 0001:0001a73c       __scrt_initialize_onexit_tables 000000018001b73c f   MSVCRT:utility.obj
 0001:0001a814       __scrt_is_nonwritable_in_current_image 000000018001b814 f   MSVCRT:utility.obj
 0001:0001a8b0       __scrt_release_startup_lock 000000018001b8b0 f   MSVCRT:utility.obj
 0001:0001a8d4       __scrt_uninitialize_crt    000000018001b8d4 f   MSVCRT:utility.obj
 0001:0001a900       _onexit                    000000018001b900 f   MSVCRT:utility.obj
 0001:0001a950       atexit                     000000018001b950 f   MSVCRT:utility.obj
 0001:0001aaf0       _Init_thread_footer        000000018001baf0 f   MSVCRT:thread_safe_statics.obj
 0001:0001ab50       _Init_thread_header        000000018001bb50 f   MSVCRT:thread_safe_statics.obj
 0001:0001abb8       _Init_thread_notify        000000018001bbb8 f   MSVCRT:thread_safe_statics.obj
 0001:0001ac08       _Init_thread_wait          000000018001bc08 f   MSVCRT:thread_safe_statics.obj
 0001:0001ac80       __GSHandlerCheck           000000018001bc80 f   MSVCRT:gshandler.obj
 0001:0001aca0       __GSHandlerCheckCommon     000000018001bca0 f   MSVCRT:gshandler.obj
 0001:0001acfc       __GSHandlerCheck_EH        000000018001bcfc f   MSVCRT:gshandlereh.obj
 0001:0001ad90       __security_check_cookie    000000018001bd90 f   MSVCRT:amdsecgs.obj
 0001:0001adb4       ??_Gtype_info@@UEAAPEAXI@Z 000000018001bdb4 f i MSVCRT:std_type_info_static.obj
 0001:0001adb4       ??_Etype_info@@UEAAPEAXI@Z 000000018001bdb4 f i MSVCRT:std_type_info_static.obj
 0001:0001b110       _DllMainCRTStartup         000000018001c110 f   MSVCRT:dll_dllmain.obj
 0001:0001b150       ??0bad_alloc@std@@QEAA@AEBV01@@Z 000000018001c150 f i MSVCRT:throw_bad_alloc.obj
 0001:0001b190       ??0bad_alloc@std@@QEAA@XZ  000000018001c190 f i MSVCRT:throw_bad_alloc.obj
 0001:0001b1b0       ??0bad_array_new_length@std@@QEAA@AEBV01@@Z 000000018001c1b0 f i MSVCRT:throw_bad_alloc.obj
 0001:0001b1f0       ??0bad_array_new_length@std@@QEAA@XZ 000000018001c1f0 f i MSVCRT:throw_bad_alloc.obj
 0001:0001b210       ?__scrt_throw_std_bad_alloc@@YAXXZ 000000018001c210 f   MSVCRT:throw_bad_alloc.obj
 0001:0001b230       ?__scrt_throw_std_bad_array_new_length@@YAXXZ 000000018001c230 f   MSVCRT:throw_bad_alloc.obj
 0001:0001b250       ??3@YAXPEAX@Z              000000018001c250 f   MSVCRT:delete_scalar.obj
 0001:0001b258       __isa_available_init       000000018001c258 f   MSVCRT:cpu_disp.obj
 0001:0001b3d4       _get_startup_argv_mode     000000018001c3d4 f   MSVCRT:argv_mode.obj
 0001:0001b3dc       __scrt_is_ucrt_dll_in_use  000000018001c3dc f   MSVCRT:ucrt_detection.obj
 0001:0001b3e8       __crt_debugger_hook        000000018001c3e8 f   MSVCRT:utility_desktop.obj
 0001:0001b3f0       __scrt_fastfail            000000018001c3f0 f   MSVCRT:utility_desktop.obj
 0001:0001b53c       _guard_check_icall_nop     000000018001c53c f i MSVCRT:guard_support.obj
 0001:0001b540       __raise_securityfailure    000000018001c540 f   MSVCRT:gs_report.obj
 0001:0001b574       __report_gsfailure         000000018001c574 f   MSVCRT:gs_report.obj
 0001:0001b6bc       __security_init_cookie     000000018001c6bc f   MSVCRT:gs_support.obj
 0001:0001b768       DllMain                    000000018001c768 f   MSVCRT:dll_dllmain_stub.obj
 0001:0001b78c       ?__scrt_initialize_type_info@@YAXXZ 000000018001c78c f   MSVCRT:tncleanup.obj
 0001:0001b79c       ?__scrt_uninitialize_type_info@@YAXXZ 000000018001c79c f   MSVCRT:tncleanup.obj
 0001:0001b7a8       __local_stdio_scanf_options 000000018001c7a8 f i MSVCRT:default_local_stdio_options.obj
 0001:0001b7b0       __scrt_initialize_default_local_stdio_options 000000018001c7b0 f   MSVCRT:default_local_stdio_options.obj
 0001:0001b7cc       __scrt_get_dyn_tls_init_callback 000000018001c7cc f   MSVCRT:dyn_tls_init.obj
 0001:0001b7d4       _RTC_Initialize            000000018001c7d4 f   MSVCRT:initsect.obj
 0001:0001b810       _RTC_Terminate             000000018001c810 f   MSVCRT:initsect.obj
 0001:0001b850       IsProcessorFeaturePresent  000000018001c850 f   kernel32:KERNEL32.dll
 0001:0001b856       strstr                     000000018001c856 f   vcruntime:VCRUNTIME140.dll
 0001:0001b85c       __std_exception_copy       000000018001c85c f   vcruntime:VCRUNTIME140.dll
 0001:0001b862       __std_exception_destroy    000000018001c862 f   vcruntime:VCRUNTIME140.dll
 0001:0001b868       _CxxThrowException         000000018001c868 f   vcruntime:VCRUNTIME140.dll
 0001:0001b86e       __CxxFrameHandler3         000000018001c86e f   vcruntime:VCRUNTIME140.dll
 0001:0001b874       memcpy                     000000018001c874 f   vcruntime:VCRUNTIME140.dll
 0001:0001b87a       memmove                    000000018001c87a f   vcruntime:VCRUNTIME140.dll
 0001:0001b880       memset                     000000018001c880 f   vcruntime:VCRUNTIME140.dll
 0001:0001b886       __C_specific_handler       000000018001c886 f   vcruntime:VCRUNTIME140.dll
 0001:0001b88c       __std_terminate            000000018001c88c f   vcruntime:VCRUNTIME140.dll
 0001:0001b892       __std_type_info_destroy_list 000000018001c892 f   vcruntime:VCRUNTIME140.dll
 0001:0001b898       free                       000000018001c898 f   ucrt:api-ms-win-crt-heap-l1-1-0.dll
 0001:0001b89e       malloc                     000000018001c89e f   ucrt:api-ms-win-crt-heap-l1-1-0.dll
 0001:0001b8a4       _callnewh                  000000018001c8a4 f   ucrt:api-ms-win-crt-heap-l1-1-0.dll
 0001:0001b8aa       _seh_filter_dll            000000018001c8aa f   ucrt:api-ms-win-crt-runtime-l1-1-0.dll
 0001:0001b8b0       _configure_narrow_argv     000000018001c8b0 f   ucrt:api-ms-win-crt-runtime-l1-1-0.dll
 0001:0001b8b6       _initialize_narrow_environment 000000018001c8b6 f   ucrt:api-ms-win-crt-runtime-l1-1-0.dll
 0001:0001b8bc       _initialize_onexit_table   000000018001c8bc f   ucrt:api-ms-win-crt-runtime-l1-1-0.dll
 0001:0001b8c2       _register_onexit_function  000000018001c8c2 f   ucrt:api-ms-win-crt-runtime-l1-1-0.dll
 0001:0001b8c8       _execute_onexit_table      000000018001c8c8 f   ucrt:api-ms-win-crt-runtime-l1-1-0.dll
 0001:0001b8ce       _crt_atexit                000000018001c8ce f   ucrt:api-ms-win-crt-runtime-l1-1-0.dll
 0001:0001b8d4       _cexit                     000000018001c8d4 f   ucrt:api-ms-win-crt-runtime-l1-1-0.dll
 0001:0001b8da       _initterm                  000000018001c8da f   ucrt:api-ms-win-crt-runtime-l1-1-0.dll
 0001:0001b8e0       _initterm_e                000000018001c8e0 f   ucrt:api-ms-win-crt-runtime-l1-1-0.dll
 0001:0001b8e8       __scrt_stub_for_acrt_uninitialize_critical 000000018001c8e8 f   MSVCRT:ucrt_stubs.obj
 0001:0001b8e8       __scrt_stub_for_acrt_initialize 000000018001c8e8 f   MSVCRT:ucrt_stubs.obj
 0001:0001b8e8       __vcrt_initialize          000000018001c8e8 f   MSVCRT:ucrt_stubs.obj
 0001:0001b8e8       __scrt_stub_for_acrt_uninitialize 000000018001c8e8 f   MSVCRT:ucrt_stubs.obj
 0001:0001b8e8       __scrt_stub_for_acrt_thread_detach 000000018001c8e8 f   MSVCRT:ucrt_stubs.obj
 0001:0001b8e8       __acrt_thread_detach       000000018001c8e8 f   MSVCRT:ucrt_stubs.obj
 0001:0001b8e8       __vcrt_uninitialize        000000018001c8e8 f   MSVCRT:ucrt_stubs.obj
 0001:0001b8e8       __vcrt_thread_detach       000000018001c8e8 f   MSVCRT:ucrt_stubs.obj
 0001:0001b8e8       __acrt_uninitialize_critical 000000018001c8e8 f   MSVCRT:ucrt_stubs.obj
 0001:0001b8e8       __vcrt_thread_attach       000000018001c8e8 f   MSVCRT:ucrt_stubs.obj
 0001:0001b8e8       __acrt_initialize          000000018001c8e8 f   MSVCRT:ucrt_stubs.obj
 0001:0001b8e8       __vcrt_uninitialize_critical 000000018001c8e8 f   MSVCRT:ucrt_stubs.obj
 0001:0001b8e8       __acrt_uninitialize        000000018001c8e8 f   MSVCRT:ucrt_stubs.obj
 0001:0001b8e8       __scrt_stub_for_acrt_thread_attach 000000018001c8e8 f   MSVCRT:ucrt_stubs.obj
 0001:0001b8e8       __acrt_thread_attach       000000018001c8e8 f   MSVCRT:ucrt_stubs.obj
 0001:0001b8ec       _is_c_termination_complete 000000018001c8ec f   MSVCRT:ucrt_stubs.obj
 0001:0001b8ec       __scrt_stub_for_is_c_termination_complete 000000018001c8ec f   MSVCRT:ucrt_stubs.obj
 0001:0001b900       _guard_dispatch_icall_nop  000000018001c900 f   MSVCRT:guard_dispatch.obj
 0002:00000000       __imp_CloseHandle          0000000180027000     kernel32:KERNEL32.dll
 0002:00000008       __imp_EnterCriticalSection 0000000180027008     kernel32:KERNEL32.dll
 0002:00000010       __imp_LeaveCriticalSection 0000000180027010     kernel32:KERNEL32.dll
 0002:00000018       __imp_InitializeCriticalSectionAndSpinCount 0000000180027018     kernel32:KERNEL32.dll
 0002:00000020       __imp_DeleteCriticalSection 0000000180027020     kernel32:KERNEL32.dll
 0002:00000028       __imp_SetEvent             0000000180027028     kernel32:KERNEL32.dll
 0002:00000030       __imp_ResetEvent           0000000180027030     kernel32:KERNEL32.dll
 0002:00000038       __imp_WaitForSingleObjectEx 0000000180027038     kernel32:KERNEL32.dll
 0002:00000040       __imp_CreateEventW         0000000180027040     kernel32:KERNEL32.dll
 0002:00000048       __imp_GetModuleHandleW     0000000180027048     kernel32:KERNEL32.dll
 0002:00000050       __imp_GetProcAddress       0000000180027050     kernel32:KERNEL32.dll
 0002:00000058       __imp_RtlCaptureContext    0000000180027058     kernel32:KERNEL32.dll
 0002:00000060       __imp_RtlLookupFunctionEntry 0000000180027060     kernel32:KERNEL32.dll
 0002:00000068       __imp_RtlVirtualUnwind     0000000180027068     kernel32:KERNEL32.dll
 0002:00000070       __imp_IsDebuggerPresent    0000000180027070     kernel32:KERNEL32.dll
 0002:00000078       __imp_UnhandledExceptionFilter 0000000180027078     kernel32:KERNEL32.dll
 0002:00000080       __imp_SetUnhandledExceptionFilter 0000000180027080     kernel32:KERNEL32.dll
 0002:00000088       __imp_IsProcessorFeaturePresent 0000000180027088     kernel32:KERNEL32.dll
 0002:00000090       __imp_GetCurrentProcess    0000000180027090     kernel32:KERNEL32.dll
 0002:00000098       __imp_TerminateProcess     0000000180027098     kernel32:KERNEL32.dll
 0002:000000a0       __imp_QueryPerformanceCounter 00000001800270a0     kernel32:KERNEL32.dll
 0002:000000a8       __imp_GetCurrentProcessId  00000001800270a8     kernel32:KERNEL32.dll
 0002:000000b0       __imp_GetCurrentThreadId   00000001800270b0     kernel32:KERNEL32.dll
 0002:000000b8       __imp_GetSystemTimeAsFileTime 00000001800270b8     kernel32:KERNEL32.dll
 0002:000000c0       __imp_DisableThreadLibraryCalls 00000001800270c0     kernel32:KERNEL32.dll
 0002:000000c8       __imp_InitializeSListHead  00000001800270c8     kernel32:KERNEL32.dll
 0002:000000d0       \177KERNEL32_NULL_THUNK_DATA 00000001800270d0     kernel32:KERNEL32.dll
 0002:000000d8       __imp_strstr               00000001800270d8     vcruntime:VCRUNTIME140.dll
 0002:000000e0       __imp___std_exception_copy 00000001800270e0     vcruntime:VCRUNTIME140.dll
 0002:000000e8       __imp___std_exception_destroy 00000001800270e8     vcruntime:VCRUNTIME140.dll
 0002:000000f0       __imp__CxxThrowException   00000001800270f0     vcruntime:VCRUNTIME140.dll
 0002:000000f8       __imp___CxxFrameHandler3   00000001800270f8     vcruntime:VCRUNTIME140.dll
 0002:00000100       __imp_memcpy               0000000180027100     vcruntime:VCRUNTIME140.dll
 0002:00000108       __imp_memmove              0000000180027108     vcruntime:VCRUNTIME140.dll
 0002:00000110       __imp_memset               0000000180027110     vcruntime:VCRUNTIME140.dll
 0002:00000118       __imp___std_type_info_destroy_list 0000000180027118     vcruntime:VCRUNTIME140.dll
 0002:00000120       __imp___C_specific_handler 0000000180027120     vcruntime:VCRUNTIME140.dll
 0002:00000128       __imp___std_terminate      0000000180027128     vcruntime:VCRUNTIME140.dll
 0002:00000130       \177VCRUNTIME140_NULL_THUNK_DATA 0000000180027130     vcruntime:VCRUNTIME140.dll
 0002:00000138       __imp_malloc               0000000180027138     ucrt:api-ms-win-crt-heap-l1-1-0.dll
 0002:00000140       __imp__callnewh            0000000180027140     ucrt:api-ms-win-crt-heap-l1-1-0.dll
 0002:00000148       __imp_free                 0000000180027148     ucrt:api-ms-win-crt-heap-l1-1-0.dll
 0002:00000150       \177api-ms-win-crt-heap-l1-1-0_NULL_THUNK_DATA 0000000180027150     ucrt:api-ms-win-crt-heap-l1-1-0.dll
 0002:00000158       __imp__crt_atexit          0000000180027158     ucrt:api-ms-win-crt-runtime-l1-1-0.dll
 0002:00000160       __imp__execute_onexit_table 0000000180027160     ucrt:api-ms-win-crt-runtime-l1-1-0.dll
 0002:00000168       __imp__register_onexit_function 0000000180027168     ucrt:api-ms-win-crt-runtime-l1-1-0.dll
 0002:00000170       __imp__initialize_narrow_environment 0000000180027170     ucrt:api-ms-win-crt-runtime-l1-1-0.dll
 0002:00000178       __imp__configure_narrow_argv 0000000180027178     ucrt:api-ms-win-crt-runtime-l1-1-0.dll
 0002:00000180       __imp__seh_filter_dll      0000000180027180     ucrt:api-ms-win-crt-runtime-l1-1-0.dll
 0002:00000188       __imp__cexit               0000000180027188     ucrt:api-ms-win-crt-runtime-l1-1-0.dll
 0002:00000190       __imp__initterm            0000000180027190     ucrt:api-ms-win-crt-runtime-l1-1-0.dll
 0002:00000198       __imp__initterm_e          0000000180027198     ucrt:api-ms-win-crt-runtime-l1-1-0.dll
 0002:000001a0       __imp__initialize_onexit_table 00000001800271a0     ucrt:api-ms-win-crt-runtime-l1-1-0.dll
 0002:000001a8       \177api-ms-win-crt-runtime-l1-1-0_NULL_THUNK_DATA 00000001800271a8     ucrt:api-ms-win-crt-runtime-l1-1-0.dll
 0002:000001b0       __imp___acrt_iob_func      00000001800271b0     ucrt:api-ms-win-crt-stdio-l1-1-0.dll
 0002:000001b8       __imp___stdio_common_vfprintf 00000001800271b8     ucrt:api-ms-win-crt-stdio-l1-1-0.dll
 0002:000001c0       \177api-ms-win-crt-stdio-l1-1-0_NULL_THUNK_DATA 00000001800271c0     ucrt:api-ms-win-crt-stdio-l1-1-0.dll
 0002:000001c8       __imp_strncmp              00000001800271c8     ucrt:api-ms-win-crt-string-l1-1-0.dll
 0002:000001d0       \177api-ms-win-crt-string-l1-1-0_NULL_THUNK_DATA 00000001800271d0     ucrt:api-ms-win-crt-string-l1-1-0.dll
 0002:000001d8       __imp_under_debugger       00000001800271d8     ida:ida.dll
 0002:000001e0       __imp_guess_table_size     00000001800271e0     ida:ida.dll
 0002:000001e8       __imp_guess_table_address  00000001800271e8     ida:ida.dll
 0002:000001f0       __imp_construct_macro      00000001800271f0     ida:ida.dll
 0002:000001f8       __imp_ph                   00000001800271f8     ida:ida.dll
 0002:00000200       __imp_decode_prev_insn     0000000180027200     ida:ida.dll
 0002:00000208       __imp_print_operand        0000000180027208     ida:ida.dll
 0002:00000210       __imp_decode_insn          0000000180027210     ida:ida.dll
 0002:00000218       __imp_create_insn          0000000180027218     ida:ida.dll
 0002:00000220       __imp_get_dtype_by_size    0000000180027220     ida:ida.dll
 0002:00000228       __imp_get_dtype_size       0000000180027228     ida:ida.dll
 0002:00000230       __imp_get_dtype_flag       0000000180027230     ida:ida.dll
 0002:00000238       __imp_print_insn_mnem      0000000180027238     ida:ida.dll
 0002:00000240       __imp_decode_preceding_insn 0000000180027240     ida:ida.dll
 0002:00000248       __imp_map_code_ea          0000000180027248     ida:ida.dll
 0002:00000250       __imp_calc_dataseg         0000000180027250     ida:ida.dll
 0002:00000258       __imp_get_lookback         0000000180027258     ida:ida.dll
 0002:00000260       __imp_get_immvals          0000000180027260     ida:ida.dll
 0002:00000268       __imp_insn_create_stkvar   0000000180027268     ida:ida.dll
 0002:00000270       __imp_insn_add_off_drefs   0000000180027270     ida:ida.dll
 0002:00000278       __imp_insn_add_dref        0000000180027278     ida:ida.dll
 0002:00000280       __imp_insn_add_cref        0000000180027280     ida:ida.dll
 0002:00000288       __imp_insn_create_op_data  0000000180027288     ida:ida.dll
 0002:00000290       __imp_get_qword            0000000180027290     ida:ida.dll
 0002:00000298       __imp_get_dword            0000000180027298     ida:ida.dll
 0002:000002a0       __imp_get_word             00000001800272a0     ida:ida.dll
 0002:000002a8       __imp_get_byte             00000001800272a8     ida:ida.dll
 0002:000002b0       __imp_get_flags_ex         00000001800272b0     ida:ida.dll
 0002:000002b8       __imp_closing_comment      00000001800272b8     ida:ida.dll
 0002:000002c0       __imp_is_main_thread       00000001800272c0     ida:ida.dll
 0002:000002c8       __imp_qvector_reserve      00000001800272c8     ida:ida.dll
 0002:000002d0       __imp_qvsnprintf           00000001800272d0     ida:ida.dll
 0002:000002d8       __imp_qfree                00000001800272d8     ida:ida.dll
 0002:000002e0       __imp_create_outctx        00000001800272e0     ida:ida.dll
 0002:000002e8       __imp_interr               00000001800272e8     ida:ida.dll
 0002:000002f0       \177ida_NULL_THUNK_DATA    00000001800272f0     ida:ida.dll
 0002:000002f8       __imp_PyW_ShowCbErr        00000001800272f8     python:python.dll
 0002:00000300       __imp_PyW_GetNumber        0000000180027300     python:python.dll
 0002:00000308       __imp_PyW_TryImportModule  0000000180027308     python:python.dll
 0002:00000310       __imp_PyW_UvalVecToPyList  0000000180027310     python:python.dll
 0002:00000318       __imp_try_create_swig_wrapper 0000000180027318     python:python.dll
 0002:00000320       \177python_NULL_THUNK_DATA 0000000180027320     python:python.dll
 0002:00000328       __imp_PyObject_CallFunction 0000000180027328     python38:python38.dll
 0002:00000330       __imp_PyObject_CallFunctionObjArgs 0000000180027330     python38:python38.dll
 0002:00000338       __imp_PyObject_IsInstance  0000000180027338     python38:python38.dll
 0002:00000340       __imp_PyType_Type          0000000180027340     python38:python38.dll
 0002:00000348       __imp__Py_NoneStruct       0000000180027348     python38:python38.dll
 0002:00000350       __imp__Py_NotImplementedStruct 0000000180027350     python38:python38.dll
 0002:00000358       __imp_PyBool_Type          0000000180027358     python38:python38.dll
 0002:00000360       __imp__Py_FalseStruct      0000000180027360     python38:python38.dll
 0002:00000368       __imp__Py_TrueStruct       0000000180027368     python38:python38.dll
 0002:00000370       __imp_PyObject_Call        0000000180027370     python38:python38.dll
 0002:00000378       __imp_PyExc_IndexError     0000000180027378     python38:python38.dll
 0002:00000380       __imp_PyExc_MemoryError    0000000180027380     python38:python38.dll
 0002:00000388       __imp_PyExc_OverflowError  0000000180027388     python38:python38.dll
 0002:00000390       __imp_PyExc_RuntimeError   0000000180027390     python38:python38.dll
 0002:00000398       __imp_PyExc_SyntaxError    0000000180027398     python38:python38.dll
 0002:000003a0       __imp_PyExc_SystemError    00000001800273a0     python38:python38.dll
 0002:000003a8       __imp_PyExc_TypeError      00000001800273a8     python38:python38.dll
 0002:000003b0       __imp_PyExc_ValueError     00000001800273b0     python38:python38.dll
 0002:000003b8       __imp_PyExc_ZeroDivisionError 00000001800273b8     python38:python38.dll
 0002:000003c0       __imp_PyExc_IOError        00000001800273c0     python38:python38.dll
 0002:000003c8       __imp_PyImport_AddModule   00000001800273c8     python38:python38.dll
 0002:000003d0       __imp_PyEval_InitThreads   00000001800273d0     python38:python38.dll
 0002:000003d8       __imp_PyModule_Create2     00000001800273d8     python38:python38.dll
 0002:000003e0       __imp_PyModule_AddObject   00000001800273e0     python38:python38.dll
 0002:000003e8       __imp_Py_BuildValue        00000001800273e8     python38:python38.dll
 0002:000003f0       __imp_PyExc_AttributeError 00000001800273f0     python38:python38.dll
 0002:000003f8       __imp_PyArg_UnpackTuple    00000001800273f8     python38:python38.dll
 0002:00000400       __imp_PyGILState_Ensure    0000000180027400     python38:python38.dll
 0002:00000408       __imp_PyErr_WriteUnraisable 0000000180027408     python38:python38.dll
 0002:00000410       __imp_PyErr_Format         0000000180027410     python38:python38.dll
 0002:00000418       __imp_PyErr_GivenExceptionMatches 0000000180027418     python38:python38.dll
 0002:00000420       __imp_PyErr_Restore        0000000180027420     python38:python38.dll
 0002:00000428       __imp_PyErr_Fetch          0000000180027428     python38:python38.dll
 0002:00000430       __imp_PyErr_Clear          0000000180027430     python38:python38.dll
 0002:00000438       __imp_PyErr_Occurred       0000000180027438     python38:python38.dll
 0002:00000440       __imp_PyErr_SetString      0000000180027440     python38:python38.dll
 0002:00000448       __imp_PyErr_SetObject      0000000180027448     python38:python38.dll
 0002:00000450       __imp_PyCapsule_Import     0000000180027450     python38:python38.dll
 0002:00000458       __imp_PyCapsule_GetPointer 0000000180027458     python38:python38.dll
 0002:00000460       __imp_PyCapsule_New        0000000180027460     python38:python38.dll
 0002:00000468       __imp_PyModule_GetDict     0000000180027468     python38:python38.dll
 0002:00000470       __imp_PyCFunction_GetFlags 0000000180027470     python38:python38.dll
 0002:00000478       __imp_PyCFunction_GetSelf  0000000180027478     python38:python38.dll
 0002:00000480       __imp_PyCFunction_GetFunction 0000000180027480     python38:python38.dll
 0002:00000488       __imp_PyDict_SetItemString 0000000180027488     python38:python38.dll
 0002:00000490       __imp_PyDict_SetItem       0000000180027490     python38:python38.dll
 0002:00000498       __imp_PyDict_GetItem       0000000180027498     python38:python38.dll
 0002:000004a0       __imp_PyDict_New           00000001800274a0     python38:python38.dll
 0002:000004a8       __imp_PyTuple_GetSlice     00000001800274a8     python38:python38.dll
 0002:000004b0       __imp_PyTuple_SetItem      00000001800274b0     python38:python38.dll
 0002:000004b8       __imp_PyTuple_GetItem      00000001800274b8     python38:python38.dll
 0002:000004c0       __imp_PyTuple_Size         00000001800274c0     python38:python38.dll
 0002:000004c8       __imp_PyTuple_New          00000001800274c8     python38:python38.dll
 0002:000004d0       __imp_PyBool_FromLong      00000001800274d0     python38:python38.dll
 0002:000004d8       __imp_PyLong_AsUnsignedLongLong 00000001800274d8     python38:python38.dll
 0002:000004e0       __imp_PyLong_AsLongLong    00000001800274e0     python38:python38.dll
 0002:000004e8       __imp_PyLong_FromUnsignedLongLong 00000001800274e8     python38:python38.dll
 0002:000004f0       __imp_PyLong_FromLongLong  00000001800274f0     python38:python38.dll
 0002:000004f8       __imp_PyLong_FromVoidPtr   00000001800274f8     python38:python38.dll
 0002:00000500       __imp_PyLong_AsUnsignedLong 0000000180027500     python38:python38.dll
 0002:00000508       __imp_PyLong_AsLong        0000000180027508     python38:python38.dll
 0002:00000510       __imp_PyLong_FromSize_t    0000000180027510     python38:python38.dll
 0002:00000518       __imp_PyLong_FromLong      0000000180027518     python38:python38.dll
 0002:00000520       __imp_PyUnicode_CompareWithASCIIString 0000000180027520     python38:python38.dll
 0002:00000528       __imp_PyUnicode_Concat     0000000180027528     python38:python38.dll
 0002:00000530       __imp_PyUnicode_AsUTF8String 0000000180027530     python38:python38.dll
 0002:00000538       __imp_PyUnicode_DecodeUTF8 0000000180027538     python38:python38.dll
 0002:00000540       __imp_PyUnicode_InternFromString 0000000180027540     python38:python38.dll
 0002:00000548       __imp_PyUnicode_FromFormat 0000000180027548     python38:python38.dll
 0002:00000550       __imp_PyUnicode_FromString 0000000180027550     python38:python38.dll
 0002:00000558       __imp_PyUnicode_FromStringAndSize 0000000180027558     python38:python38.dll
 0002:00000560       __imp_PyBytes_AsStringAndSize 0000000180027560     python38:python38.dll
 0002:00000568       __imp_PyBytes_AsString     0000000180027568     python38:python38.dll
 0002:00000570       __imp__PyObject_New        0000000180027570     python38:python38.dll
 0002:00000578       __imp_PyObject_Free        0000000180027578     python38:python38.dll
 0002:00000580       __imp_Py_DecRef            0000000180027580     python38:python38.dll
 0002:00000588       __imp__Py_Dealloc          0000000180027588     python38:python38.dll
 0002:00000590       __imp_PyCallable_Check     0000000180027590     python38:python38.dll
 0002:00000598       __imp_PyObject_IsTrue      0000000180027598     python38:python38.dll
 0002:000005a0       __imp_PyObject_GenericGetAttr 00000001800275a0     python38:python38.dll
 0002:000005a8       __imp_PyObject_SetAttr     00000001800275a8     python38:python38.dll
 0002:000005b0       __imp_PyObject_GetAttr     00000001800275b0     python38:python38.dll
 0002:000005b8       __imp_PyObject_GetAttrString 00000001800275b8     python38:python38.dll
 0002:000005c0       __imp_PyType_Modified      00000001800275c0     python38:python38.dll
 0002:000005c8       __imp_PyType_GetFlags      00000001800275c8     python38:python38.dll
 0002:000005d0       __imp_PyType_GetSlot       00000001800275d0     python38:python38.dll
 0002:000005d8       __imp_PyType_FromSpec      00000001800275d8     python38:python38.dll
 0002:000005e0       __imp_PyGILState_Release   00000001800275e0     python38:python38.dll
 0002:000005e8       \177python38_NULL_THUNK_DATA 00000001800275e8     python38:python38.dll
 0002:000005f0       __guard_check_icall_fptr   00000001800275f0     MSVCRT:guard_support.obj
 0002:000005f8       __guard_dispatch_icall_fptr 00000001800275f8     MSVCRT:guard_support.obj
 0002:00000600       __xc_a                     0000000180027600     MSVCRT:initializers.obj
 0002:00000608       __xc_z                     0000000180027608     MSVCRT:initializers.obj
 0002:00000610       __xi_a                     0000000180027610     MSVCRT:initializers.obj
 0002:00000620       __xi_z                     0000000180027620     MSVCRT:initializers.obj
 0002:00000628       __xl_a                     0000000180027628     MSVCRT:tlssup.obj
 0002:00000630       __xl_z                     0000000180027630     MSVCRT:tlssup.obj
 0002:00000638       __xp_a                     0000000180027638     MSVCRT:initializers.obj
 0002:00000640       __xp_z                     0000000180027640     MSVCRT:initializers.obj
 0002:00000648       __xt_a                     0000000180027648     MSVCRT:initializers.obj
 0002:00000650       __xt_z                     0000000180027650     MSVCRT:initializers.obj
 0002:00000660       ??_C@_0BD@ENFEJFHM@insn_create_stkvar@ 0000000180027660     ua.obj
 0002:00000678       ??_C@_0L@NMDINLCD@new_insn_t@ 0000000180027678     ua.obj
 0002:00000688       ??_C@_0O@DBJEKLLF@insn_t_cs_set@ 0000000180027688     ua.obj
 0002:00000698       ??_C@_0O@BDHAIGFF@insn_t_ip_set@ 0000000180027698     ua.obj
 0002:000006a8       ??_C@_0O@BMFKDNBP@insn_t_ea_set@ 00000001800276a8     ua.obj
 0002:000006b8       ??_C@_0BB@MOGCCGKH@insn_t_itype_set@ 00000001800276b8     ua.obj
 0002:000006d0       ??_C@_0BA@KCAOKEIB@insn_t_size_set@ 00000001800276d0     ua.obj
 0002:000006e0       ??_C@_0BD@NJAELCNN@insn_t_segpref_set@ 00000001800276e0     ua.obj
 0002:000006f8       ??_C@_0BE@ENNICLIE@insn_t_insnpref_set@ 00000001800276f8     ua.obj
 0002:00000710       ??_C@_0BB@PANJPEBL@insn_t_flags_set@ 0000000180027710     ua.obj
 0002:00000728       ??_C@_0P@IKOHKGME@insn_t_ops_set@ 0000000180027728     ua.obj
 0002:00000738       ??_C@_0BG@FDLEPPMN@insn_t_create_op_data@ 0000000180027738     ua.obj
 0002:00000750       ??_C@_0BF@PONNDOEE@insn_t_create_stkvar@ 0000000180027750     ua.obj
 0002:00000768       ??_C@_0BA@INKEFKMO@insn_t_add_cref@ 0000000180027768     ua.obj
 0002:00000778       ??_C@_0BA@DPIEIGNO@insn_t_add_dref@ 0000000180027778     ua.obj
 0002:00000788       ??_C@_0BF@KOGKNKCC@insn_t_add_off_drefs@ 0000000180027788     ua.obj
 0002:000007a0       ??_C@_0BH@DMIMNNJP@insn_t___get_operand__@ 00000001800277a0     ua.obj
 0002:000007b8       ??_C@_0BH@DPHGKHGI@insn_t___set_auxpref__@ 00000001800277b8     ua.obj
 0002:000007d0       ??_C@_0O@CODHOBNH@insn_t_assign@ 00000001800277d0     ua.obj
 0002:000007e0       ??_C@_0N@DFLPPCLL@get_lookback@ 00000001800277e0     ua.obj
 0002:000007f0       ??_C@_0N@GNBLBJEC@calc_dataseg@ 00000001800277f0     ua.obj
 0002:00000800       ??_C@_0M@BEDKKCFC@map_data_ea@ 0000000180027800     ua.obj
 0002:00000810       ??_C@_0M@LIJGHEEN@map_code_ea@ 0000000180027810     ua.obj
 0002:0000081c       ??_C@_06BDBMHNEN@map_ea@   000000018002781c     ua.obj
 0002:00000828       ??_C@_0BK@DNPPKMIE@outctx_base_t_insn_ea_set@ 0000000180027828     ua.obj
 0002:00000848       ??_C@_0BJ@CGLKNAFF@outctx_base_t_outbuf_set@ 0000000180027848     ua.obj
 0002:00000868       ??_C@_0CA@DFNNPFMK@outctx_base_t_default_lnnum_set@ 0000000180027868     ua.obj
 0002:00000888       ??_C@_0BM@PEFBGNBI@outctx_base_t_set_gen_xrefs@ 0000000180027888     ua.obj
 0002:000008a8       ??_C@_0BK@NKBDBNIP@outctx_base_t_set_gen_cmt@ 00000001800278a8     ua.obj
 0002:000008c8       ??_C@_0BP@GJJEKMCE@outctx_base_t_set_comment_addr@ 00000001800278c8     ua.obj
 0002:000008e8       ??_C@_0BP@IHAABOAC@outctx_base_t_restore_ctxflags@ 00000001800278e8     ua.obj
 0002:00000908       ??_C@_0BJ@BLAPICCD@outctx_base_t_out_printf@ 0000000180027908     ua.obj
 0002:00000928       ??_C@_0BI@CPJLANME@outctx_base_t_out_value@ 0000000180027928     ua.obj
 0002:00000940       ??_C@_0BJ@BFOKNFBO@outctx_base_t_out_symbol@ 0000000180027940     ua.obj
 0002:00000960       ??_C@_0BI@JKCNIHBC@outctx_base_t_out_chars@ 0000000180027960     ua.obj
 0002:00000978       ??_C@_0BJ@IPGEIFPK@outctx_base_t_out_spaces@ 0000000180027978     ua.obj
 0002:00000998       ??_C@_0BH@GPALLHBI@outctx_base_t_out_line@ 0000000180027998     ua.obj
 0002:000009b0       ??_C@_0BK@NCFEHDDE@outctx_base_t_out_keyword@ 00000001800279b0     ua.obj
 0002:000009d0       ??_C@_0BL@LDIIIEII@outctx_base_t_out_register@ 00000001800279d0     ua.obj
 0002:000009f0       ??_C@_0BI@EHBHNEKD@outctx_base_t_out_tagon@ 00000001800279f0     ua.obj
 0002:00000a08       ??_C@_0BJ@HCCMHIBP@outctx_base_t_out_tagoff@ 0000000180027a08     ua.obj
 0002:00000a28       ??_C@_0BL@IGBLJOKK@outctx_base_t_out_addr_tag@ 0000000180027a28     ua.obj
 0002:00000a48       ??_C@_0CI@MFLONIBH@outctx_base_t_out_colored_regis@ 0000000180027a48     ua.obj
 0002:00000a70       ??_C@_0BH@FLDIIEAH@outctx_base_t_out_char@ 0000000180027a70     ua.obj
 0002:00000a88       ??_C@_0BH@BHOGCJAI@outctx_base_t_out_btoa@ 0000000180027a88     ua.obj
 0002:00000aa0       ??_C@_0BH@HIFGIKEG@outctx_base_t_out_long@ 0000000180027aa0     ua.obj
 0002:00000ab8       ??_C@_0BM@EENOPOGH@outctx_base_t_out_name_expr@ 0000000180027ab8     ua.obj
 0002:00000ad8       ??_C@_0BL@KOIBMODI@outctx_base_t_flush_outbuf@ 0000000180027ad8     ua.obj
 0002:00000af8       ??_C@_0BI@PLGFMAKO@outctx_base_t_flush_buf@ 0000000180027af8     ua.obj
 0002:00000b10       ??_C@_0BK@DBEIEACL@outctx_base_t_term_outctx@ 0000000180027b10     ua.obj
 0002:00000b30       ??_C@_0BJ@LPIMCKGB@outctx_base_t_gen_printf@ 0000000180027b30     ua.obj
 0002:00000b50       ??_C@_0BO@LBPJCDFN@outctx_base_t_gen_border_line@ 0000000180027b50     ua.obj
 0002:00000b70       ??_C@_0BL@MJEONFE@outctx_base_t_gen_cmt_line@ 0000000180027b70     ua.obj
 0002:00000b90       ??_C@_0CB@JPBAFICM@outctx_base_t_gen_collapsed_lin@ 0000000180027b90     ua.obj
 0002:00000bb8       ??_C@_0BM@FOOPNECP@outctx_base_t_gen_block_cmt@ 0000000180027bb8     ua.obj
 0002:00000bd8       ??_C@_0BL@CMLHJMAD@outctx_base_t_setup_outctx@ 0000000180027bd8     ua.obj
 0002:00000bf8       ??_C@_0BM@LJMECMOD@outctx_base_t_retrieve_name@ 0000000180027bf8     ua.obj
 0002:00000c18       ??_C@_0BP@DOMIPABO@outctx_base_t_init_lines_array@ 0000000180027c18     ua.obj
 0002:00000c38       ??_C@_0BJ@LKPNIBNA@outctx_base_t_get_stkvar@ 0000000180027c38     ua.obj
 0002:00000c58       ??_C@_0BE@GBLICEEE@outctx_t_bin_ea_set@ 0000000180027c58     ua.obj
 0002:00000c6c       ??_C@_03BHDOPPEK@own@      0000000180027c6c     ua.obj
 0002:00000c70       ??_C@_06EFGGFDFD@disown@   0000000180027c70     ua.obj
 0002:00000c78       ??_C@_0CC@CFIMIIPD@releases?5ownership?5of?5the?5point@ 0000000180027c78     ua.obj
 0002:00000ca0       ??_C@_07MEFPPMEF@acquire@  0000000180027ca0     ua.obj
 0002:00000ca8       ??_C@_0CC@BAIBAPCI@acquires?5ownership?5of?5the?5point@ 0000000180027ca8     ua.obj
 0002:00000cd0       ??_C@_0CG@GKPKGEFE@returns?1sets?5ownership?5of?5the?5p@ 0000000180027cd0     ua.obj
 0002:00000cf8       ??_C@_06PCICMFGG@append@   0000000180027cf8     ua.obj
 0002:00000d00       ??_C@_0BO@NCOOMDHM@appends?5another?5?8this?8?5object@ 0000000180027d00     ua.obj
 0002:00000d20       ??_C@_04CJGEDOF@next@      0000000180027d20     ua.obj
 0002:00000d28       ??_C@_0BP@IMIAEPNG@returns?5the?5next?5?8this?8?5object@ 0000000180027d28     ua.obj
 0002:00000d48       ??_C@_08HJPCHLLJ@__repr__@ 0000000180027d48     ua.obj
 0002:00000d58       ??_C@_0BO@PNCCHPAD@returns?5object?5representation@ 0000000180027d58     ua.obj
 0002:00000d78       ??_C@_0BH@BABCNCGL@outctx_t_bin_state_set@ 0000000180027d78     ua.obj
 0002:00000d90       ??_C@_0BH@OJGAMFEH@outctx_t_gl_bpsize_set@ 0000000180027d90     ua.obj
 0002:00000da8       ??_C@_0BH@LAAIMKIN@outctx_t_bin_width_set@ 0000000180027da8     ua.obj
 0002:00000dc0       ??_C@_0BC@GDIMHLE@outctx_t_insn_set@ 0000000180027dc0     ua.obj
 0002:00000dd8       ??_C@_0BG@FEDCILN@outctx_t_curlabel_set@ 0000000180027dd8     ua.obj
 0002:00000df0       ??_C@_0BB@BLEAONLN@outctx_t_wif_set@ 0000000180027df0     ua.obj
 0002:00000e08       ??_C@_0BG@PMNBNALI@outctx_t_setup_outctx@ 0000000180027e08     ua.obj
 0002:00000e20       ??_C@_0BH@OFKHCAKL@outctx_t_retrieve_name@ 0000000180027e20     ua.obj
 0002:00000e38       ??_C@_0BC@LMOALEHJ@outctx_t_out_mnem@ 0000000180027e38     ua.obj
 0002:00000e50       ??_C@_0BJ@PDIIGNIP@outctx_t_out_custom_mnem@ 0000000180027e50     ua.obj
 0002:00000e70       ??_C@_0BJ@JFONBDDI@outctx_t_out_one_operand@ 0000000180027e70     ua.obj
 0002:00000e90       ??_C@_0BJ@OHCNICGC@outctx_t_gen_func_header@ 0000000180027e90     ua.obj
 0002:00000eb0       ??_C@_0BJ@PJKADDKH@outctx_t_gen_func_footer@ 0000000180027eb0     ua.obj
 0002:00000ed0       ??_C@_0BC@FIMCEABF@outctx_t_out_data@ 0000000180027ed0     ua.obj
 0002:00000ee8       ??_C@_0BE@OOOJKJKM@outctx_t_out_specea@ 0000000180027ee8     ua.obj
 0002:00000f00       ??_C@_0BE@HFBAIFBJ@outctx_t_gen_header@ 0000000180027f00     ua.obj
 0002:00000f18       ??_C@_0O@PHGFDKGI@create_outctx@ 0000000180027f18     ua.obj
 0002:00000f28       ??_C@_0M@OPCAHFKP@create_insn@ 0000000180027f28     ua.obj
 0002:00000f38       ??_C@_0M@KFBCNHJG@decode_insn@ 0000000180027f38     ua.obj
 0002:00000f48       ??_C@_0O@FFJCLMF@print_operand@ 0000000180027f48     ua.obj
 0002:00000f58       ??_C@_07HDHHMDOH@_p_char@  0000000180027f58     ua.obj
 0002:00000f60       ??_C@_0BB@EJHHCCGO@decode_prev_insn@ 0000000180027f60     ua.obj
 0002:00000f78       ??_C@_0BB@HGNHCILC@guess_table_size@ 0000000180027f78     ua.obj
 0002:00000f90       ??_C@_0BG@PODBJFCK@decode_preceding_insn@ 0000000180027f90     ua.obj
 0002:00000fa8       ??_C@_0BA@NALDLELA@construct_macro@ 0000000180027fa8     ua.obj
 0002:00000fb8       ??_C@_0M@IKFCDKGB@get_immvals@ 0000000180027fb8     ua.obj
 0002:00000fc8       ??_C@_0BG@DFOFFENO@get_printable_immvals@ 0000000180027fc8     ua.obj
 0002:00000fe0       ??_C@_0BL@KNJGGKHK@operands_array___getitem__@ 0000000180027fe0     ua.obj
 0002:00001000       ??_C@_0BL@IDNDELOI@operands_array___setitem__@ 0000000180028000     ua.obj
 0002:00001020       ??_C@_0BI@HBGDNGE@operands_array_data_get@ 0000000180028020     ua.obj
 0002:00001038       ??_C@_0CN@MJHPKNPL@operands_array_data_get?$CIself?$CJ?5?9@ 0000000180028038     ua.obj
 0002:00001068       ??_C@_0BD@GCALILKH@new_operands_array@ 0000000180028068     ua.obj
 0002:00001080       ??_C@_0CL@LOABLMGN@new_operands_array?$CIdata?$CJ?5?9?$DO?5ope@ 0000000180028080     ua.obj
 0002:000010b0       ??_C@_0BH@FBCJIKKG@operands_array___len__@ 00000001800280b0     ua.obj
 0002:000010c8       ??_C@_0CH@GBPKAAA@operands_array___len__?$CIself?$CJ?5?9?$DO@ 00000001800280c8     ua.obj
 0002:000010f0       ??_C@_0CM@ONNFJDBH@operands_array___getitem__?$CIself@ 00000001800280f0     ua.obj
 0002:00001120       ??_C@_0CH@NBCAPIGO@operands_array___setitem__?$CIself@ 0000000180028120     ua.obj
 0002:00001148       ??_C@_0BG@LEAJILLJ@delete_operands_array@ 0000000180028148     ua.obj
 0002:00001160       ??_C@_0BM@BNHGEKBD@delete_operands_array?$CIself?$CJ@ 0000000180028160     ua.obj
 0002:00001180       ??_C@_0BM@EIFAPKHI@operands_array_swigregister@ 0000000180028180     ua.obj
 0002:000011a0       ??_C@_0BI@PPEAMPKL@operands_array_swiginit@ 00000001800281a0     ua.obj
 0002:000011b8       ??_C@_0BE@PCNPEPJD@op_t_n_set?$CIself?0?5n?$CJ@ 00000001800281b8     ua.obj
 0002:000011d0       ??_C@_0L@NKHCGNFF@op_t_n_get@ 00000001800281d0     ua.obj
 0002:000011e0       ??_C@_0BK@HDHEPFKC@op_t_n_get?$CIself?$CJ?5?9?$DO?5uchar@ 00000001800281e0     ua.obj
 0002:00001200       ??_C@_0BK@FDGOGIKK@op_t_type_set?$CIself?0?5type?$CJ@ 0000000180028200     ua.obj
 0002:00001220       ??_C@_0O@LFAOIMJD@op_t_type_get@ 0000000180028220     ua.obj
 0002:00001230       ??_C@_0CA@FCLLIL@op_t_type_get?$CIself?$CJ?5?9?$DO?5optype_t@ 0000000180028230     ua.obj
 0002:00001250       ??_C@_0BK@EOBDPMGH@op_t_offb_set?$CIself?0?5offb?$CJ@ 0000000180028250     ua.obj
 0002:00001270       ??_C@_0O@CHALOKPE@op_t_offb_get@ 0000000180028270     ua.obj
 0002:00001280       ??_C@_0BM@LFMCGKKE@op_t_offb_get?$CIself?$CJ?5?9?$DO?5char@ 0000000180028280     ua.obj
 0002:000012a0       ??_C@_0BK@LFGAKANP@op_t_offo_set?$CIself?0?5offo?$CJ@ 00000001800282a0     ua.obj
 0002:000012c0       ??_C@_0O@JLJFPJCK@op_t_offo_get@ 00000001800282c0     ua.obj
 0002:000012d0       ??_C@_0BM@DJDGMAJ@op_t_offo_get?$CIself?$CJ?5?9?$DO?5char@ 00000001800282d0     ua.obj
 0002:000012f0       ??_C@_0BM@HHHABGJA@op_t_flags_set?$CIself?0?5flags?$CJ@ 00000001800282f0     ua.obj
 0002:00001310       ??_C@_0P@JGLADBDB@op_t_flags_get@ 0000000180028310     ua.obj
 0002:00001320       ??_C@_0BO@POBKHEBE@op_t_flags_get?$CIself?$CJ?5?9?$DO?5uchar@ 0000000180028320     ua.obj
 0002:00001340       ??_C@_0P@CNHJNIAA@op_t_set_shown@ 0000000180028340     ua.obj
 0002:00001350       ??_C@_0BF@MGPNJOFG@op_t_set_shown?$CIself?$CJ@ 0000000180028350     ua.obj
 0002:00001368       ??_C@_0P@GABLOGDE@op_t_clr_shown@ 0000000180028368     ua.obj
 0002:00001378       ??_C@_0BF@KOGKPMBB@op_t_clr_shown?$CIself?$CJ@ 0000000180028378     ua.obj
 0002:00001390       ??_C@_0L@BMAALNKM@op_t_shown@ 0000000180028390     ua.obj
 0002:000013a0       ??_C@_0BJ@NBNIOFKM@op_t_shown?$CIself?$CJ?5?9?$DO?5bool@ 00000001800283a0     ua.obj
 0002:000013c0       ??_C@_0BM@JGLHHCHF@op_t_dtype_set?$CIself?0?5dtype?$CJ@ 00000001800283c0     ua.obj
 0002:000013e0       ??_C@_0P@FNPFGIDN@op_t_dtype_get@ 00000001800283e0     ua.obj
 0002:000013f0       ??_C@_0CD@KBKPGOOA@op_t_dtype_get?$CIself?$CJ?5?9?$DO?5op_dtyp@ 00000001800283f0     ua.obj
 0002:00001418       ??_C@_0BN@LPHLCANB@op_t_is_reg?$CIself?0?5r?$CJ?5?9?$DO?5bool@ 0000000180028418     ua.obj
 0002:00001438       ??_C@_0BN@PKGEAHOM@op_t_is_imm?$CIself?0?5v?$CJ?5?9?$DO?5bool@ 0000000180028438     ua.obj
 0002:00001458       ??_C@_0CE@EMNPAEAD@op_t_specflag1_set?$CIself?0?5specfl@ 0000000180028458     ua.obj
 0002:00001480       ??_C@_0BD@COEHJKCE@op_t_specflag1_get@ 0000000180028480     ua.obj
 0002:00001498       ??_C@_0CB@OFGKPGKL@op_t_specflag1_get?$CIself?$CJ?5?9?$DO?5cha@ 0000000180028498     ua.obj
 0002:000014c0       ??_C@_0CE@DIHMIDGH@op_t_specflag2_set?$CIself?0?5specfl@ 00000001800284c0     ua.obj
 0002:000014e8       ??_C@_0BD@KINDOIIK@op_t_specflag2_get@ 00000001800284e8     ua.obj
 0002:00001500       ??_C@_0CB@EKMDLLGB@op_t_specflag2_get?$CIself?$CJ?5?9?$DO?5cha@ 0000000180028500     ua.obj
 0002:00001528       ??_C@_0CE@KCMNADIE@op_t_specflag3_set?$CIself?0?5specfl@ 0000000180028528     ua.obj
 0002:00001550       ??_C@_0BD@GDIPDLCP@op_t_specflag3_get@ 0000000180028550     ua.obj
 0002:00001568       ??_C@_0CB@CPKEIACH@op_t_specflag3_get?$CIself?$CJ?5?9?$DO?5cha@ 0000000180028568     ua.obj
 0002:00001590       ??_C@_0CE@NBDLINKP@op_t_specflag4_set?$CIself?0?5specfl@ 0000000180028590     ua.obj
 0002:000015b8       ??_C@_0BD@HOIKALJH@op_t_specflag4_get@ 00000001800285b8     ua.obj
 0002:000015d0       ??_C@_0CB@MOOACGLE@op_t_specflag4_get?$CIself?$CJ?5?9?$DO?5cha@ 00000001800285d0     ua.obj
 0002:000015f8       ??_C@_0BI@CHIMPDKM@op_t___get_reg_phrase__@ 00000001800285f8     ua.obj
 0002:00001610       ??_C@_0CI@MMDEHCMO@op_t___get_reg_phrase__?$CIself?$CJ?5?9@ 0000000180028610     ua.obj
 0002:00001638       ??_C@_0CB@IOIJIMCM@op_t___set_reg_phrase__?$CIself?0?5r@ 0000000180028638     ua.obj
 0002:00001660       ??_C@_0BD@LGPLGACP@op_t___get_value__@ 0000000180028660     ua.obj
 0002:00001678       ??_C@_0CB@BCEECDLB@op_t___get_value__?$CIself?$CJ?5?9?$DO?5ea_@ 0000000180028678     ua.obj
 0002:000016a0       ??_C@_0BM@FBHJFLNK@op_t___set_value__?$CIself?0?5v?$CJ@ 00000001800286a0     ua.obj
 0002:000016c0       ??_C@_0BC@BAHGHOJH@op_t___get_addr__@ 00000001800286c0     ua.obj
 0002:000016d8       ??_C@_0CA@KAPJCCLO@op_t___get_addr__?$CIself?$CJ?5?9?$DO?5ea_t@ 00000001800286d8     ua.obj
 0002:000016f8       ??_C@_0BL@BKEGDFKM@op_t___set_addr__?$CIself?0?5v?$CJ@ 00000001800286f8     ua.obj
 0002:00001718       ??_C@_0BF@DKHDMJOM@op_t___get_specval__@ 0000000180028718     ua.obj
 0002:00001730       ??_C@_0CD@CDFOMEDF@op_t___get_specval__?$CIself?$CJ?5?9?$DO?5e@ 0000000180028730     ua.obj
 0002:00001758       ??_C@_0BO@OPIJNJEO@op_t___set_specval__?$CIself?0?5v?$CJ@ 0000000180028758     ua.obj
 0002:00001778       ??_C@_0BJ@KMCHPHEF@op_t_assign?$CIself?0?5other?$CJ@ 0000000180028778     ua.obj
 0002:00001798       ??_C@_0BD@OCEGJOPF@new_op_t?$CI?$CJ?5?9?$DO?5op_t@ 0000000180028798     ua.obj
 0002:000017b0       ??_C@_0M@DHAKHPN@delete_op_t@ 00000001800287b0     ua.obj
 0002:000017c0       ??_C@_0BC@FLKIMHOP@delete_op_t?$CIself?$CJ@ 00000001800287c0     ua.obj
 0002:000017d8       ??_C@_0BC@DHCIOEJI@op_t_swigregister@ 00000001800287d8     ua.obj
 0002:000017f0       ??_C@_0O@CBBIHALG@op_t_swiginit@ 00000001800287f0     ua.obj
 0002:00001800       ??_C@_0CF@BEEAAONA@insn_add_cref?$CIinsn?0?5to?0?5opoff?0?5@ 0000000180028800     ua.obj
 0002:00001828       ??_C@_0CF@BAEJPNID@insn_add_dref?$CIinsn?0?5to?0?5opoff?0?5@ 0000000180028828     ua.obj
 0002:00001850       ??_C@_0DA@BPLGNFHE@insn_add_off_drefs?$CIinsn?0?5x?0?5typ@ 0000000180028850     ua.obj
 0002:00001880       ??_C@_0CO@CNEKLMFG@insn_create_stkvar?$CIinsn?0?5x?0?5v?0?5@ 0000000180028880     ua.obj
 0002:000018b0       ??_C@_0BH@OAHBLJAK@new_insn_t?$CI?$CJ?5?9?$DO?5insn_t@ 00000001800288b0     ua.obj
 0002:000018c8       ??_C@_0BI@HJMKOLCO@insn_t_cs_set?$CIself?0?5cs?$CJ@ 00000001800288c8     ua.obj
 0002:000018e0       ??_C@_0O@OOOPGLHN@insn_t_cs_get@ 00000001800288e0     ua.obj
 0002:000018f0       ??_C@_0BM@POILHJMA@insn_t_cs_get?$CIself?$CJ?5?9?$DO?5ea_t@ 00000001800288f0     ua.obj
 0002:00001910       ??_C@_0BI@PNFNOLI@insn_t_ip_set?$CIself?0?5ip?$CJ@ 0000000180028910     ua.obj
 0002:00001928       ??_C@_0O@MMALEGJN@insn_t_ip_get@ 0000000180028928     ua.obj
 0002:00001938       ??_C@_0BM@JABEDMAB@insn_t_ip_get?$CIself?$CJ?5?9?$DO?5ea_t@ 0000000180028938     ua.obj
 0002:00001958       ??_C@_0BI@IFLAGPBJ@insn_t_ea_set?$CIself?0?5ea?$CJ@ 0000000180028958     ua.obj
 0002:00001970       ??_C@_0O@MDCBPNNH@insn_t_ea_get@ 0000000180028970     ua.obj
 0002:00001980       ??_C@_0BM@CCLOKBKP@insn_t_ea_get?$CIself?$CJ?5?9?$DO?5ea_t@ 0000000180028980     ua.obj
 0002:000019a0       ??_C@_0BO@LOOJPLDP@insn_t_itype_set?$CIself?0?5itype?$CJ@ 00000001800289a0     ua.obj
 0002:000019c0       ??_C@_0BB@BBBJOGGP@insn_t_itype_get@ 00000001800289c0     ua.obj
 0002:000019d8       ??_C@_0CB@CGGEHDOH@insn_t_itype_get?$CIself?$CJ?5?9?$DO?5uint1@ 00000001800289d8     ua.obj
 0002:00001a00       ??_C@_0BF@OMMLNDFK@insn_t_is_canon_insn@ 0000000180028a00     ua.obj
 0002:00001a18       ??_C@_0CD@BMOGDPCB@insn_t_is_canon_insn?$CIself?$CJ?5?9?$DO?5b@ 0000000180028a18     ua.obj
 0002:00001a40       ??_C@_0BJ@LIONEHPA@insn_t_get_canon_feature@ 0000000180028a40     ua.obj
 0002:00001a60       ??_C@_0CJ@OODEHEKG@insn_t_get_canon_feature?$CIself?$CJ?5@ 0000000180028a60     ua.obj
 0002:00001a90       ??_C@_0BG@CKJBCABL@insn_t_get_canon_mnem@ 0000000180028a90     ua.obj
 0002:00001aa8       ??_C@_0CM@CGJBHJBN@insn_t_get_canon_mnem?$CIself?$CJ?5?9?$DO?5@ 0000000180028aa8     ua.obj
 0002:00001ad8       ??_C@_0BM@GHPNGPKE@insn_t_size_set?$CIself?0?5size?$CJ@ 0000000180028ad8     ua.obj
 0002:00001af8       ??_C@_0BA@HNHFGEEJ@insn_t_size_get@ 0000000180028af8     ua.obj
 0002:00001b08       ??_C@_0CA@LGKKFNPF@insn_t_size_get?$CIself?$CJ?5?9?$DO?5uint16@ 0000000180028b08     ua.obj
 0002:00001b28       ??_C@_0CC@IMBJNPDJ@insn_t_segpref_set?$CIself?0?5segpre@ 0000000180028b28     ua.obj
 0002:00001b50       ??_C@_0BD@GHPHCBF@insn_t_segpref_get@ 0000000180028b50     ua.obj
 0002:00001b68       ??_C@_0CB@JFDFBCF@insn_t_segpref_get?$CIself?$CJ?5?9?$DO?5cha@ 0000000180028b68     ua.obj
 0002:00001b90       ??_C@_0CE@KDJBDECA@insn_t_insnpref_set?$CIself?0?5insnp@ 0000000180028b90     ua.obj
 0002:00001bb8       ??_C@_0BE@JCKDOLEM@insn_t_insnpref_get@ 0000000180028bb8     ua.obj
 0002:00001bd0       ??_C@_0CC@CDIOBGGG@insn_t_insnpref_get?$CIself?$CJ?5?9?$DO?5ch@ 0000000180028bd0     ua.obj
 0002:00001bf8       ??_C@_0BO@KFGPPGHL@insn_t_flags_set?$CIself?0?5flags?$CJ@ 0000000180028bf8     ua.obj
 0002:00001c18       ??_C@_0BB@CPKCDEND@insn_t_flags_get@ 0000000180028c18     ua.obj
 0002:00001c30       ??_C@_0CA@INHICEJD@insn_t_flags_get?$CIself?$CJ?5?9?$DO?5int16@ 0000000180028c30     ua.obj
 0002:00001c50       ??_C@_0BK@KGGHICCE@insn_t_ops_set?$CIself?0?5ops?$CJ@ 0000000180028c50     ua.obj
 0002:00001c70       ??_C@_0P@FFJMGGAM@insn_t_ops_get@ 0000000180028c70     ua.obj
 0002:00001c80       ??_C@_0BN@EDKMMJBF@insn_t_ops_get?$CIself?$CJ?5?9?$DO?5op_t@ 0000000180028c80     ua.obj
 0002:00001ca0       ??_C@_0BA@PJBKPKMM@insn_t_is_macro@ 0000000180028ca0     ua.obj
 0002:00001cb0       ??_C@_0BO@CNLGPHAO@insn_t_is_macro?$CIself?$CJ?5?9?$DO?5bool@ 0000000180028cb0     ua.obj
 0002:00001cd0       ??_C@_0BA@GOFJKCCN@insn_t_is_64bit@ 0000000180028cd0     ua.obj
 0002:00001ce0       ??_C@_0BO@FLEPBDHI@insn_t_is_64bit?$CIself?$CJ?5?9?$DO?5bool@ 0000000180028ce0     ua.obj
 0002:00001d00       ??_C@_0BF@OCEKPGGL@insn_t_get_next_byte@ 0000000180028d00     ua.obj
 0002:00001d18       ??_C@_0CE@MIKGFLLE@insn_t_get_next_byte?$CIself?$CJ?5?9?$DO?5u@ 0000000180028d18     ua.obj
 0002:00001d40       ??_C@_0BF@CCKOKLCJ@insn_t_get_next_word@ 0000000180028d40     ua.obj
 0002:00001d58       ??_C@_0CF@JKKFGFPP@insn_t_get_next_word?$CIself?$CJ?5?9?$DO?5u@ 0000000180028d58     ua.obj
 0002:00001d80       ??_C@_0BG@CMALGEJC@insn_t_get_next_dword@ 0000000180028d80     ua.obj
 0002:00001d98       ??_C@_0CG@OKNFEKID@insn_t_get_next_dword?$CIself?$CJ?5?9?$DO?5@ 0000000180028d98     ua.obj
 0002:00001dc0       ??_C@_0BG@HPBAPHLK@insn_t_get_next_qword@ 0000000180028dc0     ua.obj
 0002:00001dd8       ??_C@_0CG@FIDKJCGP@insn_t_get_next_qword?$CIself?$CJ?5?9?$DO?5@ 0000000180028dd8     ua.obj
 0002:00001e00       ??_C@_0GG@DMMDCBJG@?6insn_t_create_op_data?$CIself?0?5ea@ 0000000180028e00     ua.obj
 0002:00001e68       ??_C@_0DB@KBIEKCFP@insn_t_create_stkvar?$CIself?0?5x?0?5v@ 0000000180028e68     ua.obj
 0002:00001ea0       ??_C@_0CH@LFMGKHHG@insn_t_add_cref?$CIself?0?5to?0?5opoff@ 0000000180028ea0     ua.obj
 0002:00001ec8       ??_C@_0CH@LBMPFECF@insn_t_add_dref?$CIself?0?5to?0?5opoff@ 0000000180028ec8     ua.obj
 0002:00001ef0       ??_C@_0DC@EPDPBDCE@insn_t_add_off_drefs?$CIself?0?5x?0?5t@ 0000000180028ef0     ua.obj
 0002:00001f28       ??_C@_0BD@BJMDLHKL@insn_t___get_ops__@ 0000000180028f28     ua.obj
 0002:00001f40       ??_C@_0CL@HLMFMAHF@insn_t___get_ops__?$CIself?$CJ?5?9?$DO?5ope@ 0000000180028f40     ua.obj
 0002:00001f70       ??_C@_0CI@PCJGHGDN@insn_t___get_operand__?$CIself?0?5n?$CJ@ 0000000180028f70     ua.obj
 0002:00001f98       ??_C@_0BH@EAGIBEBP@insn_t___get_auxpref__@ 0000000180028f98     ua.obj
 0002:00001fb0       ??_C@_0CH@LKCDOHLP@insn_t___get_auxpref__?$CIself?$CJ?5?9?$DO@ 0000000180028fb0     ua.obj
 0002:00001fd8       ??_C@_0CA@BCIKKDEP@insn_t___set_auxpref__?$CIself?0?5v?$CJ@ 0000000180028fd8     ua.obj
 0002:00001ff8       ??_C@_0BL@FONEFDGD@insn_t_assign?$CIself?0?5other?$CJ@ 0000000180028ff8     ua.obj
 0002:00002018       ??_C@_0O@KEIKFMJL@delete_insn_t@ 0000000180029018     ua.obj
 0002:00002028       ??_C@_0BE@IPANPHMC@delete_insn_t?$CIself?$CJ@ 0000000180029028     ua.obj
 0002:00002040       ??_C@_0BE@BDIAGFOC@insn_t_swigregister@ 0000000180029040     ua.obj
 0002:00002058       ??_C@_0BA@FFMJJLMA@insn_t_swiginit@ 0000000180029058     ua.obj
 0002:00002068       ??_C@_0BG@GALEACHO@get_lookback?$CI?$CJ?5?9?$DO?5int@ 0000000180029068     ua.obj
 0002:00002080       ??_C@_0CL@JNDCJDJC@calc_dataseg?$CIinsn?0?5n?$DN?91?0?5rgnum?$DN@ 0000000180029080     ua.obj
 0002:000020b0       ??_C@_0EK@OIOFLLPG@?6map_data_ea?$CIinsn?0?5addr?0?5opnum?$DN@ 00000001800290b0     ua.obj
 0002:00002100       ??_C@_0EH@HHNLKHPO@?6map_code_ea?$CIinsn?0?5addr?0?5opnum?$CJ@ 0000000180029100     ua.obj
 0002:00002150       ??_C@_0EN@OBIENHGF@?6map_ea?$CIinsn?0?5op?0?5iscode?$CJ?5?9?$DO?5ea@ 0000000180029150     ua.obj
 0002:000021a0       ??_C@_0CJ@JNMIGJJA@outctx_base_t_insn_ea_set?$CIself?0@ 00000001800291a0     ua.obj
 0002:000021d0       ??_C@_0BK@OCIEGMEM@outctx_base_t_insn_ea_get@ 00000001800291d0     ua.obj
 0002:000021f0       ??_C@_0CI@OGPLIAJL@outctx_base_t_insn_ea_get?$CIself?$CJ@ 00000001800291f0     ua.obj
 0002:00002218       ??_C@_0CH@OKKIAMPE@outctx_base_t_outbuf_set?$CIself?0?5@ 0000000180029218     ua.obj
 0002:00002240       ??_C@_0BJ@PJMBBAJN@outctx_base_t_outbuf_get@ 0000000180029240     ua.obj
 0002:00002260       ??_C@_0CM@LKJHEEMB@outctx_base_t_outbuf_get?$CIself?$CJ?5@ 0000000180029260     ua.obj
 0002:00002290       ??_C@_0DF@PMDNCBBC@outctx_base_t_default_lnnum_set@ 0000000180029290     ua.obj
 0002:000022c8       ??_C@_0CA@OKKGDFAC@outctx_base_t_default_lnnum_get@ 00000001800292c8     ua.obj
 0002:000022e8       ??_C@_0CN@NDNAKBOC@outctx_base_t_default_lnnum_get@ 00000001800292e8     ua.obj
 0002:00002318       ??_C@_0BN@LPGBNCKO@outctx_base_t_only_main_line@ 0000000180029318     ua.obj
 0002:00002338       ??_C@_0CL@MCFNNCEE@outctx_base_t_only_main_line?$CIse@ 0000000180029338     ua.obj
 0002:00002368       ??_C@_0BI@GEDHFCFN@outctx_base_t_multiline@ 0000000180029368     ua.obj
 0002:00002380       ??_C@_0CG@IIHCBODM@outctx_base_t_multiline?$CIself?$CJ?5?9@ 0000000180029380     ua.obj
 0002:000023a8       ??_C@_0BJ@LKGFLIMJ@outctx_base_t_force_code@ 00000001800293a8     ua.obj
 0002:000023c8       ??_C@_0CH@GNLANMOI@outctx_base_t_force_code?$CIself?$CJ?5@ 00000001800293c8     ua.obj
 0002:000023f0       ??_C@_0BJ@ILKFPCHM@outctx_base_t_stack_view@ 00000001800293f0     ua.obj
 0002:00002410       ??_C@_0CH@PPCEKCJC@outctx_base_t_stack_view?$CIself?$CJ?5@ 0000000180029410     ua.obj
 0002:00002438       ??_C@_0BM@DEDCBLIN@outctx_base_t_display_voids@ 0000000180029438     ua.obj
 0002:00002458       ??_C@_0CK@PGAPALDE@outctx_base_t_display_voids?$CIsel@ 0000000180029458     ua.obj
 0002:00002488       ??_C@_0CL@FGMJBKF@outctx_base_t_set_gen_xrefs?$CIsel@ 0000000180029488     ua.obj
 0002:000024b8       ??_C@_0CJ@FCDGGOAI@outctx_base_t_set_gen_cmt?$CIself?0@ 00000001800294b8     ua.obj
 0002:000024e8       ??_C@_0BM@BHIHNLNN@outctx_base_t_clr_gen_label@ 00000001800294e8     ua.obj
 0002:00002508       ??_C@_0CC@GALIOKKF@outctx_base_t_clr_gen_label?$CIsel@ 0000000180029508     ua.obj
 0002:00002530       ??_C@_0BM@BJJNEILJ@outctx_base_t_set_gen_label@ 0000000180029530     ua.obj
 0002:00002550       ??_C@_0CC@FAEBGANI@outctx_base_t_set_gen_label?$CIsel@ 0000000180029550     ua.obj
 0002:00002578       ??_C@_0CG@DKPANEIH@outctx_base_t_set_gen_demangled@ 0000000180029578     ua.obj
 0002:000025a0       ??_C@_0CM@IJIABLHD@outctx_base_t_set_gen_demangled@ 00000001800295a0     ua.obj
 0002:000025d0       ??_C@_0CJ@BJDBOKCC@outctx_base_t_set_comment_addr?$CI@ 00000001800295d0     ua.obj
 0002:00002600       ??_C@_0BO@LNJKPEML@outctx_base_t_set_dlbind_opnd@ 0000000180029600     ua.obj
 0002:00002620       ??_C@_0CE@IADKOEAC@outctx_base_t_set_dlbind_opnd?$CIs@ 0000000180029620     ua.obj
 0002:00002648       ??_C@_0BO@FKOLCCMM@outctx_base_t_print_label_now@ 0000000180029648     ua.obj
 0002:00002668       ??_C@_0CM@GJOCEIDH@outctx_base_t_print_label_now?$CIs@ 0000000180029668     ua.obj
 0002:00002698       ??_C@_0CB@LCHNFHPN@outctx_base_t_forbid_annotation@ 0000000180029698     ua.obj
 0002:000026c0       ??_C@_0CO@KMOKHGJA@outctx_base_t_forbid_annotation@ 00000001800296c0     ua.obj
 0002:000026f0       ??_C@_0DC@KONCFJNO@outctx_base_t_restore_ctxflags?$CI@ 00000001800296f0     ua.obj
 0002:00002728       ??_C@_0CH@NGFBEFGD@outctx_base_t_out_printf?$CIself?0?5@ 0000000180029728     ua.obj
 0002:00002750       ??_C@_0DE@DAONIGFI@outctx_base_t_out_value?$CIself?0?5x@ 0000000180029750     ua.obj
 0002:00002788       ??_C@_0CC@OLPENEHO@outctx_base_t_out_symbol?$CIself?0?5@ 0000000180029788     ua.obj
 0002:000027b0       ??_C@_0CE@GJGBNJAC@outctx_base_t_out_chars?$CIself?0?5c@ 00000001800297b0     ua.obj
 0002:000027d8       ??_C@_0CE@FLLAIFFN@outctx_base_t_out_spaces?$CIself?0?5@ 00000001800297d8     ua.obj
 0002:00002800       ??_C@_0CL@JPCOGCGN@outctx_base_t_out_line?$CIself?0?5st@ 0000000180029800     ua.obj
 0002:00002830       ??_C@_0CF@EKAGDCIN@outctx_base_t_out_keyword?$CIself?0@ 0000000180029830     ua.obj
 0002:00002858       ??_C@_0CG@DHFFLCB@outctx_base_t_out_register?$CIself@ 0000000180029858     ua.obj
 0002:00002880       ??_C@_0CD@LONLFIID@outctx_base_t_out_tagon?$CIself?0?5t@ 0000000180029880     ua.obj
 0002:000028a8       ??_C@_0CE@DJGHFNIO@outctx_base_t_out_tagoff?$CIself?0?5@ 00000001800298a8     ua.obj
 0002:000028d0       ??_C@_0CF@JOMJHKEM@outctx_base_t_out_addr_tag?$CIself@ 00000001800298d0     ua.obj
 0002:000028f8       ??_C@_0DD@NNKGBJDK@outctx_base_t_out_colored_regis@ 00000001800298f8     ua.obj
 0002:00002930       ??_C@_0CA@HLBFKKHM@outctx_base_t_out_char?$CIself?0?5c?$CJ@ 0000000180029930     ua.obj
 0002:00002950       ??_C@_0CM@IKHMEKB@outctx_base_t_out_btoa?$CIself?0?5Wo@ 0000000180029950     ua.obj
 0002:00002980       ??_C@_0CH@FNOHIKHL@outctx_base_t_out_long?$CIself?0?5v?0@ 0000000180029980     ua.obj
 0002:000029a8       ??_C@_0DO@JBGOPHCO@outctx_base_t_out_name_expr?$CIsel@ 00000001800299a8     ua.obj
 0002:000029e8       ??_C@_0BM@JIAPHBII@outctx_base_t_close_comment@ 00000001800299e8     ua.obj
 0002:00002a08       ??_C@_0CC@MEOIDGLP@outctx_base_t_close_comment?$CIsel@ 0000000180029a08     ua.obj
 0002:00002a30       ??_C@_0DE@INIKJMNL@outctx_base_t_flush_outbuf?$CIself@ 0000000180029a30     ua.obj
 0002:00002a68       ??_C@_0DG@FJFNGLEI@outctx_base_t_flush_buf?$CIself?0?5b@ 0000000180029a68     ua.obj
 0002:00002aa0       ??_C@_0DE@HACHMNMD@outctx_base_t_term_outctx?$CIself?0@ 0000000180029aa0     ua.obj
 0002:00002ad8       ??_C@_0DH@GBLKHDHC@outctx_base_t_gen_printf?$CIself?0?5@ 0000000180029ad8     ua.obj
 0002:00002b10       ??_C@_0BN@JMDJCNIH@outctx_base_t_gen_empty_line@ 0000000180029b10     ua.obj
 0002:00002b30       ??_C@_0CL@LJIIBMFO@outctx_base_t_gen_empty_line?$CIse@ 0000000180029b30     ua.obj
 0002:00002b60       ??_C@_0DJ@NDFNCICL@outctx_base_t_gen_border_line?$CIs@ 0000000180029b60     ua.obj
 0002:00002ba0       ??_C@_0DB@NNMMALMM@outctx_base_t_gen_cmt_line?$CIself@ 0000000180029ba0     ua.obj
 0002:00002bd8       ??_C@_0DH@ODAMDFLN@outctx_base_t_gen_collapsed_lin@ 0000000180029bd8     ua.obj
 0002:00002c10       ??_C@_0DG@JGDBIPJD@outctx_base_t_gen_block_cmt?$CIsel@ 0000000180029c10     ua.obj
 0002:00002c48       ??_C@_0DJ@HHHDOHOF@outctx_base_t_setup_outctx?$CIself@ 0000000180029c48     ua.obj
 0002:00002c88       ??_C@_0BL@PPFAPHAA@outctx_base_t_retrieve_cmt@ 0000000180029c88     ua.obj
 0002:00002ca8       ??_C@_0CM@FEBCBBFD@outctx_base_t_retrieve_cmt?$CIself@ 0000000180029ca8     ua.obj
 0002:00002cd8       ??_C@_0DJ@JHFHMOJO@outctx_base_t_retrieve_name?$CIsel@ 0000000180029cd8     ua.obj
 0002:00002d18       ??_C@_0BN@JMEONLBM@outctx_base_t_gen_xref_lines@ 0000000180029d18     ua.obj
 0002:00002d38       ??_C@_0CL@PJNIBKAI@outctx_base_t_gen_xref_lines?$CIse@ 0000000180029d38     ua.obj
 0002:00002d68       ??_C@_0DH@GLHGGOLA@outctx_base_t_init_lines_array?$CI@ 0000000180029d68     ua.obj
 0002:00002da0       ??_C@_0EF@KKNACOND@outctx_base_t_get_stkvar?$CIself?0?5@ 0000000180029da0     ua.obj
 0002:00002de8       ??_C@_0L@FAJKNJN@op_t_n_set@ 0000000180029de8     ua.obj
 0002:00002df8       ??_C@_0DB@JBOJKJMH@outctx_base_t_gen_empty_line_wi@ 0000000180029df8     ua.obj
 0002:00002e30       ??_C@_0DH@HPKGJPPF@outctx_base_t_gen_empty_line_wi@ 0000000180029e30     ua.obj
 0002:00002e68       ??_C@_0BL@GPEIEODG@outctx_base_t_swigregister@ 0000000180029e68     ua.obj
 0002:00002e88       ??_C@_0CC@ENKLIPKD@outctx_t_bin_ea_set?$CIself?0?5bin_e@ 0000000180029e88     ua.obj
 0002:00002eb0       ??_C@_0BE@LOMDOEIM@outctx_t_bin_ea_get@ 0000000180029eb0     ua.obj
 0002:00002ec8       ??_C@_0CC@OIAHHPGO@outctx_t_bin_ea_get?$CIself?$CJ?5?9?$DO?5ea@ 0000000180029ec8     ua.obj
 0002:00002ef0       ??_C@_0CI@BJLGECAJ@outctx_t_bin_state_set?$CIself?0?5bi@ 0000000180029ef0     ua.obj
 0002:00002f18       ??_C@_0BH@MPGJBCKD@outctx_t_bin_state_get@ 0000000180029f18     ua.obj
 0002:00002f30       ??_C@_0CF@OOAGDBHC@outctx_t_bin_state_get?$CIself?$CJ?5?9?$DO@ 0000000180029f30     ua.obj
 0002:00002f58       ??_C@_0CI@JMPNPFHP@outctx_t_gl_bpsize_set?$CIself?0?5gl@ 0000000180029f58     ua.obj
 0002:00002f80       ??_C@_0BH@DGBLAFIP@outctx_t_gl_bpsize_get@ 0000000180029f80     ua.obj
 0002:00002f98       ??_C@_0CE@PBINIOMM@outctx_t_gl_bpsize_get?$CIself?$CJ?5?9?$DO@ 0000000180029f98     ua.obj
 0002:00002fc0       ??_C@_0CI@EJKJECA@outctx_t_bin_width_set?$CIself?0?5bi@ 0000000180029fc0     ua.obj
 0002:00002fe8       ??_C@_0BH@GPHDAKEF@outctx_t_bin_width_get@ 0000000180029fe8     ua.obj
 0002:00003000       ??_C@_0CE@LLHBJNI@outctx_t_bin_width_get?$CIself?$CJ?5?9?$DO@ 000000018002a000     ua.obj
 0002:00003028       ??_C@_0BO@JPNEKCJA@outctx_t_insn_set?$CIself?0?5insn?$CJ@ 000000018002a028     ua.obj
 0002:00003048       ??_C@_0BC@NJEDAHHM@outctx_t_insn_get@ 000000018002a048     ua.obj
 0002:00003060       ??_C@_0CC@HELIAIIL@outctx_t_insn_get?$CIself?$CJ?5?9?$DO?5insn@ 000000018002a060     ua.obj
 0002:00003088       ??_C@_0CG@BEIHCBHJ@outctx_t_curlabel_set?$CIself?0?5cur@ 000000018002a088     ua.obj
 0002:000030b0       ??_C@_0BG@NKDIOIHF@outctx_t_curlabel_get@ 000000018002a0b0     ua.obj
 0002:000030c8       ??_C@_0CJ@LDIAIJCE@outctx_t_curlabel_get?$CIself?$CJ?5?9?$DO?5@ 000000018002a0c8     ua.obj
 0002:000030f8       ??_C@_0BM@EBNBOMIC@outctx_t_wif_set?$CIself?0?5wif?$CJ@ 000000018002a0f8     ua.obj
 0002:00003118       ??_C@_0BB@MEDLCNHF@outctx_t_wif_get@ 000000018002a118     ua.obj
 0002:00003130       ??_C@_0CE@FNKJEIMK@outctx_t_wif_get?$CIself?$CJ?5?9?$DO?5print@ 000000018002a130     ua.obj
 0002:00003158       ??_C@_0CL@LIEOMCCC@outctx_t_setup_outctx?$CIself?0?5pre@ 000000018002a158     ua.obj
 0002:00003188       ??_C@_0BG@CPDGLLLL@outctx_t_retrieve_cmt@ 000000018002a188     ua.obj
 0002:000031a0       ??_C@_0CH@CPAGPFHK@outctx_t_retrieve_cmt?$CIself?$CJ?5?9?$DO?5@ 000000018002a1a0     ua.obj
 0002:000031c8       ??_C@_0DE@PIKJHODC@outctx_t_retrieve_name?$CIself?0?5ar@ 000000018002a1c8     ua.obj
 0002:00003200       ??_C@_0BI@OEBFHBLC@outctx_t_gen_xref_lines@ 000000018002a200     ua.obj
 0002:00003218       ??_C@_0CG@FMBHJNMC@outctx_t_gen_xref_lines?$CIself?$CJ?5?9@ 000000018002a218     ua.obj
 0002:00003240       ??_C@_0CP@BGBDEGKC@outctx_t_out_mnem?$CIself?0?5width?$DN8@ 000000018002a240     ua.obj
 0002:00003270       ??_C@_0DM@NFMBOMGO@outctx_t_out_custom_mnem?$CIself?0?5@ 000000018002a270     ua.obj
 0002:000032b0       ??_C@_0BG@IBIEBNPG@outctx_t_out_mnemonic@ 000000018002a2b0     ua.obj
 0002:000032c8       ??_C@_0BM@IAKNGJIH@outctx_t_out_mnemonic?$CIself?$CJ@ 000000018002a2c8     ua.obj
 0002:000032e8       ??_C@_0CK@FJDEBGAB@outctx_t_out_one_operand?$CIself?0?5@ 000000018002a2e8     ua.obj
 0002:00003318       ??_C@_0BK@IKJKEGEM@outctx_t_out_immchar_cmts@ 000000018002a318     ua.obj
 0002:00003338       ??_C@_0CA@MIKMGIAD@outctx_t_out_immchar_cmts?$CIself?$CJ@ 000000018002a338     ua.obj
 0002:00003358       ??_C@_0CE@BMCCFFAK@outctx_t_gen_func_header?$CIself?0?5@ 000000018002a358     ua.obj
 0002:00003380       ??_C@_0CE@FDMDPBDO@outctx_t_gen_func_footer?$CIself?0?5@ 000000018002a380     ua.obj
 0002:000033a8       ??_C@_0CG@DEJCIPFH@outctx_t_out_data?$CIself?0?5analyze@ 000000018002a3a8     ua.obj
 0002:000033d0       ??_C@_0CL@CHCLCCOJ@outctx_t_out_specea?$CIself?0?5segty@ 000000018002a3d0     ua.obj
 0002:00003400       ??_C@_0BK@NEDEOMDP@outctx_t_gen_header_extra@ 000000018002a400     ua.obj
 0002:00003420       ??_C@_0CA@LEBLPNNH@outctx_t_gen_header_extra?$CIself?$CJ@ 000000018002a420     ua.obj
 0002:00003440       ??_C@_0FI@FOOBNPD@outctx_t_gen_header?$CIself?0?5flags@ 000000018002a440     ua.obj
 0002:00003498       ??_C@_0BG@LPCOACIN@outctx_t_swigregister@ 000000018002a498     ua.obj
 0002:000034b0       ??_C@_0DC@KNIENCJC@create_outctx?$CIea?0?5F?$DN0?0?5suspop?$DN0@ 000000018002a4b0     ua.obj
 0002:000034e8       ??_C@_0BA@OBKFBIOI@print_insn_mnem@ 000000018002a4e8     ua.obj
 0002:000034f8       ??_C@_0BM@FGAIKDBE@print_insn_mnem?$CIea?$CJ?5?9?$DO?5bool@ 000000018002a4f8     ua.obj
 0002:00003518       ??_C@_0P@CENOPMN@get_dtype_flag@ 000000018002a518     ua.obj
 0002:00003528       ??_C@_0CB@MNNJKCEA@get_dtype_flag?$CIdtype?$CJ?5?9?$DO?5flags_@ 000000018002a528     ua.obj
 0002:00003550       ??_C@_0P@LPNGCJBO@get_dtype_size@ 000000018002a550     ua.obj
 0002:00003560       ??_C@_0CA@PKEGEPH@get_dtype_size?$CIdtype?$CJ?5?9?$DO?5size_t@ 000000018002a560     ua.obj
 0002:00003580       ??_C@_0CB@PLJNDGOO@create_insn?$CIea?0?5out?$DNNone?$CJ?5?9?$DO?5in@ 000000018002a580     ua.obj
 0002:000035a8       ??_C@_0BM@GFCLJCDF@decode_insn?$CIout?0?5ea?$CJ?5?9?$DO?5int@ 000000018002a5a8     ua.obj
 0002:000035c8       ??_C@_0L@LGIPIKPB@can_decode@ 000000018002a5c8     ua.obj
 0002:000035d8       ??_C@_0O@GKHFEMFL@op_t_type_set@ 000000018002a5d8     ua.obj
 0002:000035e8       ??_C@_0BH@IIOIDEK@can_decode?$CIea?$CJ?5?9?$DO?5bool@ 000000018002a5e8     ua.obj
 0002:00003600       ??_C@_0DJ@HMJEEBOH@print_operand?$CIea?0?5n?0?5getn_flags@ 000000018002a600     ua.obj
 0002:00003640       ??_C@_0CC@CBAGMEGF@decode_prev_insn?$CIout?0?5ea?$CJ?5?9?$DO?5ea@ 000000018002a640     ua.obj
 0002:00003668       ??_C@_0BE@GJDIEHDH@guess_table_address@ 000000018002a668     ua.obj
 0002:00003680       ??_C@_0CC@KFDMJAEH@guess_table_address?$CIinsn?$CJ?5?9?$DO?5ea@ 000000018002a680     ua.obj
 0002:000036a8       ??_C@_0CO@LOJEEEMH@guess_table_size?$CIinsn?0?5jump_tab@ 000000018002a6a8     ua.obj
 0002:000036d8       ??_C@_0CN@EFJHIILC@decode_preceding_insn?$CIout?0?5ea?$CJ?5@ 000000018002a6d8     ua.obj
 0002:00003708       ??_C@_0DD@BHGKFLFF@construct_macro?$CIinsn?0?5enable?0?5b@ 000000018002a708     ua.obj
 0002:00003740       ??_C@_0BC@FFICPHPO@get_dtype_by_size@ 000000018002a740     ua.obj
 0002:00003758       ??_C@_0BP@OKNNDOO@get_dtype_by_size?$CIsize?$CJ?5?9?$DO?5int@ 000000018002a758     ua.obj
 0002:00003778       ??_C@_0CG@PDLILKCA@get_immvals?$CIea?0?5n?0?5F?$DN0?$CJ?5?9?$DO?5PyOb@ 000000018002a778     ua.obj
 0002:000037a0       ??_C@_0DA@MGNMMFCG@get_printable_immvals?$CIea?0?5n?0?5F?$DN@ 000000018002a7a0     ua.obj
 0002:000037d0       ??_C@_0BG@KLCFBPKF@insn_t__from_ptrval__@ 000000018002a7d0     ua.obj
 0002:000037e8       ??_C@_0CI@HIBEOPHB@insn_t__from_ptrval__?$CIptrval?$CJ?5?9@ 000000018002a7e8     ua.obj
 0002:00003810       ??_C@_0BE@OEEKBJMH@op_t__from_ptrval__@ 000000018002a810     ua.obj
 0002:00003828       ??_C@_0CE@NDMMMBAN@op_t__from_ptrval__?$CIptrval?$CJ?5?9?$DO?5@ 000000018002a828     ua.obj
 0002:00003850       ??_C@_0BN@OCMNJKDG@outctx_base_t__from_ptrval__@ 000000018002a850     ua.obj
 0002:00003870       ??_C@_0DG@BDLMLFPA@outctx_base_t__from_ptrval__?$CIpt@ 000000018002a870     ua.obj
 0002:000038a8       ??_C@_0BI@JKJGDAJI@outctx_t__from_ptrval__@ 000000018002a8a8     ua.obj
 0002:000038c0       ??_C@_0CM@FNDLGAGJ@outctx_t__from_ptrval__?$CIptrval?$CJ@ 000000018002a8c0     ua.obj
 0002:000038f0       ??_C@_0BE@LADBKDLC@_p__qstringT_char_t@ 000000018002a8f0     ua.obj
 0002:00003908       ??_C@_0BN@OHJFNODI@_qstring?$DM?5char?5?$DO?5?$CK?$HMqstring?5?$CK@ 000000018002a908     ua.obj
 0002:00003928       ??_C@_0O@PIHACKDM@op_t_offb_set@ 000000018002a928     ua.obj
 0002:00003938       ??_C@_0BN@OGMFMNEO@_p__qstringT_unsigned_char_t@ 000000018002a938     ua.obj
 0002:00003958       ??_C@_0CE@FCOOCMMP@qtype?5?$CK?$HM_qstring?$DM?5unsigned?5char@ 000000018002a958     ua.obj
 0002:00003980       ??_C@_0BO@NPELMEMN@_p__qstringT_unsigned_short_t@ 000000018002a980     ua.obj
 0002:000039a0       ??_C@_0CI@MOGIECDE@_qstring?$DM?5unsigned?5short?5?$DO?5?$CK?$HMqw@ 000000018002a9a0     ua.obj
 0002:000039c8       ??_C@_0N@KADAOMAN@_p_a_8__op_t@ 000000018002a9c8     ua.obj
 0002:000039d8       ??_C@_0M@JDDNLGBM@op_t?5?$CI?$CK?$CJ?$FL8?$FN@ 000000018002a9d8     ua.obj
 0002:000039e8       ??_C@_0BF@FIODJLOI@_p_action_ctx_base_t@ 000000018002a9e8     ua.obj
 0002:00003a00       ??_C@_0EE@ODNBPOJC@action_ctx_base_t?5?$CK?$HMaction_upda@ 000000018002aa00     ua.obj
 0002:00003a48       ??_C@_0N@IODFCNBG@_p_biggest_t@ 000000018002aa48     ua.obj
 0002:00003a58       ??_C@_0M@LMODFOHJ@biggest_t?5?$CK@ 000000018002aa58     ua.obj
 0002:00003a68       ??_C@_0O@HOPHBKAL@char?5?$CK?$HMint8?5?$CK@ 000000018002aa68     ua.obj
 0002:00003a78       ??_C@_0BC@KJKOCNNG@_p_const_iterator@ 000000018002aa78     ua.obj
 0002:00003a90       ??_C@_0BB@LAJPCFIO@const_iterator?5?$CK@ 000000018002aa90     ua.obj
 0002:00003aa8       ??_C@_0CE@DHGPAIMI@_p_f_p_TWidget_int_int_p_void__@ 000000018002aaa8     ua.obj
 0002:00003ad0       ??_C@_0DN@DFPOHMBA@custom_viewer_keydown_t?5?$CK?$HMbool?5@ 000000018002aad0     ua.obj
 0002:00003b10       ??_C@_0DF@PENMGFJK@_p_f_p_TWidget_int_p_view_mouse@ 000000018002ab10     ua.obj
 0002:00003b50       ??_C@_0FC@NPHKCCPL@void?5?$CI?$CK?$CJ?$CITWidget?5?$CK?0int?0view_mou@ 000000018002ab50     ua.obj
 0002:00003ba8       ??_C@_0CA@IGCEDJID@_p_f_p_TWidget_int_p_void__bool@ 000000018002aba8     ua.obj
 0002:00003bd0       ??_C@_0FC@PJNOFHGN@custom_viewer_click_t?5?$CK?$HMcustom_@ 000000018002abd0     ua.obj
 0002:00003c28       ??_C@_0CO@MIHLPJDD@_p_f_p_TWidget_p_lochist_entry_@ 000000018002ac28     ua.obj
 0002:00003c60       ??_C@_0EM@HBPJNBB@custom_viewer_adjust_place_t?5?$CK?$HM@ 000000018002ac60     ua.obj
 0002:00003cb0       ??_C@_0GM@LBGPKCPI@_p_f_p_TWidget_p_q_const__lochi@ 000000018002acb0     ua.obj
 0002:00003d20       ??_C@_0IF@FKBGALIG@void?5?$CI?$CK?$CJ?$CITWidget?5?$CK?0lochist_entr@ 000000018002ad20     ua.obj
 0002:00003db0       ??_C@_0FA@DFBJAGBE@_p_f_p_TWidget_p_q_const__lochi@ 000000018002adb0     ua.obj
 0002:00003e00       ??_C@_0GI@FMPBFLEM@custom_viewer_can_navigate_t?5?$CK?$HM@ 000000018002ae00     ua.obj
 0002:00003e68       ??_C@_0DH@JJEDBLDE@_p_f_p_TWidget_p_q_const__place@ 000000018002ae68     ua.obj
 0002:00003ea0       ??_C@_0EP@PJDAMEBK@code_viewer_lines_click_t?5?$CK?$HMvoi@ 000000018002aea0     ua.obj
 0002:00003ef0       ??_C@_0O@EEOODJOC@op_t_offo_set@ 000000018002aef0     ua.obj
 0002:00003f00       ??_C@_0DE@PBNPHPNC@_p_f_p_TWidget_p_q_const__place@ 000000018002af00     ua.obj
[...]
 0004:000033c0       $pdata$_wrap_outctx_t_gen_header_extra$catch$4 00000001800493c0     ua.obj
 0004:000033cc       $pdata$_wrap_outctx_t_gen_header_extra$catch$5 00000001800493cc     ua.obj
 0004:000033d8       $pdata$_wrap_outctx_t_gen_header 00000001800493d8     ua.obj
 0004:000033e4       $pdata$_wrap_outctx_t_gen_header$catch$0 00000001800493e4     ua.obj
 0004:000033f0       $pdata$_wrap_outctx_t_gen_header$catch$1 00000001800493f0     ua.obj
 0004:000033fc       $pdata$_wrap_outctx_t_gen_header$catch$2 00000001800493fc     ua.obj
 0004:00003408       $pdata$_wrap_outctx_t_gen_header$catch$3 0000000180049408     ua.obj
 0004:00003414       $pdata$_wrap_outctx_t_gen_header$catch$4 0000000180049414     ua.obj
 0004:00003420       $pdata$_wrap_outctx_t_gen_header$catch$5 0000000180049420     ua.obj
 0004:0000342c       $pdata$outctx_t_swigregister 000000018004942c     ua.obj
 0004:00003438       $pdata$_wrap_create_outctx 0000000180049438     ua.obj
 0004:00003444       $pdata$_wrap_create_outctx$catch$5 0000000180049444     ua.obj
 0004:00003450       $pdata$_wrap_create_outctx$catch$4 0000000180049450     ua.obj
 0004:0000345c       $pdata$_wrap_create_outctx$catch$3 000000018004945c     ua.obj
 0004:00003468       $pdata$_wrap_create_outctx$catch$2 0000000180049468     ua.obj
 0004:00003474       $pdata$_wrap_create_outctx$catch$1 0000000180049474     ua.obj
 0004:00003480       $pdata$_wrap_create_outctx$catch$0 0000000180049480     ua.obj
 0004:0000348c       $pdata$_wrap_print_insn_mnem 000000018004948c     ua.obj
 0004:00003498       $pdata$_wrap_print_insn_mnem$catch$8 0000000180049498     ua.obj
 0004:000034a4       $pdata$_wrap_print_insn_mnem$catch$7 00000001800494a4     ua.obj
 0004:000034b0       $pdata$_wrap_print_insn_mnem$catch$6 00000001800494b0     ua.obj
 0004:000034bc       $pdata$_wrap_print_insn_mnem$catch$5 00000001800494bc     ua.obj
 0004:000034c8       $pdata$_wrap_print_insn_mnem$catch$4 00000001800494c8     ua.obj
 0004:000034d4       $pdata$_wrap_print_insn_mnem$catch$3 00000001800494d4     ua.obj
 0004:000034e0       $pdata$_wrap_get_dtype_flag 00000001800494e0     ua.obj
 0004:000034ec       $pdata$_wrap_get_dtype_flag$catch$5 00000001800494ec     ua.obj
 0004:000034f8       $pdata$_wrap_get_dtype_flag$catch$4 00000001800494f8     ua.obj
 0004:00003504       $pdata$_wrap_get_dtype_flag$catch$3 0000000180049504     ua.obj
 0004:00003510       $pdata$_wrap_get_dtype_flag$catch$2 0000000180049510     ua.obj
 0004:0000351c       $pdata$_wrap_get_dtype_flag$catch$1 000000018004951c     ua.obj
 0004:00003528       $pdata$_wrap_get_dtype_flag$catch$0 0000000180049528     ua.obj
 0004:00003534       $pdata$_wrap_get_dtype_size 0000000180049534     ua.obj
 0004:00003540       $pdata$_wrap_get_dtype_size$catch$5 0000000180049540     ua.obj
 0004:0000354c       $pdata$_wrap_get_dtype_size$catch$4 000000018004954c     ua.obj
 0004:00003558       $pdata$_wrap_get_dtype_size$catch$3 0000000180049558     ua.obj
 0004:00003564       $pdata$_wrap_get_dtype_size$catch$2 0000000180049564     ua.obj
 0004:00003570       $pdata$_wrap_get_dtype_size$catch$1 0000000180049570     ua.obj
 0004:0000357c       $pdata$_wrap_get_dtype_size$catch$0 000000018004957c     ua.obj
 0004:00003588       $pdata$_wrap_create_insn   0000000180049588     ua.obj
 0004:00003594       $pdata$_wrap_create_insn$catch$5 0000000180049594     ua.obj
 0004:000035a0       $pdata$_wrap_create_insn$catch$4 00000001800495a0     ua.obj
 0004:000035ac       $pdata$_wrap_create_insn$catch$3 00000001800495ac     ua.obj
 0004:000035b8       $pdata$_wrap_create_insn$catch$2 00000001800495b8     ua.obj
 0004:000035c4       $pdata$_wrap_create_insn$catch$1 00000001800495c4     ua.obj
 0004:000035d0       $pdata$_wrap_create_insn$catch$0 00000001800495d0     ua.obj
 0004:000035dc       $pdata$_wrap_decode_insn   00000001800495dc     ua.obj
 0004:000035e8       $pdata$_wrap_decode_insn$catch$5 00000001800495e8     ua.obj
 0004:000035f4       $pdata$_wrap_decode_insn$catch$4 00000001800495f4     ua.obj
 0004:00003600       $pdata$_wrap_decode_insn$catch$3 0000000180049600     ua.obj
 0004:0000360c       $pdata$_wrap_decode_insn$catch$2 000000018004960c     ua.obj
 0004:00003618       $pdata$_wrap_decode_insn$catch$1 0000000180049618     ua.obj
 0004:00003624       $pdata$_wrap_decode_insn$catch$0 0000000180049624     ua.obj
 0004:00003630       $pdata$_wrap_can_decode    0000000180049630     ua.obj
 0004:0000363c       $pdata$_wrap_can_decode$catch$5 000000018004963c     ua.obj
 0004:00003648       $pdata$_wrap_can_decode$catch$4 0000000180049648     ua.obj
 0004:00003654       $pdata$_wrap_can_decode$catch$3 0000000180049654     ua.obj
 0004:00003660       $pdata$_wrap_can_decode$catch$2 0000000180049660     ua.obj
 0004:0000366c       $pdata$_wrap_can_decode$catch$1 000000018004966c     ua.obj
 0004:00003678       $pdata$_wrap_can_decode$catch$0 0000000180049678     ua.obj
 0004:00003684       $pdata$_wrap_print_operand 0000000180049684     ua.obj
 0004:00003690       $pdata$_wrap_print_operand$catch$8 0000000180049690     ua.obj
 0004:0000369c       $pdata$_wrap_print_operand$catch$7 000000018004969c     ua.obj
 0004:000036a8       $pdata$_wrap_print_operand$catch$6 00000001800496a8     ua.obj
 0004:000036b4       $pdata$_wrap_print_operand$catch$5 00000001800496b4     ua.obj
 0004:000036c0       $pdata$_wrap_print_operand$catch$4 00000001800496c0     ua.obj
 0004:000036cc       $pdata$_wrap_print_operand$catch$3 00000001800496cc     ua.obj
 0004:000036d8       $pdata$_wrap_decode_prev_insn 00000001800496d8     ua.obj
 0004:000036e4       $pdata$_wrap_decode_prev_insn$catch$5 00000001800496e4     ua.obj
 0004:000036f0       $pdata$_wrap_decode_prev_insn$catch$4 00000001800496f0     ua.obj
 0004:000036fc       $pdata$_wrap_decode_prev_insn$catch$3 00000001800496fc     ua.obj
 0004:00003708       $pdata$_wrap_decode_prev_insn$catch$2 0000000180049708     ua.obj
 0004:00003714       $pdata$_wrap_decode_prev_insn$catch$1 0000000180049714     ua.obj
 0004:00003720       $pdata$_wrap_decode_prev_insn$catch$0 0000000180049720     ua.obj
 0004:0000372c       $pdata$_wrap_guess_table_address 000000018004972c     ua.obj
 0004:00003738       $pdata$_wrap_guess_table_address$catch$5 0000000180049738     ua.obj
 0004:00003744       $pdata$_wrap_guess_table_address$catch$4 0000000180049744     ua.obj
 0004:00003750       $pdata$_wrap_guess_table_address$catch$3 0000000180049750     ua.obj
 0004:0000375c       $pdata$_wrap_guess_table_address$catch$2 000000018004975c     ua.obj
 0004:00003768       $pdata$_wrap_guess_table_address$catch$1 0000000180049768     ua.obj
 0004:00003774       $pdata$_wrap_guess_table_address$catch$0 0000000180049774     ua.obj
 0004:00003780       $pdata$_wrap_guess_table_size 0000000180049780     ua.obj
 0004:0000378c       $pdata$_wrap_guess_table_size$catch$5 000000018004978c     ua.obj
 0004:00003798       $pdata$_wrap_guess_table_size$catch$4 0000000180049798     ua.obj
 0004:000037a4       $pdata$_wrap_guess_table_size$catch$3 00000001800497a4     ua.obj
 0004:000037b0       $pdata$_wrap_guess_table_size$catch$2 00000001800497b0     ua.obj
 0004:000037bc       $pdata$_wrap_guess_table_size$catch$1 00000001800497bc     ua.obj
 0004:000037c8       $pdata$_wrap_guess_table_size$catch$0 00000001800497c8     ua.obj
 0004:000037d4       $pdata$_wrap_decode_preceding_insn 00000001800497d4     ua.obj
 0004:000037e0       $pdata$_wrap_decode_preceding_insn$catch$5 00000001800497e0     ua.obj
 0004:000037ec       $pdata$_wrap_decode_preceding_insn$catch$4 00000001800497ec     ua.obj
 0004:000037f8       $pdata$_wrap_decode_preceding_insn$catch$3 00000001800497f8     ua.obj
 0004:00003804       $pdata$_wrap_decode_preceding_insn$catch$2 0000000180049804     ua.obj
 0004:00003810       $pdata$_wrap_decode_preceding_insn$catch$1 0000000180049810     ua.obj
 0004:0000381c       $pdata$_wrap_decode_preceding_insn$catch$0 000000018004981c     ua.obj
 0004:00003828       $pdata$_wrap_construct_macro 0000000180049828     ua.obj
 0004:00003834       $pdata$_wrap_construct_macro$catch$0 0000000180049834     ua.obj
 0004:00003840       $pdata$_wrap_construct_macro$catch$1 0000000180049840     ua.obj
 0004:0000384c       $pdata$_wrap_construct_macro$catch$2 000000018004984c     ua.obj
 0004:00003858       $pdata$_wrap_construct_macro$catch$3 0000000180049858     ua.obj
 0004:00003864       $pdata$_wrap_construct_macro$catch$4 0000000180049864     ua.obj
 0004:00003870       $pdata$_wrap_construct_macro$catch$5 0000000180049870     ua.obj
 0004:0000387c       $pdata$_wrap_get_dtype_by_size 000000018004987c     ua.obj
 0004:00003888       $pdata$_wrap_get_dtype_by_size$catch$5 0000000180049888     ua.obj
 0004:00003894       $pdata$_wrap_get_dtype_by_size$catch$4 0000000180049894     ua.obj
 0004:000038a0       $pdata$_wrap_get_dtype_by_size$catch$3 00000001800498a0     ua.obj
 0004:000038ac       $pdata$_wrap_get_dtype_by_size$catch$2 00000001800498ac     ua.obj
 0004:000038b8       $pdata$_wrap_get_dtype_by_size$catch$1 00000001800498b8     ua.obj
 0004:000038c4       $pdata$_wrap_get_dtype_by_size$catch$0 00000001800498c4     ua.obj
 0004:000038d0       $pdata$_wrap_get_immvals   00000001800498d0     ua.obj
 0004:000038dc       $pdata$_wrap_get_immvals$catch$5 00000001800498dc     ua.obj
 0004:000038e8       $pdata$_wrap_get_immvals$catch$4 00000001800498e8     ua.obj
 0004:000038f4       $pdata$_wrap_get_immvals$catch$3 00000001800498f4     ua.obj
 0004:00003900       $pdata$_wrap_get_immvals$catch$2 0000000180049900     ua.obj
 0004:0000390c       $pdata$_wrap_get_immvals$catch$1 000000018004990c     ua.obj
 0004:00003918       $pdata$_wrap_get_immvals$catch$0 0000000180049918     ua.obj
 0004:00003924       $pdata$_wrap_get_printable_immvals 0000000180049924     ua.obj
 0004:00003930       $pdata$_wrap_get_printable_immvals$catch$5 0000000180049930     ua.obj
 0004:0000393c       $pdata$_wrap_get_printable_immvals$catch$4 000000018004993c     ua.obj
 0004:00003948       $pdata$_wrap_get_printable_immvals$catch$3 0000000180049948     ua.obj
 0004:00003954       $pdata$_wrap_get_printable_immvals$catch$2 0000000180049954     ua.obj
 0004:00003960       $pdata$_wrap_get_printable_immvals$catch$1 0000000180049960     ua.obj
 0004:0000396c       $pdata$_wrap_get_printable_immvals$catch$0 000000018004996c     ua.obj
 0004:00003978       $pdata$_wrap_insn_t__from_ptrval__ 0000000180049978     ua.obj
 0004:00003984       $pdata$_wrap_insn_t__from_ptrval__$catch$5 0000000180049984     ua.obj
 0004:00003990       $pdata$_wrap_insn_t__from_ptrval__$catch$4 0000000180049990     ua.obj
 0004:0000399c       $pdata$_wrap_insn_t__from_ptrval__$catch$3 000000018004999c     ua.obj
 0004:000039a8       $pdata$_wrap_insn_t__from_ptrval__$catch$2 00000001800499a8     ua.obj
 0004:000039b4       $pdata$_wrap_insn_t__from_ptrval__$catch$1 00000001800499b4     ua.obj
 0004:000039c0       $pdata$_wrap_insn_t__from_ptrval__$catch$0 00000001800499c0     ua.obj
 0004:000039cc       $pdata$_wrap_op_t__from_ptrval__ 00000001800499cc     ua.obj
 0004:000039d8       $pdata$_wrap_op_t__from_ptrval__$catch$5 00000001800499d8     ua.obj
 0004:000039e4       $pdata$_wrap_op_t__from_ptrval__$catch$4 00000001800499e4     ua.obj
 0004:000039f0       $pdata$_wrap_op_t__from_ptrval__$catch$3 00000001800499f0     ua.obj
 0004:000039fc       $pdata$_wrap_op_t__from_ptrval__$catch$2 00000001800499fc     ua.obj
 0004:00003a08       $pdata$_wrap_op_t__from_ptrval__$catch$1 0000000180049a08     ua.obj
 0004:00003a14       $pdata$_wrap_op_t__from_ptrval__$catch$0 0000000180049a14     ua.obj
 0004:00003a20       $pdata$_wrap_outctx_base_t__from_ptrval__ 0000000180049a20     ua.obj
 0004:00003a2c       $pdata$_wrap_outctx_base_t__from_ptrval__$catch$5 0000000180049a2c     ua.obj
 0004:00003a38       $pdata$_wrap_outctx_base_t__from_ptrval__$catch$4 0000000180049a38     ua.obj
 0004:00003a44       $pdata$_wrap_outctx_base_t__from_ptrval__$catch$3 0000000180049a44     ua.obj
 0004:00003a50       $pdata$_wrap_outctx_base_t__from_ptrval__$catch$2 0000000180049a50     ua.obj
 0004:00003a5c       $pdata$_wrap_outctx_base_t__from_ptrval__$catch$1 0000000180049a5c     ua.obj
 0004:00003a68       $pdata$_wrap_outctx_base_t__from_ptrval__$catch$0 0000000180049a68     ua.obj
 0004:00003a74       $pdata$_wrap_outctx_t__from_ptrval__ 0000000180049a74     ua.obj
 0004:00003a80       $pdata$_wrap_outctx_t__from_ptrval__$catch$5 0000000180049a80     ua.obj
 0004:00003a8c       $pdata$_wrap_outctx_t__from_ptrval__$catch$4 0000000180049a8c     ua.obj
 0004:00003a98       $pdata$_wrap_outctx_t__from_ptrval__$catch$3 0000000180049a98     ua.obj
 0004:00003aa4       $pdata$_wrap_outctx_t__from_ptrval__$catch$2 0000000180049aa4     ua.obj
 0004:00003ab0       $pdata$_wrap_outctx_t__from_ptrval__$catch$1 0000000180049ab0     ua.obj
 0004:00003abc       $pdata$_wrap_outctx_t__from_ptrval__$catch$0 0000000180049abc     ua.obj
 0004:00003ac8       $pdata$SWIG_InitializeModule 0000000180049ac8     ua.obj
 0004:00003ad4       $pdata$1$SWIG_InitializeModule 0000000180049ad4     ua.obj
 0004:00003ae0       $pdata$4$SWIG_InitializeModule 0000000180049ae0     ua.obj
 0004:00003aec       $pdata$5$SWIG_InitializeModule 0000000180049aec     ua.obj
 0004:00003af8       $pdata$6$SWIG_InitializeModule 0000000180049af8     ua.obj
 0004:00003b04       $pdata$swig_varlink_str    0000000180049b04     ua.obj
 0004:00003b10       $pdata$1$swig_varlink_str  0000000180049b10     ua.obj
 0004:00003b1c       $pdata$2$swig_varlink_str  0000000180049b1c     ua.obj
 0004:00003b28       $pdata$swig_varlink_dealloc 0000000180049b28     ua.obj
 0004:00003b34       $pdata$0$swig_varlink_dealloc 0000000180049b34     ua.obj
 0004:00003b40       $pdata$1$swig_varlink_dealloc 0000000180049b40     ua.obj
 0004:00003b4c       $pdata$swig_varlink_getattr 0000000180049b4c     ua.obj
 0004:00003b58       $pdata$swig_varlink_setattr 0000000180049b58     ua.obj
 0004:00003b64       $pdata$SWIG_Python_FixMethods 0000000180049b64     ua.obj
 0004:00003b70       $pdata$4$SWIG_Python_FixMethods 0000000180049b70     ua.obj
 0004:00003b7c       $pdata$5$SWIG_Python_FixMethods 0000000180049b7c     ua.obj
 0004:00003b88       $pdata$PyInit__ida_ua      0000000180049b88     ua.obj
 0004:00003b94       $pdata$2$PyInit__ida_ua    0000000180049b94     ua.obj
 0004:00003ba0       $pdata$3$PyInit__ida_ua    0000000180049ba0     ua.obj
 0004:00003bac       $pdata$4$PyInit__ida_ua    0000000180049bac     ua.obj
 0004:00003bb8       $pdata$5$PyInit__ida_ua    0000000180049bb8     ua.obj
 0004:00003bc4       $pdata$??2@YAPEAX_K@Z      0000000180049bc4     MSVCRT:new_scalar.obj
 0004:00003bd0       $pdata$atexit              0000000180049bd0     MSVCRT:utility.obj
 0004:00003bdc       $pdata$_onexit             0000000180049bdc     MSVCRT:utility.obj
 0004:00003be8       $pdata$__scrt_is_nonwritable_in_current_image 0000000180049be8     MSVCRT:utility.obj
 0004:00003bf4       $pdata$__scrt_is_nonwritable_in_current_image$filt$0 0000000180049bf4     MSVCRT:utility.obj
 0004:00003c00       $pdata$__scrt_acquire_startup_lock 0000000180049c00     MSVCRT:utility.obj
 0004:00003c0c       $pdata$__scrt_release_startup_lock 0000000180049c0c     MSVCRT:utility.obj
 0004:00003c18       $pdata$__scrt_initialize_crt 0000000180049c18     MSVCRT:utility.obj
 0004:00003c24       $pdata$__scrt_uninitialize_crt 0000000180049c24     MSVCRT:utility.obj
 0004:00003c30       $pdata$__scrt_initialize_onexit_tables 0000000180049c30     MSVCRT:utility.obj
 0004:00003c3c       $pdata$__scrt_dllmain_exception_filter 0000000180049c3c     MSVCRT:utility.obj
 0004:00003c48       $pdata$__scrt_dllmain_before_initialize_c 0000000180049c48     MSVCRT:utility.obj
 0004:00003c54       $pdata$__scrt_dllmain_after_initialize_c 0000000180049c54     MSVCRT:utility.obj
 0004:00003c60       $pdata$__scrt_dllmain_uninitialize_c 0000000180049c60     MSVCRT:utility.obj
 0004:00003c6c       $pdata$__scrt_dllmain_uninitialize_critical 0000000180049c6c     MSVCRT:utility.obj
 0004:00003c78       $pdata$__scrt_dllmain_crt_thread_attach 0000000180049c78     MSVCRT:utility.obj
 0004:00003c84       $pdata$__scrt_dllmain_crt_thread_detach 0000000180049c84     MSVCRT:utility.obj
 0004:00003c90       $pdata$_Init_thread_header 0000000180049c90     MSVCRT:thread_safe_statics.obj
 0004:00003c9c       $pdata$_Init_thread_footer 0000000180049c9c     MSVCRT:thread_safe_statics.obj
 0004:00003ca8       $pdata$_Init_thread_wait   0000000180049ca8     MSVCRT:thread_safe_statics.obj
 0004:00003cb4       $pdata$_Init_thread_notify 0000000180049cb4     MSVCRT:thread_safe_statics.obj
 0004:00003cc0       $pdata$?__scrt_uninitialize_thread_safe_statics@@YAXXZ 0000000180049cc0     MSVCRT:thread_safe_statics.obj
 0004:00003ccc       $pdata$?__scrt_initialize_thread_safe_statics@@YAHXZ 0000000180049ccc     MSVCRT:thread_safe_statics.obj
 0004:00003cd8       $pdata$__GSHandlerCheckCommon 0000000180049cd8     MSVCRT:gshandler.obj
 0004:00003ce4       $pdata$__GSHandlerCheck    0000000180049ce4     MSVCRT:gshandler.obj
 0004:00003cf0       $pdata$__GSHandlerCheck_EH 0000000180049cf0     MSVCRT:gshandlereh.obj
 0004:00003d08       $pdata$??_Gtype_info@@UEAAPEAXI@Z 0000000180049d08     MSVCRT:std_type_info_static.obj
 0004:00003d14       $pdata$?dllmain_crt_process_attach@@YAHQEAUHINSTANCE__@@QEAX@Z 0000000180049d14     MSVCRT:dll_dllmain.obj
 0004:00003d20       $pdata$?fin$0@?0??dllmain_crt_process_attach@@YAHQEAUHINSTANCE__@@QEAX@Z@4HA 0000000180049d20     MSVCRT:dll_dllmain.obj
 0004:00003d2c       $pdata$?dllmain_crt_process_detach@@YAH_N@Z 0000000180049d2c     MSVCRT:dll_dllmain.obj
 0004:00003d38       $pdata$?fin$0@?0??dllmain_crt_process_detach@@YAH_N@Z@4HA 0000000180049d38     MSVCRT:dll_dllmain.obj
 0004:00003d44       $pdata$?dllmain_crt_dispatch@@YAHQEAUHINSTANCE__@@KQEAX@Z 0000000180049d44     MSVCRT:dll_dllmain.obj
 0004:00003d50       $pdata$?dllmain_dispatch@@YAHQEAUHINSTANCE__@@KQEAX@Z 0000000180049d50     MSVCRT:dll_dllmain.obj
 0004:00003d5c       $pdata$?filt$0@?0??dllmain_dispatch@@YAHQEAUHINSTANCE__@@KQEAX@Z@4HA 0000000180049d5c     MSVCRT:dll_dllmain.obj
 0004:00003d68       $pdata$_DllMainCRTStartup  0000000180049d68     MSVCRT:dll_dllmain.obj
 0004:00003d74       $pdata$??0bad_alloc@std@@QEAA@AEBV01@@Z 0000000180049d74     MSVCRT:throw_bad_alloc.obj
 0004:00003d80       $pdata$??0bad_array_new_length@std@@QEAA@AEBV01@@Z 0000000180049d80     MSVCRT:throw_bad_alloc.obj
 0004:00003d8c       $pdata$?__scrt_throw_std_bad_alloc@@YAXXZ 0000000180049d8c     MSVCRT:throw_bad_alloc.obj
 0004:00003d98       $pdata$?__scrt_throw_std_bad_array_new_length@@YAXXZ 0000000180049d98     MSVCRT:throw_bad_alloc.obj
 0004:00003da4       $pdata$__isa_available_init 0000000180049da4     MSVCRT:cpu_disp.obj
 0004:00003db0       $pdata$__scrt_fastfail     0000000180049db0     MSVCRT:utility_desktop.obj
 0004:00003dbc       $pdata$__report_gsfailure  0000000180049dbc     MSVCRT:gs_report.obj
 0004:00003dc8       $pdata$capture_previous_context 0000000180049dc8     MSVCRT:gs_report.obj
 0004:00003dd4       $pdata$__raise_securityfailure 0000000180049dd4     MSVCRT:gs_report.obj
 0004:00003de0       $pdata$__security_init_cookie 0000000180049de0     MSVCRT:gs_support.obj
 0004:00003dec       $pdata$DllMain             0000000180049dec     MSVCRT:dll_dllmain_stub.obj
 0004:00003df8       $pdata$__scrt_initialize_default_local_stdio_options 0000000180049df8     MSVCRT:default_local_stdio_options.obj
 0004:00003e04       $pdata$_RTC_Initialize     0000000180049e04     MSVCRT:initsect.obj
 0004:00003e10       $pdata$_RTC_Terminate      0000000180049e10     MSVCRT:initsect.obj
