 python

 Timestamp is 5e399344 (Tue Feb  4 15:52:36 2020)

 Preferred load address is 0000000180000000

 Start         Length     Name                   Class
 0001:00000000 00000210H .text$di                CODE
 0001:00000210 0000fbb0H .text$mn                CODE
 0001:0000fdc0 00000020H .text$mn$00             CODE
 0001:0000fde0 00000460H .text$x                 CODE
 0001:00010240 000003ccH .text$yd                CODE
 0002:00000000 000006d8H .idata$5                DATA
 0002:000006d8 00000010H .00cfg                  DATA
 0002:000006e8 00000008H .CRT$XCA                DATA
 0002:000006f0 00000070H .CRT$XCU                DATA
 0002:00000760 00000008H .CRT$XCZ                DATA
 0002:00000768 00000008H .CRT$XIA                DATA
 0002:00000770 00000008H .CRT$XIC                DATA
 0002:00000778 00000008H .CRT$XIZ                DATA
 0002:00000780 00000008H .CRT$XLA                DATA
 0002:00000788 00000008H .CRT$XLZ                DATA
 0002:00000790 00000008H .CRT$XPA                DATA
 0002:00000798 00000008H .CRT$XPZ                DATA
 0002:000007a0 00000008H .CRT$XTA                DATA
 0002:000007a8 00000008H .CRT$XTZ                DATA
 0002:000007b0 00000000H .gfids$y                DATA
 0002:000007b0 00002100H .rdata                  DATA
 0002:000028b0 00000028H .rdata$T                DATA
 0002:000028d8 000001f4H .rdata$r                DATA
 0002:00002acc 0000034cH .rdata$zzzdbg           DATA
 0002:00002e18 00000008H .rtc$IAA                DATA
 0002:00002e20 00000008H .rtc$IZZ                DATA
 0002:00002e28 00000008H .rtc$TAA                DATA
 0002:00002e30 00000008H .rtc$TZZ                DATA
 0002:00002e38 00000004H .tls                    DATA
 0002:00002e3c 00000004H .tls$                   DATA
 0002:00002e40 00000010H .tls$ZZZ                DATA
 0002:00002e50 000022e0H .xdata                  DATA
 0002:00005130 000000f0H .xdata$x                DATA
 0002:00005220 00000a6cH .edata                  DATA
 0002:00005c8c 000000b4H .idata$2                DATA
 0002:00005d40 00000018H .idata$3                DATA
 0002:00005d58 000006d8H .idata$4                DATA
 0002:00006430 0000100aH .idata$6                DATA
 0003:00000000 00000318H .data                   DATA
 0003:00000318 000000a8H .data$r                 DATA
 0003:000003c0 000009f8H .bss                    DATA
 0004:00000000 00000d44H .pdata                  DATA

  Address         Publics by Value              Rva+Base               Lib:Object

 0000:00000000       __guard_longjmp_count      0000000000000000     <absolute>
 0000:00000000       __hybrid_code_map          0000000000000000     <absolute>
 0000:00000000       __guard_iat_count          0000000000000000     <absolute>
 0000:00000000       __guard_iat_table          0000000000000000     <absolute>
 0000:00000000       __hybrid_code_map_count    0000000000000000     <absolute>
 0000:00000000       __dynamic_value_reloc_table 0000000000000000     <absolute>
 0000:00000000       __volatile_metadata        0000000000000000     <absolute>
 0000:00000000       __guard_longjmp_table      0000000000000000     <absolute>
 0000:00000000       __guard_fids_count         0000000000000000     <absolute>
 0000:00000000       __enclave_config           0000000000000000     <absolute>
 0000:00000000       ___safe_se_handler_count   0000000000000000     <absolute>
 0000:00000000       ___safe_se_handler_table   0000000000000000     <absolute>
 0000:00000000       __guard_fids_table         0000000000000000     <absolute>
 0000:00000000       __hybrid_auxiliary_iat     0000000000000000     <absolute>
 0000:00000100       __guard_flags              0000000000000100     <absolute>
 0000:00000000       __ImageBase                0000000180000000     <linker-defined>
 0001:00000410       ?run@@YA_N_K@Z             0000000180001410 f   python.obj
 0001:00002b70       ?IDAPython_cli_execute_line@@YA_NPEBD@Z 0000000180003b70 f   python.obj
 0001:00002de0       ?init@@YAHXZ               0000000180003de0 f   python.obj
 0001:00002e00       ?term@@YAXXZ               0000000180003e00 f   python.obj
 0001:00002e10       ??0?$_qstring@D@@QEAA@AEBV0@@Z 0000000180003e10 f i python.obj
 0001:00002e80       ??0?$_qstring@D@@QEAA@PEBD@Z 0000000180003e80 f i python.obj
 0001:00002f20       ??0?$_qstring@D@@QEAA@PEBD_K@Z 0000000180003f20 f i python.obj
 0001:00002fb0       ??0new_execution_t@@QEAA@XZ 0000000180003fb0 f i python.obj
 0001:000030c0       ??0ref_vec_t@@QEAA@XZ      00000001800040c0 f i python.obj
 0001:000030e0       ??1?$_qstring@D@@QEAA@XZ   00000001800040e0 f i python.obj
 0001:000030f0       ??1?$qvector@Ukeywords_style_t@ida_syntax_highlighter_t@@@@QEAA@XZ 00000001800040f0 f i python.obj
 0001:00003190       ??1?$qvector@Umulticmt_t@ida_syntax_highlighter_t@@@@QEAA@XZ 0000000180004190 f i python.obj
 0001:00003200       ??1borref_t@@QEAA@XZ       0000000180004200 f i python.obj
 0001:00003200       ??1newref_t@@QEAA@XZ       0000000180004200 f i python.obj
 0001:00003250       ??1gil_lock_t@@QEAA@XZ     0000000180004250 f i python.obj
 0001:00003260       ??1idc_value_t@@QEAA@XZ    0000000180004260 f i python.obj
 0001:00003270       ??1new_execution_t@@QEAA@XZ 0000000180004270 f i python.obj
 0001:00003320       ??1ref_t@@QEAA@XZ          0000000180004320 f i python.obj
 0001:00003370       ??1ref_vec_t@@QEAA@XZ      0000000180004370 f i python.obj
 0001:000033b0       ??1uninterruptible_op_t@@QEAA@XZ 00000001800043b0 f i python.obj
 0001:000033c0       ??4?$_qstring@D@@QEAAAEAV0@PEBD@Z 00000001800043c0 f i python.obj
 0001:00003490       ??_Gida_syntax_highlighter_t@@UEAAPEAXI@Z 0000000180004490 f i python.obj
 0001:00003490       ??_Epython_highlighter_t@@UEAAPEAXI@Z 0000000180004490 f i python.obj
 0001:00003490       ??_Eida_syntax_highlighter_t@@UEAAPEAXI@Z 0000000180004490 f i python.obj
 0001:00003490       ??_Gpython_highlighter_t@@UEAAPEAXI@Z 0000000180004490 f i python.obj
 0001:00003510       ??_Gpywraps_notify_when_t@@QEAAPEAXI@Z 0000000180004510 f i python.obj
 0001:000035b0       ??_Esyntax_highlighter_t@@UEAAPEAXI@Z 00000001800045b0 f i python.obj
 0001:000035b0       ??_Gsyntax_highlighter_t@@UEAAPEAXI@Z 00000001800045b0 f i python.obj
 0001:000035e0       ?IDAPyStr_AsUTF8@@YA_NPEAV?$_qstring@D@@PEAU_object@@@Z 00000001800045e0 f i python.obj
 0001:00003ab0       ?IDAPython_Init@@YA_NXZ    0000000180004ab0 f   python.obj
 0001:00004190       ?IDAPython_Term@@YAXXZ     0000000180005190 f   python.obj
 0001:00004970       ?add_keywords@ida_syntax_highlighter_t@@QEAAXPEBDW4syntax_highlight_style@@@Z 0000000180005970 f i python.obj
 0001:00004c50       ?add_multi_line_comment@ida_syntax_highlighter_t@@QEAAXPEBD0@Z 0000000180005c50 f i python.obj
 0001:00004d70       ?append@?$_qstring@D@@QEAAAEAV1@AEBV1@@Z 0000000180005d70 f i python.obj
 0001:00004e40       ?append@?$_qstring@D@@QEAAAEAV1@PEBD_K@Z 0000000180005e40 f i python.obj
 0001:00004ef0       ?ask_text@@YA_NPEAV?$_qstring@D@@_KPEBD2ZZ 0000000180005ef0 f i python.obj
 0001:00004f30       ?ask_yn@@YAHHPEBDZZ        0000000180005f30 f i python.obj
 0001:00004f70       ?c_str@idc_value_t@@QEBAPEBDXZ 0000000180005f70 f i python.obj
 0001:00004f90       ?clear@?$qvector@Ufuncarg_t@@@@QEAAXXZ 0000000180005f90 f i python.obj
 0001:00005010       ?clear@?$qvector@Uudt_member_t@@@@QEAAXXZ 0000000180006010 f i python.obj
 0001:00005080       ?clear@?$qvector@V?$_qstring@D@@@@QEAAXXZ 0000000180006080 f i python.obj
 0001:000050e0       ?convert_idc_args@@YAXXZ   00000001800060e0 f   python.obj
 0001:00005380       ?convert_node_info@py_customidamemo_t@@AEAAXPEAUnode_info_t@@PEAIUref_t@@@Z 0000000180006380 f   python.obj
 0001:00005a70       ?deinit@pywraps_notify_when_t@@QEAA_NXZ 0000000180006a70 f   python.obj
 0001:00005bd0       ?erase@?$qvector@Uref_t@@@@QEAAPEAUref_t@@PEAU2@@Z 0000000180006bd0 f i python.obj
 0001:000063d0       ?grentry@@YA_JW4graph_notification_t@@ZZ 00000001800073d0 f i python.obj
 0001:00006460       ?idb_callback@pywraps_notify_when_t@@CA_JPEAXHPEAD@Z 0000000180007460 f   python.obj
 0001:000064b0       ?idp_callback@pywraps_notify_when_t@@CA_JPEAXHPEAD@Z 00000001800074b0 f   python.obj
 0001:000066e0       ?msg@@YAHPEBDZZ            00000001800076e0 f i python.obj
 0001:00006720       ?notify@processor_t@@QEAA_JW4event_t@1@ZZ 0000000180007720 f i python.obj
 0001:00006750       ?notify@pywraps_notify_when_t@@QEAA_NHZZ 0000000180007750 f   python.obj
 0001:00006780       ?notify_va@pywraps_notify_when_t@@QEAA_NHPEAD@Z 0000000180007780 f   python.obj
 0001:00006ae0       ?notify_when@pywraps_notify_when_t@@QEAA_NHPEAU_object@@@Z 0000000180007ae0 f   python.obj
 0001:00006e50       ?on_trace@execution_t@@SAHPEAU_object@@PEAU_frame@@H0@Z 0000000180007e50 f   python.obj
 0001:000070d0       ?parse_plugin_options@@YAXXZ 00000001800080d0 f   python.obj
 0001:000076c0       ?push_back@?$qvector@Uref_t@@@@QEAAXAEBUref_t@@@Z 00000001800086c0 f i python.obj
 0001:00007c90       ?qclear@?$qvector@Uref_t@@@@QEAAXXZ 0000000180008c90 f i python.obj
 0001:00007e40       ?set_string@idc_value_t@@QEAAXPEBD@Z 0000000180008e40 f i python.obj
 0001:00007e90       ?shift_down@?$qvector@Uref_t@@@@AEAAXPEAUref_t@@0_K@Z 0000000180008e90 f i python.obj
 0001:00007f30       ?show_wait_box@@YAXPEBDZZ  0000000180008f30 f i python.obj
 0001:00007f70       ?sprnt@?$_qstring@D@@QEAAAEAV1@PEBDZZ 0000000180008f70 f i python.obj
 0001:00008030       ?unregister_callback@pywraps_notify_when_t@@AEAAXHPEAU_object@@@Z 0000000180009030 f   python.obj
 0001:00008280       ?warning@@YAXPEBDZZ        0000000180009280 f i python.obj
 0001:00008550       PyW_CreateIdcException     0000000180009550 f   python.obj
 0001:00008600       PyW_GetError               0000000180009600 f   python.obj
 0001:00008860       PyW_GetNumber              0000000180009860 f   python.obj
 0001:00008ac0       PyW_GetNumberAsIDC         0000000180009ac0 f   python.obj
 0001:00008ba0       PyW_GetStringAttr          0000000180009ba0 f   python.obj
 0001:00008ca0       PyW_IsSequenceType         0000000180009ca0 f   python.obj
 0001:00008d30       PyW_ObjectToString         0000000180009d30 f   python.obj
 0001:00008e10       PyW_PyListToEaVec          0000000180009e10 f   python.obj
 0001:00008ec0       PyW_PyListToSizeVec        0000000180009ec0 f   python.obj
 0001:00008f70       PyW_PyListToStrVec         0000000180009f70 f   python.obj
 0001:00009040       PyW_ShowCbErr              000000018000a040 f   python.obj
 0001:00009120       PyW_SizeVecToPyList        000000018000a120 f   python.obj
 0001:00009230       PyW_TryGetAttrString       000000018000a230 f   python.obj
 0001:00009330       PyW_TryImportModule        000000018000a330 f   python.obj
 0001:00009400       PyW_UvalVecToPyList        000000018000a400 f   python.obj
 0001:00009510       PyW_register_compiled_form 000000018000a510 f   python.obj
 0001:000096e0       PyW_unregister_compiled_form 000000018000a6e0 f   python.obj
 0001:000098c0       add_notify_when            000000018000a8c0 f   python.obj
 0001:000098f0       create_linked_class_instance 000000018000a8f0 f   python.obj
 0001:00009b80       disable_script_timeout     000000018000ab80 f   python.obj
 0001:00009bd0       enable_extlang_python      000000018000abd0 f   python.obj
 0001:00009bf0       enable_python_cli          000000018000abf0 f   python.obj
 0001:00009c20       get_callable_arg_count     000000018000ac20 f   python.obj
 0001:00009e60       idapython_convert_cli_completions 000000018000ae60 f   python.obj
 0001:0000a140       idapython_hook_to_notification_point 000000018000b140 f   python.obj
 0001:0000a150       idapython_unhook_from_notification_point 000000018000b150 f   python.obj
 0001:0000a170       idcvar_to_pyvar            000000018000b170 f   python.obj
 0001:0000adf0       lookup_info_t_commit       000000018000bdf0 f   python.obj
 0001:0000ae90       lookup_info_t_del_by_py_view 000000018000be90 f   python.obj
 0001:0000aef0       lookup_info_t_find_by_py_view 000000018000bef0 f   python.obj
 0001:0000af30       lookup_info_t_find_by_view 000000018000bf30 f   python.obj
 0001:0000af70       lookup_info_t_new_entry    000000018000bf70 f   python.obj
 0001:0000b010       meminfo_vec_t_to_py        000000018000c010 f   python.obj
 0001:0000b130       prepare_programmatic_plugin_load 000000018000c130 f   python.obj
 0001:0000b140       py_customidamemo_t_bind    000000018000c140 f   python.obj
 0001:0000b2a0       py_customidamemo_t_collect_class_callbacks_ids 000000018000c2a0 f   python.obj
 0001:0000b3f0       py_customidamemo_t_collect_pyobject_callbacks 000000018000c3f0 f   python.obj
 0001:0000b5b0       py_customidamemo_t_create_groups 000000018000c5b0 f   python.obj
 0001:0000bcd0       py_customidamemo_t_del_nodes_infos 000000018000ccd0 f   python.obj
 0001:0000be00       py_customidamemo_t_delete_groups 000000018000ce00 f   python.obj
 0001:0000bfa0       py_customidamemo_t_get_current_renderer_type 000000018000cfa0 f   python.obj
 0001:0000bfd0       py_customidamemo_t_get_node_info 000000018000cfd0 f   python.obj
 0001:0000c0c0       py_customidamemo_t_set_current_renderer_type 000000018000d0c0 f   python.obj
 0001:0000c160       py_customidamemo_t_set_groups_visibility 000000018000d160 f   python.obj
 0001:0000c360       py_customidamemo_t_set_node_info 000000018000d360 f   python.obj
 0001:0000c520       py_customidamemo_t_set_nodes_infos 000000018000d520 f   python.obj
 0001:0000c730       py_customidamemo_t_unbind  000000018000d730 f   python.obj
 0001:0000c840       pyobj_get_clink            000000018000d840 f   python.obj
 0001:0000c930       python_timer_del           000000018000d930 f   python.obj
 0001:0000c9d0       python_timer_new           000000018000d9d0 f   python.obj
 0001:0000ca70       pyvar_to_idcvar            000000018000da70 f   python.obj
 0001:0000d940       pyvar_to_idcvar_or_error   000000018000e940 f   python.obj
 0001:0000d9e0       pyvar_walk_list            000000018000e9e0 f   python.obj
 0001:0000da60       pyw_convert_idc_args       000000018000ea60 f   python.obj
 0001:0000dec0       register_module_lifecycle_callbacks 000000018000eec0 f   python.obj
 0001:0000df30       set_interruptible_state    000000018000ef30 f   python.obj
 0001:0000df40       set_script_timeout         000000018000ef40 f   python.obj
 0001:0000dfc0       til_deregister_python_array_type_data_t_instance 000000018000efc0 f   python.obj
 0001:0000e040       til_deregister_python_func_type_data_t_instance 000000018000f040 f   python.obj
 0001:0000e0d0       til_deregister_python_ptr_type_data_t_instance 000000018000f0d0 f   python.obj
 0001:0000e160       til_deregister_python_tinfo_t_instance 000000018000f160 f   python.obj
 0001:0000e1e0       til_deregister_python_udt_type_data_t_instance 000000018000f1e0 f   python.obj
 0001:0000e260       til_register_python_array_type_data_t_instance 000000018000f260 f   python.obj
 0001:0000e2f0       til_register_python_func_type_data_t_instance 000000018000f2f0 f   python.obj
 0001:0000e380       til_register_python_ptr_type_data_t_instance 000000018000f380 f   python.obj
 0001:0000e410       til_register_python_tinfo_t_instance 000000018000f410 f   python.obj
 0001:0000e4a0       til_register_python_udt_type_data_t_instance 000000018000f4a0 f   python.obj
 0001:0000e530       try_create_swig_wrapper    000000018000f530 f   python.obj
 0001:0000e6bc       set_qerrno                 000000018000f6bc f   ida:ida.dll
 0001:0000e6c2       interr                     000000018000f6c2 f   ida:ida.dll
 0001:0000e6c8       qfree                      000000018000f6c8 f   ida:ida.dll
 0001:0000e6ce       strrpl                     000000018000f6ce f   ida:ida.dll
 0001:0000e6d4       qstrncpy                   000000018000f6d4 f   ida:ida.dll
 0001:0000e6da       qstrtok                    000000018000f6da f   ida:ida.dll
 0001:0000e6e0       qsnprintf                  000000018000f6e0 f   ida:ida.dll
 0001:0000e6e6       qvsnprintf                 000000018000f6e6 f   ida:ida.dll
 0001:0000e6ec       qmakepath                  000000018000f6ec f   ida:ida.dll
 0001:0000e6f2       qgetcwd                    000000018000f6f2 f   ida:ida.dll
 0001:0000e6f8       qdirname                   000000018000f6f8 f   ida:ida.dll
 0001:0000e6fe       qbasename                  000000018000f6fe f   ida:ida.dll
 0001:0000e704       get_file_ext               000000018000f704 f   ida:ida.dll
 0001:0000e70a       qfileexist                 000000018000f70a f   ida:ida.dll
 0001:0000e710       qalloc_or_throw            000000018000f710 f   ida:ida.dll
 0001:0000e716       qvector_reserve            000000018000f716 f   ida:ida.dll
 0001:0000e71c       utf8_utf16                 000000018000f71c f   ida:ida.dll
 0001:0000e722       hook_to_notification_point 000000018000f722 f   ida:ida.dll
 0001:0000e728       unhook_from_notification_point 000000018000f728 f   ida:ida.dll
 0001:0000e72e       invoke_callbacks           000000018000f72e f   ida:ida.dll
 0001:0000e734       qfopen                     000000018000f734 f   ida:ida.dll
 0001:0000e73a       qfread                     000000018000f73a f   ida:ida.dll
 0001:0000e740       qfclose                    000000018000f740 f   ida:ida.dll
 0001:0000e746       netnode_check              000000018000f746 f   ida:ida.dll
 0001:0000e74c       netnode_qgetblob           000000018000f74c f   ida:ida.dll
 0001:0000e752       netnode_setblob            000000018000f752 f   ida:ida.dll
 0001:0000e758       read_config                000000018000f758 f   ida:ida.dll
 0001:0000e75e       idcv_object                000000018000f75e f   ida:ida.dll
 0001:0000e764       free_idcv                  000000018000f764 f   ida:ida.dll
 0001:0000e76a       get_idcv_attr              000000018000f76a f   ida:ida.dll
 0001:0000e770       set_idcv_attr              000000018000f770 f   ida:ida.dll
 0001:0000e776       first_idcv_attr            000000018000f776 f   ida:ida.dll
 0001:0000e77c       next_idcv_attr             000000018000f77c f   ida:ida.dll
 0001:0000e782       add_idc_class              000000018000f782 f   ida:ida.dll
 0001:0000e788       find_idc_class             000000018000f788 f   ida:ida.dll
 0001:0000e78e       set_idc_dtor               000000018000f78e f   ida:ida.dll
 0001:0000e794       deref_idcv                 000000018000f794 f   ida:ida.dll
 0001:0000e79a       create_idcv_ref            000000018000f79a f   ida:ida.dll
 0001:0000e7a0       add_idc_gvar               000000018000f7a0 f   ida:ida.dll
 0001:0000e7a6       find_idc_gvar              000000018000f7a6 f   ida:ida.dll
 0001:0000e7ac       add_idc_func               000000018000f7ac f   ida:ida.dll
 0001:0000e7b2       del_idc_func               000000018000f7b2 f   ida:ida.dll
 0001:0000e7b8       install_extlang            000000018000f7b8 f   ida:ida.dll
 0001:0000e7be       remove_extlang             000000018000f7be f   ida:ida.dll
 0001:0000e7c4       select_extlang             000000018000f7c4 f   ida:ida.dll
 0001:0000e7ca       idadir                     000000018000f7ca f   ida:ida.dll
 0001:0000e7d0       qfsize                     000000018000f7d0 f   ida:ida.dll
 0001:0000e7d6       get_free_disk_space        000000018000f7d6 f   ida:ida.dll
 0001:0000e7dc       get_plugin_options         000000018000f7dc f   ida:ida.dll
 0001:0000e7e2       code_highlight_block       000000018000f7e2 f   ida:ida.dll
 0001:0000e7e8       cleanup_argloc             000000018000f7e8 f   ida:ida.dll
 0001:0000e7ee       clear_tinfo_t              000000018000f7ee f   ida:ida.dll
 0001:0000e7f4       ieee_realcvt               000000018000f7f4 f   ida:ida.dll
 0001:0000e7fc       ??_L@YAXPEAX_K1P6AX0@Z2@Z  000000018000f7fc f   MSVCRT:ehvecctr.obj
 0001:0000e86c       ??_M@YAXPEAX_K1P6AX0@Z@Z   000000018000f86c f   MSVCRT:ehvecdtr.obj
 0001:0000e8d8       ?__ArrayUnwind@@YAXPEAX_K1P6AX0@Z@Z 000000018000f8d8 f   MSVCRT:ehvecdtr.obj
 0001:0000e93c       ??2@YAPEAX_K@Z             000000018000f93c f   MSVCRT:new_scalar.obj
 0001:0000e978       ??3@YAXPEAX_K@Z            000000018000f978 f   MSVCRT:delete_scalar_size.obj
 0001:0000e980       __scrt_acquire_startup_lock 000000018000f980 f   MSVCRT:utility.obj
 0001:0000e9bc       __scrt_dllmain_after_initialize_c 000000018000f9bc f   MSVCRT:utility.obj
 0001:0000e9f0       __scrt_dllmain_before_initialize_c 000000018000f9f0 f   MSVCRT:utility.obj
 0001:0000ea08       __scrt_dllmain_crt_thread_attach 000000018000fa08 f   MSVCRT:utility.obj
 0001:0000ea30       __scrt_dllmain_crt_thread_detach 000000018000fa30 f   MSVCRT:utility.obj
 0001:0000ea48       __scrt_dllmain_exception_filter 000000018000fa48 f   MSVCRT:utility.obj
 0001:0000eaa8       __scrt_dllmain_uninitialize_c 000000018000faa8 f   MSVCRT:utility.obj
 0001:0000ead8       __scrt_dllmain_uninitialize_critical 000000018000fad8 f   MSVCRT:utility.obj
 0001:0000eaec       __scrt_initialize_crt      000000018000faec f   MSVCRT:utility.obj
 0001:0000eb38       __scrt_initialize_onexit_tables 000000018000fb38 f   MSVCRT:utility.obj
 0001:0000ec10       __scrt_is_nonwritable_in_current_image 000000018000fc10 f   MSVCRT:utility.obj
 0001:0000ecac       __scrt_release_startup_lock 000000018000fcac f   MSVCRT:utility.obj
 0001:0000ecd0       __scrt_uninitialize_crt    000000018000fcd0 f   MSVCRT:utility.obj
 0001:0000ecfc       _onexit                    000000018000fcfc f   MSVCRT:utility.obj
 0001:0000ed4c       atexit                     000000018000fd4c f   MSVCRT:utility.obj
 0001:0000eeec       _Init_thread_footer        000000018000feec f   MSVCRT:thread_safe_statics.obj
 0001:0000ef4c       _Init_thread_header        000000018000ff4c f   MSVCRT:thread_safe_statics.obj
 0001:0000efb4       _Init_thread_notify        000000018000ffb4 f   MSVCRT:thread_safe_statics.obj
 0001:0000f004       _Init_thread_wait          0000000180010004 f   MSVCRT:thread_safe_statics.obj
 0001:0000f07c       __GSHandlerCheck           000000018001007c f   MSVCRT:gshandler.obj
 0001:0000f09c       __GSHandlerCheckCommon     000000018001009c f   MSVCRT:gshandler.obj
 0001:0000f0f8       __GSHandlerCheck_EH        00000001800100f8 f   MSVCRT:gshandlereh.obj
 0001:0000f190       __security_check_cookie    0000000180010190 f   MSVCRT:amdsecgs.obj
 0001:0000f4e4       _DllMainCRTStartup         00000001800104e4 f   MSVCRT:dll_dllmain.obj
 0001:0000f524       _guard_check_icall_nop     0000000180010524 f i MSVCRT:guard_support.obj
 0001:0000f528       ??0bad_alloc@std@@QEAA@AEBV01@@Z 0000000180010528 f i MSVCRT:throw_bad_alloc.obj
 0001:0000f568       ??0bad_alloc@std@@QEAA@XZ  0000000180010568 f i MSVCRT:throw_bad_alloc.obj
 0001:0000f588       ??0bad_array_new_length@std@@QEAA@AEBV01@@Z 0000000180010588 f i MSVCRT:throw_bad_alloc.obj
 0001:0000f5c8       ??0bad_array_new_length@std@@QEAA@XZ 00000001800105c8 f i MSVCRT:throw_bad_alloc.obj
 0001:0000f5e8       ??0exception@std@@QEAA@AEBV01@@Z 00000001800105e8 f i MSVCRT:throw_bad_alloc.obj
 0001:0000f620       ??1bad_alloc@std@@UEAA@XZ  0000000180010620 f i MSVCRT:throw_bad_alloc.obj
 0001:0000f620       ??1bad_array_new_length@std@@UEAA@XZ 0000000180010620 f i MSVCRT:throw_bad_alloc.obj
 0001:0000f634       ??_Ebad_array_new_length@std@@UEAAPEAXI@Z 0000000180010634 f i MSVCRT:throw_bad_alloc.obj
 0001:0000f634       ??_Gexception@std@@UEAAPEAXI@Z 0000000180010634 f i MSVCRT:throw_bad_alloc.obj
 0001:0000f634       ??_Gbad_array_new_length@std@@UEAAPEAXI@Z 0000000180010634 f i MSVCRT:throw_bad_alloc.obj
 0001:0000f634       ??_Gbad_alloc@std@@UEAAPEAXI@Z 0000000180010634 f i MSVCRT:throw_bad_alloc.obj
 0001:0000f634       ??_Ebad_alloc@std@@UEAAPEAXI@Z 0000000180010634 f i MSVCRT:throw_bad_alloc.obj
 0001:0000f634       ??_Eexception@std@@UEAAPEAXI@Z 0000000180010634 f i MSVCRT:throw_bad_alloc.obj
 0001:0000f678       ?__scrt_throw_std_bad_alloc@@YAXXZ 0000000180010678 f   MSVCRT:throw_bad_alloc.obj
 0001:0000f698       ?__scrt_throw_std_bad_array_new_length@@YAXXZ 0000000180010698 f   MSVCRT:throw_bad_alloc.obj
 0001:0000f6b8       ?what@exception@std@@UEBAPEBDXZ 00000001800106b8 f i MSVCRT:throw_bad_alloc.obj
 0001:0000f6cc       ??3@YAXPEAX@Z              00000001800106cc f   MSVCRT:delete_scalar.obj
 0001:0000f6d4       __isa_available_init       00000001800106d4 f   MSVCRT:cpu_disp.obj
 0001:0000f850       _get_startup_argv_mode     0000000180010850 f   MSVCRT:argv_mode.obj
 0001:0000f858       __scrt_is_ucrt_dll_in_use  0000000180010858 f   MSVCRT:ucrt_detection.obj
 0001:0000f864       __crt_debugger_hook        0000000180010864 f   MSVCRT:utility_desktop.obj
 0001:0000f86c       __scrt_fastfail            000000018001086c f   MSVCRT:utility_desktop.obj
 0001:0000f9b8       __raise_securityfailure    00000001800109b8 f   MSVCRT:gs_report.obj
 0001:0000f9ec       __report_gsfailure         00000001800109ec f   MSVCRT:gs_report.obj
 0001:0000fb34       __security_init_cookie     0000000180010b34 f   MSVCRT:gs_support.obj
 0001:0000fbe0       DllMain                    0000000180010be0 f   MSVCRT:dll_dllmain_stub.obj
 0001:0000fc04       ?__scrt_initialize_type_info@@YAXXZ 0000000180010c04 f   MSVCRT:tncleanup.obj
 0001:0000fc14       ?__scrt_uninitialize_type_info@@YAXXZ 0000000180010c14 f   MSVCRT:tncleanup.obj
 0001:0000fc20       __local_stdio_printf_options 0000000180010c20 f i MSVCRT:default_local_stdio_options.obj
 0001:0000fc28       __local_stdio_scanf_options 0000000180010c28 f i MSVCRT:default_local_stdio_options.obj
 0001:0000fc30       __scrt_initialize_default_local_stdio_options 0000000180010c30 f   MSVCRT:default_local_stdio_options.obj
 0001:0000fc4c       __scrt_get_dyn_tls_init_callback 0000000180010c4c f   MSVCRT:dyn_tls_init.obj
 0001:0000fc54       _RTC_Initialize            0000000180010c54 f   MSVCRT:initsect.obj
 0001:0000fc90       _RTC_Terminate             0000000180010c90 f   MSVCRT:initsect.obj
 0001:0000fcd0       ??_Gtype_info@@UEAAPEAXI@Z 0000000180010cd0 f i MSVCRT:std_type_info_static.obj
 0001:0000fcd0       ??_Etype_info@@UEAAPEAXI@Z 0000000180010cd0 f i MSVCRT:std_type_info_static.obj
 0001:0000fcfb       IsProcessorFeaturePresent  0000000180010cfb f   kernel32:KERNEL32.dll
 0001:0000fd01       __std_terminate            0000000180010d01 f   vcruntime:VCRUNTIME140.dll
 0001:0000fd07       strchr                     0000000180010d07 f   vcruntime:VCRUNTIME140.dll
 0001:0000fd0d       strrchr                    0000000180010d0d f   vcruntime:VCRUNTIME140.dll
 0001:0000fd13       strstr                     0000000180010d13 f   vcruntime:VCRUNTIME140.dll
 0001:0000fd19       __CxxFrameHandler3         0000000180010d19 f   vcruntime:VCRUNTIME140.dll
 0001:0000fd1f       memcpy                     0000000180010d1f f   vcruntime:VCRUNTIME140.dll
 0001:0000fd25       memmove                    0000000180010d25 f   vcruntime:VCRUNTIME140.dll
 0001:0000fd2b       memset                     0000000180010d2b f   vcruntime:VCRUNTIME140.dll
 0001:0000fd31       __C_specific_handler       0000000180010d31 f   vcruntime:VCRUNTIME140.dll
 0001:0000fd37       __std_exception_copy       0000000180010d37 f   vcruntime:VCRUNTIME140.dll
 0001:0000fd3d       __std_exception_destroy    0000000180010d3d f   vcruntime:VCRUNTIME140.dll
 0001:0000fd43       _CxxThrowException         0000000180010d43 f   vcruntime:VCRUNTIME140.dll
 0001:0000fd49       __std_type_info_destroy_list 0000000180010d49 f   vcruntime:VCRUNTIME140.dll
 0001:0000fd4f       strcmp                     0000000180010d4f f   ucrt:api-ms-win-crt-string-l1-1-0.dll
 0001:0000fd55       terminate                  0000000180010d55 f   ucrt:api-ms-win-crt-runtime-l1-1-0.dll
 0001:0000fd5b       _callnewh                  0000000180010d5b f   ucrt:api-ms-win-crt-heap-l1-1-0.dll
 0001:0000fd61       malloc                     0000000180010d61 f   ucrt:api-ms-win-crt-heap-l1-1-0.dll
 0001:0000fd67       _seh_filter_dll            0000000180010d67 f   ucrt:api-ms-win-crt-runtime-l1-1-0.dll
 0001:0000fd6d       _configure_narrow_argv     0000000180010d6d f   ucrt:api-ms-win-crt-runtime-l1-1-0.dll
 0001:0000fd73       _initialize_narrow_environment 0000000180010d73 f   ucrt:api-ms-win-crt-runtime-l1-1-0.dll
 0001:0000fd79       _initialize_onexit_table   0000000180010d79 f   ucrt:api-ms-win-crt-runtime-l1-1-0.dll
 0001:0000fd7f       _register_onexit_function  0000000180010d7f f   ucrt:api-ms-win-crt-runtime-l1-1-0.dll
 0001:0000fd85       _execute_onexit_table      0000000180010d85 f   ucrt:api-ms-win-crt-runtime-l1-1-0.dll
 0001:0000fd8b       _crt_atexit                0000000180010d8b f   ucrt:api-ms-win-crt-runtime-l1-1-0.dll
 0001:0000fd91       _cexit                     0000000180010d91 f   ucrt:api-ms-win-crt-runtime-l1-1-0.dll
 0001:0000fd97       _initterm                  0000000180010d97 f   ucrt:api-ms-win-crt-runtime-l1-1-0.dll
 0001:0000fd9d       _initterm_e                0000000180010d9d f   ucrt:api-ms-win-crt-runtime-l1-1-0.dll
 0001:0000fda3       free                       0000000180010da3 f   ucrt:api-ms-win-crt-heap-l1-1-0.dll
 0001:0000fdac       __vcrt_initialize          0000000180010dac f   MSVCRT:ucrt_stubs.obj
 0001:0000fdac       __scrt_stub_for_acrt_uninitialize 0000000180010dac f   MSVCRT:ucrt_stubs.obj
 0001:0000fdac       __vcrt_uninitialize        0000000180010dac f   MSVCRT:ucrt_stubs.obj
 0001:0000fdac       __acrt_thread_attach       0000000180010dac f   MSVCRT:ucrt_stubs.obj
 0001:0000fdac       __acrt_uninitialize        0000000180010dac f   MSVCRT:ucrt_stubs.obj
 0001:0000fdac       __acrt_uninitialize_critical 0000000180010dac f   MSVCRT:ucrt_stubs.obj
 0001:0000fdac       __acrt_thread_detach       0000000180010dac f   MSVCRT:ucrt_stubs.obj
 0001:0000fdac       __acrt_initialize          0000000180010dac f   MSVCRT:ucrt_stubs.obj
 0001:0000fdac       __scrt_stub_for_acrt_initialize 0000000180010dac f   MSVCRT:ucrt_stubs.obj
 0001:0000fdac       __scrt_stub_for_acrt_thread_attach 0000000180010dac f   MSVCRT:ucrt_stubs.obj
 0001:0000fdac       __vcrt_thread_detach       0000000180010dac f   MSVCRT:ucrt_stubs.obj
 0001:0000fdac       __vcrt_thread_attach       0000000180010dac f   MSVCRT:ucrt_stubs.obj
 0001:0000fdac       __scrt_stub_for_acrt_thread_detach 0000000180010dac f   MSVCRT:ucrt_stubs.obj
 0001:0000fdac       __vcrt_uninitialize_critical 0000000180010dac f   MSVCRT:ucrt_stubs.obj
 0001:0000fdac       __scrt_stub_for_acrt_uninitialize_critical 0000000180010dac f   MSVCRT:ucrt_stubs.obj
 0001:0000fdb0       _is_c_termination_complete 0000000180010db0 f   MSVCRT:ucrt_stubs.obj
 0001:0000fdb0       __scrt_stub_for_is_c_termination_complete 0000000180010db0 f   MSVCRT:ucrt_stubs.obj
 0001:0000fdd0       _guard_dispatch_icall_nop  0000000180010dd0 f   MSVCRT:guard_dispatch.obj
 0002:00000000       __imp_CloseHandle          0000000180012000     kernel32:KERNEL32.dll
 0002:00000008       __imp_EnterCriticalSection 0000000180012008     kernel32:KERNEL32.dll
 0002:00000010       __imp_LeaveCriticalSection 0000000180012010     kernel32:KERNEL32.dll
 0002:00000018       __imp_InitializeCriticalSectionAndSpinCount 0000000180012018     kernel32:KERNEL32.dll
 0002:00000020       __imp_DeleteCriticalSection 0000000180012020     kernel32:KERNEL32.dll
 0002:00000028       __imp_SetEvent             0000000180012028     kernel32:KERNEL32.dll
 0002:00000030       __imp_ResetEvent           0000000180012030     kernel32:KERNEL32.dll
 0002:00000038       __imp_WaitForSingleObjectEx 0000000180012038     kernel32:KERNEL32.dll
 0002:00000040       __imp_CreateEventW         0000000180012040     kernel32:KERNEL32.dll
 0002:00000048       __imp_GetModuleHandleW     0000000180012048     kernel32:KERNEL32.dll
 0002:00000050       __imp_GetProcAddress       0000000180012050     kernel32:KERNEL32.dll
 0002:00000058       __imp_RtlCaptureContext    0000000180012058     kernel32:KERNEL32.dll
 0002:00000060       __imp_RtlLookupFunctionEntry 0000000180012060     kernel32:KERNEL32.dll
 0002:00000068       __imp_RtlVirtualUnwind     0000000180012068     kernel32:KERNEL32.dll
 0002:00000070       __imp_IsDebuggerPresent    0000000180012070     kernel32:KERNEL32.dll
 0002:00000078       __imp_UnhandledExceptionFilter 0000000180012078     kernel32:KERNEL32.dll
 0002:00000080       __imp_SetUnhandledExceptionFilter 0000000180012080     kernel32:KERNEL32.dll
 0002:00000088       __imp_IsProcessorFeaturePresent 0000000180012088     kernel32:KERNEL32.dll
 0002:00000090       __imp_GetCurrentProcess    0000000180012090     kernel32:KERNEL32.dll
 0002:00000098       __imp_TerminateProcess     0000000180012098     kernel32:KERNEL32.dll
 0002:000000a0       __imp_QueryPerformanceCounter 00000001800120a0     kernel32:KERNEL32.dll
 0002:000000a8       __imp_GetCurrentProcessId  00000001800120a8     kernel32:KERNEL32.dll
 0002:000000b0       __imp_GetCurrentThreadId   00000001800120b0     kernel32:KERNEL32.dll
 0002:000000b8       __imp_GetSystemTimeAsFileTime 00000001800120b8     kernel32:KERNEL32.dll
 0002:000000c0       __imp_DisableThreadLibraryCalls 00000001800120c0     kernel32:KERNEL32.dll
 0002:000000c8       __imp_InitializeSListHead  00000001800120c8     kernel32:KERNEL32.dll
 0002:000000d0       \177KERNEL32_NULL_THUNK_DATA 00000001800120d0     kernel32:KERNEL32.dll
 0002:000000d8       __imp___std_terminate      00000001800120d8     vcruntime:VCRUNTIME140.dll
 0002:000000e0       __imp_strchr               00000001800120e0     vcruntime:VCRUNTIME140.dll
 0002:000000e8       __imp_strrchr              00000001800120e8     vcruntime:VCRUNTIME140.dll
 0002:000000f0       __imp_strstr               00000001800120f0     vcruntime:VCRUNTIME140.dll
 0002:000000f8       __imp___CxxFrameHandler3   00000001800120f8     vcruntime:VCRUNTIME140.dll
 0002:00000100       __imp_memcpy               0000000180012100     vcruntime:VCRUNTIME140.dll
 0002:00000108       __imp_memmove              0000000180012108     vcruntime:VCRUNTIME140.dll
 0002:00000110       __imp_memset               0000000180012110     vcruntime:VCRUNTIME140.dll
 0002:00000118       __imp___C_specific_handler 0000000180012118     vcruntime:VCRUNTIME140.dll
 0002:00000120       __imp___std_exception_copy 0000000180012120     vcruntime:VCRUNTIME140.dll
 0002:00000128       __imp___std_exception_destroy 0000000180012128     vcruntime:VCRUNTIME140.dll
 0002:00000130       __imp__CxxThrowException   0000000180012130     vcruntime:VCRUNTIME140.dll
 0002:00000138       __imp___std_type_info_destroy_list 0000000180012138     vcruntime:VCRUNTIME140.dll
 0002:00000140       \177VCRUNTIME140_NULL_THUNK_DATA 0000000180012140     vcruntime:VCRUNTIME140.dll
 0002:00000148       __imp_malloc               0000000180012148     ucrt:api-ms-win-crt-heap-l1-1-0.dll
 0002:00000150       __imp_free                 0000000180012150     ucrt:api-ms-win-crt-heap-l1-1-0.dll
 0002:00000158       __imp__callnewh            0000000180012158     ucrt:api-ms-win-crt-heap-l1-1-0.dll
 0002:00000160       \177api-ms-win-crt-heap-l1-1-0_NULL_THUNK_DATA 0000000180012160     ucrt:api-ms-win-crt-heap-l1-1-0.dll
 0002:00000168       __imp__initterm_e          0000000180012168     ucrt:api-ms-win-crt-runtime-l1-1-0.dll
 0002:00000170       __imp_terminate            0000000180012170     ucrt:api-ms-win-crt-runtime-l1-1-0.dll
 0002:00000178       __imp__seh_filter_dll      0000000180012178     ucrt:api-ms-win-crt-runtime-l1-1-0.dll
 0002:00000180       __imp__configure_narrow_argv 0000000180012180     ucrt:api-ms-win-crt-runtime-l1-1-0.dll
 0002:00000188       __imp__initialize_narrow_environment 0000000180012188     ucrt:api-ms-win-crt-runtime-l1-1-0.dll
 0002:00000190       __imp__initialize_onexit_table 0000000180012190     ucrt:api-ms-win-crt-runtime-l1-1-0.dll
 0002:00000198       __imp__register_onexit_function 0000000180012198     ucrt:api-ms-win-crt-runtime-l1-1-0.dll
 0002:000001a0       __imp__execute_onexit_table 00000001800121a0     ucrt:api-ms-win-crt-runtime-l1-1-0.dll
 0002:000001a8       __imp__crt_atexit          00000001800121a8     ucrt:api-ms-win-crt-runtime-l1-1-0.dll
 0002:000001b0       __imp__cexit               00000001800121b0     ucrt:api-ms-win-crt-runtime-l1-1-0.dll
 0002:000001b8       __imp__initterm            00000001800121b8     ucrt:api-ms-win-crt-runtime-l1-1-0.dll
 0002:000001c0       \177api-ms-win-crt-runtime-l1-1-0_NULL_THUNK_DATA 00000001800121c0     ucrt:api-ms-win-crt-runtime-l1-1-0.dll
 0002:000001c8       __imp_strcmp               00000001800121c8     ucrt:api-ms-win-crt-string-l1-1-0.dll
 0002:000001d0       __imp_isspace              00000001800121d0     ucrt:api-ms-win-crt-string-l1-1-0.dll
 0002:000001d8       __imp_strncmp              00000001800121d8     ucrt:api-ms-win-crt-string-l1-1-0.dll
 0002:000001e0       \177api-ms-win-crt-string-l1-1-0_NULL_THUNK_DATA 00000001800121e0     ucrt:api-ms-win-crt-string-l1-1-0.dll
 0002:000001e8       __imp__time64              00000001800121e8     ucrt:api-ms-win-crt-time-l1-1-0.dll
 0002:000001f0       \177api-ms-win-crt-time-l1-1-0_NULL_THUNK_DATA 00000001800121f0     ucrt:api-ms-win-crt-time-l1-1-0.dll
 0002:000001f8       __imp_rand                 00000001800121f8     ucrt:api-ms-win-crt-utility-l1-1-0.dll
 0002:00000200       \177api-ms-win-crt-utility-l1-1-0_NULL_THUNK_DATA 0000000180012200     ucrt:api-ms-win-crt-utility-l1-1-0.dll
 0002:00000208       __imp_under_debugger       0000000180012208     ida:ida.dll
 0002:00000210       __imp_ieee_realcvt         0000000180012210     ida:ida.dll
 0002:00000218       __imp_ph                   0000000180012218     ida:ida.dll
 0002:00000220       __imp_cleanup_argloc       0000000180012220     ida:ida.dll
 0002:00000228       __imp_code_highlight_block 0000000180012228     ida:ida.dll
 0002:00000230       __imp_callui               0000000180012230     ida:ida.dll
 0002:00000238       __imp_remove_extlang       0000000180012238     ida:ida.dll
 0002:00000240       __imp_install_extlang      0000000180012240     ida:ida.dll
 0002:00000248       __imp_get_free_disk_space  0000000180012248     ida:ida.dll
 0002:00000250       __imp_select_extlang       0000000180012250     ida:ida.dll
 0002:00000258       __imp_idadir               0000000180012258     ida:ida.dll
 0002:00000260       __imp_get_plugin_options   0000000180012260     ida:ida.dll
 0002:00000268       __imp_debug                0000000180012268     ida:ida.dll
 0002:00000270       __imp_clear_tinfo_t        0000000180012270     ida:ida.dll
 0002:00000278       __imp_del_idc_func         0000000180012278     ida:ida.dll
 0002:00000280       __imp_add_idc_func         0000000180012280     ida:ida.dll
 0002:00000288       __imp_find_idc_gvar        0000000180012288     ida:ida.dll
 0002:00000290       __imp_add_idc_gvar         0000000180012290     ida:ida.dll
 0002:00000298       __imp_create_idcv_ref      0000000180012298     ida:ida.dll
 0002:000002a0       __imp_deref_idcv           00000001800122a0     ida:ida.dll
 0002:000002a8       __imp_set_idc_dtor         00000001800122a8     ida:ida.dll
 0002:000002b0       __imp_find_idc_class       00000001800122b0     ida:ida.dll
 0002:000002b8       __imp_add_idc_class        00000001800122b8     ida:ida.dll
 0002:000002c0       __imp_next_idcv_attr       00000001800122c0     ida:ida.dll
 0002:000002c8       __imp_first_idcv_attr      00000001800122c8     ida:ida.dll
 0002:000002d0       __imp_set_idcv_attr        00000001800122d0     ida:ida.dll
 0002:000002d8       __imp_get_idcv_attr        00000001800122d8     ida:ida.dll
 0002:000002e0       __imp_free_idcv            00000001800122e0     ida:ida.dll
 0002:000002e8       __imp_idcv_object          00000001800122e8     ida:ida.dll
 0002:000002f0       __imp_read_config          00000001800122f0     ida:ida.dll
 0002:000002f8       __imp_netnode_setblob      00000001800122f8     ida:ida.dll
 0002:00000300       __imp_netnode_qgetblob     0000000180012300     ida:ida.dll
 0002:00000308       __imp_netnode_check        0000000180012308     ida:ida.dll
 0002:00000310       __imp_qfclose              0000000180012310     ida:ida.dll
 0002:00000318       __imp_qfread               0000000180012318     ida:ida.dll
 0002:00000320       __imp_qfopen               0000000180012320     ida:ida.dll
 0002:00000328       __imp_invoke_callbacks     0000000180012328     ida:ida.dll
 0002:00000330       __imp_unhook_from_notification_point 0000000180012330     ida:ida.dll
 0002:00000338       __imp_hook_to_notification_point 0000000180012338     ida:ida.dll
 0002:00000340       __imp_utf8_utf16           0000000180012340     ida:ida.dll
 0002:00000348       __imp_qvector_reserve      0000000180012348     ida:ida.dll
 0002:00000350       __imp_qalloc_or_throw      0000000180012350     ida:ida.dll
 0002:00000358       __imp_qfileexist           0000000180012358     ida:ida.dll
 0002:00000360       __imp_set_qerrno           0000000180012360     ida:ida.dll
 0002:00000368       __imp_get_file_ext         0000000180012368     ida:ida.dll
 0002:00000370       __imp_qbasename            0000000180012370     ida:ida.dll
 0002:00000378       __imp_qdirname             0000000180012378     ida:ida.dll
 0002:00000380       __imp_qgetcwd              0000000180012380     ida:ida.dll
 0002:00000388       __imp_qmakepath            0000000180012388     ida:ida.dll
 0002:00000390       __imp_qvsnprintf           0000000180012390     ida:ida.dll
 0002:00000398       __imp_qsnprintf            0000000180012398     ida:ida.dll
 0002:000003a0       __imp_qstrtok              00000001800123a0     ida:ida.dll
 0002:000003a8       __imp_qstrncpy             00000001800123a8     ida:ida.dll
 0002:000003b0       __imp_strrpl               00000001800123b0     ida:ida.dll
 0002:000003b8       __imp_qfree                00000001800123b8     ida:ida.dll
 0002:000003c0       __imp_interr               00000001800123c0     ida:ida.dll
 0002:000003c8       __imp_qfsize               00000001800123c8     ida:ida.dll
 0002:000003d0       \177ida_NULL_THUNK_DATA    00000001800123d0     ida:ida.dll
 0002:000003d8       __imp_PyEval_ReleaseThread 00000001800123d8     python37:python37.dll
 0002:000003e0       __imp_PySys_GetObject      00000001800123e0     python37:python37.dll
 0002:000003e8       __imp_PySys_SetPath        00000001800123e8     python37:python37.dll
 0002:000003f0       __imp_PyImport_AddModule   00000001800123f0     python37:python37.dll
 0002:000003f8       __imp_PyImport_ImportModule 00000001800123f8     python37:python37.dll
 0002:00000400       __imp_PyObject_CallObject  0000000180012400     python37:python37.dll
 0002:00000408       __imp_PyObject_CallFunction 0000000180012408     python37:python37.dll
 0002:00000410       __imp_PyObject_CallMethod  0000000180012410     python37:python37.dll
 0002:00000418       __imp_PyObject_CallFunctionObjArgs 0000000180012418     python37:python37.dll
 0002:00000420       __imp_PyNumber_Check       0000000180012420     python37:python37.dll
 0002:00000428       __imp_PyNumber_And         0000000180012428     python37:python37.dll
 0002:00000430       __imp_PySequence_Check     0000000180012430     python37:python37.dll
 0002:00000438       __imp_PySequence_Size      0000000180012438     python37:python37.dll
 0002:00000440       __imp_PySequence_GetItem   0000000180012440     python37:python37.dll
 0002:00000448       __imp_PyObject_IsInstance  0000000180012448     python37:python37.dll
 0002:00000450       __imp_PyEval_EvalCode      0000000180012450     python37:python37.dll
 0002:00000458       __imp_PyEval_EvalCodeEx    0000000180012458     python37:python37.dll
 0002:00000460       __imp__Py_NoneStruct       0000000180012460     python37:python37.dll
 0002:00000468       __imp_Py_NoSiteFlag        0000000180012468     python37:python37.dll
 0002:00000470       __imp_PyLong_Type          0000000180012470     python37:python37.dll
 0002:00000478       __imp_PyBool_Type          0000000180012478     python37:python37.dll
 0002:00000480       __imp__Py_FalseStruct      0000000180012480     python37:python37.dll
 0002:00000488       __imp__Py_TrueStruct       0000000180012488     python37:python37.dll
 0002:00000490       __imp_PyFloat_Type         0000000180012490     python37:python37.dll
 0002:00000498       __imp_PyList_Type          0000000180012498     python37:python37.dll
 0002:000004a0       __imp_PyExc_KeyboardInterrupt 00000001800124a0     python37:python37.dll
 0002:000004a8       __imp_PyExc_TypeError      00000001800124a8     python37:python37.dll
 0002:000004b0       __imp_PyExc_ValueError     00000001800124b0     python37:python37.dll
 0002:000004b8       __imp_PyEval_InitThreads   00000001800124b8     python37:python37.dll
 0002:000004c0       __imp_PyEval_ThreadsInitialized 00000001800124c0     python37:python37.dll
 0002:000004c8       __imp_PyEval_SetTrace      00000001800124c8     python37:python37.dll
 0002:000004d0       __imp_Py_IsInitialized     00000001800124d0     python37:python37.dll
 0002:000004d8       __imp_Py_Finalize          00000001800124d8     python37:python37.dll
 0002:000004e0       __imp_Py_InitializeEx      00000001800124e0     python37:python37.dll
 0002:000004e8       __imp_Py_SetPythonHome     00000001800124e8     python37:python37.dll
 0002:000004f0       __imp_Py_SetProgramName    00000001800124f0     python37:python37.dll
 0002:000004f8       __imp_PyErr_Print          00000001800124f8     python37:python37.dll
 0002:00000500       __imp_Py_CompileStringExFlags 0000000180012500     python37:python37.dll
 0002:00000508       __imp_PyRun_StringFlags    0000000180012508     python37:python37.dll
 0002:00000510       __imp_PyRun_SimpleStringFlags 0000000180012510     python37:python37.dll
 0002:00000518       __imp_Py_BuildValue        0000000180012518     python37:python37.dll
 0002:00000520       __imp_PyErr_Restore        0000000180012520     python37:python37.dll
 0002:00000528       __imp_PyErr_Clear          0000000180012528     python37:python37.dll
 0002:00000530       __imp_PyErr_Occurred       0000000180012530     python37:python37.dll
 0002:00000538       __imp_PyErr_SetString      0000000180012538     python37:python37.dll
 0002:00000540       __imp_PyGILState_Check     0000000180012540     python37:python37.dll
 0002:00000548       __imp_PyGILState_GetThisThreadState 0000000180012548     python37:python37.dll
 0002:00000550       __imp_PyGILState_Release   0000000180012550     python37:python37.dll
 0002:00000558       __imp_PyGILState_Ensure    0000000180012558     python37:python37.dll
 0002:00000560       __imp_PyThreadState_Get    0000000180012560     python37:python37.dll
 0002:00000568       __imp_PyCapsule_IsValid    0000000180012568     python37:python37.dll
 0002:00000570       __imp_PyCapsule_GetPointer 0000000180012570     python37:python37.dll
 0002:00000578       __imp_PyCapsule_New        0000000180012578     python37:python37.dll
 0002:00000580       __imp_PyFunction_GetCode   0000000180012580     python37:python37.dll
 0002:00000588       __imp_PyFunction_New       0000000180012588     python37:python37.dll
 0002:00000590       __imp_PyModule_GetDict     0000000180012590     python37:python37.dll
 0002:00000598       __imp_PyDict_SetItemString 0000000180012598     python37:python37.dll
 0002:000005a0       __imp_PyDict_GetItemString 00000001800125a0     python37:python37.dll
 0002:000005a8       __imp_PyDict_Items         00000001800125a8     python37:python37.dll
 0002:000005b0       __imp_PyDict_Next          00000001800125b0     python37:python37.dll
 0002:000005b8       __imp_PyList_Append        00000001800125b8     python37:python37.dll
 0002:000005c0       __imp_PyList_Insert        00000001800125c0     python37:python37.dll
 0002:000005c8       __imp_PyList_SetItem       00000001800125c8     python37:python37.dll
 0002:000005d0       __imp_PyList_GetItem       00000001800125d0     python37:python37.dll
 0002:000005d8       __imp_PyList_Size          00000001800125d8     python37:python37.dll
 0002:000005e0       __imp_PyList_New           00000001800125e0     python37:python37.dll
 0002:000005e8       __imp_PyTuple_SetItem      00000001800125e8     python37:python37.dll
 0002:000005f0       __imp_PyTuple_GetItem      00000001800125f0     python37:python37.dll
 0002:000005f8       __imp_PyTuple_Size         00000001800125f8     python37:python37.dll
 0002:00000600       __imp_PyTuple_New          0000000180012600     python37:python37.dll
 0002:00000608       __imp_PyFloat_AsDouble     0000000180012608     python37:python37.dll
 0002:00000610       __imp_PyFloat_FromDouble   0000000180012610     python37:python37.dll
 0002:00000618       __imp_PyLong_AsUnsignedLongLong 0000000180012618     python37:python37.dll
 0002:00000620       __imp_PyLong_AsLongLong    0000000180012620     python37:python37.dll
 0002:00000628       __imp_PyLong_FromUnsignedLongLong 0000000180012628     python37:python37.dll
 0002:00000630       __imp_PyLong_FromLongLong  0000000180012630     python37:python37.dll
 0002:00000638       __imp_PyLong_AsUnsignedLong 0000000180012638     python37:python37.dll
 0002:00000640       __imp_PyLong_AsLong        0000000180012640     python37:python37.dll
 0002:00000648       __imp_PyLong_FromSsize_t   0000000180012648     python37:python37.dll
 0002:00000650       __imp_PyLong_FromSize_t    0000000180012650     python37:python37.dll
 0002:00000658       __imp_PyLong_FromLong      0000000180012658     python37:python37.dll
 0002:00000660       __imp_PyUnicode_AsUTF8String 0000000180012660     python37:python37.dll
 0002:00000668       __imp_PyUnicode_FromString 0000000180012668     python37:python37.dll
 0002:00000670       __imp_PyUnicode_FromStringAndSize 0000000180012670     python37:python37.dll
 0002:00000678       __imp_PyBytes_AsStringAndSize 0000000180012678     python37:python37.dll
 0002:00000680       __imp_PyBytes_AsString     0000000180012680     python37:python37.dll
 0002:00000688       __imp_PyBytes_Size         0000000180012688     python37:python37.dll
 0002:00000690       __imp_PyObject_Dir         0000000180012690     python37:python37.dll
 0002:00000698       __imp_PyCallable_Check     0000000180012698     python37:python37.dll
 0002:000006a0       __imp_PyObject_HasAttrString 00000001800126a0     python37:python37.dll
 0002:000006a8       __imp_PyObject_SetAttrString 00000001800126a8     python37:python37.dll
 0002:000006b0       __imp_PyObject_GetAttrString 00000001800126b0     python37:python37.dll
 0002:000006b8       __imp_PyObject_Str         00000001800126b8     python37:python37.dll
 0002:000006c0       __imp_PyType_IsSubtype     00000001800126c0     python37:python37.dll
 0002:000006c8       __imp_PyErr_Fetch          00000001800126c8     python37:python37.dll
 0002:000006d0       \177python37_NULL_THUNK_DATA 00000001800126d0     python37:python37.dll
 0002:000006d8       __guard_check_icall_fptr   00000001800126d8     MSVCRT:guard_support.obj
 0002:000006e0       __guard_dispatch_icall_fptr 00000001800126e0     MSVCRT:guard_support.obj
 0002:000006e8       __xc_a                     00000001800126e8     MSVCRT:initializers.obj
 0002:00000760       __xc_z                     0000000180012760     MSVCRT:initializers.obj
 0002:00000768       __xi_a                     0000000180012768     MSVCRT:initializers.obj
 0002:00000778       __xi_z                     0000000180012778     MSVCRT:initializers.obj
 0002:00000780       __xl_a                     0000000180012780     MSVCRT:tlssup.obj
 0002:00000788       __xl_z                     0000000180012788     MSVCRT:tlssup.obj
 0002:00000790       __xp_a                     0000000180012790     MSVCRT:initializers.obj
 0002:00000798       __xp_z                     0000000180012798     MSVCRT:initializers.obj
 0002:000007a0       __xt_a                     00000001800127a0     MSVCRT:initializers.obj
 0002:000007a8       __xt_z                     00000001800127a8     MSVCRT:initializers.obj
 0002:00000818       ??_C@_0BO@DGAIOKOL@py_idc_cvt_helper_t?4dtor_name@ 0000000180012818     python.obj
 0002:00000838       ??_C@_02KKLCIMAC@py@       0000000180012838     python.obj
 0002:00000928       ??_C@_06CHFOMGOI@Python@   0000000180012928     python.obj
 0002:00000978       ??_C@_0BK@MCBGBJFI@Python?5?9?5IDAPython?5plugin@ 0000000180012978     python.obj
 0002:00000998       ??_C@_0BM@IMFOBHIN@Enter?5any?5Python?5expression@ 0000000180012998     python.obj
 0002:000009b8       ??_C@_09FNFOMNPC@IDAPython@ 00000001800129b8     python.obj
 0002:000009c8       ??_C@_0BD@ENEDBBNF@IDA?5Python?5Plugin?6@ 00000001800129c8     python.obj
 0002:00001750       ??_C@_00CNPNBAHC@@         0000000180013750     python.obj
 0002:00001758       ??_7syntax_highlighter_t@@6B@ 0000000180013758     python.obj
 0002:00001760       ??_7python_highlighter_t@@6B@ 0000000180013760     python.obj
 0002:00001760       ??_7ida_syntax_highlighter_t@@6B@ 0000000180013760     python.obj
 0002:00001768       ??_C@_01DNKMNLPK@?$HM@     0000000180013768     python.obj
 0002:00001770       ??_C@_0DF@EAJLPEFD@c?3?2mingw?2msys?21?40?2home?2plugins?2@ 0000000180013770     python.obj
 0002:000017b0       ??_C@_0EM@DOOBJBIA@?$CK?$CK?$CK?5WARNING?3?5Code?5at?5?$CFs?3?$CFd?5shou@ 00000001800137b0     python.obj
 0002:000017fc       ??_C@_01KNKLHLMO@K@        00000001800137fc     python.obj
 0002:00001800       ??_C@_0BJ@HMPAHJEC@Object?5is?5not?5a?5sequence@ 0000000180013800     python.obj
 0002:00001820       ??_C@_0CG@BAFHJFPD@Sequence?5item?5?$CD?$CFd?5cannot?5be?5con@ 0000000180013820     python.obj
 0002:00001848       ??_C@_09MKMLHFFO@?$CIKKssKII?$CJ@ 0000000180013848     python.obj
 0002:00001854       ??_C@_05PHLGJONK@title@    0000000180013854     python.obj
 0002:00001860       ??_C@_0BA@OAHDDEDD@?$DMunknown?5title?$DO@ 0000000180013860     python.obj
 0002:00001870       ??_C@_0DE@LOEFMOAK@WARNING?3?5Form?5?$CC?$CFs?$CC?5was?5not?5Free@ 0000000180013870     python.obj
 0002:000018a4       ??_C@_02HCKGKOFO@?$CI?$CJ@ 00000001800138a4     python.obj
 0002:000018a8       ??_C@_04HJMOFLDF@Free@     00000001800138a8     python.obj
 0002:000018b0       ??_C@_0CP@CEFFBFLI@Could?5not?5convert?5Python?5object@ 00000001800138b0     python.obj
 0002:000018e0       ??_C@_0BE@NMLCEEMF@py_idc_cvt_helper_t@ 00000001800138e0     python.obj
 0002:000018f8       ??_C@_07PCLNFEL@$valid$@   00000001800138f8     python.obj
 0002:00001900       ??_C@_02FKHNAOPL@__@       0000000180013900     python.obj
 0002:00001908       ??_C@_0DB@MCJAOLIH@Failed?5to?5create?5a?5new?5tuple?5to@ 0000000180013908     python.obj
 0002:00001940       ??_C@_0BJ@JDMMELF@arg?$CD?$CFd?5has?5wrong?5type?5?$CFd@ 0000000180013940     python.obj
 0002:00001988       ??_C@_03KAHEOLME@pyc@      0000000180013988     python.obj
 0002:0000198c       ??_C@_03OPDFHNAD@pyd@      000000018001398c     python.obj
 0002:00001990       ??_C@_03MMBKEMI@pyo@       0000000180013990     python.obj
 0002:00001994       ??_C@_03IONKDMJB@pyw@      0000000180013994     python.obj
 0002:000019b0       ??_C@_0BD@BFIMCAOH@swig_runtime_data4@ 00000001800139b0     python.obj
 0002:000019c8       ??_C@_0O@BCDNNPNN@sitecustomize@ 00000001800139c8     python.obj
 0002:000019d8       ??_C@_0O@HENHCEEM@usercustomize@ 00000001800139d8     python.obj
 0002:000019e8       ??_C@_05NNFHCGPF@?$CFs?4?$CFs@ 00000001800139e8     python.obj
 0002:000019f0       ??_C@_09BOIBMEBJ@exception@ 00000001800139f0     python.obj
 0002:00001a00       ??_C@_0M@PPJNHBMP@description@ 0000000180013a00     python.obj
 0002:00001a10       ??_C@_0BC@HIKOICEC@PyIdc_cvt_int64__@ 0000000180013a10     python.obj
 0002:00001a28       ??_C@_08GJGBGAIJ@object_t@ 0000000180013a28     python.obj
 0002:00001a38       ??_C@_0BF@KIDACGLB@PyIdc_cvt_refclass__@ 0000000180013a38     python.obj
 0002:00001a50       ??_C@_0BE@NHLBEJPD@IDAPython_FormatExc@ 0000000180013a50     python.obj
 0002:00001a68       ??_C@_0BK@IGONNGEA@IDAPython?3?5unknown?5error?$CB@ 0000000180013a68     python.obj
 0002:00001a88       ??_C@_0DI@OGDJGIMO@IDAPython?3?5Error?5while?5calling?5@ 0000000180013a88     python.obj
 0002:00001ac0       ??_C@_0DJ@NPEDHDAD@notify_when?$CI?$CJ?3?5Error?5occurred?5w@ 0000000180013ac0     python.obj
 0002:00001b00       ??_C@_08NOKADADF@bg_color@ 0000000180013b00     python.obj
 0002:00001b10       ??_C@_0M@IBOEGHMM@frame_color@ 0000000180013b10     python.obj
 0002:00001b1c       ??_C@_05GECEPKB@flags@     0000000180013b1c     python.obj
 0002:00001b24       ??_C@_02DCEEHFMA@ea@       0000000180013b24     python.obj
 0002:00001b28       ??_C@_04CIMGMMMG@text@     0000000180013b28     python.obj
 0002:00001b30       ??_C@_06OMMGNHFP@?$CIkkks?$CJ@ 0000000180013b30     python.obj
 0002:00001b38       ??_C@_05JJOLJDEA@nodes@    0000000180013b38     python.obj
 0002:00001b40       ??_C@_0BC@FMKOEBIB@?$CFs__from_ptrval__@ 0000000180013b40     python.obj
 0002:00001b54       ??_C@_03IDLEFKPI@?$CIK?$CJ@ 0000000180013b54     python.obj
 0002:00001b58       ??_C@_07PHKOPNKE@inspect@  0000000180013b58     python.obj
 0002:00001b60       ??_C@_0L@NANAMFKM@getargspec@ 0000000180013b60     python.obj
 0002:00001b70       ??_C@_0BB@HFKBGPIG@User?5interrupted@ 0000000180013b70     python.obj
 0002:00001b88       ??_C@_0BG@ENMGPDM@Running?5Python?5script@ 0000000180013b88     python.obj
 0002:00001ba0       ??_C@_0DE@BOHCNLPF@c?3?2mingw?2msys?21?40?2home?2plugins?2@ 0000000180013ba0     python.obj
 0002:00001bd4       ??_C@_03OFAPEBGM@?$CFs?6@  0000000180013bd4     python.obj
 0002:00001bd8       ??_C@_0DD@NIBMCOPC@?$CK?$CK?$CK?5IDAPython?3?5Couldn?8t?5convert@ 0000000180013bd8     python.obj
 0002:00001c10       ??_C@_0P@LPIEGNHB@internal?5error@ 0000000180013c10     python.obj
 0002:00001c20       ??_C@_0P@HPFLOFOO@SCRIPT_TIMEOUT@ 0000000180013c20     python.obj
 0002:00001c30       ??_C@_0BD@MPDNFPIN@ALERT_AUTO_SCRIPTS@ 0000000180013c30     python.obj
 0002:00001c48       ??_C@_0BE@JNEGBMAC@REMOVE_CWD_SYS_PATH@ 0000000180013c48     python.obj
 0002:00001c60       ??_C@_0BJ@MBEJKABI@AUTOIMPORT_COMPAT_IDAAPI@ 0000000180013c60     python.obj
 0002:00001c80       ??_C@_0BJ@PDCNPOGI@AUTOIMPORT_COMPAT_IDA695@ 0000000180013c80     python.obj
 0002:00001ca0       ??_C@_0BA@KGCMFGPL@NAMESPACE_AWARE@ 0000000180013ca0     python.obj
 0002:00001cd0       ??_C@_06NLKLBLIE@idc?4py@  0000000180013cd0     python.obj
 0002:00001cd8       ??_C@_07EHLIMGMB@init?4py@ 0000000180013cd8     python.obj
 0002:00001ce0       ??_C@_0O@PCCIDNGF@ida_idaapi?4py@ 0000000180013ce0     python.obj
 0002:00001cf0       ??_C@_0M@EIFMNCOH@idautils?4py@ 0000000180013cf0     python.obj
 0002:00001d00       ??_C@_0CH@BEIEMCME@IDAPython?3?5Missing?5required?5fil@ 0000000180013d00     python.obj
 0002:00001d28       ??_C@_0DH@DDHDNJIN@No?5free?5disk?5space?5on?5?$CFs?0?5pytho@ 0000000180013d28     python.obj
 0002:00001d60       ??_C@_02BMJICGCB@rt@       0000000180013d60     python.obj
 0002:00001d68       ??_C@_0CF@BIJDOCIO@ACCEPT?5TABS?6Enter?5Python?5expres@ 0000000180013d68     python.obj
 0002:00001d90       ??_C@_0BI@BDGDBKMD@ERROR?3?5bad?5return?5value@ 0000000180013d90     python.obj
 0002:00001da8       ??_C@_0L@OKLOAEHG@ida_idaapi@ 0000000180013da8     python.obj
 0002:00001db8       ??_C@_0BI@CENIJLLA@Could?5not?5find?5?$CFs?4?$CFs?5?$DP?$CB@ 0000000180013db8     python.obj
 0002:00001dd0       ??_C@_0BD@FJFLDJM@Script?5interrupted@ 0000000180013dd0     python.obj
 0002:00001de8       ??_C@_0BF@CKGAKABK@IDAPython_ExecScript@ 0000000180013de8     python.obj
 0002:00001e00       ??_C@_0CE@BGEMMNPK@IDAPython?3?5error?5executing?5?8?$CFs?8@ 0000000180013e00     python.obj
 0002:00001e28       ??_C@_0BK@KNBALFGC@couldn?8t?5import?5module?5?$CFs@ 0000000180013e28     python.obj
 0002:00001e48       ??_C@_0BG@FHAJBLEA@undefined?5function?5?$CFs@ 0000000180013e48     python.obj
 0002:00001e60       ??_C@_0L@HKBPJLAM@def?5?$CFs?$CI?$CJ?3?6@ 0000000180013e60     python.obj
 0002:00001e6c       ??_C@_05CDJMJPEC@?6?5?5?5?5@ 0000000180013e6c     python.obj
 0002:00001e74       ??_C@_01EEMJAFIK@?6@       0000000180013e74     python.obj
 0002:00001e78       ??_C@_08OOGHEFMC@?$DMstring?$DO@ 0000000180013e78     python.obj
 0002:00001e88       ??_C@_0BG@CDNLOEID@IDAPython_LoadProcMod@ 0000000180013e88     python.obj
 0002:00001ea0       ??_C@_0BI@NCBPAGKJ@IDAPython_UnLoadProcMod@ 0000000180013ea0     python.obj
 0002:00001eb8       ??_C@_0BO@KEHDAIGL@Could?5not?5import?5module?5?8?$CFs?8?$CB@ 0000000180013eb8     python.obj
 0002:00001ed8       ??_C@_0CA@BDAIDPL@Could?5not?5find?5class?5type?5?8?$CFs?8?$CB@ 0000000180013ed8     python.obj
 0002:00001ef8       ??_C@_09LFGACEKG@__class__@ 0000000180013ef8     python.obj
 0002:00001f08       ??_C@_08BHKDPDAA@__name__@ 0000000180013f08     python.obj
 0002:00001f18       ??_C@_0CM@FFIFNEOG@call_method?5does?5not?5support?5th@ 0000000180013f18     python.obj
 0002:00001f48       ??_C@_0CP@MMLIKPDO@Failed?5to?5convert?5input?5object?5@ 0000000180013f48     python.obj
 0002:00001f78       ??_C@_0DN@JBLBEHML@The?5input?5object?5does?5not?5have?5@ 0000000180013f78     python.obj
 0002:00001fb8       ??_C@_03LGMJKEGG@run@      0000000180013fb8     python.obj
 0002:00001fc0       ??_C@_08KGNIBNGN@plugin_t@ 0000000180013fc0     python.obj
 0002:00001fcc       ??_C@_01IPJKGB@?$CD@       0000000180013fcc     python.obj
 0002:00001fd0       ??_C@_03EIPLJDPI@?$CC?$CC?$CC@ 0000000180013fd0     python.obj
 0002:00001fd4       ??_C@_03EJJFFGE@?8?8?8@    0000000180013fd4     python.obj
 0002:00001fe0       ??_C@_0LE@IHMGHAJC@and?$HMas?$HMassert?$HMbreak?$HMclass?$HMconti@ 0000000180013fe0     python.obj
 0002:00002094       ??_C@_04PJDNGLKJ@self@     0000000180014094     python.obj
 0002:0000209c       ??_C@_03BHEEIFFN@def@      000000018001409c     python.obj
 0002:000020a0       ??_C@_08FFNODPEJ@help?$CI?$CFs?$CJ@ 00000001800140a0     python.obj
 0002:000020b0       ??_C@_0CD@ELKIHHK@idaapi?4IDAPython_ExecSystem?$CIr?8?$CF@ 00000001800140b0     python.obj
 0002:000020d8       ??_C@_0BF@OOCOLJII@IDAPython_Completion@ 00000001800140d8     python.obj
 0002:000020f0       ??_C@_02OCDGCAAK@si@       00000001800140f0     python.obj
 0002:000020f8       ??_C@_0M@LFHHAIJB@__?$CFs__?$CF?$CK?4?$CKs@ 00000001800140f8     python.obj
 0002:00002108       ??_C@_07KBDNECO@plugins@   0000000180014108     python.obj
 0002:00002110       ??_C@_05OLMLFICL@procs@    0000000180014110     python.obj
 0002:00002118       ??_C@_07JAOCDFCG@loaders@  0000000180014118     python.obj
 0002:00002120       ??_C@_01ICJEACDI@?$DL@     0000000180014120     python.obj
 0002:00002128       ??_C@_0L@LDIPDIGH@run_script@ 0000000180014128     python.obj
 0002:00002138       ??_C@_0BA@MGNGMMCG@run_script_when@ 0000000180014138     python.obj
 0002:00002148       ??_C@_07OKLCGGNL@db_open@  0000000180014148     python.obj
 0002:00002150       ??_C@_08JMHKCKNH@ui_ready@ 0000000180014150     python.obj
 0002:0000215c       ??_C@_04HKFDNBLD@init@     000000018001415c     python.obj
 0002:00002170       ??_C@_0FO@OFMLFMDE@Unknown?5?8run_script_when?8?5direc@ 0000000180014170     python.obj
 0002:000021d0       ??_C@_03IPHJCBHH@YES@      00000001800141d0     python.obj
 0002:000021d4       ??_C@_02NFLNFON@NO@        00000001800141d4     python.obj
 0002:000021e0       ??_C@_0EM@GKEDBBLH@Unknown?5?8AUTOIMPORT_COMPAT_IDA6@ 00000001800141e0     python.obj
 0002:0000222c       ??_C@_02DPKJAMEF@?$CFd@    000000018001422c     python.obj
 0002:00002230       ??_C@_03JJJLMDPC@idc@      0000000180014230     python.obj
 0002:00002238       ??_C@_0P@OMPIKEE@print_banner?$CI?$CJ@ 0000000180014238     python.obj
 0002:00002248       ??_C@_04LNEJFJGI@path@     0000000180014248     python.obj
 0002:00002250       ??_C@_06OIODPPHE@python@   0000000180014250     python.obj
 0002:00002258       ??_C@_04IKPDHFBK@site@     0000000180014258     python.obj
 0002:00002260       ??_C@_0L@LAMDEKDJ@python?4cfg@ 0000000180014260     python.obj
 0002:00002270       ??_C@_0KI@BDNDBLMI@HIDECANCEL?6TITLE?5IDAPython?6The?5@ 0000000180014270     python.obj
 0002:00002318       ??_C@_0CE@GPLLCKKP@IDAPython?3?5Py_InitializeEx?$CI?$CJ?5fa@ 0000000180014318     python.obj
 0002:00002340       ??_C@_0CD@IHCEJCLH@IDAPython?3?5importing?5?$CCsite?$CC?5fai@ 0000000180014340     python.obj
 0002:00002364       ??_C@_04HPMIDMKH@True@     0000000180014364     python.obj
 0002:0000236c       ??_C@_05MKDOIIA@False@     000000018001436c     python.obj
 0002:00002374       ??_C@_05FPBGKCKL@final@    0000000180014374     python.obj
 0002:00002380       ??_C@_0NJ@DKEOJEII@IDAPYTHON_VERSION?$DN?$CI?$CFd?0?5?$CFd?0?5?$CFd?0?5@ 0000000180014380     python.obj
 0002:00002460       ??_C@_0CK@PCABKHA@IDAPython?3?5error?5executing?5boot@ 0000000180014460     python.obj
 0002:00002490       ??_C@_0CI@LOPNMGKD@import?5traceback?$DLtraceback?4prin@ 0000000180014490     python.obj
 0002:000024c0       ??_C@_0FP@BDDGNIEM@IDAPython?3?5error?5executing?5init@ 00000001800144c0     python.obj
 0002:00002520       ??_C@_0CC@NBPFMFIA@IDAPython?3?5init_pywraps?$CI?$CJ?5faile@ 0000000180014520     python.obj
 0002:00002548       ??_C@_0CG@NIIHGJDH@IDAPython?3?5unknown?5plugin?5argum@ 0000000180014548     python.obj
 0002:00002570       ??_C@_0CO@FBMKDIM@Exception?5in?5Python?5interpreter@ 0000000180014570     python.obj
 0002:0000259e       ?nullstr@?1??c_str@?$_qstring@D@@QEBAPEBDXZ@4QBDB 000000018001459e     python.obj
 0002:000025d0       ??_C@_1EC@JIJBPKFM@?$AAa?$AAp?$AAi?$AA?9?$AAm?$AAs?$AA?9?$AAw?$AAi?$AAn?$AA?9?$AAc?$AAo?$AAr?$AAe@ 00000001800145d0     MSVCRT:thread_safe_statics.obj
 0002:00002618       ??_C@_1BK@MGMFAEKH@?$AAk?$AAe?$AAr?$AAn?$AAe?$AAl?$AA3?$AA2?$AA?4?$AAd?$AAl?$AAl@ 0000000180014618     MSVCRT:thread_safe_statics.obj
 0002:00002638       ??_C@_0BM@HLJJNPAH@InitializeConditionVariable@ 0000000180014638     MSVCRT:thread_safe_statics.obj
 0002:00002658       ??_C@_0BJ@JEBJOJFJ@SleepConditionVariableCS@ 0000000180014658     MSVCRT:thread_safe_statics.obj
 0002:00002678       ??_C@_0BJ@PGPPEPCC@WakeAllConditionVariable@ 0000000180014678     MSVCRT:thread_safe_statics.obj
 0002:00002698       _pDefaultRawDllMain        0000000180014698     MSVCRT:dll_dllmain.obj
 0002:00002698       _pRawDllMain               0000000180014698     MSVCRT:dll_dllmain.obj
 0002:000026a8       ??_7exception@std@@6B@     00000001800146a8     MSVCRT:throw_bad_alloc.obj
 0002:000026b8       ??_C@_0BC@EOODALEL@Unknown?5exception@ 00000001800146b8     MSVCRT:throw_bad_alloc.obj
 0002:000026d8       ??_7bad_alloc@std@@6B@     00000001800146d8     MSVCRT:throw_bad_alloc.obj
 0002:000026e8       ??_C@_0P@GHFPNOJB@bad?5allocation@ 00000001800146e8     MSVCRT:throw_bad_alloc.obj
 0002:00002700       ??_7bad_array_new_length@std@@6B@ 0000000180014700     MSVCRT:throw_bad_alloc.obj
 0002:00002710       ??_C@_0BF@KINCDENJ@bad?5array?5new?5length@ 0000000180014710     MSVCRT:throw_bad_alloc.obj
 0002:00002740       ??_7type_info@@6B@         0000000180014740     MSVCRT:std_type_info_static.obj
 0002:000027b0       _load_config_used          00000001800147b0     MSVCRT:loadcfg.obj
 0002:000028b0       _tls_used                  00000001800148b0     MSVCRT:tlssup.obj
 0002:000028d8       ??_R4exception@std@@6B@    00000001800148d8     MSVCRT:throw_bad_alloc.obj
 0002:00002900       ??_R3exception@std@@8      0000000180014900     MSVCRT:throw_bad_alloc.obj
 0002:00002918       ??_R2exception@std@@8      0000000180014918     MSVCRT:throw_bad_alloc.obj
 0002:00002928       ??_R1A@?0A@EA@exception@std@@8 0000000180014928     MSVCRT:throw_bad_alloc.obj
 0002:00002950       ??_R4bad_alloc@std@@6B@    0000000180014950     MSVCRT:throw_bad_alloc.obj
 0002:00002978       ??_R3bad_alloc@std@@8      0000000180014978     MSVCRT:throw_bad_alloc.obj
 0002:00002990       ??_R2bad_alloc@std@@8      0000000180014990     MSVCRT:throw_bad_alloc.obj
 0002:000029a8       ??_R1A@?0A@EA@bad_alloc@std@@8 00000001800149a8     MSVCRT:throw_bad_alloc.obj
 0002:000029d0       ??_R4bad_array_new_length@std@@6B@ 00000001800149d0     MSVCRT:throw_bad_alloc.obj
 0002:000029f8       ??_R3bad_array_new_length@std@@8 00000001800149f8     MSVCRT:throw_bad_alloc.obj
 0002:00002a10       ??_R2bad_array_new_length@std@@8 0000000180014a10     MSVCRT:throw_bad_alloc.obj
 0002:00002a30       ??_R1A@?0A@EA@bad_array_new_length@std@@8 0000000180014a30     MSVCRT:throw_bad_alloc.obj
 0002:00002a58       ??_R4type_info@@6B@        0000000180014a58     MSVCRT:std_type_info_static.obj
 0002:00002a80       ??_R3type_info@@8          0000000180014a80     MSVCRT:std_type_info_static.obj
 0002:00002a98       ??_R2type_info@@8          0000000180014a98     MSVCRT:std_type_info_static.obj
 0002:00002aa8       ??_R1A@?0A@EA@type_info@@8 0000000180014aa8     MSVCRT:std_type_info_static.obj
 0002:00002e18       __rtc_iaa                  0000000180014e18     MSVCRT:initsect.obj
 0002:00002e20       __rtc_izz                  0000000180014e20     MSVCRT:initsect.obj
 0002:00002e28       __rtc_taa                  0000000180014e28     MSVCRT:initsect.obj
 0002:00002e30       __rtc_tzz                  0000000180014e30     MSVCRT:initsect.obj
 0002:00002e38       _tls_start                 0000000180014e38     MSVCRT:tlssup.obj
 0002:00002e3c       _Init_thread_epoch         0000000180014e3c     MSVCRT:thread_safe_statics.obj
 0002:00002e40       _tls_end                   0000000180014e40     MSVCRT:tlssup.obj
 0002:00005130       _TI2?AVbad_alloc@std@@     0000000180017130     MSVCRT:throw_bad_alloc.obj
 0002:00005150       _CTA2?AVbad_alloc@std@@    0000000180017150     MSVCRT:throw_bad_alloc.obj
 0002:00005168       _CT??_R0?AVbad_alloc@std@@@8??0bad_alloc@std@@QEAA@AEBV01@@Z24 0000000180017168     MSVCRT:throw_bad_alloc.obj
 0002:00005190       _CT??_R0?AVexception@std@@@8??0exception@std@@QEAA@AEBV01@@Z24 0000000180017190     MSVCRT:throw_bad_alloc.obj
 0002:000051b8       _TI3?AVbad_array_new_length@std@@ 00000001800171b8     MSVCRT:throw_bad_alloc.obj
 0002:000051d8       _CTA3?AVbad_array_new_length@std@@ 00000001800171d8     MSVCRT:throw_bad_alloc.obj
 0002:000051f8       _CT??_R0?AVbad_array_new_length@std@@@8??0bad_array_new_length@std@@QEAA@AEBV01@@Z24 00000001800171f8     MSVCRT:throw_bad_alloc.obj
 0002:00005c8c       __IMPORT_DESCRIPTOR_ida    0000000180017c8c     ida:ida.dll
 0002:00005ca0       __IMPORT_DESCRIPTOR_python37 0000000180017ca0     python37:python37.dll
 0002:00005cb4       __IMPORT_DESCRIPTOR_KERNEL32 0000000180017cb4     kernel32:KERNEL32.dll
 0002:00005cc8       __IMPORT_DESCRIPTOR_VCRUNTIME140 0000000180017cc8     vcruntime:VCRUNTIME140.dll
 0002:00005cdc       __IMPORT_DESCRIPTOR_api-ms-win-crt-string-l1-1-0 0000000180017cdc     ucrt:api-ms-win-crt-string-l1-1-0.dll
 0002:00005cf0       __IMPORT_DESCRIPTOR_api-ms-win-crt-utility-l1-1-0 0000000180017cf0     ucrt:api-ms-win-crt-utility-l1-1-0.dll
 0002:00005d04       __IMPORT_DESCRIPTOR_api-ms-win-crt-time-l1-1-0 0000000180017d04     ucrt:api-ms-win-crt-time-l1-1-0.dll
 0002:00005d18       __IMPORT_DESCRIPTOR_api-ms-win-crt-runtime-l1-1-0 0000000180017d18     ucrt:api-ms-win-crt-runtime-l1-1-0.dll
 0002:00005d2c       __IMPORT_DESCRIPTOR_api-ms-win-crt-heap-l1-1-0 0000000180017d2c     ucrt:api-ms-win-crt-heap-l1-1-0.dll
 0002:00005d40       __NULL_IMPORT_DESCRIPTOR   0000000180017d40     ida:ida.dll
 0003:00000000       PLUGIN                     000000018001a000     python.obj
 0003:00000050       ?extlang_python@@3Uextlang_t@@A 000000018001a050     python.obj
 0003:000002d8       __scrt_native_dllmain_reason 000000018001a2d8     MSVCRT:utility.obj
 0003:000002dc       _Init_global_epoch         000000018001a2dc     MSVCRT:thread_safe_statics.obj
 0003:000002e0       __security_cookie_complement 000000018001a2e0     MSVCRT:gs_cookie.obj
 0003:000002e8       __security_cookie          000000018001a2e8     MSVCRT:gs_cookie.obj
 0003:000002f0       _fltused                   000000018001a2f0     MSVCRT:fltused.obj
 0003:000002f8       __isa_available            000000018001a2f8     MSVCRT:cpu_disp.obj
 0003:000002fc       __isa_enabled              000000018001a2fc     MSVCRT:cpu_disp.obj
 0003:00000300       __memcpy_nt_iters          000000018001a300     MSVCRT:cpu_disp.obj
 0003:00000310       __scrt_ucrt_dll_is_in_use  000000018001a310     MSVCRT:ucrt_stubs.obj
 0003:00000318       ??_R0?AVbad_alloc@std@@@8  000000018001a318     MSVCRT:throw_bad_alloc.obj
 0003:00000340       ??_R0?AVexception@std@@@8  000000018001a340     MSVCRT:throw_bad_alloc.obj
 0003:00000368       ??_R0?AVbad_array_new_length@std@@@8 000000018001a368     MSVCRT:throw_bad_alloc.obj
 0003:00000398       ??_R0?AVtype_info@@@8      000000018001a398     MSVCRT:std_type_info_static.obj
 0003:00000450       ?pycim_lookup_info@@3Vlookup_info_t@@A 000000018001a450     python.obj
 0003:00000778       __scrt_current_native_startup_state 000000018001a778     MSVCRT:utility.obj
 0003:00000780       __scrt_native_startup_lock 000000018001a780     MSVCRT:utility.obj
 0003:00000808       _tls_index                 000000018001a808     MSVCRT:tlssup.obj
 0003:00000810       __favor                    000000018001a810     MSVCRT:cpu_disp.obj
 0003:00000814       __scrt_debugger_hook_flag  000000018001a814     MSVCRT:utility_desktop.obj
 0003:00000d90       ?__type_info_root_node@@3U__type_info_node@@A 000000018001ad90     MSVCRT:tncleanup.obj
 0003:00000da0       ?_OptionsStorage@?1??__local_stdio_printf_options@@9@4_KA 000000018001ada0     MSVCRT:default_local_stdio_options.obj
 0003:00000da8       ?_OptionsStorage@?1??__local_stdio_scanf_options@@9@4_KA 000000018001ada8     MSVCRT:default_local_stdio_options.obj
 0003:00000db0       __dyn_tls_init_callback    000000018001adb0     <common>

 entry point at        0001:0000f4e4

 Static symbols

 0000:fffe3000       .debug$S                   0000000180000000     ida:ida.dll
 0000:fffe3000       .debug$S                   0000000180000000     ida:ida.dll
 0000:fffe3000       .debug$S                   0000000180000000     ida:ida.dll
 0000:fffe3000       .debug$S                   0000000180000000     ida:ida.dll
 0000:fffe3000       .debug$S                   0000000180000000     ida:ida.dll
 0000:fffe3000       .debug$S                   0000000180000000     ida:ida.dll
 0000:fffe3000       .debug$S                   0000000180000000     ida:ida.dll
 0000:fffe3000       .debug$S                   0000000180000000     ida:ida.dll
 0000:fffe3000       .debug$S                   0000000180000000     ida:ida.dll
 0000:fffe3000       .debug$S                   0000000180000000     ida:ida.dll
 0000:fffe3000       .debug$S                   0000000180000000     ida:ida.dll
 0000:fffe3000       .debug$S                   0000000180000000     ida:ida.dll
 0000:fffe3000       .debug$S                   0000000180000000     ida:ida.dll
 0000:fffe3000       .debug$S                   0000000180000000     python37:python37.dll
 0000:fffe3000       .debug$S                   0000000180000000     python37:python37.dll
 0000:fffe3000       .debug$S                   0000000180000000     python37:python37.dll
 0000:fffe3000       .debug$S                   0000000180000000     python37:python37.dll
 0000:fffe3000       .debug$S                   0000000180000000     ida:ida.dll
 0000:fffe3000       .debug$S                   0000000180000000     python37:python37.dll
 0000:fffe3000       .debug$S                   0000000180000000     python37:python37.dll
 0000:fffe3000       .debug$S                   0000000180000000     ida:ida.dll
 0000:fffe3000       .debug$S                   0000000180000000     ida:ida.dll
 0000:fffe3000       .debug$S                   0000000180000000     python37:python37.dll
 0000:fffe3000       .debug$S                   0000000180000000     python37:python37.dll
 0000:fffe3000       .debug$S                   0000000180000000     python37:python37.dll
 0000:fffe3000       .debug$S                   0000000180000000     python37:python37.dll
 0000:fffe3000       .debug$S                   0000000180000000     python37:python37.dll
 0000:fffe3000       .debug$S                   0000000180000000     python37:python37.dll
 0000:fffe3000       .debug$S                   0000000180000000     python37:python37.dll
 0000:fffe3000       .debug$S                   0000000180000000     python37:python37.dll
 0000:fffe3000       .debug$S                   0000000180000000     python37:python37.dll
 0000:fffe3000       .debug$S                   0000000180000000     python37:python37.dll
 0000:fffe3000       .debug$S                   0000000180000000     python37:python37.dll
 0000:fffe3000       .debug$S                   0000000180000000     ida:ida.dll
 0000:fffe3000       .debug$S                   0000000180000000     python37:python37.dll
 0000:fffe3000       .debug$S                   0000000180000000     python37:python37.dll
 0000:fffe3000       .debug$S                   0000000180000000     python37:python37.dll
 0000:fffe3000       .debug$S                   0000000180000000     python37:python37.dll
 0000:fffe3000       .debug$S                   0000000180000000     python37:python37.dll
 0000:fffe3000       .debug$S                   0000000180000000     python37:python37.dll
 0000:fffe3000       .debug$S                   0000000180000000     python37:python37.dll
 0000:fffe3000       .debug$S                   0000000180000000     python37:python37.dll
 0000:fffe3000       .debug$S                   0000000180000000     python37:python37.dll
 0000:fffe3000       .debug$S                   0000000180000000     python37:python37.dll
 0000:fffe3000       .debug$S                   0000000180000000     python37:python37.dll
 0000:fffe3000       .debug$S                   0000000180000000     python37:python37.dll
 0000:fffe3000       .debug$S                   0000000180000000     python37:python37.dll
 0000:fffe3000       .debug$S                   0000000180000000     python37:python37.dll
 0000:fffe3000       .debug$S                   0000000180000000     python37:python37.dll
 0000:fffe3000       .debug$S                   0000000180000000     python37:python37.dll
 0000:fffe3000       .debug$S                   0000000180000000     python37:python37.dll
 0000:fffe3000       .debug$S                   0000000180000000     python37:python37.dll
 0000:fffe3000       .debug$S                   0000000180000000     python37:python37.dll
 0000:fffe3000       .debug$S                   0000000180000000     python37:python37.dll
 0000:fffe3000       .debug$S                   0000000180000000     python37:python37.dll
 0000:fffe3000       .debug$S                   0000000180000000     python37:python37.dll
 0000:fffe3000       .debug$S                   0000000180000000     python37:python37.dll
 0000:fffe3000       .debug$S                   0000000180000000     python37:python37.dll
 0000:fffe3000       .debug$S                   0000000180000000     python37:python37.dll
 0000:fffe3000       .debug$S                   0000000180000000     python37:python37.dll
 0000:fffe3000       .debug$S                   0000000180000000     python37:python37.dll
 0000:fffe3000       .debug$S                   0000000180000000     python37:python37.dll
 0000:fffe3000       .debug$S                   0000000180000000     python37:python37.dll
 0000:fffe3000       .debug$S                   0000000180000000     python37:python37.dll
 0000:fffe3000       .debug$S                   0000000180000000     python37:python37.dll
 0000:fffe3000       .debug$S                   0000000180000000     python37:python37.dll
 0000:fffe3000       .debug$S                   0000000180000000     python37:python37.dll
 0000:fffe3000       .debug$S                   0000000180000000     python37:python37.dll
 0000:fffe3000       .debug$S                   0000000180000000     python37:python37.dll
 0000:fffe3000       .debug$S                   0000000180000000     python37:python37.dll
[...]
 0004:00000444       $pdata$?grentry@@YA_JW4graph_notification_t@@ZZ 000000018001b444     python.obj
 0004:00000450       $pdata$lookup_info_t_new_entry 000000018001b450     python.obj
 0004:0000045c       $pdata$lookup_info_t_commit 000000018001b45c     python.obj
 0004:00000468       $pdata$lookup_info_t_del_by_py_view 000000018001b468     python.obj
 0004:00000474       $pdata$py_customidamemo_t_set_node_info 000000018001b474     python.obj
 0004:00000480       $pdata$py_customidamemo_t_set_nodes_infos 000000018001b480     python.obj
 0004:0000048c       $pdata$py_customidamemo_t_get_node_info 000000018001b48c     python.obj
 0004:00000498       $pdata$py_customidamemo_t_del_nodes_infos 000000018001b498     python.obj
 0004:000004a4       $pdata$py_customidamemo_t_get_current_renderer_type 000000018001b4a4     python.obj
 0004:000004b0       $pdata$py_customidamemo_t_set_current_renderer_type 000000018001b4b0     python.obj
 0004:000004bc       $pdata$py_customidamemo_t_create_groups 000000018001b4bc     python.obj
 0004:000004c8       $pdata$py_customidamemo_t_delete_groups 000000018001b4c8     python.obj
 0004:000004d4       $pdata$py_customidamemo_t_set_groups_visibility 000000018001b4d4     python.obj
 0004:000004e0       $pdata$py_customidamemo_t_collect_pyobject_callbacks 000000018001b4e0     python.obj
 0004:000004ec       $pdata$py_customidamemo_t_collect_class_callbacks_ids 000000018001b4ec     python.obj
 0004:000004f8       $pdata$1$py_customidamemo_t_collect_class_callbacks_ids 000000018001b4f8     python.obj
 0004:00000504       $pdata$4$py_customidamemo_t_collect_class_callbacks_ids 000000018001b504     python.obj
 0004:00000510       $pdata$5$py_customidamemo_t_collect_class_callbacks_ids 000000018001b510     python.obj
 0004:0000051c       $pdata$6$py_customidamemo_t_collect_class_callbacks_ids 000000018001b51c     python.obj
 0004:00000528       $pdata$py_customidamemo_t_bind 000000018001b528     python.obj
 0004:00000534       $pdata$py_customidamemo_t_unbind 000000018001b534     python.obj
 0004:00000540       $pdata$?convert_node_info@py_customidamemo_t@@AEAAXPEAUnode_info_t@@PEAIUref_t@@@Z 000000018001b540     python.obj
 0004:0000054c       $pdata$?clear@?$qvector@Ufuncarg_t@@@@QEAAXXZ 000000018001b54c     python.obj
 0004:00000558       $pdata$0$?clear@?$qvector@Ufuncarg_t@@@@QEAAXXZ 000000018001b558     python.obj
 0004:00000564       $pdata$1$?clear@?$qvector@Ufuncarg_t@@@@QEAAXXZ 000000018001b564     python.obj
 0004:00000570       $pdata$?clear@?$qvector@Uudt_member_t@@@@QEAAXXZ 000000018001b570     python.obj
 0004:0000057c       $pdata$0$?clear@?$qvector@Uudt_member_t@@@@QEAAXXZ 000000018001b57c     python.obj
 0004:00000588       $pdata$1$?clear@?$qvector@Uudt_member_t@@@@QEAAXXZ 000000018001b588     python.obj
 0004:00000594       $pdata$til_register_python_tinfo_t_instance 000000018001b594     python.obj
 0004:000005a0       $pdata$til_deregister_python_tinfo_t_instance 000000018001b5a0     python.obj
 0004:000005ac       $pdata$til_register_python_ptr_type_data_t_instance 000000018001b5ac     python.obj
 0004:000005b8       $pdata$til_deregister_python_ptr_type_data_t_instance 000000018001b5b8     python.obj
 0004:000005c4       $pdata$til_register_python_array_type_data_t_instance 000000018001b5c4     python.obj
 0004:000005d0       $pdata$til_deregister_python_array_type_data_t_instance 000000018001b5d0     python.obj
 0004:000005dc       $pdata$til_register_python_func_type_data_t_instance 000000018001b5dc     python.obj
 0004:000005e8       $pdata$til_deregister_python_func_type_data_t_instance 000000018001b5e8     python.obj
 0004:000005f4       $pdata$til_register_python_udt_type_data_t_instance 000000018001b5f4     python.obj
 0004:00000600       $pdata$til_deregister_python_udt_type_data_t_instance 000000018001b600     python.obj
 0004:0000060c       $pdata$python_timer_new    000000018001b60c     python.obj
 0004:00000618       $pdata$python_timer_del    000000018001b618     python.obj
 0004:00000624       $pdata$try_create_swig_wrapper 000000018001b624     python.obj
 0004:00000630       $pdata$get_callable_arg_count 000000018001b630     python.obj
 0004:0000063c       $pdata$idapython_unhook_from_notification_point 000000018001b63c     python.obj
 0004:00000648       $pdata$idapython_convert_cli_completions 000000018001b648     python.obj
 0004:00000654       $pdata$register_module_lifecycle_callbacks 000000018001b654     python.obj
 0004:00000660       $pdata$?get_idaapi_attr_by_id@@YA?AUref_t@@H@Z 000000018001b660     python.obj
 0004:0000066c       $pdata$?get_idaapi_attr@@YA?AUref_t@@PEBD@Z 000000018001b66c     python.obj
 0004:00000678       $pdata$?pyvar_walk_list@@YA_JAEBUref_t@@P6AH0_JPEAX@Z2@Z 000000018001b678     python.obj
 0004:00000684       $pdata$?cvt@lambda_t@?1??PyW_PyListToSizeVec@@YA_JPEAV?$qvector@_K@@PEAU_object@@@Z@SAHAEBUref_t@@_JPEAX@Z 000000018001b684     python.obj
 0004:00000690       $pdata$?cvt@lambda_t@?1??PyW_PyListToEaVec@@YA_JPEAV?$qvector@I@@PEAU_object@@@Z@SAHAEBUref_t@@_JPEAX@Z 000000018001b690     python.obj
 0004:0000069c       $pdata$?cvt@lambda_t@?1??PyW_PyListToStrVec@@YA_JPEAV?$qvector@V?$_qstring@D@@@@PEAU_object@@@Z@SAHAEBUref_t@@_JPEAX@Z 000000018001b69c     python.obj
 0004:000006a8       $pdata$??__Fpy_compiled_form_vec@@YAXXZ 000000018001b6a8     python.obj
 0004:000006b4       $pdata$?free_compiled_form_instances@@YAXXZ 000000018001b6b4     python.obj
 0004:000006c0       $pdata$?get_pyidc_cvt_type@@YAHPEAU_object@@@Z 000000018001b6c0     python.obj
 0004:000006cc       $pdata$?py_idc_opaque_dtor@@YAHPEAVidc_value_t@@0@Z 000000018001b6cc     python.obj
 0004:000006d8       $pdata$??__Fida_idaapi_module@@YAXXZ 000000018001b6d8     python.obj
 0004:000006e4       $pdata$??__Fcompat_idaapi_module@@YAXXZ 000000018001b6e4     python.obj
 0004:000006f0       $pdata$?idc_py_invoke0@@YAHPEAVidc_value_t@@0@Z 000000018001b6f0     python.obj
 0004:000006fc       $pdata$?init_pywraps@@YA_NXZ 000000018001b6fc     python.obj
 0004:00000708       $pdata$?pywraps_nw_notify@@YA_NHZZ 000000018001b708     python.obj
 0004:00000714       $pdata$??__Fpycim_lookup_info@@YAXXZ 000000018001b714     python.obj
 0004:00000720       $pdata$0$??__Fpycim_lookup_info@@YAXXZ 000000018001b720     python.obj
 0004:0000072c       $pdata$1$??__Fpycim_lookup_info@@YAXXZ 000000018001b72c     python.obj
 0004:00000738       $pdata$?pynodes_to_idanodes@@YAXPEAV?$qvector@H@@Uref_t@@@Z 000000018001b738     python.obj
 0004:00000744       $pdata$??__Fmodules_callbacks@@YAXXZ 000000018001b744     python.obj
 0004:00000750       $pdata$0$??__Fmodules_callbacks@@YAXXZ 000000018001b750     python.obj
 0004:0000075c       $pdata$1$??__Fmodules_callbacks@@YAXXZ 000000018001b75c     python.obj
 0004:00000768       $pdata$?run@@YA_N_K@Z      000000018001b768     python.obj
 0004:00000774       $pdata$?catch$4@?0??run@@YA_N_K@Z@4HA 000000018001b774     python.obj
 0004:00000780       $pdata$?get_module_globals_from_path@@YAPEAU_object@@PEBD@Z 000000018001b780     python.obj
 0004:0000078c       $pdata$?on_trace@execution_t@@SAHPEAU_object@@PEAU_frame@@H0@Z 000000018001b78c     python.obj
 0004:00000798       $pdata$??__Eexecution@@YAXXZ 000000018001b798     python.obj
 0004:000007a4       $pdata$??__Fexecution@@YAXXZ 000000018001b7a4     python.obj
 0004:000007b0       $pdata$0$??__Fexecution@@YAXXZ 000000018001b7b0     python.obj
 0004:000007bc       $pdata$1$??__Fexecution@@YAXXZ 000000018001b7bc     python.obj
 0004:000007c8       $pdata$??0new_execution_t@@QEAA@XZ 000000018001b7c8     python.obj
 0004:000007d4       $pdata$1$??0new_execution_t@@QEAA@XZ 000000018001b7d4     python.obj
 0004:000007e0       $pdata$2$??0new_execution_t@@QEAA@XZ 000000018001b7e0     python.obj
 0004:000007ec       $pdata$??1new_execution_t@@QEAA@XZ 000000018001b7ec     python.obj
 0004:000007f8       $pdata$disable_script_timeout 000000018001b7f8     python.obj
 0004:00000804       $pdata$set_script_timeout  000000018001b804     python.obj
 0004:00000810       $pdata$?handle_python_error@@YAXPEAV?$_qstring@D@@_N@Z 000000018001b810     python.obj
 0004:0000081c       $pdata$?PythonEvalOrExec@@YAXPEBD0@Z 000000018001b81c     python.obj
 0004:00000828       $pdata$?IDAPython_extlang_eval_snippet@@YA_NPEBDPEAV?$_qstring@D@@@Z 000000018001b828     python.obj
 0004:00000834       $pdata$?idc_runpythonstatement@@YAHPEAVidc_value_t@@0@Z 000000018001b834     python.obj
 0004:00000840       $pdata$?PyRunFile@@YAHPEBD@Z 000000018001b840     python.obj
 0004:0000084c       $pdata$?return_python_result@@YA_NPEAVidc_value_t@@AEBUref_t@@PEAV?$_qstring@D@@@Z 000000018001b84c     python.obj
 0004:00000858       $pdata$?IDAPython_ExecFile@@YA_NPEBDPEAU_object@@PEAV?$_qstring@D@@0PEAVidc_value_t@@_N@Z 000000018001b858     python.obj
 0004:00000864       $pdata$?RunScript@@YA_NPEBD@Z 000000018001b864     python.obj
 0004:00000870       $pdata$?IDAPython_extlang_call_func@@YA_NPEAVidc_value_t@@PEBDQEBV1@_KPEAV?$_qstring@D@@@Z 000000018001b870     python.obj
 0004:0000087c       $pdata$?wrap_in_function@@YAXPEAV?$_qstring@D@@AEBV1@PEBD@Z 000000018001b87c     python.obj
 0004:00000888       $pdata$0$?wrap_in_function@@YAXPEAV?$_qstring@D@@AEBV1@PEBD@Z 000000018001b888     python.obj
 0004:00000894       $pdata$1$?wrap_in_function@@YAXPEAV?$_qstring@D@@AEBV1@PEBD@Z 000000018001b894     python.obj
 0004:000008a0       $pdata$?IDAPython_extlang_compile_expr@@YA_NPEBDI0PEAV?$_qstring@D@@@Z 000000018001b8a0     python.obj
 0004:000008ac       $pdata$?IDAPython_extlang_compile_file@@YA_NPEBDPEAV?$_qstring@D@@@Z 000000018001b8ac     python.obj
 0004:000008b8       $pdata$?IDAPython_extlang_load_procmod@@YA_NPEAVidc_value_t@@PEBDPEAV?$_qstring@D@@@Z 000000018001b8b8     python.obj
 0004:000008c4       $pdata$?IDAPython_extlang_unload_procmod@@YA_NPEBDPEAV?$_qstring@D@@@Z 000000018001b8c4     python.obj
 0004:000008d0       $pdata$?IDAPython_extlang_create_object@@YA_NPEAVidc_value_t@@PEBDQEBV1@_KPEAV?$_qstring@D@@@Z 000000018001b8d0     python.obj
 0004:000008dc       $pdata$?IDAPython_extlang_get_attr@@YA_NPEAVidc_value_t@@PEBV1@PEBD@Z 000000018001b8dc     python.obj
 0004:000008e8       $pdata$?IDAPython_extlang_set_attr@@YA_NPEAVidc_value_t@@PEBDAEBV1@@Z 000000018001b8e8     python.obj
 0004:000008f4       $pdata$?IDAPython_extlang_eval_expr@@YA_NPEAVidc_value_t@@IPEBDPEAV?$_qstring@D@@@Z 000000018001b8f4     python.obj
 0004:00000900       $pdata$?IDAPython_extlang_call_method@@YA_NPEAVidc_value_t@@PEBV1@PEBDQEBV1@_KPEAV?$_qstring@D@@@Z 000000018001b900     python.obj
 0004:0000090c       $pdata$??__Epython_highlighter@@YAXXZ 000000018001b90c     python.obj
 0004:00000918       $pdata$??__Fpython_highlighter@@YAXXZ 000000018001b918     python.obj
 0004:00000924       $pdata$?IDAPython_cli_execute_line@@YA_NPEBD@Z 000000018001b924     python.obj
 0004:00000930       $pdata$?IDAPython_cli_find_completions@@YA_NPEAV?$qvector@V?$_qstring@D@@@@PEAH1PEBDH@Z 000000018001b930     python.obj
 0004:0000093c       $pdata$?get_module_globals_from_path_with_kind@@YAPEAU_object@@PEBD0@Z 000000018001b93c     python.obj
 0004:00000948       $pdata$0$?get_module_globals_from_path_with_kind@@YAPEAU_object@@PEBD0@Z 000000018001b948     python.obj
 0004:00000954       $pdata$1$?get_module_globals_from_path_with_kind@@YAPEAU_object@@PEBD0@Z 000000018001b954     python.obj
 0004:00000960       $pdata$?parse_plugin_options@@YAXXZ 000000018001b960     python.obj
 0004:0000096c       $pdata$?convert_idc_args@@YAXXZ 000000018001b96c     python.obj
 0004:00000978       $pdata$?on_ui_notification@@YA_JPEAXHPEAD@Z 000000018001b978     python.obj
 0004:00000984       $pdata$?on_idb_notification@@YA_JPEAXHPEAD@Z 000000018001b984     python.obj
 0004:00000990       $pdata$0$?on_idb_notification@@YA_JPEAXHPEAD@Z 000000018001b990     python.obj
 0004:0000099c       $pdata$3$?on_idb_notification@@YA_JPEAXHPEAD@Z 000000018001b99c     python.obj
 0004:000009a8       $pdata$4$?on_idb_notification@@YA_JPEAXHPEAD@Z 000000018001b9a8     python.obj
 0004:000009b4       $pdata$5$?on_idb_notification@@YA_JPEAXHPEAD@Z 000000018001b9b4     python.obj
 0004:000009c0       $pdata$?utf8_wchar_t@@YAPEA_WPEAV?$qvector@_W@@PEBD@Z 000000018001b9c0     python.obj
 0004:000009cc       $pdata$4$?utf8_wchar_t@@YAPEA_WPEAV?$qvector@_W@@PEBD@Z 000000018001b9cc     python.obj
 0004:000009d8       $pdata$5$?utf8_wchar_t@@YAPEA_WPEAV?$qvector@_W@@PEBD@Z 000000018001b9d8     python.obj
 0004:000009e4       $pdata$6$?utf8_wchar_t@@YAPEA_WPEAV?$qvector@_W@@PEBD@Z 000000018001b9e4     python.obj
 0004:000009f0       $pdata$7$?utf8_wchar_t@@YAPEA_WPEAV?$qvector@_W@@PEBD@Z 000000018001b9f0     python.obj
 0004:000009fc       $pdata$?prepare_sys_path@@YAXXZ 000000018001b9fc     python.obj
 0004:00000a08       $pdata$?IDAPython_Init@@YA_NXZ 000000018001ba08     python.obj
 0004:00000a14       $pdata$?dtor$8@?0??IDAPython_Init@@YA_NXZ@4HA 000000018001ba14     python.obj
 0004:00000a20       $pdata$??__Fbuf@?P@??IDAPython_Init@@YA_NXZ@YAXXZ 000000018001ba20     python.obj
 0004:00000a2c       $pdata$0$??__Fbuf@?P@??IDAPython_Init@@YA_NXZ@YAXXZ 000000018001ba2c     python.obj
 0004:00000a38       $pdata$1$??__Fbuf@?P@??IDAPython_Init@@YA_NXZ@YAXXZ 000000018001ba38     python.obj
 0004:00000a44       $pdata$??__Fbuf_h@?P@??IDAPython_Init@@YA_NXZ@YAXXZ 000000018001ba44     python.obj
 0004:00000a50       $pdata$0$??__Fbuf_h@?P@??IDAPython_Init@@YA_NXZ@YAXXZ 000000018001ba50     python.obj
 0004:00000a5c       $pdata$1$??__Fbuf_h@?P@??IDAPython_Init@@YA_NXZ@YAXXZ 000000018001ba5c     python.obj
 0004:00000a68       $pdata$?IDAPython_Term@@YAXXZ 000000018001ba68     python.obj
 0004:00000a74       $pdata$?init@@YAHXZ        000000018001ba74     python.obj
 0004:00000a80       $pdata$??_L@YAXPEAX_K1P6AX0@Z2@Z 000000018001ba80     MSVCRT:ehvecctr.obj
 0004:00000a8c       $pdata$?fin$0@?0???_L@YAXPEAX_K1P6AX0@Z2@Z@4HA 000000018001ba8c     MSVCRT:ehvecctr.obj
 0004:00000a98       $pdata$??_M@YAXPEAX_K1P6AX0@Z@Z 000000018001ba98     MSVCRT:ehvecdtr.obj
 0004:00000aa4       $pdata$?fin$0@?0???_M@YAXPEAX_K1P6AX0@Z@Z@4HA 000000018001baa4     MSVCRT:ehvecdtr.obj
 0004:00000ab0       $pdata$?__ArrayUnwind@@YAXPEAX_K1P6AX0@Z@Z 000000018001bab0     MSVCRT:ehvecdtr.obj
 0004:00000abc       $pdata$?filt$0@?0??__ArrayUnwind@@YAXPEAX_K1P6AX0@Z@Z@4HA 000000018001babc     MSVCRT:ehvecdtr.obj
 0004:00000ac8       $pdata$??2@YAPEAX_K@Z      000000018001bac8     MSVCRT:new_scalar.obj
 0004:00000ad4       $pdata$atexit              000000018001bad4     MSVCRT:utility.obj
 0004:00000ae0       $pdata$_onexit             000000018001bae0     MSVCRT:utility.obj
 0004:00000aec       $pdata$__scrt_is_nonwritable_in_current_image 000000018001baec     MSVCRT:utility.obj
 0004:00000af8       $pdata$__scrt_is_nonwritable_in_current_image$filt$0 000000018001baf8     MSVCRT:utility.obj
 0004:00000b04       $pdata$__scrt_acquire_startup_lock 000000018001bb04     MSVCRT:utility.obj
 0004:00000b10       $pdata$__scrt_release_startup_lock 000000018001bb10     MSVCRT:utility.obj
 0004:00000b1c       $pdata$__scrt_initialize_crt 000000018001bb1c     MSVCRT:utility.obj
 0004:00000b28       $pdata$__scrt_uninitialize_crt 000000018001bb28     MSVCRT:utility.obj
 0004:00000b34       $pdata$__scrt_initialize_onexit_tables 000000018001bb34     MSVCRT:utility.obj
 0004:00000b40       $pdata$__scrt_dllmain_exception_filter 000000018001bb40     MSVCRT:utility.obj
 0004:00000b4c       $pdata$__scrt_dllmain_before_initialize_c 000000018001bb4c     MSVCRT:utility.obj
 0004:00000b58       $pdata$__scrt_dllmain_after_initialize_c 000000018001bb58     MSVCRT:utility.obj
 0004:00000b64       $pdata$__scrt_dllmain_uninitialize_c 000000018001bb64     MSVCRT:utility.obj
 0004:00000b70       $pdata$__scrt_dllmain_uninitialize_critical 000000018001bb70     MSVCRT:utility.obj
 0004:00000b7c       $pdata$__scrt_dllmain_crt_thread_attach 000000018001bb7c     MSVCRT:utility.obj
 0004:00000b88       $pdata$__scrt_dllmain_crt_thread_detach 000000018001bb88     MSVCRT:utility.obj
 0004:00000b94       $pdata$_Init_thread_header 000000018001bb94     MSVCRT:thread_safe_statics.obj
 0004:00000ba0       $pdata$_Init_thread_footer 000000018001bba0     MSVCRT:thread_safe_statics.obj
 0004:00000bac       $pdata$_Init_thread_wait   000000018001bbac     MSVCRT:thread_safe_statics.obj
 0004:00000bb8       $pdata$_Init_thread_notify 000000018001bbb8     MSVCRT:thread_safe_statics.obj
 0004:00000bc4       $pdata$?__scrt_uninitialize_thread_safe_statics@@YAXXZ 000000018001bbc4     MSVCRT:thread_safe_statics.obj
 0004:00000bd0       $pdata$?__scrt_initialize_thread_safe_statics@@YAHXZ 000000018001bbd0     MSVCRT:thread_safe_statics.obj
 0004:00000bdc       $pdata$__GSHandlerCheckCommon 000000018001bbdc     MSVCRT:gshandler.obj
 0004:00000be8       $pdata$__GSHandlerCheck    000000018001bbe8     MSVCRT:gshandler.obj
 0004:00000bf4       $pdata$__GSHandlerCheck_EH 000000018001bbf4     MSVCRT:gshandlereh.obj
 0004:00000c0c       $pdata$?dllmain_crt_process_attach@@YAHQEAUHINSTANCE__@@QEAX@Z 000000018001bc0c     MSVCRT:dll_dllmain.obj
 0004:00000c18       $pdata$?fin$0@?0??dllmain_crt_process_attach@@YAHQEAUHINSTANCE__@@QEAX@Z@4HA 000000018001bc18     MSVCRT:dll_dllmain.obj
 0004:00000c24       $pdata$?dllmain_crt_process_detach@@YAH_N@Z 000000018001bc24     MSVCRT:dll_dllmain.obj
 0004:00000c30       $pdata$?fin$0@?0??dllmain_crt_process_detach@@YAH_N@Z@4HA 000000018001bc30     MSVCRT:dll_dllmain.obj
 0004:00000c3c       $pdata$?dllmain_crt_dispatch@@YAHQEAUHINSTANCE__@@KQEAX@Z 000000018001bc3c     MSVCRT:dll_dllmain.obj
 0004:00000c48       $pdata$?dllmain_dispatch@@YAHQEAUHINSTANCE__@@KQEAX@Z 000000018001bc48     MSVCRT:dll_dllmain.obj
 0004:00000c54       $pdata$?filt$0@?0??dllmain_dispatch@@YAHQEAUHINSTANCE__@@KQEAX@Z@4HA 000000018001bc54     MSVCRT:dll_dllmain.obj
 0004:00000c60       $pdata$_DllMainCRTStartup  000000018001bc60     MSVCRT:dll_dllmain.obj
 0004:00000c6c       $pdata$??0exception@std@@QEAA@AEBV01@@Z 000000018001bc6c     MSVCRT:throw_bad_alloc.obj
 0004:00000c78       $pdata$??_Gexception@std@@UEAAPEAXI@Z 000000018001bc78     MSVCRT:throw_bad_alloc.obj
 0004:00000c78       $pdata$??_Gbad_array_new_length@std@@UEAAPEAXI@Z 000000018001bc78     MSVCRT:throw_bad_alloc.obj
 0004:00000c78       $pdata$??_Gbad_alloc@std@@UEAAPEAXI@Z 000000018001bc78     MSVCRT:throw_bad_alloc.obj
 0004:00000c84       $pdata$??0bad_alloc@std@@QEAA@AEBV01@@Z 000000018001bc84     MSVCRT:throw_bad_alloc.obj
 0004:00000c90       $pdata$??0bad_array_new_length@std@@QEAA@AEBV01@@Z 000000018001bc90     MSVCRT:throw_bad_alloc.obj
 0004:00000c9c       $pdata$?__scrt_throw_std_bad_alloc@@YAXXZ 000000018001bc9c     MSVCRT:throw_bad_alloc.obj
 0004:00000ca8       $pdata$?__scrt_throw_std_bad_array_new_length@@YAXXZ 000000018001bca8     MSVCRT:throw_bad_alloc.obj
 0004:00000cb4       $pdata$__isa_available_init 000000018001bcb4     MSVCRT:cpu_disp.obj
 0004:00000cc0       $pdata$__scrt_fastfail     000000018001bcc0     MSVCRT:utility_desktop.obj
 0004:00000ccc       $pdata$__report_gsfailure  000000018001bccc     MSVCRT:gs_report.obj
 0004:00000cd8       $pdata$capture_previous_context 000000018001bcd8     MSVCRT:gs_report.obj
 0004:00000ce4       $pdata$__raise_securityfailure 000000018001bce4     MSVCRT:gs_report.obj
 0004:00000cf0       $pdata$__security_init_cookie 000000018001bcf0     MSVCRT:gs_support.obj
 0004:00000cfc       $pdata$DllMain             000000018001bcfc     MSVCRT:dll_dllmain_stub.obj
 0004:00000d08       $pdata$__scrt_initialize_default_local_stdio_options 000000018001bd08     MSVCRT:default_local_stdio_options.obj
 0004:00000d14       $pdata$_RTC_Initialize     000000018001bd14     MSVCRT:initsect.obj
 0004:00000d20       $pdata$_RTC_Terminate      000000018001bd20     MSVCRT:initsect.obj
 0004:00000d38       $pdata$??_Gtype_info@@UEAAPEAXI@Z 000000018001bd38     MSVCRT:std_type_info_static.obj
